04-15 02:54:49.598  2471  5074 D SGM:GameManager: respondWithJson. command: is_variable_refresh_rate_supported
04-15 02:54:49.598  2471  5074 D SGM:GameManager: jsonParam : null
04-15 02:54:49.598  2471  5074 D SGM:GameManager: response : {"value_bool_1":true}
04-15 02:54:49.598 24484 24555 I GOS:TspFeature: isAvailableForSystemHelper(), vrrAvailable: true
04-15 02:54:49.599 24506 24506 D ApplicationLoaders: Returning zygote-cached class loader: /system/framework/org.apache.http.legacy.jar
04-15 02:54:49.599 24484 24555 I GOS:MainIntentService: onInitGos(), setRoutine
04-15 02:54:49.599 24484 24555 I Routine@Sdk[3.1.9]: RoutineSdkImpl: setActionHandler - tag=gos_info, actionHandler=B0.b@c7b76b4
04-15 02:54:49.599 24484 24555 I GOS:MainIntentService: onInitGos(), end
04-15 02:54:49.599  2471  5074 D CompatChangeReporter: Compat change id reported: 311208629; UID 10081; state: ENABLED
04-15 02:54:49.600 24506 24506 D nativeloader: Configuring clns-9 for other apk /system_ext/framework/com.android.extensions.appfunctions.jar. target_sdk_version=36, uses_libraries=ALL, library_path=/product/priv-app/Velvet/lib/arm64:/product/priv-app/Velvet/Velvet.apk!/lib/arm64-v8a, permitted_path=/data:/mnt/expand:/data/user/0/com.google.android.googlequicksearchbox
04-15 02:54:49.600 24506 24506 D nativeloader: Extending system_exposed_libraries: libhumantracking.arcsoft.so:libface_recognition.arcsoft.so:libpic_best.arcsoft.so:libPortraitDistortionCorrection.arcsoft.so:libPortraitDistortionCorrectionCali.arcsoft.so:libface_landmark.arcsoft.so:libFacialStickerEngine.arcsoft.so:libfrtracking_engine.arcsoft.so:libFaceRecognition.arcsoft.so:libveengine.arcsoft.so:lib_pet_detection.arcsoft.so:libae_bracket_hdr.arcsoft.so:libdigital_tele_scope.arcsoft.so:libdigital_tele_scope_rawsr.arcsoft.so:libsf_tetra_enhance.arcsoft.so:libmf_bayer_enhance.arcsoft.so:libhybrid_high_dynamic_range.arcsoft.so:libimage_enhancement.arcsoft.so:libFacialAttributeDetection.arcsoft.so:libobjectcapture_jni.arcsoft.so:libobjectcapture.arcsoft.so:libmultisourceseparator.audio.samsung.so:libaudiomirroring_jni.audiomirroring.samsung.so:libBeauty_v4.camera.samsung.so:libexifa.camera.samsung.so:libjpega.camera.samsung.so:libOpenCv.camera.samsung.so:libaifrcInterface.camera.samsung.so:libBestPhoto.camera.samsung.so:libC2paDps.camera.samsung.so:libVide
04-15 02:54:49.600 24506 24506 D ApplicationLoaders: Returning zygote-cached class loader: /system_ext/framework/androidx.window.extensions.jar
04-15 02:54:49.600 24506 24506 D ApplicationLoaders: Returning zygote-cached class loader: /system_ext/framework/androidx.window.sidecar.jar
04-15 02:54:49.603  2471 14197 D PerProcessNandswap$NandswapHandler: nandswap end for non-activity com.google.android.gms.persistent(pid 19111) ret:-16 adj:100
04-15 02:54:49.605  2471  6894 D CompatChangeReporter: Compat change id reported: 297989574; UID 10081; state: ENABLED
04-15 02:54:49.606  2471  5170 W SignedPackage: Cannot get ApplicationInfo for package: com.android.devicelockcontroller
04-15 02:54:49.606  2471  2945 I ActivityManager: Start proc 24564:com.samsung.android.sm.devicesecurity/u0a228 for broadcast {com.samsung.android.sm.devicesecurity/com.samsung.android.sm.devicesecurity.PackageReceiver}
04-15 02:54:49.606  2471  2945 I ActivityManager: ProcessObserver broadcast disabled
04-15 02:54:49.606 19111 24441 W GCM     : Unexpected forwarded intent: Intent { act=android.intent.action.PACKAGE_ADDED dat=package: flg=0x4000010 pkg=com.google.android.gms cmp=com.google.android.gms/.chimera.PersistentIntentOperationService (has extras) }
04-15 02:54:49.606 19111 24574 I FontLog : (REDACTED) Package %s has no metadata
04-15 02:54:49.606 19111 24574 W NetworkScheduler: Unexpected forwarded intent: Intent { act=android.intent.action.PACKAGE_ADDED dat=package: flg=0x4000010 pkg=com.google.android.gms cmp=com.google.android.gms/.chimera.PersistentIntentOperationService (has extras) }
04-15 02:54:49.607  2471  2980 D FASDataManager: getFASDataFromDB fasEntityList size : 38
04-15 02:54:49.607 24506 24506 D nativeloader: InitLlndkLibrariesProduct: libEGL.so:libGLESv1_CM.so:libGLESv2.so:libGLESv3.so:libRS.so:libandroid_net.so:libapexsupport.so:libavf.so:libbinder_ndk.so:libc.so:libcgrouprc.so:libclang_rt.asan-aarch64-android.so:libclang_rt.hwasan-aarch64-android.so:libcom.android.tethering.connectivity_native.so:libdl.so:libft2.so:liblog.so:libm.so:libmediandk.so:libnativewindow.so:libneuralnetworks.so:libselinux.so:libsync.so:libvendorsupport.so:libvndksupport.so:libvulkan.so
04-15 02:54:49.607 19111 24447 I Fitness : (REDACTED) OnPackageChangedOperation got intent: %s
04-15 02:54:49.607 24506 24506 D nativeloader: Configuring product-clns-10 for unbundled product apk /product/priv-app/Velvet/Velvet.apk. target_sdk_version=36, uses_libraries=, library_path=/product/priv-app/Velvet/lib/arm64:/product/priv-app/Velvet/Velvet.apk!/lib/arm64-v8a:/product/lib64:/system/product/lib64, permitted_path=/data:/mnt/expand:/data/user/0/com.google.android.googlequicksearchbox:/product/lib64:/system/product/lib64
04-15 02:54:49.607  2471  2980 D MARsPolicyManager: new Package : com.google.wireless.qa.mobileharness.tool.android.language, SCPMTarget : false
04-15 02:54:49.608  2471  2980 D MARsPolicyManager: deletePkgInfoInMARs size = 38
04-15 02:54:49.608  2471  2980 D MARsPolicyManager: updateMARsTargetPackages mMARsTargetPackages.size-37
04-15 02:54:49.608 24484 24556 W GOS:RequestHeader: tryToAddMcc(), can't find mcc
04-15 02:54:49.608 24484 24556 W GOS:RequestHeader: tryToAddMnc(), can't find mnc
04-15 02:54:49.609 24506 24506 D nativeloader: InitVndkspLibrariesProduct: VNDK is deprecated with product
04-15 02:54:49.609 19098 19331 I Icing   : IndexChimeraService.getServiceInterface callingPackage=com.google.android.gms componentName=AppsCorpus serviceId=36
04-15 02:54:49.613 24506 24506 V GraphicsEnvironment: Currently set values for:
04-15 02:54:49.613 24506 24506 V GraphicsEnvironment:   angle_gl_driver_selection_pkgs=[]
04-15 02:54:49.613 24506 24506 V GraphicsEnvironment:   angle_gl_driver_selection_values=[]
04-15 02:54:49.613 24506 24506 V GraphicsEnvironment: com.google.android.googlequicksearchbox is not listed in per-application setting
04-15 02:54:49.613 24506 24506 V GraphicsEnvironment: ANGLE allowlist from config: 
04-15 02:54:49.613 24506 24506 V GraphicsEnvironment: com.google.android.googlequicksearchbox is not listed in ANGLE allowlist or settings, returning default
04-15 02:54:49.615  2471  4672 D BackgroundInstallControlService: Package event received: 0
04-15 02:54:49.617 23904 23904 I DWBContentProvider: update (content://com.samsung.android.forest.db/persistenceParentalcontrol)
04-15 02:54:49.618 24506 24506 I MultiDex: VM with version 2.1.0 has multidex support
04-15 02:54:49.618 24506 24506 I MultiDex: Installing application
04-15 02:54:49.618 24506 24506 I MultiDex: VM has multidex support, MultiDex support library is disabled.
04-15 02:54:49.618 19111 24576 I Fitness : (REDACTED) FitCleanupIntentOperation received Intent %s
04-15 02:54:49.619 23904 23904 I DWBd    : isChild ? false
04-15 02:54:49.619 23904 23904 W ContextImpl: Calling a method in the system process without a qualified user: android.app.ContextImpl.startService:2068 android.content.ContextWrapper.startService:872 android.content.ContextWrapper.startService:872 com.samsung.android.forest.apptimer.manager.AppTimerReceiver.onReceive:112 android.app.ActivityThread.handleReceiver:5663 
04-15 02:54:49.620 23904 23904 I DWBr    : onTrimMemory(40)
04-15 02:54:49.620 23904 23904 E DWBg    : LocalPkgManager MemoryTrimmable
04-15 02:54:49.620 23904 23904 E DWBn    : UsageDataManager MemoryTrimmable
04-15 02:54:49.620 23904 23904 I DWBn    : Retrieve CLEAR_CACHED_DATA
04-15 02:54:49.620 23904 23904 I DWBn    : No Request Data
04-15 02:54:49.620 23904 23904 I DWBr    : onTrimMemory(40)
04-15 02:54:49.620 23904 23904 E DWBg    : LocalPkgManager MemoryTrimmable
04-15 02:54:49.620 23904 23904 E DWBn    : UsageDataManager MemoryTrimmable
04-15 02:54:49.620 23904 23904 I DWBn    : Retrieve CLEAR_CACHED_DATA
04-15 02:54:49.620 23904 23904 I DWBn    : No Request Data
04-15 02:54:49.620 23904 23904 I DWBh    : onPackageAdded : com.google.wireless.qa.mobileharness.tool.android.language
04-15 02:54:49.620 23904 23904 I DWBContentProvider: insert(content://com.samsung.android.forest.db/foundPackages/replace)
04-15 02:54:49.620 23904 23904 I DWBContentProvider: notifyChange(content://com.samsung.android.forest.db/foundPackages/replace)
04-15 02:54:49.620 19111 24575 I Fitness : (REDACTED) OnPackageChangedOperation got intent: %s
04-15 02:54:49.623 23904 23904 I DWBAppTimerReceiver: com.samsung.android.forest.PACKAGE_REMOVED received
04-15 02:54:49.624 24564 24564 I .devicesecurity: Using CollectorTypeCMC GC.
04-15 02:54:49.626  2471  4672 D BackgroundInstallControlService: Package event received: 0
04-15 02:54:49.626 24564 24564 E .devicesecurity: Not starting debugger since process cannot load the jdwp agent.
04-15 02:54:49.627  2471  6894 I ActivityManager: Changes in 10119 10 to 5, 0 to 184
04-15 02:54:49.627  2471  6894 I ActivityManager: Changes in 10068 10 to 5, 0 to 144
04-15 02:54:49.628  2471  2942 I SGM:GameManager: PkgUpdateReceiver, onReceive(), action=android.intent.action.PACKAGE_ADDED, userId=0
04-15 02:54:49.628  2471  2942 I SGM:GameManager: PkgUpdateReceiver, onPackageAdded : com.google.wireless.qa.mobileharness.tool.android.language userHandle : UserHandle{0} userId : 0
04-15 02:54:49.628  2471  2942 D SGM:GosNotifyThread: sendPackageMessage(), changeType=0, pkgName=com.google.wireless.qa.mobileharness.tool.android.language, userHandleId=0
04-15 02:54:49.628  2471  3668 D SGM:GosNotifyThread: notifyPackageChangedToGos(), before send intent to GOS. type:15, changeType: 0, pkgName:com.google.wireless.qa.mobileharness.tool.android.language, userHandleId:0
04-15 02:54:49.629  2471  3668 D SGM:PmAppCategoryManager: getManifestCategory(), manifestCategory=-1, packageName=com.google.wireless.qa.mobileharness.tool.android.language
04-15 02:54:49.629  2471  3668 D SGM:PmAppCategoryManager: getCategoryOverride(), categoryOverride=-1, packageName=com.google.wireless.qa.mobileharness.tool.android.language
04-15 02:54:49.629  2471  2942 I SGM:GameManager: PkgUpdateReceiver, com.samsung.android.game.gos is enabled : true
04-15 02:54:49.629  2471  2942 D MetaDataCollector: onReceive: begin action=android.intent.action.PACKAGE_ADDED
04-15 02:54:49.629  2471  2942 D MetaDataCollector: onReceive: done pkgName=com.google.wireless.qa.mobileharness.tool.android.language
04-15 02:54:49.629  2471  3668 I SGM:GosNotifyThread: notifyPackageChangedToGos(), category from pm: com.google.wireless.qa.mobileharness.tool.android.language, [-1/-1]
04-15 02:54:49.630 24484 24556 I GOS:GameIntentService: onPackageChanged(). extras: Bundle[{changeType=2, userId=0, type=15, packageName=com.google.wireless.qa.mobileharness.tool.android.language}]
04-15 02:54:49.630 24484 24556 I GOS:GameIntentService: onPackageChanged(). changeType(INSTALL_STARTED), pkgName(com.google.wireless.qa.mobileharness.tool.android.language), UserHandle(0), userId(0), Installed(true)
04-15 02:54:49.630 19111 24443 I Fitness : (REDACTED) FitCleanupIntentOperation received Intent %s
04-15 02:54:49.631  2471  3668 D SGM:GosNotifyThread: notifyPackageChangedToGos(), after send intent to GOS. ComponentInfo{com.samsung.android.game.gos/com.samsung.android.game.gos.service.GameIntentService}
04-15 02:54:49.631 24484 24556 I GOS:GameIntentService: onHandleIntent. GameIntentService. type: 15, pkgName: com.google.wireless.qa.mobileharness.tool.android.language
04-15 02:54:49.631 24484 24556 I GOS:GameIntentService: onPackageChanged(). extras: Bundle[{changeType=0, manifestCategory=-1, userId=0, pkgName=com.google.wireless.qa.mobileharness.tool.android.language, type=15, packageName=com.google.wireless.qa.mobileharness.tool.android.language, categoryOverride=-1}]
04-15 02:54:49.631 24484 24556 I GOS:GameIntentService: onPackageChanged(). changeType(INSTALLED), pkgName(com.google.wireless.qa.mobileharness.tool.android.language), UserHandle(0), userId(0), Installed(true)
04-15 02:54:49.631 24484 24556 I GOS:GameIntentService: onPkgInstalled(), appInfoCategory: null, packageName: com.google.wireless.qa.mobileharness.tool.android.language
04-15 02:54:49.631 24503 24503 I RoutineApplication: [RtnInit@Core]constructor: reached checkpoint #1 (segment_time=0ms, total_elapsed_time=0ms)
04-15 02:54:49.631 24503 24503 I RoutineApplication: [RtnInit@Core]attachBaseContext: start >>> reached checkpoint #2 (segment_time=0ms, total_elapsed_time=0ms)
04-15 02:54:49.631 24503 24503 I RoutineApplication: [RtnInit@Core]attachBaseContext: end <<< reached checkpoint #3 (segment_time=0ms, total_elapsed_time=0ms)
04-15 02:54:49.632  5448  5448 I HoneySpace.PackageOperationTracker: onPackageChanged - com.google.wireless.qa.mobileharness.tool.android.language UserHandle{0}
04-15 02:54:49.632 24484 24556 I GOS:FilteredPmAppCategoryGetter: getCategoryCode(). categoryCode:undefined, packageName:com.google.wireless.qa.mobileharness.tool.android.language
04-15 02:54:49.632 24484 24556 I GOS:SystemEventReactor: onPackageInstalled(). categoryByAppInfo=undefined, packageName=com.google.wireless.qa.mobileharness.tool.android.language
04-15 02:54:49.632 24484 24556 I GOS:SystemEventReactor: addPkgData(), category=undefined, packageName=com.google.wireless.qa.mobileharness.tool.android.language
04-15 02:54:49.632  2471  6681 W libc    : Access denied finding property "ro.bootimage.build.fingerprint"
04-15 02:54:49.633  2471  5329 I AppWidgetServiceImpl: getInstalledProvidersForProfiles lock in com.google.wireless.qa.mobileharness.tool.android.language
04-15 02:54:49.633  2471  5329 I AppWidgetServiceImpl: getInstalledProvidersForProfiles lock exit 0
04-15 02:54:49.633  2471  2942 D LauncherApps: onPackageChanged 0,com.google.wireless.qa.mobileharness.tool.android.language
04-15 02:54:49.633 24503 24503 I RoutineSettingsMenuSearchProvider: secQueryGetFingerprint :4.9.04.13en_US
04-15 02:54:49.633  5448 23838 I HoneySpace.IconCache: remove icon cache & DB : com.google.wireless.qa.mobileharness.tool.android.language UserHandle{0}
04-15 02:54:49.633  5448 23838 I HoneySpace.IconCache: removeSpecificIconDb: com.google.wireless.qa.mobileharness.tool.android.language UserHandle{0}
04-15 02:54:49.633  2471  2942 D EnterpriseDeviceManagerService: Package has changed for user 0
04-15 02:54:49.633  2471  2942 D EnterpriseDeviceManagerService: Admin package name: com.google.android.apps.mtaas.deviceadmin
04-15 02:54:49.633  2471  2942 D EnterpriseDeviceManagerService: Admin package name: com.samsung.android.kgclient
04-15 02:54:49.633  2471  2942 D EnterpriseDeviceManagerService: Admin package name: com.samsung.android.kgclient
04-15 02:54:49.634  5448 23838 I HoneySpace.PackageSourceImpl: package changed info list size : 0
04-15 02:54:49.634  5448  5448 I HoneySpace.HoneySpaceManagerContainer: packageUpdateEvent - com.honeyspace.sdk.source.entity.PackageOperation$Changed@6711253
04-15 02:54:49.634  5448  5448 I HoneySpace.HoneySpaceManagerContainer: refreshHoneyPlugin, packageName: com.google.wireless.qa.mobileharness.tool.android.language
04-15 02:54:49.634  5448  5448 I HoneySpace.HoneySpacePackageSourceImpl: getHiddenItems : 0
04-15 02:54:49.634  5448  5448 I HoneySpace.HoneySpacePackageSourceImpl: getHiddenItems : 0
04-15 02:54:49.634  5448  5448 I HoneySpace.HoneySpacePackageSourceImpl: getHiddenItems : 0
04-15 02:54:49.634  5448  5448 I HoneySpace.EventListenerRegistry: pendingPackageOperation : pending = false, com.honeyspace.sdk.source.entity.PackageOperation$Changed@6711253
04-15 02:54:49.634  5448  5448 I HoneySpace.HoneySpacePackageSourceImpl: getHiddenItems : 0
04-15 02:54:49.634  6123  6197 I RequestManager_FLP: onOpChanged, op=0 / packageName=com.google.android.ext.services
04-15 02:54:49.634  5448  5448 I HoneySpace.HoneySpacePackageSourceImpl: getHiddenItems : 0
04-15 02:54:49.634  5448  5448 I HoneySpace.HoneySpacePackageSourceImpl: getHiddenItems : 0
04-15 02:54:49.635  6697  6743 D LauncherApps: onPackageChanged 0,com.google.wireless.qa.mobileharness.tool.android.language
04-15 02:54:49.635  2471  4672 D BackgroundInstallControlService: Package event received: 0
04-15 02:54:49.635  2471  4672 D BackgroundInstallControlService: Package event received: 0
04-15 02:54:49.635  2471  4672 D BackgroundInstallControlService: Package event received: 0
04-15 02:54:49.635  5448 23843 I HoneySpace.HoneySpacePackageSourceImpl: Package changed : com.google.wireless.qa.mobileharness.tool.android.language
04-15 02:54:49.635  2471  4672 D BackgroundInstallControlService: Package event received: 0
04-15 02:54:49.635  5448 23843 I HoneySpace.HistoryViewModel@151148945@OneUI: handlePackageEvent
04-15 02:54:49.635  5448 23843 I HoneySpace.HistoryViewModel@151148945@OneUI: skip for alone
04-15 02:54:49.635  4796  5394 D LauncherApps: onPackageChanged 0,com.google.wireless.qa.mobileharness.tool.android.language
04-15 02:54:49.635  5448 23843 I SearchableManager: invalidate: com.google.wireless.qa.mobileharness.tool.android.language
04-15 02:54:49.636 24503 24503 I GTS_CELL:  version 1.2.28
04-15 02:54:49.637  5448 23838 E HoneySpace.MinusOnePageUtils: com.samsung.android.app.spage is not installed 
04-15 02:54:49.638 24484 24556 I GOS:SystemEventReactor: addPkgData(), A package was added : com.google.wireless.qa.mobileharness.tool.android.language as undefined
04-15 02:54:49.639 19098 19331 I Icing   : IndexChimeraService.getServiceInterface callingPackage=com.google.android.gms componentName=null serviceId=30
04-15 02:54:49.640 24484 24556 W GOS:GameIntentService: onPkgInstalled(), pkgData == null. do nothing. packageName(com.google.wireless.qa.mobileharness.tool.android.language)
04-15 02:54:49.640 24514 24514 W FirebaseApp: Default FirebaseApp failed to initialize because no default options were found. This usually means that com.google.gms:google-services was not applied to your gradle project.
04-15 02:54:49.640 24514 24514 I FirebaseInitProvider: FirebaseApp initialization unsuccessful
04-15 02:54:49.641 24514 24514 I SLPASVC : onCreate                                                                                            [at com.samsung.euicc.storage.NotificationProvider.onCreate(NotificationProvider.java:29)]
04-15 02:54:49.641 24514 24514 I SLPASVC : NotificationOpenHelper                                                                              [at com.samsung.euicc.storage.NotificationOpenHelper.<init>(NotificationOpenHelper.java:55)]
04-15 02:54:49.641  2471 14197 D PerProcessNandswap$NandswapHandler: nandswap start for non-activity com.google.android.gms(pid 19098) action:15 adj:100 type:1
04-15 02:54:49.642  2471 10760 D ApplicationPolicy: getApplicationUninstallationEnabled
04-15 02:54:49.642  2471 10760 D ApplicationPolicy: getApplicationUninstallationEnabled :  enabled true
04-15 02:54:49.642  2471  2662 D ApplicationPolicy: getApplicationUninstallationEnabled
04-15 02:54:49.642  2471  2662 D ApplicationPolicy: getApplicationUninstallationEnabled :  enabled true
04-15 02:54:49.643 24484 24484 I GOS:App : onTrimMemory 40
04-15 02:54:49.643 24503 24503 I RoutineApplication: [RtnInit@Core]onCreate: start >>> reached checkpoint #4 (segment_time=12ms, total_elapsed_time=12ms)
04-15 02:54:49.643 23904 23904 I DWBContentProvider: update (content://com.samsung.android.forest.db/persistenceParentalcontrol)
04-15 02:54:49.644 23904 23904 I DWBd    : isChild ? false
04-15 02:54:49.644 23904 23904 W ContextImpl: Calling a method in the system process without a qualified user: android.app.ContextImpl.startService:2068 android.content.ContextWrapper.startService:872 android.content.ContextWrapper.startService:872 com.samsung.android.forest.apptimer.manager.AppTimerReceiver.onReceive:112 android.app.ActivityThread.handleReceiver:5663 
04-15 02:54:49.645  2471  6681 W AppSearchAppsUtil: getDynamicAppFunctionSchemasForPackages: Failed to get schema property for package: com.sec.android.gallery3d
04-15 02:54:49.645  2471  6681 W AppSearchAppsUtil: android.content.pm.PackageManager$NameNotFoundException
04-15 02:54:49.645  2471  6681 W AppSearchAppsUtil: 	at android.app.ApplicationPackageManager.getPropertyAsUser(ApplicationPackageManager.java:4449)
04-15 02:54:49.645  2471  6681 W AppSearchAppsUtil: 	at android.app.ApplicationPackageManager.getProperty(ApplicationPackageManager.java:4436)
04-15 02:54:49.645  2471  6681 W AppSearchAppsUtil: 	at com.android.server.appsearch.appsindexer.AppsIndexerImpl.doUpdateIncrementalPut(go/retraceme 445dbf8f0e4f43638218a1155416af612ddd0eba1887e635c34828625399f398:76)
04-15 02:54:49.645  2471  6681 W AppSearchAppsUtil: 	at com.android.server.appsearch.appsindexer.AppsIndexerUserInstance.doUpdate(go/retraceme 445dbf8f0e4f43638218a1155416af612ddd0eba1887e635c34828625399f398:73)
04-15 02:54:49.645  2471  6681 W AppSearchAppsUtil: 	at com.android.server.appsearch.appsindexer.AppsIndexerUserInstance$$ExternalSyntheticLambda2.run(go/retraceme 445dbf8f0e4f43638218a1155416af612ddd0eba1887e635c34828625399f398:11)
04-15 02:54:49.645  2471  6681 W AppSearchAppsUtil: 	at com.android.server.appsearch.appsindexer.AppsIndexerUserInstance$$ExternalSyntheticLambda0.run(go/retraceme 445dbf8f0e4f43638218a1155416af612ddd0eba1887e635c34828625399f398:10)
04-15 02:54:49.645  2471  6681 W AppSearchAppsUtil: 	at java.util.concurrent.ThreadPoolExecutor.runWorker(ThreadPoolExecutor.java:1156)
04-15 02:54:49.645  2471  6681 W AppSearchAppsUtil: 	at java.util.concurrent.ThreadPoolExecutor$Worker.run(ThreadPoolExecutor.java:651)
04-15 02:54:49.645  2471  6681 W AppSearchAppsUtil: 	at java.lang.Thread.run(Thread.java:1119)
04-15 02:54:49.645 23904 23904 I DWBh    : onPackageDeleted : com.google.wireless.qa.mobileharness.tool.android.language
04-15 02:54:49.645 24514 24514 I SLPASVC : EsimConfiguration.xml already exist.                                                                [at com.samsung.euicc.storage.ConfigurationProvider.onCreate(ConfigurationProvider.java:161)]
04-15 02:54:49.645 24514 24514 I SLPASVC : ril.supportSA: 0                                                                                    [at com.samsung.euicc.storage.ConfigurationProvider.is5GSA(ConfigurationProvider.java:403)]
04-15 02:54:49.646  2471  6681 W AppSearchAppsUtil: getDynamicAppFunctionSchemasForPackages: Failed to get schema property for package: com.samsung.android.app.contacts
04-15 02:54:49.646  2471  6681 W AppSearchAppsUtil: android.content.pm.PackageManager$NameNotFoundException
04-15 02:54:49.646  2471  6681 W AppSearchAppsUtil: 	at android.app.ApplicationPackageManager.getPropertyAsUser(ApplicationPackageManager.java:4449)
04-15 02:54:49.646  2471  6681 W AppSearchAppsUtil: 	at android.app.ApplicationPackageManager.getProperty(ApplicationPackageManager.java:4436)
04-15 02:54:49.646  2471  6681 W AppSearchAppsUtil: 	at com.android.server.appsearch.appsindexer.AppsIndexerImpl.doUpdateIncrementalPut(go/retraceme 445dbf8f0e4f43638218a1155416af612ddd0eba1887e635c34828625399f398:76)
04-15 02:54:49.646  2471  6681 W AppSearchAppsUtil: 	at com.android.server.appsearch.appsindexer.AppsIndexerUserInstance.doUpdate(go/retraceme 445dbf8f0e4f43638218a1155416af612ddd0eba1887e635c34828625399f398:73)
04-15 02:54:49.646  2471  6681 W AppSearchAppsUtil: 	at com.android.server.appsearch.appsindexer.AppsIndexerUserInstance$$ExternalSyntheticLambda2.run(go/retraceme 445dbf8f0e4f43638218a1155416af612ddd0eba1887e635c34828625399f398:11)
04-15 02:54:49.646  2471  6681 W AppSearchAppsUtil: 	at com.android.server.appsearch.appsindexer.AppsIndexerUserInstance$$ExternalSyntheticLambda0.run(go/retraceme 445dbf8f0e4f43638218a1155416af612ddd0eba1887e635c34828625399f398:10)
04-15 02:54:49.646  2471  6681 W AppSearchAppsUtil: 	at java.util.concurrent.ThreadPoolExecutor.runWorker(ThreadPoolExecutor.java:1156)
04-15 02:54:49.646  2471  6681 W AppSearchAppsUtil: 	at java.util.concurrent.ThreadPoolExecutor$Worker.run(ThreadPoolExecutor.java:651)
04-15 02:54:49.646  2471  6681 W AppSearchAppsUtil: 	at java.lang.Thread.run(Thread.java:1119)
04-15 02:54:49.646  2471  6681 W AppSearchAppsUtil: getDynamicAppFunctionSchemasForPackages: Failed to get schema property for package: com.samsung.android.messaging
04-15 02:54:49.646  2471  6681 W AppSearchAppsUtil: android.content.pm.PackageManager$NameNotFoundException
04-15 02:54:49.646  2471  6681 W AppSearchAppsUtil: 	at android.app.ApplicationPackageManager.getPropertyAsUser(ApplicationPackageManager.java:4449)
04-15 02:54:49.646  2471  6681 W AppSearchAppsUtil: 	at android.app.ApplicationPackageManager.getProperty(ApplicationPackageManager.java:4436)
04-15 02:54:49.646  2471  6681 W AppSearchAppsUtil: 	at com.android.server.appsearch.appsindexer.AppsIndexerImpl.doUpdateIncrementalPut(go/retraceme 445dbf8f0e4f43638218a1155416af612ddd0eba1887e635c34828625399f398:76)
04-15 02:54:49.646  2471  6681 W AppSearchAppsUtil: 	at com.android.server.appsearch.appsindexer.AppsIndexerUserInstance.doUpdate(go/retraceme 445dbf8f0e4f43638218a1155416af612ddd0eba1887e635c34828625399f398:73)
04-15 02:54:49.646  2471  6681 W AppSearchAppsUtil: 	at com.android.server.appsearch.appsindexer.AppsIndexerUserInstance$$ExternalSyntheticLambda2.run(go/retraceme 445dbf8f0e4f43638218a1155416af612ddd0eba1887e635c34828625399f398:11)
04-15 02:54:49.646  2471  6681 W AppSearchAppsUtil: 	at com.android.server.appsearch.appsindexer.AppsIndexerUserInstance$$ExternalSyntheticLambda0.run(go/retraceme 445dbf8f0e4f43638218a1155416af612ddd0eba1887e635c34828625399f398:10)
04-15 02:54:49.646  2471  6681 W AppSearchAppsUtil: 	at java.util.concurrent.ThreadPoolExecutor.runWorker(ThreadPoolExecutor.java:1156)
04-15 02:54:49.646  2471  6681 W AppSearchAppsUtil: 	at java.util.concurrent.ThreadPoolExecutor$Worker.run(ThreadPoolExecutor.java:651)
04-15 02:54:49.646  2471  6681 W AppSearchAppsUtil: 	at java.lang.Thread.run(Thread.java:1119)
04-15 02:54:49.646  2471  6681 W AppSearchAppsUtil: getDynamicAppFunctionSchemasForPackages: Failed to get schema property for package: com.samsung.android.incallui
04-15 02:54:49.646  2471  6681 W AppSearchAppsUtil: android.content.pm.PackageManager$NameNotFoundException
04-15 02:54:49.646  2471  6681 W AppSearchAppsUtil: 	at android.app.ApplicationPackageManager.getPropertyAsUser(ApplicationPackageManager.java:4449)
04-15 02:54:49.646  2471  6681 W AppSearchAppsUtil: 	at android.app.ApplicationPackageManager.getProperty(ApplicationPackageManager.java:4436)
04-15 02:54:49.646  2471  6681 W AppSearchAppsUtil: 	at com.android.server.appsearch.appsindexer.AppsIndexerImpl.doUpdateIncrementalPut(go/retraceme 445dbf8f0e4f43638218a1155416af612ddd0eba1887e635c34828625399f398:76)
04-15 02:54:49.646  2471  6681 W AppSearchAppsUtil: 	at com.android.server.appsearch.appsindexer.AppsIndexerUserInstance.doUpdate(go/retraceme 445dbf8f0e4f43638218a1155416af612ddd0eba1887e635c34828625399f398:73)
04-15 02:54:49.646  2471  6681 W AppSearchAppsUtil: 	at com.android.server.appsearch.appsindexer.AppsIndexerUserInstance$$ExternalSyntheticLambda2.run(go/retraceme 445dbf8f0e4f43638218a1155416af612ddd0eba1887e635c34828625399f398:11)
04-15 02:54:49.646  2471  6681 W AppSearchAppsUtil: 	at com.android.server.appsearch.appsindexer.AppsIndexerUserInstance$$ExternalSyntheticLambda0.run(go/retraceme 445dbf8f0e4f43638218a1155416af612ddd0eba1887e635c34828625399f398:10)
04-15 02:54:49.646  2471  6681 W AppSearchAppsUtil: 	at java.util.concurrent.ThreadPoolExecutor.runWorker(ThreadPoolExecutor.java:1156)
04-15 02:54:49.646  2471  6681 W AppSearchAppsUtil: 	at java.util.concurrent.ThreadPoolExecutor$Worker.run(ThreadPoolExecutor.java:651)
04-15 02:54:49.646  2471  6681 W AppSearchAppsUtil: 	at java.lang.Thread.run(Thread.java:1119)
04-15 02:54:49.646  2471  6681 W AppSearchAppsUtil: getDynamicAppFunctionSchemasForPackages: Failed to get schema property for package: com.samsung.android.dialer
04-15 02:54:49.646  2471  6681 W AppSearchAppsUtil: android.content.pm.PackageManager$NameNotFoundException
04-15 02:54:49.646  2471  6681 W AppSearchAppsUtil: 	at android.app.ApplicationPackageManager.getPropertyAsUser(ApplicationPackageManager.java:4449)
04-15 02:54:49.646  2471  6681 W AppSearchAppsUtil: 	at android.app.ApplicationPackageManager.getProperty(ApplicationPackageManager.java:4436)
04-15 02:54:49.646  2471  6681 W AppSearchAppsUtil: 	at com.android.server.appsearch.appsindexer.AppsIndexerImpl.doUpdateIncrementalPut(go/retraceme 445dbf8f0e4f43638218a1155416af612ddd0eba1887e635c34828625399f398:76)
04-15 02:54:49.646  2471  6681 W AppSearchAppsUtil: 	at com.android.server.appsearch.appsindexer.AppsIndexerUserInstance.doUpdate(go/retraceme 445dbf8f0e4f43638218a1155416af612ddd0eba1887e635c34828625399f398:73)
04-15 02:54:49.646  2471  6681 W AppSearchAppsUtil: 	at com.android.server.appsearch.appsindexer.AppsIndexerUserInstance$$ExternalSyntheticLambda2.run(go/retraceme 445dbf8f0e4f43638218a1155416af612ddd0eba1887e635c34828625399f398:11)
04-15 02:54:49.646  2471  6681 W AppSearchAppsUtil: 	at com.android.server.appsearch.appsindexer.AppsIndexerUserInstance$$ExternalSyntheticLambda0.run(go/retraceme 445dbf8f0e4f43638218a1155416af612ddd0eba1887e635c34828625399f398:10)
04-15 02:54:49.646  2471  6681 W AppSearchAppsUtil: 	at java.util.concurrent.ThreadPoolExecutor.runWorker(ThreadPoolExecutor.java:1156)
04-15 02:54:49.646  2471  6681 W AppSearchAppsUtil: 	at java.util.concurrent.ThreadPoolExecutor$Worker.run(ThreadPoolExecutor.java:651)
04-15 02:54:49.646  2471  6681 W AppSearchAppsUtil: 	at java.lang.Thread.run(Thread.java:1119)
04-15 02:54:49.646 24514 24514 I SLPASVC : EsimLoggerDBHelper                                                                                  [at com.samsung.euicc.lpaService.context.database.EsimLoggerDBHelper$OpenHelper.<init>(EsimLoggerDBHelper$OpenHelper.java:259)]
04-15 02:54:49.648 24506 24506 D ProcessLifecycleG3: androidx.startup is not available, initializing using ProcessLifecycleOwnerInitializer instead.
04-15 02:54:49.649 19159 19375 I Finsky  : [81] saj.accept(58): SCH: Scheduling phonesky job Id: 37-14, CT: 1776246889579, Constraints: [{ L: 0, D: 0, C: CHARGING_NONE, I: IDLE_NONE, N: NET_NONE, B: BATTERY_ANY }, { L: 0, D: 0, C: CHARGING_NONE, I: IDLE_NONE, N: NET_NONE, B: BATTERY_ANY }]
04-15 02:54:49.649  2471  6681 W AppSearchAppsUtil: getDynamicAppFunctionSchemasForPackages: Failed to get schema property for package: com.sec.android.mimage.photoretouching
04-15 02:54:49.649  2471  6681 W AppSearchAppsUtil: android.content.pm.PackageManager$NameNotFoundException
04-15 02:54:49.649  2471  6681 W AppSearchAppsUtil: 	at android.app.ApplicationPackageManager.getPropertyAsUser(ApplicationPackageManager.java:4449)
04-15 02:54:49.649  2471  6681 W AppSearchAppsUtil: 	at android.app.ApplicationPackageManager.getProperty(ApplicationPackageManager.java:4436)
04-15 02:54:49.649  2471  6681 W AppSearchAppsUtil: 	at com.android.server.appsearch.appsindexer.AppsIndexerImpl.doUpdateIncrementalPut(go/retraceme 445dbf8f0e4f43638218a1155416af612ddd0eba1887e635c34828625399f398:76)
04-15 02:54:49.649  2471  6681 W AppSearchAppsUtil: 	at com.android.server.appsearch.appsindexer.AppsIndexerUserInstance.doUpdate(go/retraceme 445dbf8f0e4f43638218a1155416af612ddd0eba1887e635c34828625399f398:73)
04-15 02:54:49.649  2471  6681 W AppSearchAppsUtil: 	at com.android.server.appsearch.appsindexer.AppsIndexerUserInstance$$ExternalSyntheticLambda2.run(go/retraceme 445dbf8f0e4f43638218a1155416af612ddd0eba1887e635c34828625399f398:11)
04-15 02:54:49.649  2471  6681 W AppSearchAppsUtil: 	at com.android.server.appsearch.appsindexer.AppsIndexerUserInstance$$ExternalSyntheticLambda0.run(go/retraceme 445dbf8f0e4f43638218a1155416af612ddd0eba1887e635c34828625399f398:10)
04-15 02:54:49.649  2471  6681 W AppSearchAppsUtil: 	at java.util.concurrent.ThreadPoolExecutor.runWorker(ThreadPoolExecutor.java:1156)
04-15 02:54:49.649  2471  6681 W AppSearchAppsUtil: 	at java.util.concurrent.ThreadPoolExecutor$Worker.run(ThreadPoolExecutor.java:651)
04-15 02:54:49.649  2471  6681 W AppSearchAppsUtil: 	at java.lang.Thread.run(Thread.java:1119)
04-15 02:54:49.649  2471  6681 W AppSearchAppsUtil: getDynamicAppFunctionSchemasForPackages: Failed to get schema property for package: com.sec.android.app.sbrowser
04-15 02:54:49.649  2471  6681 W AppSearchAppsUtil: android.content.pm.PackageManager$NameNotFoundException
04-15 02:54:49.649  2471  6681 W AppSearchAppsUtil: 	at android.app.ApplicationPackageManager.getPropertyAsUser(ApplicationPackageManager.java:4449)
04-15 02:54:49.649  2471  6681 W AppSearchAppsUtil: 	at android.app.ApplicationPackageManager.getProperty(ApplicationPackageManager.java:4436)
04-15 02:54:49.649  2471  6681 W AppSearchAppsUtil: 	at com.android.server.appsearch.appsindexer.AppsIndexerImpl.doUpdateIncrementalPut(go/retraceme 445dbf8f0e4f43638218a1155416af612ddd0eba1887e635c34828625399f398:76)
04-15 02:54:49.649  2471  6681 W AppSearchAppsUtil: 	at com.android.server.appsearch.appsindexer.AppsIndexerUserInstance.doUpdate(go/retraceme 445dbf8f0e4f43638218a1155416af612ddd0eba1887e635c34828625399f398:73)
04-15 02:54:49.649  2471  6681 W AppSearchAppsUtil: 	at com.android.server.appsearch.appsindexer.AppsIndexerUserInstance$$ExternalSyntheticLambda2.run(go/retraceme 445dbf8f0e4f43638218a1155416af612ddd0eba1887e635c34828625399f398:11)
04-15 02:54:49.649  2471  6681 W AppSearchAppsUtil: 	at com.android.server.appsearch.appsindexer.AppsIndexerUserInstance$$ExternalSyntheticLambda0.run(go/retraceme 445dbf8f0e4f43638218a1155416af612ddd0eba1887e635c34828625399f398:10)
04-15 02:54:49.649  2471  6681 W AppSearchAppsUtil: 	at java.util.concurrent.ThreadPoolExecutor.runWorker(ThreadPoolExecutor.java:1156)
04-15 02:54:49.649  2471  6681 W AppSearchAppsUtil: 	at java.util.concurrent.ThreadPoolExecutor$Worker.run(ThreadPoolExecutor.java:651)
04-15 02:54:49.649  2471  6681 W AppSearchAppsUtil: 	at java.lang.Thread.run(Thread.java:1119)
04-15 02:54:49.650  6783  7152 V OsAgent : broadcastSystemEvent - 7
04-15 02:54:49.650 23904 24607 I SEP_UNION_SemUnionManager: initializeManagerMapData(1000) context = android.app.ContextImpl@e064c2c 
04-15 02:54:49.651 23904 24607 I SEP_UNION_SemUnionManager: getUnionService(semeventdelegator) 
04-15 02:54:49.651  2471  6681 W AppSearchAppsUtil: getDynamicAppFunctionSchemasForPackages: Failed to get schema property for package: com.sec.android.app.myfiles
04-15 02:54:49.651  2471  6681 W AppSearchAppsUtil: android.content.pm.PackageManager$NameNotFoundException
04-15 02:54:49.651  2471  6681 W AppSearchAppsUtil: 	at android.app.ApplicationPackageManager.getPropertyAsUser(ApplicationPackageManager.java:4449)
04-15 02:54:49.651  2471  6681 W AppSearchAppsUtil: 	at android.app.ApplicationPackageManager.getProperty(ApplicationPackageManager.java:4436)
04-15 02:54:49.651  2471  6681 W AppSearchAppsUtil: 	at com.android.server.appsearch.appsindexer.AppsIndexerImpl.doUpdateIncrementalPut(go/retraceme 445dbf8f0e4f43638218a1155416af612ddd0eba1887e635c34828625399f398:76)
04-15 02:54:49.651  2471  6681 W AppSearchAppsUtil: 	at com.android.server.appsearch.appsindexer.AppsIndexerUserInstance.doUpdate(go/retraceme 445dbf8f0e4f43638218a1155416af612ddd0eba1887e635c34828625399f398:73)
04-15 02:54:49.651  2471  6681 W AppSearchAppsUtil: 	at com.android.server.appsearch.appsindexer.AppsIndexerUserInstance$$ExternalSyntheticLambda2.run(go/retraceme 445dbf8f0e4f43638218a1155416af612ddd0eba1887e635c34828625399f398:11)
04-15 02:54:49.651  2471  6681 W AppSearchAppsUtil: 	at com.android.server.appsearch.appsindexer.AppsIndexerUserInstance$$ExternalSyntheticLambda0.run(go/retraceme 445dbf8f0e4f43638218a1155416af612ddd0eba1887e635c34828625399f398:10)
04-15 02:54:49.651  2471  6681 W AppSearchAppsUtil: 	at java.util.concurrent.ThreadPoolExecutor.runWorker(ThreadPoolExecutor.java:1156)
04-15 02:54:49.651  2471  6681 W AppSearchAppsUtil: 	at java.util.concurrent.ThreadPoolExecutor$Worker.run(ThreadPoolExecutor.java:651)
04-15 02:54:49.651  2471  6681 W AppSearchAppsUtil: 	at java.lang.Thread.run(Thread.java:1119)
04-15 02:54:49.651  2471  6681 W AppSearchAppsUtil: getDynamicAppFunctionSchemasForPackages: Failed to get schema property for package: com.samsung.android.app.sharelive
04-15 02:54:49.651  2471  6681 W AppSearchAppsUtil: android.content.pm.PackageManager$NameNotFoundException
04-15 02:54:49.651  2471  6681 W AppSearchAppsUtil: 	at android.app.ApplicationPackageManager.getPropertyAsUser(ApplicationPackageManager.java:4449)
04-15 02:54:49.651  2471  6681 W AppSearchAppsUtil: 	at android.app.ApplicationPackageManager.getProperty(ApplicationPackageManager.java:4436)
04-15 02:54:49.651  2471  6681 W AppSearchAppsUtil: 	at com.android.server.appsearch.appsindexer.AppsIndexerImpl.doUpdateIncrementalPut(go/retraceme 445dbf8f0e4f43638218a1155416af612ddd0eba1887e635c34828625399f398:76)
04-15 02:54:49.651  2471  6681 W AppSearchAppsUtil: 	at com.android.server.appsearch.appsindexer.AppsIndexerUserInstance.doUpdate(go/retraceme 445dbf8f0e4f43638218a1155416af612ddd0eba1887e635c34828625399f398:73)
04-15 02:54:49.651  2471  6681 W AppSearchAppsUtil: 	at com.android.server.appsearch.appsindexer.AppsIndexerUserInstance$$ExternalSyntheticLambda2.run(go/retraceme 445dbf8f0e4f43638218a1155416af612ddd0eba1887e635c34828625399f398:11)
04-15 02:54:49.651  2471  6681 W AppSearchAppsUtil: 	at com.android.server.appsearch.appsindexer.AppsIndexerUserInstance$$ExternalSyntheticLambda0.run(go/retraceme 445dbf8f0e4f43638218a1155416af612ddd0eba1887e635c34828625399f398:10)
04-15 02:54:49.651  2471  6681 W AppSearchAppsUtil: 	at java.util.concurrent.ThreadPoolExecutor.runWorker(ThreadPoolExecutor.java:1156)
04-15 02:54:49.651  2471  6681 W AppSearchAppsUtil: 	at java.util.concurrent.ThreadPoolExecutor$Worker.run(ThreadPoolExecutor.java:651)
04-15 02:54:49.651  2471  6681 W AppSearchAppsUtil: 	at java.lang.Thread.run(Thread.java:1119)
04-15 02:54:49.652 24514 24514 E ashmem  : Pinning is deprecated since Android Q. Please use trim or other methods.
04-15 02:54:49.654 23904 24607 I SEP_UNION_SemUnionManager: getSemSystemService : semeventdelegator 
04-15 02:54:49.655  2471  6894 D SEP_UNION_SemUnionMainServiceImpl: getSemSystemService - semeventdelegator 
04-15 02:54:49.655 19159 19402 I Finsky  : [88] ncx.apply(251): SCH: Scheduling 0 system job(s)
04-15 02:54:49.655 19098 19636 I Icing   : Usage reports ok 1, Failed Usage reports 0, indexed 0, rejected 0
04-15 02:54:49.655  2471  6894 D SEP_UNION_SemDeviceInfoManagerService: Unregister intent = android.intent.action.PACKAGE_FULLY_REMOVED, , package = com.samsung.android.forest, userId = 0 
04-15 02:54:49.655  2471  6894 D SEP_UNION_SemDeviceInfoManagerService: No item for the calling package in the component list. 
04-15 02:54:49.655  2471  6894 D SEP_UNION_SemDeviceInfoManagerService: Unregister intent = android.intent.action.PACKAGE_ADDED, , package = com.samsung.android.forest, userId = 0 
04-15 02:54:49.655  2471  6894 D SEP_UNION_SemDeviceInfoManagerService: No item for the calling package in the component list. 
04-15 02:54:49.656 24514 24514 I SLPASVC : EsimLoggerDBHelper                                                                                  [at com.samsung.euicc.lpaService.context.database.EsimLoggerDBHelper$OpenHelper.<init>(EsimLoggerDBHelper$OpenHelper.java:259)]
04-15 02:54:49.657 24514 24514 I SLPASVC : create db: /efs/sec_efs/esim_logs.db                                                                [at com.samsung.euicc.lpaService.context.database.EsimLoggerDBHelper.getEfsInstance(EsimLoggerDBHelper.java:97)]
04-15 02:54:49.660 24514 24514 I SLPASVC : [LPA.CONFIG] [CONFIG] less than a day                                                               [at com.samsung.euicc.lpaService.data.LpaConfig.updateLpaConfig(LpaConfig.java:33)]
04-15 02:54:49.661 23904 23904 I DWBr    : onTrimMemory(40)
04-15 02:54:49.661 23904 23904 E DWBg    : LocalPkgManager MemoryTrimmable
04-15 02:54:49.661 23904 23904 E DWBn    : UsageDataManager MemoryTrimmable
04-15 02:54:49.661 23904 23904 I DWBn    : Retrieve CLEAR_CACHED_DATA
04-15 02:54:49.661 23904 23904 I DWBn    : No Request Data
04-15 02:54:49.663 19098 19636 I Icing   : Usage reports ok 0, Failed Usage reports 0, indexed 0, rejected 0
04-15 02:54:49.664 19098 19636 I Icing   : Indexing com.google.android.gms-apps from com.google.android.gms
04-15 02:54:49.664 19098 19636 I Icing   : Indexing done com.google.android.gms-apps
04-15 02:54:49.665 19098 19636 I Icing   : Indexing com.google.android.gms-apps from com.google.android.gms
04-15 02:54:49.666 19098 19636 I Icing   : Indexing done com.google.android.gms-apps
04-15 02:54:49.666 24514 24514 I SLPASVC : [LPA.DEV] [LPA] less than a day                                                                     [at com.samsung.euicc.lpaService.data.StubUpdateCheck.updateCheckLpa(StubUpdateCheck.java:135)]
04-15 02:54:49.666 24514 24514 I SLPASVC : [LPA.DEV] [ODA] less than a day                                                                     [at com.samsung.euicc.lpaService.data.StubUpdateCheck.updateCheckOda(StubUpdateCheck.java:171)]
04-15 02:54:49.666 24514 24514 I SLPASVC : [LPA.DEV] [TS43] less than a day                                                                    [at com.samsung.euicc.lpaService.data.StubUpdateCheck.updateCheckTs43(StubUpdateCheck.java:207)]
04-15 02:54:49.668 24506 24614 D nativeloader: Load /product/priv-app/Velvet/Velvet.apk!/lib/arm64-v8a/libnative_crash_handler_jni.so using class loader ns product-clns-10 (caller=/product/priv-app/Velvet/Velvet.apk!classes2.dex): ok
04-15 02:54:49.669 24514 24514 I IccUtils: UiccSlotInfo: , false                                                                               [at com.samsung.euicc.internal.lib.util.IccUtils.getEuiccList(IccUtils.java:1125)]
04-15 02:54:49.669 24514 24514 I IccUtils: UiccSlotInfo: 9885, true                                                                            [at com.samsung.euicc.internal.lib.util.IccUtils.getEuiccList(IccUtils.java:1125)]
04-15 02:54:49.670  2471 14197 D PerProcessNandswap$NandswapHandler: nandswap end for non-activity com.google.android.gms(pid 19098) ret:-16 adj:100
04-15 02:54:49.674 24503 24503 I Routine@Core[4.9.04.13]: RoutineApplication: [RtnInit@Core]applicationOnCreateDebugLog: sIsDebugLevelMid=false, secLevel=false
04-15 02:54:49.674 24514 24618 I LPAPSH  : smds queried once                                                                                   [at com.samsung.euicc.push.SmpInitializer.isSmdsQueriedOnce(SmpInitializer.java:405)]
04-15 02:54:49.674 24503 24503 I Routine@Core[4.9.04.13]: RoutineApplication: [RtnInit@Core]onCreate: reached checkpoint #5 (segment_time=31ms, total_elapsed_time=43ms)
04-15 02:54:49.674 24503 24503 W Routine@Core[4.9.04.13]: RoutineApplication: [RtnInit@Core]immediateInit: init - begin
04-15 02:54:49.674 24503 24503 I Routine@Core[4.9.04.13]: SALogger: setConfiguration start
04-15 02:54:49.674 24514 24623 I LpaConnector: BindingState::enter()                                                                               [at com.samsung.euicc.internal.lib.lpa.LpaConnector$BindingState.enter(LpaConnector$BindingState.java:258)]
04-15 02:54:49.674 24514 24623 W ContextImpl: Calling a method in the system process without a qualified user: android.app.ContextImpl.bindService:2167 android.content.ContextWrapper.bindService:908 com.samsung.euicc.internal.lib.lpa.LpaConnector.createBinding:191 com.samsung.euicc.internal.lib.lpa.LpaConnector.-$$Nest$mcreateBinding:0 com.samsung.euicc.internal.lib.lpa.LpaConnector$BindingState.enter:259 
04-15 02:54:49.675 24503 24503 I SamsungAnalytics605079: Tracker start:6.05.079
04-15 02:54:49.675 24503 24503 I Routine@Core[4.9.04.13]: SALogger: registerSharedPreferences()
04-15 02:54:49.675 24503 24503 I Routine@Core[4.9.04.13]: SALogger: setConfiguration done
04-15 02:54:49.675 24503 24503 I Routine@Core[4.9.04.13]: RoutineApplication: [RtnInit@Core]injectImplementation
04-15 02:54:49.675  2471 14197 D PerProcessNandswap$NandswapHandler: nandswap start for non-activity com.skms.android.agent:remote(pid 24377) action:15 adj:100 type:1
04-15 02:54:49.676 24503 24503 I Routine@Core[4.9.04.13]: RoutineApplication: [RtnInit@Core]injectImplementation - end
04-15 02:54:49.676 24503 24628 E ashmem  : Pinning is deprecated since Android Q. Please use trim or other methods.
04-15 02:54:49.677 24506 24506 I drqp    : Initializing GMS Compliance Client Library...
04-15 02:54:49.677 24506 24506 I drqp    : Checking for device compliance...
04-15 02:54:49.677 24506 24506 I drqp    : Completed library init.
04-15 02:54:49.678 24503 24503 W Routine@Core[4.9.04.13]: RoutineApplication: [RtnInit@Core]immediateInit: initialized - done
04-15 02:54:49.678 24503 24503 I Routine@Core[4.9.04.13]: RoutineApplication: [RtnInit@Core]onCreate: <<< end , total_elapsed_time=47ms)
04-15 02:54:49.679  2471  4672 D BackgroundInstallControlService: Package event received: 0
04-15 02:54:49.680 19098 19636 I Icing   : Indexing com.google.android.gms-apps from com.google.android.gms
04-15 02:54:49.680  2471  4672 D BackgroundInstallControlService: Package event received: 0
04-15 02:54:49.681 19098 19636 I Icing   : Indexing done com.google.android.gms-apps
04-15 02:54:49.683 24503 24503 W Routine@Core[4.9.04.13]: RoutineApplication: [RtnInit@Core]onCreate: enqueue MainLooper after onCreate()
04-15 02:54:49.683 24503 24503 W Routine@Core[4.9.04.13]: RoutineApplication: [RtnInit@Core]deferredInit: getMainLooper: - begin
04-15 02:54:49.684 24503 24503 I Routine@Core[4.9.04.13]: LifestyleModeTileHelper: observeModeInfo
04-15 02:54:49.684 24503 24629 I Routine@Core[4.9.04.13]: DynamicShortcutsUpdater: initShortcuts
04-15 02:54:49.684 24503 24503 I Routine@Core[4.9.04.13]: LifestyleModeTileHelper: setLifestyleModeTile
04-15 02:54:49.684  2471  5444 D PackageManager: setEnabledSetting : userId = 0 packageName = com.samsung.android.app.routines cmp = com.samsung.android.app.routines.LifestyleModeTile newState = 1 callingPackage = com.samsung.android.app.routines
04-15 02:54:49.684  2471  5444 D ApplicationPolicy: getApplicationStateEnabled : pkg = com.samsung.android.app.routines userId : 0
04-15 02:54:49.684  2471  5444 D ApplicationPolicy: getApplicationComponentState : pkg = com.samsung.android.app.routines userId : 0
04-15 02:54:49.685 24503 24503 I Routine@Core[4.9.04.13]: ReminderNudgeCardInsertService: scheduleService : not disable ai brief reminder action
04-15 02:54:49.685 24503 24503 I Routine@Core[4.9.04.13]: BroadcastRegister: registerReceivers
04-15 02:54:49.685 24514 24514 I SLPASVC : EuiccServiceImpl init                                                                               [at com.samsung.euicc.service.EuiccServiceImpl.<init>(EuiccServiceImpl.java:146)]
04-15 02:54:49.685 24503 24503 I Routine@Core[4.9.04.13]: BroadcastRegister: registerPackageAddedIntentFilterInternal
04-15 02:54:49.687  2471  6894 D KNOX_MDM_SettingsProvider: isChangeAllowed() : name = euicc_downloading
04-15 02:54:49.687 24514 24514 I SLPASVC : EuiccServiceImpl.onBind()                                                                           [at com.samsung.euicc.service.EuiccServiceImpl.onBind(EuiccServiceImpl.java:197)]
04-15 02:54:49.688 24503 24503 I SEP_UNION_SemUnionManager: initializeManagerMapData(10053) context = android.app.ContextImpl@96c3d38 
04-15 02:54:49.688 24503 24503 I SEP_UNION_SemUnionManager: getUnionService(semeventdelegator) 
04-15 02:54:49.688 24503 24503 I SEP_UNION_SemUnionManager: getSemSystemService : semeventdelegator 
04-15 02:54:49.688  2471  6894 D SEP_UNION_SemUnionMainServiceImpl: getSemSystemService - semeventdelegator 
04-15 02:54:49.689 24503 24503 I Routine@Core[4.9.04.13]: BroadcastRegister: registerPackageMonitoringIntentFilterInternal
04-15 02:54:49.689 24503 24503 I SEP_UNION_SemUnionManager: getUnionService(semeventdelegator) 
04-15 02:54:49.689 24514 24514 I SLPASVC : onCreate(): null                                                                                    [at com.samsung.euicc.lpaService.LpaService.onCreate(LpaService.java:74)]
04-15 02:54:49.689 24503 24503 I SEP_UNION_SemUnionManager: getUnionService(semeventdelegator) 
04-15 02:54:49.689  2471  5074 D SEP_UNION_SemDeviceInfoManagerService: Register intent = android.intent.action.PACKAGE_ADDED,  package = com.samsung.android.app.routines, userId = 0, flag = 0, conditions = null 
04-15 02:54:49.689  2471  5074 D SEP_UNION_SemDeviceInfoManagerService: Same PendingIntent is in com.samsung.android.app.routines 
