--------- beginning of main
04-15 02:54:48.707 19111 24371 I NetworkScheduler.Stats: (REDACTED) Task %s/%s started execution. cause:%s exec_start_elapsed_seconds: %s
04-15 02:54:48.715 19098 24396 I ChimeraConfigurator: Starting update, reason: 1 urgentFeatures: 
04-15 02:54:48.737 19098 24396 I NativeHotLoader: Loading HotLoader! [CONTEXT service_id=447 ]
04-15 02:54:48.745 19098 24396 D nativeloader: Load /data/app/~~BHi9Urzc4mcb0piwI-PNAA==/com.google.android.gms-9bulZk9X37axPnd7Rkh0aA==/base.apk!/lib/arm64-v8a/libisolation_mgr_jni.so using class loader ns clns-12 (caller=/data/app/~~BHi9Urzc4mcb0piwI-PNAA==/com.google.android.gms-9bulZk9X37axPnd7Rkh0aA==/base.apk): ok
04-15 02:54:48.749 19098 24396 E native_loader: Java_hotLoad not found!
04-15 02:54:48.749 19098 24396 E NativeHotLoader: Failed to hotload library '/data/app/~~BHi9Urzc4mcb0piwI-PNAA==/com.google.android.gms-9bulZk9X37axPnd7Rkh0aA==/base.apk!/lib/arm64-v8a/libgmscore.so'. [CONTEXT service_id=447 ]
04-15 02:54:48.750 19098 24396 W GmsCorePageSize: Unable to load and call the method from the native lib gmscore
04-15 02:54:48.750 19098 24396 W GmsCorePageSize: java.lang.UnsatisfiedLinkError: Failed to load native library: gmscore
04-15 02:54:48.750 19098 24396 W GmsCorePageSize: 	at com.google.android.gms.common.nativeloader.NativeHotLoader.loadLibraryOrThrow(:com.google.android.gms@261133035@26.11.33 (260400-887465546):20)
04-15 02:54:48.750 19098 24396 W GmsCorePageSize: 	at com.google.android.gms.libs.platform.PageSize.a(:com.google.android.gms@261133035@26.11.33 (260400-887465546):31)
04-15 02:54:48.750 19098 24396 W GmsCorePageSize: 	at bccj.f(:com.google.android.gms@261133035@26.11.33 (260400-887465546):121)
04-15 02:54:48.750 19098 24396 W GmsCorePageSize: 	at bbzu.i(:com.google.android.gms@261133035@26.11.33 (260400-887465546):163)
04-15 02:54:48.750 19098 24396 W GmsCorePageSize: 	at com.google.android.gms.chimera.container.ConfigChimeraService.a(:com.google.android.gms@261133035@26.11.33 (260400-887465546):74)
04-15 02:54:48.750 19098 24396 W GmsCorePageSize: 	at cwxw.call(:com.google.android.gms@261133035@26.11.33 (260400-887465546):30)
04-15 02:54:48.750 19098 24396 W GmsCorePageSize: 	at java.util.concurrent.FutureTask.run(FutureTask.java:317)
04-15 02:54:48.750 19098 24396 W GmsCorePageSize: 	at bikd.c(:com.google.android.gms@261133035@26.11.33 (260400-887465546):50)
04-15 02:54:48.750 19098 24396 W GmsCorePageSize: 	at bikd.run(:com.google.android.gms@261133035@26.11.33 (260400-887465546):73)
04-15 02:54:48.750 19098 24396 W GmsCorePageSize: 	at java.util.concurrent.ThreadPoolExecutor.runWorker(ThreadPoolExecutor.java:1156)
04-15 02:54:48.750 19098 24396 W GmsCorePageSize: 	at java.util.concurrent.ThreadPoolExecutor$Worker.run(ThreadPoolExecutor.java:651)
04-15 02:54:48.750 19098 24396 W GmsCorePageSize: 	at bipu.run(:com.google.android.gms@261133035@26.11.33 (260400-887465546):8)
04-15 02:54:48.750 19098 24396 W GmsCorePageSize: 	at java.lang.Thread.run(Thread.java:1119)
04-15 02:54:48.750 19098 24396 W ModuleSetMgr: calling system page size method returned -1!
04-15 02:54:48.750 19098 24396 W FeatureMgr: Attempted to request and unrequest the same feature: appsearch_impl. Ignoring unrequest.
--------- beginning of system
04-15 02:54:48.773  2471  8259 I ActivityManager: Changes in 10270 19 to 8, 0 to 128
04-15 02:54:48.773  2471  4672 D BackgroundInstallControlService: Package event received: 0
04-15 02:54:48.786 19159 19663 I Finsky  : [127] asbe.g(455): Module info request for [{Games.optional:261133100000:},{Appsearch.optional:261133100400:},{AdsFdrDynamite.integ:260480602100000:253405700100000},{MlkitBarcodeUi.optional:261133100400:},{VisionBarcode.optional:261133100400:}] modules from package com.google.android.gms v=261133035 hasAccount:false authEnabled:false
04-15 02:54:48.847  1102  1102 D io_stats: !@   8,0 r 347378 14071080 w 135546 5110364 d 3772 2323400 f 8620 21410 iot 55536 0 th 0 0 0 pt 0 inp 0 0 250.702
04-15 02:54:48.987 19159 19159 I Finsky  : [2] asbc.hj(36): Received response for moduleDelivery with status=1
04-15 02:54:48.991  2471  8749 I ActivityManager: Changes in 10270 8 to 10, 128 to 0
04-15 02:54:48.993  2471 14197 D PerProcessNandswap$NandswapHandler: nandswap start for non-activity com.android.settings(pid 5795) action:15 adj:700 type:1
04-15 02:54:48.993 19159 19159 I Finsky  : [2] zve.onTrimMemory(11): Memory trim requested to level 40
04-15 02:54:48.993 19159 19159 I Finsky  : [2] aecx.accept(139): Flushing in-memory image cache
04-15 02:54:48.993 19386 19386 I Finsky:background: [2] zve.onTrimMemory(11): Memory trim requested to level 40
04-15 02:54:48.996 19098 24396 I GmsDebugLogger: [54] Games.optional_261133100000_2.apk
04-15 02:54:49.002 19098 24396 I GmsDebugLogger: [54] Appsearch.optional_261133100400_2.apk
04-15 02:54:49.007 19098 24396 I GmsDebugLogger: [54] AdsFdrDynamite.integ_260480602100000_3.apk
04-15 02:54:49.009  2471  4756 D NetdEventListenerService: DNS Requested by 100, 10272(com.google.android.gms), SUCCESS, 1ms
04-15 02:54:49.010 19098 24396 I GmsDebugLogger: [54] MlkitBarcodeUi.optional_261133100400_2.apk
04-15 02:54:49.012 19098 24396 I GmsDebugLogger: [54] VisionBarcode.optional_261133100400_2.apk
04-15 02:54:49.019  2471  5463 I ActivityManager: Changes in 10270 19 to 8, 0 to 128
04-15 02:54:49.021  2471  4672 D BackgroundInstallControlService: Package event received: 0
04-15 02:54:49.029  2471  8749 I ActivityManager: Changes in 10270 8 to 10, 128 to 0
04-15 02:54:49.031 19159 19159 I Finsky  : [2] zve.onTrimMemory(11): Memory trim requested to level 40
04-15 02:54:49.031 19159 19159 I Finsky  : [2] aecx.accept(139): Flushing in-memory image cache
04-15 02:54:49.032 19386 19386 I Finsky:background: [2] zve.onTrimMemory(11): Memory trim requested to level 40
04-15 02:54:49.033 19098 24396 I ChimeraConfigurator: Update complete: success
04-15 02:54:49.034 19098 24392 I PlayCore: UID: [10272]  PID: [19098] SplitInstallListenerRegistry : registerListener
04-15 02:54:49.043 19098 24396 I GmsModuleFndr: Beginning GMS chimera module scan
04-15 02:54:49.045 19098 24396 I ModuleSetResolution: Computing pending module set with APKs: [[MlkitOcrCommon.optional:261133100400], [TfliteDynamiteDynamite.integ:252130102100400], [VisionOcr.optional:261133100000], [AdsFdrDynamite.integ:253405700100000], [Cronetdynamite:261133260400], [Dynamiteloader:261133260000], [Dynamitemodulesa:261133260000], [Dynamitemodulesc:261133260000], [Googlecertificates:261133260000], [Mapsdynamite:261133260000], [Measurementdynamite:261133260000], [SidecarAps.integ:251330800100400]]
04-15 02:54:49.049 19098 24396 I ModuleSetResolution: Pending container module APKs: [[MlkitOcrCommon.optional:261133100400], [TfliteDynamiteDynamite.integ:252130102100400], [VisionOcr.optional:261133100000]]
04-15 02:54:49.049 19098 24396 I ModuleSetResolution: Pending non-container module APKs: []
04-15 02:54:49.054 19098 24396 V Configuration: Updating configuration, locales updated from [] to [en_US]
04-15 02:54:49.058 19098 24396 V Configuration: Updating configuration, locales updated from [] to [en_US]
04-15 02:54:49.061 19098 24396 V Configuration: Updating configuration, locales updated from [] to [en_US]
04-15 02:54:49.064 19098 24396 V Configuration: Updating configuration, locales updated from [] to [en_US]
04-15 02:54:49.066 19098 24396 V Configuration: Updating configuration, locales updated from [] to [en_US]
04-15 02:54:49.068 19098 24396 V Configuration: Updating configuration, locales updated from [] to [en_US]
04-15 02:54:49.079 19098 24396 V Configuration: Updating configuration, locales updated from [] to [en_US]
04-15 02:54:49.082 19098 24396 V Configuration: Updating configuration, locales updated from [] to [en_US]
04-15 02:54:49.084 19098 24396 V Configuration: Updating configuration, locales updated from [] to [en_US]
04-15 02:54:49.087 19098 24396 V Configuration: Updating configuration, locales updated from [] to [en_US]
04-15 02:54:49.088 19098 24396 V Configuration: Updating configuration, locales updated from [] to [en_US]
04-15 02:54:49.093 19098 24396 V Configuration: Updating configuration, locales updated from [] to [en_US]
04-15 02:54:49.097 19098 24396 I ChimeraConfigService: (REDACTED) Scheduling checkin every %s seconds, with flex of %s seconds
04-15 02:54:49.103 19111 24395 I NetworkScheduler.Stats: (REDACTED) Task %s/%s finished executing. cause:%s result: %s elapsed_millis: %s uptime_millis: %s exec_start_elapsed_seconds: %s
04-15 02:54:49.115  2471  4756 D NetdEventListenerService: DNS Requested by 100, 10272(com.google.android.gms), SUCCESS, 13ms
04-15 02:54:49.116  2471  4756 D NetdEventListenerService: DNS Requested by 100, 10272(com.google.android.gms), SUCCESS, 9ms
04-15 02:54:49.119  2471  4756 D NetdEventListenerService: DNS Requested by 100, 10272(com.google.android.gms), SUCCESS, 10ms
04-15 02:54:49.265  2471 14197 D PerProcessNandswap$NandswapHandler: nandswap end for non-activity com.android.settings(pid 5795) ret:19087966208 adj:700
04-15 02:54:49.290  2471 14197 D PerProcessNandswap$NandswapHandler: nandswap start for non-activity com.google.android.googlequicksearchbox:googleapp(pid 23903) action:15 adj:0 type:1
04-15 02:54:49.305  1692  1761 E HeatmapThread: ECT Thread time in milliseconds: 1776246889
04-15 02:54:49.309  1692  1761 D HeatmapThread: !@ batteryplugType : 2
04-15 02:54:49.309  1692  1761 D HeatmapThread: !@ batteryLevel : 100  batteryTemperature : 387 
04-15 02:54:49.309  1692  1761 D HeatmapThread: !@ Heatmap currtime: 29604114
04-15 02:54:49.309  1692  1761 D HeatmapThread: !@ Heatmap prevtime: 29604112
04-15 02:54:49.309  1692  1761 D HeatmapThread: !@ Heatmap plugstarttime: 307270
04-15 02:54:49.309  1692  1761 D HeatmapThread: !@ Heatmap prevv_dsoh_update_time: 29604112
04-15 02:54:49.309  1692  1761 E HeatmapThread: !@ CAM New BSOH: 100
04-15 02:54:49.309  1692  1761 E HeatmapThread: !@ CAM is Working
04-15 02:54:49.340  2471  8259 I PersonaServiceHelper: isCallerApprovedToInstall(uid:2000 userHandle:0)
04-15 02:54:49.340  2471  8259 I PersonaServiceHelper: DO is not enabled. no Knox app install enforcement
04-15 02:54:49.341  2471  8259 I PackageInstaller:  getting through the check android.content.pm.PackageInstaller$SessionParams@29b4877 user id 0
04-15 02:54:49.341  2471  8259 I PackageInstaller: UserManager.DISALLOW_NON_MARKET_APP_BY_KNOX : false
04-15 02:54:49.355  5448 24483 I HoneySpace.InstallSessionSourceImpl: onCreated 868431932
04-15 02:54:49.360  2471  8259 I PackageInstallerSession: START COMMIT SESSION: id{868431932}
04-15 02:54:49.371  2471  3527 E AtomicFile: Failed to rename /data/system/install_sessions.xml.new to /data/system/install_sessions.xml
04-15 02:54:49.383  2471  3029 I KnoxMUMContainerPolicy: getPackagesFromInstallWhiteList is called...
04-15 02:54:49.384  2471  3029 D ApplicationPolicy: getApplicationStateList: Enforce DOPO permission
04-15 02:54:49.384  2471  3029 D ApplicationPolicy: getApplicationStateList : empty
04-15 02:54:49.384  2471  3029 I PackageManager: isVerificationEnabled :: approvedInstaller : .*
04-15 02:54:49.384  2471  3029 I PackageManager: isVerificationEnabled :: installer policy contains *.
04-15 02:54:49.385  2471  3029 D PackageManager: sendBroadcastAsUser. PACKAGE_INSTALL_STARTED
04-15 02:54:49.386  2471  3527 D InstallDependencyHelper: No missing dependency for com.google.wireless.qa.mobileharness.tool.android.language
04-15 02:54:49.386  2471  3527 I PackageManager: START INSTALL PACKAGE: observer{68041832}
04-15 02:54:49.386  2471  3527 I PackageManager:           stagedDir{/data/app/vmdl868431932.tmp}
04-15 02:54:49.386  2471  3527 I PackageManager:           pkg{com.google.wireless.qa.mobileharness.tool.android.language}
04-15 02:54:49.386  2471  3527 I PackageManager:           versionCode{5}
04-15 02:54:49.386  2471  3527 I PackageManager:           Request from{null}
04-15 02:54:49.386  2471  2944 D CompatChangeReporter: Compat change id reported: 151861875; UID 10081; state: ENABLED
04-15 02:54:49.387  2471 14197 D PerProcessNandswap$NandswapHandler: nandswap end for non-activity com.google.android.googlequicksearchbox:googleapp(pid 23903) ret:19870912512 adj:0
04-15 02:54:49.400  2471  3029 V Configuration: Updating configuration, locales updated from [] to [en_US]
04-15 02:54:49.402  2471  3029 W PackageManager: verifying app can be installed or not
04-15 02:54:49.403  2471  3029 D ApplicationPolicy: isApplicationInstallationEnabled
04-15 02:54:49.403  2471  3029 D ApplicationPolicy: isApplicationInstallationEnabled :  Checking PKG WL - false
04-15 02:54:49.403  2471  3029 D ApplicationPolicy: isApplicationInstallationEnabled :  Checking PKG BL - true
04-15 02:54:49.403  2471  3029 D ApplicationPolicy: isApplicationInstallationEnabled :  Checking PERM BL - true
04-15 02:54:49.403  2471  3029 D ApplicationPolicy: isApplicationInstallationEnabled :  Checking SIG BL - true
04-15 02:54:49.403  2471  3029 D ApplicationPolicy: isApplicationInstallationEnabled :  Checking PKG WL - false
04-15 02:54:49.403  2471  3029 D ApplicationPolicy: isApplicationInstallationEnabled :  Checking PKG BL - true
04-15 02:54:49.403  2471  3029 D ApplicationPolicy: isApplicationInstallationEnabled :  Checking PERM BL - true
04-15 02:54:49.403  2471  3029 D ApplicationPolicy: isApplicationInstallationEnabled :  Checking SIG BL - true
04-15 02:54:49.403  2471  3029 D ApplicationPolicy: isApplicationInstallationEnabled :  enabled true
04-15 02:54:49.403  2471  3029 I AASA_ASKSManager: ASKS_VERSION: 9.2  ::20260111
04-15 02:54:49.403  2471  3029 I AASA_ASKSManager: initiating = com.android.shell, installer = null
04-15 02:54:49.405  2471  3029 D RestrictionPolicy: isNewAdminInstallationEnabledInternal : false
04-15 02:54:49.406  1526  1526 D Zygote  : Forked child process 24484
04-15 02:54:49.406  2471  2945 I ActivityManager: Start proc 24484:com.samsung.android.game.gos/u0a81 for broadcast {com.samsung.android.game.gos/com.samsung.android.game.gos.receiver.GameServiceReceiver}
04-15 02:54:49.406  2471  2945 I ActivityManager: ProcessObserver broadcast disabled
04-15 02:54:49.413  2471 14197 D PerProcessNandswap$NandswapHandler: nandswap start for non-activity com.google.android.gms.persistent(pid 19111) action:15 adj:100 type:1
04-15 02:54:49.418  2471  3029 D PackageManager: Skip dexopt by request
04-15 02:54:49.426  2471  3029 D ApplicationPolicy: getApplicationStateEnabled : pkg = com.google.wireless.qa.mobileharness.tool.android.language userId : 0
04-15 02:54:49.427  6783  6783 I UserConsentManager: onPermissionsChanged: 10339
04-15 02:54:49.428  2471  3029 D PermissionService: setAllowlistedRestrictedPermissionsUnchecked called for package - com.google.wireless.qa.mobileharness.tool.android.language
04-15 02:54:49.428  2471  3029 D PermissionService: updateAdminPermissionsInternalcom.google.wireless.qa.mobileharness.tool.android.language
04-15 02:54:49.430 24484 24484 I ndroid.game.gos: Using CollectorTypeCMC GC.
04-15 02:54:49.434 24484 24484 E ndroid.game.gos: Not starting debugger since process cannot load the jdwp agent.
04-15 02:54:49.469  2471  3029 D AASA_ASKSManager_RESTRICTED: There is no restricted rule.
04-15 02:54:49.470  2471  3029 I PackageInformation: [Token] package name is null
04-15 02:54:49.470  2471  3029 W PackageInformation: PackageInfo in info_list
04-15 02:54:49.475  2471  3029 D PackageManager: Skip dexopt by request
04-15 02:54:49.475  2471  3029 D SPEG    : Feature is disabled due to dexopt skipped
04-15 02:54:49.475  2471  3029 D PersonaManagerService: getSeparationConfigfromCache is called
04-15 02:54:49.475  2471  3029 W PackageManager: User 0 is not ready. Restore at install didn't take place.
04-15 02:54:49.476  2471  3029 I PackageManager: installation completed for package:com.google.wireless.qa.mobileharness.tool.android.language. Final code path: /data/app/~~3q93Kqr9RwdY6tB-bEGOxg==/com.google.wireless.qa.mobileharness.tool.android.language-Q1qCzCoP_E3ZDLKJw4hf_A==
04-15 02:54:49.476  2471  3029 I AppsFilter: interaction: PackageSetting{ed0b406 com.android.microdroid.empty_payload/10314} -> PackageSetting{2b96d08 com.google.wireless.qa.mobileharness.tool.android.language/10339} BLOCKED
04-15 02:54:49.476  2471  4672 D BackgroundInstallControlService: Package event received: 1
04-15 02:54:49.477  2471  3029 D PackageManager_ASKS: call checkDeletableList.
04-15 02:54:49.477  2471  3029 I PackageManager: result of install: 1{68041832}
04-15 02:54:49.477  2471  3029 D PackageInstallerSession: Marking session 868431932 as applied
04-15 02:54:49.478  2471  3527 I PackageInstallerSession: result of session: 1{868431932}, Session installed
04-15 02:54:49.481  6783  7152 V OsAgent : broadcastSystemEvent - 7
04-15 02:54:49.482  6783  6783 I UserConsentManager: onPermissionsChanged: 10339
04-15 02:54:49.485  2471  3029 D SystemFileBackupManager: Already scheduled
04-15 02:54:49.487  2471  3655 V InputMethodManagerService: Checking com.google.android.tts/com.google.android.apps.speech.tts.googletts.settings.asr.voiceime.VoiceInputMethodService
04-15 02:54:49.487  2471  3542 D OverlayManager: reconcileSettingsForPackage pkgName=com.google.wireless.qa.mobileharness.tool.android.language userId=0
04-15 02:54:49.487  2471  3542 I OverlayManager: updateOverlaysForTarget() called with: targetPackage = [com.google.wireless.qa.mobileharness.tool.android.language], userId = [0], flags = [0]
04-15 02:54:49.487  2471  3542 D OverlayManager: Writing overlay settings
04-15 02:54:49.487  5448 24483 I HoneySpace.InstallSessionSourceImpl: onFinished 868431932, true
04-15 02:54:49.488  2471  2942 D LauncherAppsService: Calling onPackageAdded: com.google.wireless.qa.mobileharness.tool.android.language, uid: 10339
04-15 02:54:49.488  2471  3655 V InputMethodManagerService: Found an input method InputMethodInfo{com.google.android.tts/com.google.android.apps.speech.tts.googletts.settings.asr.voiceime.VoiceInputMethodService, settings: com.google.android.apps.speech.tts.googletts.settings.asr.voiceime.ui.VoiceImeSettingsActivity, languageSettings: null}
04-15 02:54:49.488  2471  3655 V InputMethodManagerService: Checking com.samsung.android.honeyboard/.service.HoneyBoardService
04-15 02:54:49.488  2471  2942 D LauncherAppsService: onPackageAdded: triggering onPackageAdded for user=UserHandle{0}, packageName=com.google.wireless.qa.mobileharness.tool.android.language
04-15 02:54:49.488  2471  2942 D LauncherAppsService: onPackageAdded: triggering onPackageAdded for user=UserHandle{0}, packageName=com.google.wireless.qa.mobileharness.tool.android.language
04-15 02:54:49.488  2471  2942 D LauncherAppsService: onPackageAdded: triggering onPackageAdded for user=UserHandle{0}, packageName=com.google.wireless.qa.mobileharness.tool.android.language
04-15 02:54:49.488  2471  2942 D LauncherAppsService: onPackageAdded: triggering onPackageAdded for user=UserHandle{0}, packageName=com.google.wireless.qa.mobileharness.tool.android.language
04-15 02:54:49.488  2471  2942 D LauncherApps: onPackageAdded 0,com.google.wireless.qa.mobileharness.tool.android.language
04-15 02:54:49.488  5448  5448 I HoneySpace.PackageOperationTracker: onPackageAdded - com.google.wireless.qa.mobileharness.tool.android.language UserHandle{0}
04-15 02:54:49.488  2471  2942 W PackageManager: Failed registering loading progress callback. Package is fully loaded.
04-15 02:54:49.488  6697  6743 D LauncherApps: onPackageAdded 0,com.google.wireless.qa.mobileharness.tool.android.language
04-15 02:54:49.489  4796  8580 D LauncherApps: onPackageAdded 0,com.google.wireless.qa.mobileharness.tool.android.language
04-15 02:54:49.490  2471  2942 D EnterpriseDeviceManagerService: Package has changed for user 0
04-15 02:54:49.490  2471  2942 D EnterpriseDeviceManagerService: Admin package name: com.google.android.apps.mtaas.deviceadmin
04-15 02:54:49.490  2471  2942 D EnterpriseDeviceManagerService: Admin package name: com.samsung.android.kgclient
04-15 02:54:49.490  2471  2942 D EnterpriseDeviceManagerService: Admin package name: com.samsung.android.kgclient
04-15 02:54:49.490  5448  7654 I HoneySpace.RoleComponentObserver: package changed
04-15 02:54:49.490  5448  7654 I HoneySpace.RoleComponentObserver: updateRoleComponents
04-15 02:54:49.491  2471  2677 I AppWidgetServiceImpl: getInstalledProvidersForProfiles lock in com.google.wireless.qa.mobileharness.tool.android.language
04-15 02:54:49.491  2471  2677 I AppWidgetServiceImpl: getInstalledProvidersForProfiles lock exit 0
04-15 02:54:49.491  5448  7654 I HoneySpace.RoleComponentObserver: defaultHome: ComponentInfo{com.sec.android.app.launcher/com.sec.android.app.launcher.activities.LauncherActivity}
04-15 02:54:49.491  5448 23848 I HoneySpace.PackageSourceImpl: package added info list size : 0
04-15 02:54:49.491  5448  5448 I HoneySpace.HoneySpaceManagerContainer: packageUpdateEvent - com.honeyspace.sdk.source.entity.PackageOperation$Added@727d24
04-15 02:54:49.491  5448 18890 I HoneySpace.HoneySpacePackageSourceImpl: Package added : com.google.wireless.qa.mobileharness.tool.android.language
04-15 02:54:49.491  5448 23988 I HoneySpace.HistoryViewModel@151148945@OneUI: handlePackageEvent
04-15 02:54:49.491  5448 23988 I HoneySpace.HistoryViewModel@151148945@OneUI: skip for alone
04-15 02:54:49.491  5448  5448 I HoneySpace.EventListenerRegistry: pendingPackageOperation : pending = false, com.honeyspace.sdk.source.entity.PackageOperation$Added@727d24
04-15 02:54:49.492  2471  3527 D InstallDependencyHelper: Session complete for 868431932
04-15 02:54:49.493  5219  5219 I RegisteredComponentCache: generateComponentsList: New Components => 
04-15 02:54:49.493  5219  5219 I RegisteredComponentCache: ComponentInfo: ResolveInfo{f0cc416 com.android.apps.tag/.TagViewer m=0x108000 userHandle=UserHandle{0}}, techs: android.nfc.tech.Ndef, 
04-15 02:54:49.493  5219  5219 I RegisteredComponentCache: generateComponentsList: Removed Components => 
04-15 02:54:49.493  5219  5219 I RegisteredComponentCache: ComponentInfo: ResolveInfo{e807eec com.android.apps.tag/.TagViewer m=0x108000 userHandle=UserHandle{0}}, techs: android.nfc.tech.Ndef, 
04-15 02:54:49.494  4796  5091 D PluginActionManager: queryPkg com.google.wireless.qa.mobileharness.tool.android.language com.samsung.systemui.action.PLUGIN_FACE_WIDGET
04-15 02:54:49.494  6123  6197 I PackageInfoManager_FLP: action : ACTION_PACKAGE_ADDED, packageName = com.google.wireless.qa.mobileharness.tool.android.language
04-15 02:54:49.494  5180  6565 I SatelliteAppTracker: onPackageAdded : com.google.wireless.qa.mobileharness.tool.android.language
04-15 02:54:49.494  4796  5091 D PluginActionManager: Found 0 plugins
04-15 02:54:49.494  4796  5091 D PluginActionManager: queryPkg com.google.wireless.qa.mobileharness.tool.android.language com.android.systemui.action.PLUGIN_TOAST
04-15 02:54:49.495  4796  4796 D ControlsListingControllerImpl: ServiceConfig reloaded, count: 0
04-15 02:54:49.495  4796  4796 D SPluginManagerImpl: onReceive: android.intent.action.PACKAGE_ADDED, size:{com.android.systemui.noticenter.NotiCenterPlugin$NotiCenterPluginListener@12832e1=SPluginInstanceManager@65906449 (action=com.samsung.systemui.action.PLUGIN_NOTICENTER), com.android.systemui.navigationbar.plugin.PluginBarInteractionManager$pluginListener$1@3cb6dfd=SPluginInstanceManager@222134390 (action=com.samsung.systemui.navigationbar.PLUGIN), com.android.systemui.slimindicator.SlimIndicatorPluginMediator@41e5458=SPluginInstanceManager@26728055 (action=com.samsung.systemui.action.SPLUGIN_SLIMINDICATOR), com.samsung.android.systemui.multistar.MultiStarManager$2@827ea48=SPluginInstanceManager@134791908 (action=com.samsung.systemui.action.PLUGIN_MULTISTAR), com.android.systemui.volume.VolumeStarInteractor$start$1@a32d1a1=SPluginInstanceManager@125084493 (action=com.samsung.systemui.volume.PLUGIN), com.android.systemui.pluginlock.PluginLockMediatorImpl@f60bc3d=SPluginInstanceManager@16330242 (action=com.samsung.systemui.action.PLUGIN_LOCK)}
04-15 02:54:49.495  4796  4796 D KeyguardUpdateMonitor: received broadcast android.intent.action.PACKAGE_ADDED
04-15 02:54:49.495  4796  5091 D PluginActionManager: Found 0 plugins
04-15 02:54:49.495  4796  5091 D PluginActionManager: queryPkg com.google.wireless.qa.mobileharness.tool.android.language com.android.systemui.action.PLUGIN_CLOCK_PROVIDER
04-15 02:54:49.495  2471  2944 I ActivityManager: Changes in 10327 19 to 11, 0 to 128
04-15 02:54:49.495  5180  6052 D EuiccConnector: handleMessage: E msg.what=1
04-15 02:54:49.495  5180  6052 D EuiccConnector: processMsg: AvailableState
04-15 02:54:49.495  5180  6052 D EuiccConnector: processMsg: UnavailableState
04-15 02:54:49.495  4796  4796 I GoodLockLifecycle: onPackageAdded: com.google.wireless.qa.mobileharness.tool.android.language
04-15 02:54:49.496  4802  4802 I SafetyLabelChangedBroadcastReceiver: received broadcast packageName: com.google.wireless.qa.mobileharness.tool.android.language, current user: UserHandle{0}, packageChangeEvent: NEW_INSTALL, intent user: UserHandle{0}
04-15 02:54:49.496  5197  5197 I MediaPlayerList: mPackageChangedBroadcastReceiver: action: android.intent.action.PACKAGE_ADDED
04-15 02:54:49.496  6663  6663 I fihm    : (REDACTED) O received %s
04-15 02:54:49.497  4796  5069 D BluetoothEventManager: AppPackageChangedHandler: action = android.intent.action.PACKAGE_ADDED
04-15 02:54:49.497  4796  5069 D BluetoothEventManager: AppPackageChangedHandler: package name = com.google.wireless.qa.mobileharness.tool.android.language
04-15 02:54:49.497  4796  5091 D PluginActionManager: Found 0 plugins
04-15 02:54:49.497  4796  5091 D PluginActionManager: queryPkg com.google.wireless.qa.mobileharness.tool.android.language com.android.systemui.action.PEOPLE_HUB_PERSON_EXTRACTOR
04-15 02:54:49.498  1706  1907 I VSyncReactor: Current= 120, Period= 120, Distance= 0
04-15 02:54:49.498  5795  5795 V BluetoothEventManager: onReceive :: android.intent.action.PACKAGE_ADDED
04-15 02:54:49.498  5795  5795 D BluetoothEventManager: AppPackageChangedHandler: action = android.intent.action.PACKAGE_ADDED
04-15 02:54:49.498  5795  5795 D BluetoothEventManager: AppPackageChangedHandler: package name = com.google.wireless.qa.mobileharness.tool.android.language
04-15 02:54:49.499  5180  6052 D EuiccConnector: transitionTo: destState=AvailableState
04-15 02:54:49.500 23904 23904 I DWBr    : onTrimMemory(40)
04-15 02:54:49.500 23904 23904 E DWBg    : LocalPkgManager MemoryTrimmable
04-15 02:54:49.500  2471  6954 I ActivityManager: Changes in 10327 11 to 19, 128 to 0
04-15 02:54:49.500 23904 23904 E DWBn    : UsageDataManager MemoryTrimmable
04-15 02:54:49.500 23904 23904 I DWBn    : Retrieve CLEAR_CACHED_DATA
04-15 02:54:49.500 23904 23904 I DWBn    : No Request Data
04-15 02:54:49.500 23904 23904 I DWBr    : onTrimMemory(40)
04-15 02:54:49.500 23904 23904 E DWBg    : LocalPkgManager MemoryTrimmable
04-15 02:54:49.500 23904 23904 E DWBn    : UsageDataManager MemoryTrimmable
04-15 02:54:49.500 23904 23904 I DWBn    : Retrieve CLEAR_CACHED_DATA
04-15 02:54:49.500 23904 23904 I DWBn    : No Request Data
04-15 02:54:49.500  6657 19039 I NowBrief$AiSuggestionPackageReceiver: pool-6-thread-6] onReceiveAsync
04-15 02:54:49.501  2471  4597 E AppOps  : attributionTag VCN not declared in manifest of android
04-15 02:54:49.502  2471  2471 D AppSearchAppsIndexerManagerS: userid in package receiver: 10339
04-15 02:54:49.502  5197  5197 I MediaPlayerList: mPackageChangedBroadcastReceiver: action: android.intent.action.PACKAGE_ADDED
04-15 02:54:49.502  5197  5197 I MediaPlayerList: mPackageChangedBroadcastReceiver: action: android.intent.action.PACKAGE_ADDED
04-15 02:54:49.502  2471  3608 D SEP_UNION_SemDeviceInfoManagerService: onReceive : android.intent.action.PACKAGE_ADDED, userId = 0 
04-15 02:54:49.502  2471  4671 D ShortcutService: received package broadcast intent: Intent { act=android.intent.action.PACKAGE_ADDED dat=package: flg=0x4000010 (has extras) }
04-15 02:54:49.502  2471  4671 D ShortcutService: adding package: com.google.wireless.qa.mobileharness.tool.android.language userId=0
04-15 02:54:49.502  2471  4720 D SGM:GameManager: identifyGamePackage. com.google.wireless.qa.mobileharness.tool.android.language, mCurrentUserId: 0, callingMethodInfo: com.samsung.android.game.SemGameManager.isGamePackage(SemGameManager.java:106)
04-15 02:54:49.502  2471  4720 D SGM:SemGameManager: isGamePackage(), pkgName=com.google.wireless.qa.mobileharness.tool.android.language, ret=false
04-15 02:54:49.502  2471  6681 W libc    : Access denied finding property "ro.bootimage.build.fingerprint"
04-15 02:54:49.502  2471  3608 D ActivityManager: Received BROADCAST intent 0xe86e608 Key{broadcastIntent pkg=com.sec.android.diagmonagent intent=act=com.sec.android.diagmonagent.intent.PACKAGE_ADDED xflg=0x4 pkg=com.sec.android.diagmonagent cmp=com.sec.android.diagmonagent/.sa.datalogging.monitor.AppInstallationMonitor$AppInstallationBroadcastReceiver flags=0x2000000 u=0} requestCode=0 sent=0 from uid 1000
04-15 02:54:49.502  2471  3608 D SEP_UNION_SemDeviceInfoManagerService: Send intent com.sec.android.diagmonagent.intent.PACKAGE_ADDED, userId: 0 by broadcast 
04-15 02:54:49.502  1680  3482 D NativePermissionController: updatePackagesForUid, UidPackageState{uid: 10339, packageNames: [com.google.wireless.qa.mobileharness.tool.android.language]}
04-15 02:54:49.502  2471  3608 D ActivityManager: Received BROADCAST intent 0xe350204 Key{broadcastIntent pkg=com.android.systemui intent=act=com.samsung.android.app.edgelighting.PACKAGE_ADDED xflg=0x4 cmp=com.android.systemui/.edgelighting.EdgeLightingReceiver$1 flags=0x2000000 u=0} requestCode=0 sent=0 from uid 1000
04-15 02:54:49.502  2471  3608 D SEP_UNION_SemDeviceInfoManagerService: Send intent com.samsung.android.app.edgelighting.PACKAGE_ADDED, userId: 0 by broadcast 
04-15 02:54:49.502  2471  3608 D ActivityManager: Received BROADCAST intent 0x8b0d6d4 Key{broadcastIntent pkg=com.samsung.android.provider.filterprovider intent=act=com.samsung.android.provider.filterprovider.INTENT_PACKAGE_ADDED xflg=0x4 cmp=com.samsung.android.provider.filterprovider/.PackageIntentReceiver flags=0x2000000 u=0} requestCode=0 sent=0 from uid 1000
04-15 02:54:49.502  2471  3608 D SEP_UNION_SemDeviceInfoManagerService: Send intent com.samsung.android.provider.filterprovider.INTENT_PACKAGE_ADDED, userId: 0 by broadcast 
04-15 02:54:49.502  2471  4642 I AppWidgetServiceImpl: Received broadcast: android.intent.action.PACKAGE_ADDED, Updates all providers with com.google.wireless.qa.mobileharness.tool.android.language, userId: 0
04-15 02:54:49.503  2471  5463 W ParceledListSlice: Element #11 is 16872 bytes.
04-15 02:54:49.503  1226  1226 E keystore2: system/security/keystore2/src/keystore2_main.rs:74 - !@ [SQLITE3] 30: open db: flags=33554438, /data/misc/keystore/vpnprofilestore.sqlite
04-15 02:54:49.503  2471  5463 W ParceledListSlice: Element #15 is 20528 bytes.
04-15 02:54:49.503  2471  5463 W ParceledListSlice: Overly large reply size: 83548
04-15 02:54:49.503  2471  4615 D SGM:GameManager: identifyGamePackage. com.google.wireless.qa.mobileharness.tool.android.language, mCurrentUserId: 0, callingMethodInfo: com.samsung.android.game.SemGameManager.isGamePackage(SemGameManager.java:106)
04-15 02:54:49.503  2471  4615 D SGM:SemGameManager: isGamePackage(), pkgName=com.google.wireless.qa.mobileharness.tool.android.language, ret=false
04-15 02:54:49.503  1226 24500 E keystore2: system/security/keystore2/src/keystore2_main.rs:74 - !@ [SQLITE3] 30: open db: flags=33554438, /data/misc/keystore/vpnprofilestore.sqlite
04-15 02:54:49.503  2471  4735 I SdkSandboxManager: No SDKs used. Skipping SDK data reconcilation for CallingInfo{mUid=10339, mPackageName='com.google.wireless.qa.mobileharness.tool.android.language, mAppProcessToken='null'}
04-15 02:54:49.503  1226 24500 E keystore2: system/security/keystore2/src/keystore2_main.rs:74 - !@ [SQLITE3] 30: close db /data/misc/keystore/vpnprofilestore.sqlite.
04-15 02:54:49.503  1226  1226 E keystore2: system/security/keystore2/src/keystore2_main.rs:74 - !@ [SQLITE3] 30: close db /data/misc/keystore/vpnprofilestore.sqlite.
04-15 02:54:49.503  5180  5180 D CarrierSvcBindHelper: onPackageAdded: com.google.wireless.qa.mobileharness.tool.android.language
04-15 02:54:49.503  2471  3605 I RoleService: Granting default roles...
04-15 02:54:49.504  2471  3608 D ActivityManager: Received SERVICE intent 0x4c58c72 Key{startService pkg=com.samsung.android.app.routines intent=act=com.samsung.android.app.routines.ACTION_PACKAGE_CHANGED xflg=0x4 cmp=com.samsung.android.app.routines/.domainmodel.service.RoutineService flags=0x2000000 u=0} requestCode=10000 from uid 1000
04-15 02:54:49.504  2471  3608 D SEP_UNION_SemDeviceInfoManagerService: Send intent com.samsung.android.app.routines.ACTION_PACKAGE_CHANGED, userId: 0 by broadcast 
04-15 02:54:49.504  4796  5091 D PluginActionManager: Found 0 plugins
04-15 02:54:49.505  4796  5091 D PluginActionManager: queryPkg com.google.wireless.qa.mobileharness.tool.android.language com.android.systemui.action.PLUGIN_VOLUME
04-15 02:54:49.505  4796  5091 D PluginActionManager: Found 0 plugins
04-15 02:54:49.505  4796  5091 D PluginActionManager: queryPkg com.google.wireless.qa.mobileharness.tool.android.language com.android.systemui.action.PLUGIN_NOTIFICATION_MENU_ROW
04-15 02:54:49.506  4796  5091 D PluginActionManager: Found 0 plugins
04-15 02:54:49.506  4796  5091 D PluginActionManager: queryPkg com.google.wireless.qa.mobileharness.tool.android.language com.android.systemui.action.PLUGIN_NOTIFICATION_ASSISTANT
04-15 02:54:49.506  1706  1907 I VSyncReactor: Current= 120, Period= 120, Distance= 120
04-15 02:54:49.506  4796  5091 D PluginActionManager: Found 0 plugins
04-15 02:54:49.506  4796  5091 D PluginActionManager: queryPkg com.google.wireless.qa.mobileharness.tool.android.language com.android.systemui.action.PLUGIN_NOTIFICATION_MENU_ROW
04-15 02:54:49.507  4796  5091 D PluginActionManager: Found 0 plugins
04-15 02:54:49.507  4796  5091 D PluginActionManager: queryPkg com.google.wireless.qa.mobileharness.tool.android.language com.android.systemui.action.PLUGIN_QS
04-15 02:54:49.507  2471  4773 I ActivityManager: Changes in 10327 19 to 6, 0 to 128
04-15 02:54:49.508  4796  5091 D PluginActionManager: Found 0 plugins
04-15 02:54:49.508  4796  5091 D PluginActionManager: queryPkg com.google.wireless.qa.mobileharness.tool.android.language com.android.systemui.action.PLUGIN_NOTIFICATION_MENU_ROW
04-15 02:54:49.508  5219  5219 D NfcService: got 4 packages holding permission android.permission.NFC_TRANSACTION_EVENT
04-15 02:54:49.509  2471  4672 D BackgroundInstallControlService: Package event received: 0
04-15 02:54:49.510  2471  6681 W AppSearchAppsUtil: getDynamicAppFunctionSchemasForPackages: Failed to get schema property for package: com.samsung.android.incallui
04-15 02:54:49.510  2471  6681 W AppSearchAppsUtil: android.content.pm.PackageManager$NameNotFoundException
04-15 02:54:49.510  2471  6681 W AppSearchAppsUtil: 	at android.app.ApplicationPackageManager.getPropertyAsUser(ApplicationPackageManager.java:4449)
04-15 02:54:49.510  2471  6681 W AppSearchAppsUtil: 	at android.app.ApplicationPackageManager.getProperty(ApplicationPackageManager.java:4436)
04-15 02:54:49.510  2471  6681 W AppSearchAppsUtil: 	at com.android.server.appsearch.appsindexer.AppsIndexerImpl.doUpdateIncrementalPut(go/retraceme 445dbf8f0e4f43638218a1155416af612ddd0eba1887e635c34828625399f398:76)
04-15 02:54:49.510  2471  6681 W AppSearchAppsUtil: 	at com.android.server.appsearch.appsindexer.AppsIndexerUserInstance.doUpdate(go/retraceme 445dbf8f0e4f43638218a1155416af612ddd0eba1887e635c34828625399f398:73)
04-15 02:54:49.510  2471  6681 W AppSearchAppsUtil: 	at com.android.server.appsearch.appsindexer.AppsIndexerUserInstance$$ExternalSyntheticLambda2.run(go/retraceme 445dbf8f0e4f43638218a1155416af612ddd0eba1887e635c34828625399f398:11)
04-15 02:54:49.510  2471  6681 W AppSearchAppsUtil: 	at com.android.server.appsearch.appsindexer.AppsIndexerUserInstance$$ExternalSyntheticLambda0.run(go/retraceme 445dbf8f0e4f43638218a1155416af612ddd0eba1887e635c34828625399f398:10)
04-15 02:54:49.510  2471  6681 W AppSearchAppsUtil: 	at java.util.concurrent.ThreadPoolExecutor.runWorker(ThreadPoolExecutor.java:1156)
04-15 02:54:49.510  2471  6681 W AppSearchAppsUtil: 	at java.util.concurrent.ThreadPoolExecutor$Worker.run(ThreadPoolExecutor.java:651)
04-15 02:54:49.510  2471  6681 W AppSearchAppsUtil: 	at java.lang.Thread.run(Thread.java:1119)
04-15 02:54:49.510  2471  6681 W AppSearchAppsUtil: getDynamicAppFunctionSchemasForPackages: Failed to get schema property for package: com.samsung.android.app.sharelive
04-15 02:54:49.510  2471  6681 W AppSearchAppsUtil: android.content.pm.PackageManager$NameNotFoundException
04-15 02:54:49.510  2471  6681 W AppSearchAppsUtil: 	at android.app.ApplicationPackageManager.getPropertyAsUser(ApplicationPackageManager.java:4449)
04-15 02:54:49.510  2471  6681 W AppSearchAppsUtil: 	at android.app.ApplicationPackageManager.getProperty(ApplicationPackageManager.java:4436)
04-15 02:54:49.510  2471  6681 W AppSearchAppsUtil: 	at com.android.server.appsearch.appsindexer.AppsIndexerImpl.doUpdateIncrementalPut(go/retraceme 445dbf8f0e4f43638218a1155416af612ddd0eba1887e635c34828625399f398:76)
04-15 02:54:49.510  2471  6681 W AppSearchAppsUtil: 	at com.android.server.appsearch.appsindexer.AppsIndexerUserInstance.doUpdate(go/retraceme 445dbf8f0e4f43638218a1155416af612ddd0eba1887e635c34828625399f398:73)
04-15 02:54:49.510  2471  6681 W AppSearchAppsUtil: 	at com.android.server.appsearch.appsindexer.AppsIndexerUserInstance$$ExternalSyntheticLambda2.run(go/retraceme 445dbf8f0e4f43638218a1155416af612ddd0eba1887e635c34828625399f398:11)
04-15 02:54:49.510  2471  6681 W AppSearchAppsUtil: 	at com.android.server.appsearch.appsindexer.AppsIndexerUserInstance$$ExternalSyntheticLambda0.run(go/retraceme 445dbf8f0e4f43638218a1155416af612ddd0eba1887e635c34828625399f398:10)
04-15 02:54:49.510  2471  6681 W AppSearchAppsUtil: 	at java.util.concurrent.ThreadPoolExecutor.runWorker(ThreadPoolExecutor.java:1156)
04-15 02:54:49.510  2471  6681 W AppSearchAppsUtil: 	at java.util.concurrent.ThreadPoolExecutor$Worker.run(ThreadPoolExecutor.java:651)
04-15 02:54:49.510  2471  6681 W AppSearchAppsUtil: 	at java.lang.Thread.run(Thread.java:1119)
04-15 02:54:49.510  4796  5091 D PluginActionManager: Found 0 plugins
04-15 02:54:49.510  4796  5091 D PluginActionManager: queryPkg com.google.wireless.qa.mobileharness.tool.android.language com.android.systemui.action.PLUGIN_OVERLAY
04-15 02:54:49.511  4802 12480 I PermissionControllerServiceImpl: Updating user sensitive for uid 10339
04-15 02:54:49.512  4796  5091 D PluginActionManager: Found 0 plugins
04-15 02:54:49.512  4796  5091 D PluginActionManager: queryPkg com.google.wireless.qa.mobileharness.tool.android.language com.android.systemui.action.PLUGIN_GLOBAL_ACTIONS
04-15 02:54:49.510  2471  3655 V InputMethodManagerService: Found an input method InputMethodInfo{com.samsung.android.honeyboard/.service.HoneyBoardService, settings: com.samsung.android.honeyboard.settings.common.HoneyBoardSettingsActivity, languageSettings: null}
04-15 02:54:49.512  2471  3655 V InputMethodManagerService: Checking com.samsung.android.honeyboard/com.samsung.android.writingtoolkit.service.FakeHoneyBoardService
04-15 02:54:49.512  2471  2471 I Telecom : SamsungOpenCommunicationPlatformPolicyPackageBroadcastReceiver : action : android.intent.action.PACKAGE_ADDED / packageName : com.google.wireless.qa.mobileharness.tool.android.language
04-15 02:54:49.512  5219  5219 D NfcService: got 1 packages holding permission android.permission.NFC_PREFERRED_PAYMENT_INFO
04-15 02:54:49.512  2471  2471 D TransparencyService: Not an update. Skipping...
04-15 02:54:49.512  2471  5671 I Telecom : SamsungOpenCommunicationPlatformPolicyPackageHandler : handleMessage : { when=0 what=0 obj=com.google.wireless.qa.mobileharness.tool.android.language target=com.samsung.server.telecom.advancedcall.ocp.policy.broadcast.SamsungOpenCommunicationPlatformPolicyPackageHandler }.what
04-15 02:54:49.512  2471  2471 I DomainFilter: onReceive() - Intent { act=android.intent.action.PACKAGE_ADDED dat=package: flg=0x4000010 (has extras) }
04-15 02:54:49.512  2471  2471 I DomainFilter: packageAdded() - packageName: com.google.wireless.qa.mobileharness.tool.android.language, uid: 0
04-15 02:54:49.512  2471  5671 I Telecom : SamsungAllowedPhoneAccountFilterManager : filterSalesCode - option : EXCLUDE / allowedPhoneAccount : SamsungJsonPhoneAccount { RawData : {"package_name":"com.google.android.apps.tachyon","component_name":"","sales_code_option":"exclude","sales_codes":["CDR","DOR","UFN","UFU","SAM","CHC","TCE","GCF"],"model_names":[],"orders":{"default":200,"SKC":900,"KTC":900,"LUC":900}} / PackageName : com.google.android.apps.tachyon / ComponentName :  / SalesCodeOption : exclude / SalesCodes : [CDR, DOR, UFN, UFU, SAM, CHC, TCE, GCF] / ModelNameOption : null / ModelNames : [] / Orders : {default=200, SKC=900, KTC=900, LUC=900} / Order : 200
04-15 02:54:49.512  2471  5671 I Telecom : SamsungAllowedPhoneAccountFilterManager : filterModelName - option : ALL / allowedPhoneAccount : SamsungJsonPhoneAccount { RawData : {"package_name":"com.google.android.apps.tachyon","component_name":"","sales_code_option":"exclude","sales_codes":["CDR","DOR","UFN","UFU","SAM","CHC","TCE","GCF"],"model_names":[],"orders":{"default":200,"SKC":900,"KTC":900,"LUC":900}} / PackageName : com.google.android.apps.tachyon / ComponentName :  / SalesCodeOption : exclude / SalesCodes : [CDR, DOR, UFN, UFU, SAM, CHC, TCE, GCF] / ModelNameOption : null / ModelNames : [] / Orders : {default=200, SKC=900, KTC=900, LUC=900} / Order : 200
04-15 02:54:49.512  2471  5671 I Telecom : SamsungAllowedPhoneAccountFilterManager : filterSalesCode - option : INCLUDE / allowedPhoneAccount : SamsungJsonPhoneAccount { RawData : {"package_name":"com.skt.prod.together","component_name":"","sales_code_option":"include","sales_codes":["SKC","KOO"],"model_names":[],"orders":{"SKC":100}} / PackageName : com.skt.prod.together / ComponentName :  / SalesCodeOption : include / SalesCodes : [SKC, KOO] / ModelNameOption : null / ModelNames : [] / Orders : {SKC=100} / Order : 1000
04-15 02:54:49.513  2471  4597 E AppOps  : attributionTag VCN not declared in manifest of android
04-15 02:54:49.513  2471  2471 I Firewall: onReceive() - Intent { act=android.intent.action.PACKAGE_ADDED dat=package: flg=0x4000010 (has extras) }
04-15 02:54:49.513  2471  2471 D DualDARComnService: reConnectAgentsByPkgName:: package: com.google.wireless.qa.mobileharness.tool.android.language
04-15 02:54:49.514  2471  4798 D SGM:GameManager: identifyGamePackage. com.google.wireless.qa.mobileharness.tool.android.language, mCurrentUserId: 0, callingMethodInfo: com.samsung.android.game.SemGameManager.isGamePackage(SemGameManager.java:106)
04-15 02:54:49.514  2471  4798 D SGM:SemGameManager: isGamePackage(), pkgName=com.google.wireless.qa.mobileharness.tool.android.language, ret=false
04-15 02:54:49.514  2471  4798 I Pageboost: appinfo : com.google.wireless.qa.mobileharness.tool.android.language 0 0 0 0
04-15 02:54:49.514  2471  4798 D SGM:GameManager: identifyGamePackage. com.google.wireless.qa.mobileharness.tool.android.language, mCurrentUserId: 0, callingMethodInfo: com.samsung.android.game.SemGameManager.isGamePackage(SemGameManager.java:106)
04-15 02:54:49.514  2471  4798 D SGM:SemGameManager: isGamePackage(), pkgName=com.google.wireless.qa.mobileharness.tool.android.language, ret=false
04-15 02:54:49.514  2471  4798 I Pageboost: Reset this app info : com.google.wireless.qa.mobileharness.tool.android.language 
04-15 02:54:49.514  2471  4798 I Pageboost: db create : CREATE TABLE IF NOT EXISTS comgooglewirelessqamobileharnesstoolandroidlanguage (FILENAME TEXT, OFFSET INTEGER, SIZE INTEGER, FORVRAMDISK INTEGER, BITMAP BLOB, unique (FILENAME, OFFSET) );
04-15 02:54:49.515  2471  2471 D ApplicationPolicy: No updatable permission to DENY found for com.google.wireless.qa.mobileharness.tool.android.language(0)
04-15 02:54:49.515  1526  1526 D Zygote  : Forked child process 24503
04-15 02:54:49.515  2471  5170 E RoleControllerServiceImpl: Default/fallback role holder package doesn't qualify for the role, package: com.google.android.gms.supervision, role: android.app.role.SYSTEM_SUPERVISION
04-15 02:54:49.515  2471  2945 I ActivityManager: Start proc 24503:com.samsung.android.app.routines/u0a53 for service {com.samsung.android.app.routines/com.samsung.android.app.routines.domainmodel.service.RoutineService}
04-15 02:54:49.515  2471  2945 I ActivityManager: ProcessObserver broadcast disabled
04-15 02:54:49.515  2471  2471 D ApplicationPolicy: No updatable permission to GRANT found for com.google.wireless.qa.mobileharness.tool.android.language(0)
04-15 02:54:49.516 23904 24074 I DWBg    : onPackageAdded getPackageSet duration : 15
04-15 02:54:49.516 23904 24074 I DWBg    : mPackageSet.size() : 0 latestPackageSet.size() : 22
04-15 02:54:49.516  2471  3655 V InputMethodManagerService: Found an input method InputMethodInfo{com.samsung.android.honeyboard/com.samsung.android.writingtoolkit.service.FakeHoneyBoardService, settings: null, languageSettings: null}
04-15 02:54:49.517  2471  6681 W AppSearchAppsUtil: getDynamicAppFunctionSchemasForPackages: Failed to get schema property for package: com.samsung.android.messaging
04-15 02:54:49.517  2471  6681 W AppSearchAppsUtil: android.content.pm.PackageManager$NameNotFoundException
04-15 02:54:49.517  2471  6681 W AppSearchAppsUtil: 	at android.app.ApplicationPackageManager.getPropertyAsUser(ApplicationPackageManager.java:4449)
04-15 02:54:49.517  2471  6681 W AppSearchAppsUtil: 	at android.app.ApplicationPackageManager.getProperty(ApplicationPackageManager.java:4436)
04-15 02:54:49.517  2471  6681 W AppSearchAppsUtil: 	at com.android.server.appsearch.appsindexer.AppsIndexerImpl.doUpdateIncrementalPut(go/retraceme 445dbf8f0e4f43638218a1155416af612ddd0eba1887e635c34828625399f398:76)
04-15 02:54:49.517  2471  6681 W AppSearchAppsUtil: 	at com.android.server.appsearch.appsindexer.AppsIndexerUserInstance.doUpdate(go/retraceme 445dbf8f0e4f43638218a1155416af612ddd0eba1887e635c34828625399f398:73)
04-15 02:54:49.517  2471  6681 W AppSearchAppsUtil: 	at com.android.server.appsearch.appsindexer.AppsIndexerUserInstance$$ExternalSyntheticLambda2.run(go/retraceme 445dbf8f0e4f43638218a1155416af612ddd0eba1887e635c34828625399f398:11)
04-15 02:54:49.517  2471  6681 W AppSearchAppsUtil: 	at com.android.server.appsearch.appsindexer.AppsIndexerUserInstance$$ExternalSyntheticLambda0.run(go/retraceme 445dbf8f0e4f43638218a1155416af612ddd0eba1887e635c34828625399f398:10)
04-15 02:54:49.517  2471  6681 W AppSearchAppsUtil: 	at java.util.concurrent.ThreadPoolExecutor.runWorker(ThreadPoolExecutor.java:1156)
04-15 02:54:49.517  2471  6681 W AppSearchAppsUtil: 	at java.util.concurrent.ThreadPoolExecutor$Worker.run(ThreadPoolExecutor.java:651)
04-15 02:54:49.517  2471  6681 W AppSearchAppsUtil: 	at java.lang.Thread.run(Thread.java:1119)
04-15 02:54:49.517  2471  6681 W AppSearchAppsUtil: getDynamicAppFunctionSchemasForPackages: Failed to get schema property for package: com.sec.android.gallery3d
04-15 02:54:49.517  2471  6681 W AppSearchAppsUtil: android.content.pm.PackageManager$NameNotFoundException
04-15 02:54:49.517  2471  6681 W AppSearchAppsUtil: 	at android.app.ApplicationPackageManager.getPropertyAsUser(ApplicationPackageManager.java:4449)
04-15 02:54:49.517  2471  6681 W AppSearchAppsUtil: 	at android.app.ApplicationPackageManager.getProperty(ApplicationPackageManager.java:4436)
04-15 02:54:49.517  2471  6681 W AppSearchAppsUtil: 	at com.android.server.appsearch.appsindexer.AppsIndexerImpl.doUpdateIncrementalPut(go/retraceme 445dbf8f0e4f43638218a1155416af612ddd0eba1887e635c34828625399f398:76)
04-15 02:54:49.517  2471  6681 W AppSearchAppsUtil: 	at com.android.server.appsearch.appsindexer.AppsIndexerUserInstance.doUpdate(go/retraceme 445dbf8f0e4f43638218a1155416af612ddd0eba1887e635c34828625399f398:73)
04-15 02:54:49.517  2471  6681 W AppSearchAppsUtil: 	at com.android.server.appsearch.appsindexer.AppsIndexerUserInstance$$ExternalSyntheticLambda2.run(go/retraceme 445dbf8f0e4f43638218a1155416af612ddd0eba1887e635c34828625399f398:11)
04-15 02:54:49.517  2471  6681 W AppSearchAppsUtil: 	at com.android.server.appsearch.appsindexer.AppsIndexerUserInstance$$ExternalSyntheticLambda0.run(go/retraceme 445dbf8f0e4f43638218a1155416af612ddd0eba1887e635c34828625399f398:10)
04-15 02:54:49.517  2471  6681 W AppSearchAppsUtil: 	at java.util.concurrent.ThreadPoolExecutor.runWorker(ThreadPoolExecutor.java:1156)
04-15 02:54:49.517  2471  6681 W AppSearchAppsUtil: 	at java.util.concurrent.ThreadPoolExecutor$Worker.run(ThreadPoolExecutor.java:651)
04-15 02:54:49.517  2471  6681 W AppSearchAppsUtil: 	at java.lang.Thread.run(Thread.java:1119)
04-15 02:54:49.517  2471  3655 V InputMethodManagerService: --- re-buildInputMethodList reset = false 
04-15 02:54:49.517  2471  3655 V InputMethodManagerService:  ------ caller=com.android.server.inputmethod.InputMethodManagerService$MyPackageMonitor.onFinishPackageChanges:399 com.android.internal.content.PackageMonitor.doHandlePackageEvent:596 com.android.internal.content.PackageMonitor.lambda$postHandlePackageEvent$0:435 com.android.internal.content.PackageMonitor.$r8$lambda$bSKEInwdT6Kd7GAyzMZPsXTTqeQ:0 com.android.internal.content.PackageMonitor$$ExternalSyntheticLambda0.run:0 android.os.Handler.handleCallback:995 android.os.Handler.dispatchMessage:103 android.os.Looper.loopOnce:273 android.os.Looper.loop:363 android.os.HandlerThread.run:85 
04-15 02:54:49.517  2471  3542 D OverlayManager: Update package manager about changed overlays
04-15 02:54:49.517  2471  5170 W SignedPackage: Package doesn't have required signing certificate: com.google.android.apps.work.clouddpc
