04-15 02:54:50.089  2471  4655 D SysinputHAL_AIDL: setProperty(TSP(1)): CMD, set_grip_data,0,2,478,820 ret=0
04-15 02:54:50.089  1642  1665 I sysinput:Touch1: operator():237, OK
04-15 02:54:50.091  5448 23852 I HoneySpace.IconCache: Try to clearIconCacheAndDB - reason: changing locale, cacheOnly: false
04-15 02:54:50.091  5448 23844 I HoneySpace.DeviceStateUseCase: update: DeviceState(naviMode=THREE_BUTTON, navigationBarHeight=144, hint=true, transparentHint=false, rotation=0, displayId=0, displaySize=Point(1080, 2340), displayCutout=DisplayCutout{insets=Rect(0, 91 - 0, 0) waterfall=Insets{left=0, top=0, right=0, bottom=0} boundingRect={Bounds=[Rect(0, 0 - 0, 0), Rect(511, 0 - 569, 91), Rect(0, 0 - 0, 0), Rect(0, 0 - 0, 0)]} cutoutPathParserInfo={CutoutPathParserInfo{displayWidth=1080 displayHeight=2340 physicalDisplayWidth=1080 physicalDisplayHeight=2340 density={3.0} cutoutSpec={M 0,0 H -9.666666666666667 V 30.33333333333333 H 9.666666666666667 V 0 H 0 Z @dp} rotation={0} scale={1.0} physicalPixelDisplaySizeRatio={1.0}}} sideOverrides={}}, isNavCanMove=true, isTablet=false, extraDisplayInfo=ExtraDisplayInfo(rotation=-1, displayId=-1, displaySize=Point(0, 0), displayCutout=null, foldState=-1), enableOverlayWindow=false)
04-15 02:54:50.093  5448 23838 I HoneySpace.IconCache: clearIconAndLabelDB - reason: changing locale
04-15 02:54:50.094  5448 23838 I HoneySpace.IconCache: clearIconAndLabelMap - reason: changing locale
04-15 02:54:50.094  5448 23848 I HoneySpace.ViewFileUtils: deleteAllPreviewFile
04-15 02:54:50.095  2471  8749 D PackageManager: setEnabledSetting : userId = 0 packageName = com.samsung.android.scs cmp = androidx.work.impl.background.systemalarm.RescheduleReceiver newState = 1 callingPackage = com.samsung.android.scs
04-15 02:54:50.095  2471  8749 D ApplicationPolicy: getApplicationStateEnabled : pkg = com.samsung.android.scs userId : 0
04-15 02:54:50.096  4796  4796 D NavBarStateManager: NavBarStates(0) canShowKeyboardButtonForRotation(0): true
04-15 02:54:50.096  2471  8749 D ApplicationPolicy: getApplicationComponentState : pkg = com.samsung.android.scs userId : 0
04-15 02:54:50.097  5448  5448 I HoneySpace.DisplaySource: DisplayInfo(rotation=0, displayId=0, displaySize=Point(1080, 2340), displayCutout=DisplayCutout{insets=Rect(0, 91 - 0, 0) waterfall=Insets{left=0, top=0, right=0, bottom=0} boundingRect={Bounds=[Rect(0, 0 - 0, 0), Rect(511, 0 - 569, 91), Rect(0, 0 - 0, 0), Rect(0, 0 - 0, 0)]} cutoutPathParserInfo={CutoutPathParserInfo{displayWidth=1080 displayHeight=2340 physicalDisplayWidth=1080 physicalDisplayHeight=2340 density={3.0} cutoutSpec={M 0,0 H -9.666666666666667 V 30.33333333333333 H 9.666666666666667 V 0 H 0 Z @dp} rotation={0} scale={1.0} physicalPixelDisplaySizeRatio={1.0}}} sideOverrides={}}, isNavCanMove=true, isTablet=false)
04-15 02:54:50.097  5448  5448 I HoneySpace.DisplaySource: onConfigurationChanged
04-15 02:54:50.097  2471 10760 D SecContentProvider2: isCopyContactToSimAllowed = true
04-15 02:54:50.097  5448  5448 I HoneySpace.DisplaySource: DisplayInfo(rotation=0, displayId=0, displaySize=Point(1080, 2340), displayCutout=DisplayCutout{insets=Rect(0, 91 - 0, 0) waterfall=Insets{left=0, top=0, right=0, bottom=0} boundingRect={Bounds=[Rect(0, 0 - 0, 0), Rect(511, 0 - 569, 91), Rect(0, 0 - 0, 0), Rect(0, 0 - 0, 0)]} cutoutPathParserInfo={CutoutPathParserInfo{displayWidth=1080 displayHeight=2340 physicalDisplayWidth=1080 physicalDisplayHeight=2340 density={3.0} cutoutSpec={M 0,0 H -9.666666666666667 V 30.33333333333333 H 9.666666666666667 V 0 H 0 Z @dp} rotation={0} scale={1.0} physicalPixelDisplaySizeRatio={1.0}}} sideOverrides={}}, isNavCanMove=true, isTablet=false)
04-15 02:54:50.097  5448  5448 I HoneySpace.GestureInputHandler: onConfigurationChanged  windowBounds.update
04-15 02:54:50.097  5448  5448 I HoneySpace.GestureInputHandler: updateGestureStyleData
04-15 02:54:50.097  5448  5448 I HoneySpace.HoneySpaceManagerContainer: getWindowBounds, key = (android.window.WindowContext, 0)
04-15 02:54:50.097  5448  5448 I HoneySpace.WindowBounds: sourceContext: android.window.WindowContext@d977771
04-15 02:54:50.097  5448  5448 I HoneySpace.WindowBounds: sourceConfig: {1.0 ?mcc0mnc [en] ldltr sw360dp w360dp h780dp 480dpi nrml long hdr widecg port finger -keyb/v/h -nav/h winConfig={ mBounds=Rect(0, 0 - 1080, 2340) mAppBounds=Rect(0, 0 - 1080, 2340) mMaxBounds=Rect(0, 0 - 1080, 2340) mDisplayRotation=ROTATION_0 mWindowingMode=fullscreen mActivityType=undefined mAlwaysOnTop=undefined mRotation=ROTATION_0 mStageConfig=undefined mEmbedActivityMode=undefined mPopOver=off mOverlappingWithCutout=false} as.5 s.392 fontWeightAdjustment=0 ff=0 bf=-1 bts=0 cst=1.0 nightDim=0 themeSeq=0}
04-15 02:54:50.097  5448  5448 I HoneySpace.WindowBounds: updateNavigationMode? BUTTON
04-15 02:54:50.097  5448  5448 I HoneySpace.WindowBounds: immersiveNavigation? false
04-15 02:54:50.097  5448  5448 I HoneySpace.WindowBounds: setInsetAndCutout, Bounds=Rect(0, 0 - 1080, 2340), AppBounds=Rect(0, 0 - 1080, 2340)
04-15 02:54:50.098  5448  5448 I HoneySpace.WindowBounds: update window bounds, name = android.window.WindowContext, context = android.window.WindowContext, call from {com.honeyspace.ui.common.recentstyler.RecentStyler.updateStyleData(Unknown Source:11)}
04-15 02:54:50.098  5448  5448 I HoneySpace.WindowBounds: WindowBounds width=1080 height=2340, bounds=Rect(0, 0 - 1080, 2340), insets=Insets{left=0, top=91, right=0, bottom=144}, systemInsets=Insets{left=0, top=91, right=0, bottom=144}, cutout=Rect(0, 91 - 0, 0), gestureActionInsets=Insets{left=0, top=127, right=0, bottom=144}, insetsIgnoreCutout=Insets{left=0, top=91, right=0, bottom=144}, baseScreenSize=Point(1080, 2196)screenSizeIncludeCutout: Point(1080, 2196)
04-15 02:54:50.098  5448  5448 I HoneySpace.HoneySpaceManagerContainer: getWindowBounds, key = (android.window.WindowContext, 0)
04-15 02:54:50.098  5448 24799 I HoneySpace.DeviceStateUseCase: changed: THREE_BUTTON, 144, true, false, DisplayInfo(rotation=0, displayId=0, displaySize=Point(1080, 2340), displayCutout=DisplayCutout{insets=Rect(0, 91 - 0, 0) waterfall=Insets{left=0, top=0, right=0, bottom=0} boundingRect={Bounds=[Rect(0, 0 - 0, 0), Rect(511, 0 - 569, 91), Rect(0, 0 - 0, 0), Rect(0, 0 - 0, 0)]} cutoutPathParserInfo={CutoutPathParserInfo{displayWidth=1080 displayHeight=2340 physicalDisplayWidth=1080 physicalDisplayHeight=2340 density={3.0} cutoutSpec={M 0,0 H -9.666666666666667 V 30.33333333333333 H 9.666666666666667 V 0 H 0 Z @dp} rotation={0} scale={1.0} physicalPixelDisplaySizeRatio={1.0}}} sideOverrides={}}, isNavCanMove=true, isTablet=false), ExtraDisplayInfo(rotation=-1, displayId=-1, displaySize=Point(0, 0), displayCutout=null, foldState=-1), false
04-15 02:54:50.098  5448  5448 I HoneySpace.OnlyPortInsetsManager: needToUpdateCache, standardInsets = Insets{left=0, top=91, right=0, bottom=144}
04-15 02:54:50.098  5448  5448 I HoneySpace.PhoneIconStyleFactory: init densityDpi=480
04-15 02:54:50.098  5448  5448 I HoneySpace.PhoneIconStyleFactory: setDisplayOptionList 480 2
04-15 02:54:50.098  5448  5448 I HoneySpace.PhoneIconStyleFactory: setDisplayOptionList: 480 IconDisplayOption(itemSizeList=[ItemSize(size=0.144, isLand=false, hideLabel=false, adjustSizeByLevel=[{SMALL=-0.012}, {LARGE=0.008}]), ItemSize(size=0.147, isLand=true, hideLabel=false, adjustSizeByLevel=[{SMALL=-0.012}, {LARGE=0.008}]), ItemSize(size=0.152, isLand=false, hideLabel=true, adjustSizeByLevel=[{SMALL=-0.012}, {LARGE=0.008}]), ItemSize(size=0.147, isLand=true, hideLabel=true, adjustSizeByLevel=[{SMALL=-0.012}, {LARGE=0.008}])], iconDrawablePadding=0.003, iconDrawablePaddingLand=0.003, iconTextSize=11.0, iconTextSizeLand=11.0)
04-15 02:54:50.098  5448  5448 I HoneySpace.PhoneIconStyleFactory: setDisplayOptionList: 480 IconDisplayOption(itemSizeList=[ItemSize(size=0.198, isLand=false, hideLabel=false, adjustSizeByLevel=[{SMALL=-0.012}, {LARGE=0.014}]), ItemSize(size=0.198, isLand=true, hideLabel=false, adjustSizeByLevel=[{SMALL=-0.012}, {LARGE=0.008}]), ItemSize(size=0.198, isLand=false, hideLabel=true, adjustSizeByLevel=[{SMALL=-0.012}, {LARGE=0.014}]), ItemSize(size=0.198, isLand=true, hideLabel=true, adjustSizeByLevel=[{SMALL=-0.012}, {LARGE=0.008}])], iconDrawablePadding=0.003, iconDrawablePaddingLand=0.003, iconTextSize=12.3, iconTextSizeLand=12.3)
04-15 02:54:50.098  5448  5448 I HoneySpace.PhoneIconStyleFactory: setDisplayOptionList: 480 IconDisplayOption(itemSizeList=[ItemSize(size=0.168, isLand=false, hideLabel=false, adjustSizeByLevel=[{SMALL=-0.012}, {LARGE=0.014}]), ItemSize(size=0.147, isLand=true, hideLabel=false, adjustSizeByLevel=[{SMALL=-0.012}, {LARGE=0.008}]), ItemSize(size=0.177, isLand=false, hideLabel=true, adjustSizeByLevel=[{SMALL=-0.012}, {LARGE=0.014}]), ItemSize(size=0.172, isLand=true, hideLabel=true, adjustSizeByLevel=[{SMALL=-0.012}, {LARGE=0.008}])], iconDrawablePadding=0.003, iconDrawablePaddingLand=0.003, iconTextSize=11.0, iconTextSizeLand=11.0)
04-15 02:54:50.098  5448  5448 I HoneySpace.PhoneIconStyleFactory: setDisplayOptionList: 480 IconDisplayOption(itemSizeList=[ItemSize(size=0.198, isLand=false, hideLabel=false, adjustSizeByLevel=[{SMALL=-0.012}, {LARGE=0.014}]), ItemSize(size=0.198, isLand=true, hideLabel=false, adjustSizeByLevel=[{SMALL=-0.012}, {LARGE=0.008}]), ItemSize(size=0.198, isLand=false, hideLabel=true, adjustSizeByLevel=[{SMALL=-0.012}, {LARGE=0.014}]), ItemSize(size=0.198, isLand=true, hideLabel=true, adjustSizeByLevel=[{SMALL=-0.012}, {LARGE=0.008}])], iconDrawablePadding=0.003, iconDrawablePaddingLand=0.003, iconTextSize=12.3, iconTextSizeLand=12.3)
04-15 02:54:50.098  5448  5448 I HoneySpace.HoneySpaceManagerContainer: getWindowBounds, key = (android.window.WindowContext, 0)
04-15 02:54:50.098  4796  4796 D NavBarStateManager: NavBarStates(0) canShowKeyboardButtonForRotation(1): true
04-15 02:54:50.098  5448  5448 I HoneySpace.RecentStyler: context = android.window.WindowContext@d977771, styleData = RecentStyleData(bounds=RectF(0.0, 0.0, 1080.0, 2340.0), sceneInsets=Insets{left=0, top=91, right=0, bottom=144}, standardInsets=Insets{left=0, top=91, right=0, bottom=144}, stageInsets=Insets{left=0, top=0, right=0, bottom=0}, iconSize=155, iconGravity=1, iconStarMargin=0, sceneScale=PointF(0.631, 0.631), sceneCoordinate=RectF(200.0, 333.0, 881.0, 1661.0), sceneTopMargin=80, taskViewCoordinate=RectF(200.0, 253.0, 881.0, 1661.0), sceneFullyScale=PointF(1.585903, 1.7620482), rowGap=0.0, sceneRadius=60.0, deviceRadius=108.0, mwRadius=(30.0, 51.0), curveEffectScale=0.135, pageSpacing=14, pageSideMargin=0, sceneStartMargin=0, circularEffect=0.0, listSceneScale=PointF(0.6, 0.6), listSceneSize=RectF(0.0, 0.0, 648.0, 1263.0), listSceneRadius=45.0, tiltStackInterval=[2039.04, 1289.52, 540.0, 351.0, 170.64, -9.720001], swipeThreshold=0.5, dwbStyleData=DWBStyleData(size=681x140, gravity=81), taskLockStyleData=TaskLockStyleData(size=168, gravity=8388693, margin=Insets{left=0, top=0, right=30, bottom=30}), fadingEdgeEffectData=FadingEdgeEffectData(horizontalEnable=false, verticalEnable=false, length=179, strength=RectF(0.0, 0.0, 0.75, 0.0)))
04-15 02:54:50.098  5448  5448 I VRI[CocktailBarService]@6337ba: handleResized, frames=ClientWindowFrames{frame=[1013,478][1080,820] display=[0,0][1080,2340] parentFrame=[0,0][0,0]} displayId=0 dragResizing=false compatScale=1.0 frameChanged=false attachedFrameChanged=false configChanged=true displayChanged=false compatScaleChanged=false dragResizingChanged=false
04-15 02:54:50.099  5448  5448 I VRI[CocktailBarService]@6337ba: handleResized mSyncSeqId = 0
04-15 02:54:50.099  5448 23848 I HoneySpace.Memory-Monitor: current state = 2, didTrim = false
04-15 02:54:50.099  4796  4796 D NavBarStateManager: NavBarStates(0) canShowKeyboardButtonForRotation(2): true
04-15 02:54:50.099  7305  7305 I HBD     : a [NRIC] resetNoResponseState 
04-15 02:54:50.099  7305  7305 I HBD     : f needOff = true , isForceOff = false, isNullInputClass : true 
04-15 02:54:50.099  7305  7305 I HBD     : f update cached prediction status : false 
04-15 02:54:50.099  7305  7305 I HBD     : HoneyBoardService [PF_OP][onStartInput]  125 ms 
04-15 02:54:50.099  7305  7305 I HBD     : f updatePredictionStatus : 9, editorOpt 
04-15 02:54:50.099  2471  7939 I CocktailPolicyManager: findMatchedPolicy: find policy = 1
04-15 02:54:50.099  2471  7939 D CocktailBarManagerServiceImpl: updateCocktail: category not matched 4com.sec.android.app.launcher cat=0 requestedCat=1
04-15 02:54:50.099  5448  5448 I HoneySpace.AppsEdge.AppsEdgePanelProvider: onReceive com.samsung.android.cocktail.v2.action.COCKTAIL_UPDATE
04-15 02:54:50.100  5448  5448 I HoneySpace.HoneyAppWidgetHost: onProviderChange 2, ComponentInfo{com.sec.android.daemonapp/com.sec.android.daemonapp.appwidget.WeatherAppWidget2x1}
04-15 02:54:50.100  5448  5448 I HoneySpace.HoneyAppWidgetProviderInfo: provider : ComponentInfo{com.sec.android.daemonapp/com.sec.android.daemonapp.appwidget.WeatherAppWidget2x1}, minSpanX : 2, minSpanY : 1, maxSpanX: 4, maxSpanY : 3, spanX : 2, spanY : 2, minResizePx : 300x90, maxResizePx : 1665x630, targetGrid : Point(4, 6), isProviderChange : true
04-15 02:54:50.100  5448  5448 I HoneySpace.HoneyAppWidgetHost: onProviderChange 2, ComponentInfo{com.sec.android.daemonapp/com.sec.android.daemonapp.appwidget.WeatherAppWidget2x1}
04-15 02:54:50.100  5448  5448 I HoneySpace.HoneyAppWidgetProviderInfo: provider : ComponentInfo{com.sec.android.daemonapp/com.sec.android.daemonapp.appwidget.WeatherAppWidget2x1}, minSpanX : 2, minSpanY : 1, maxSpanX: 4, maxSpanY : 3, spanX : 2, spanY : 2, minResizePx : 300x90, maxResizePx : 1665x630, targetGrid : Point(4, 6), isProviderChange : true
04-15 02:54:50.100  5448  5448 I HoneySpace.HoneyAppWidgetHost: onProviderChange 2, ComponentInfo{com.sec.android.daemonapp/com.sec.android.daemonapp.appwidget.WeatherAppWidget2x1}
04-15 02:54:50.100  5448  5448 I HoneySpace.HoneyAppWidgetProviderInfo: provider : ComponentInfo{com.sec.android.daemonapp/com.sec.android.daemonapp.appwidget.WeatherAppWidget2x1}, minSpanX : 2, minSpanY : 1, maxSpanX: 4, maxSpanY : 3, spanX : 2, spanY : 2, minResizePx : 300x90, maxResizePx : 1665x630, targetGrid : Point(4, 6), isProviderChange : true
04-15 02:54:50.100  5448  5448 I HoneySpace.HoneyAppWidgetHost: onProviderChange 2, ComponentInfo{com.sec.android.daemonapp/com.sec.android.daemonapp.appwidget.WeatherAppWidget2x1}
04-15 02:54:50.100  5448  5448 I HoneySpace.HoneyAppWidgetProviderInfo: provider : ComponentInfo{com.sec.android.daemonapp/com.sec.android.daemonapp.appwidget.WeatherAppWidget2x1}, minSpanX : 2, minSpanY : 1, maxSpanX: 4, maxSpanY : 3, spanX : 2, spanY : 2, minResizePx : 300x90, maxResizePx : 1665x630, targetGrid : Point(4, 6), isProviderChange : true
04-15 02:54:50.100  5448  5448 I HoneySpace.HoneyAppWidgetHost: onProviderChange 2, ComponentInfo{com.sec.android.daemonapp/com.sec.android.daemonapp.appwidget.WeatherAppWidget2x1}
04-15 02:54:50.100  5448  5448 I HoneySpace.HoneyAppWidgetProviderInfo: provider : ComponentInfo{com.sec.android.daemonapp/com.sec.android.daemonapp.appwidget.WeatherAppWidget2x1}, minSpanX : 2, minSpanY : 1, maxSpanX: 4, maxSpanY : 3, spanX : 2, spanY : 2, minResizePx : 300x90, maxResizePx : 1665x630, targetGrid : Point(4, 6), isProviderChange : true
04-15 02:54:50.100  5448  5448 I HoneySpace.HoneyAppWidgetHost: onProviderChange 2, ComponentInfo{com.sec.android.daemonapp/com.sec.android.daemonapp.appwidget.WeatherAppWidget2x1}
04-15 02:54:50.100  5448  5448 I HoneySpace.HoneyAppWidgetProviderInfo: provider : ComponentInfo{com.sec.android.daemonapp/com.sec.android.daemonapp.appwidget.WeatherAppWidget2x1}, minSpanX : 2, minSpanY : 1, maxSpanX: 4, maxSpanY : 3, spanX : 2, spanY : 2, minResizePx : 300x90, maxResizePx : 1665x630, targetGrid : Point(4, 6), isProviderChange : true
04-15 02:54:50.100  5448  5448 I HoneySpace.HoneyAppWidgetHost: onProviderChange 3, ComponentInfo{com.google.android.googlequicksearchbox/com.google.android.googlequicksearchbox.SearchWidgetProvider}
04-15 02:54:50.100  5448  5448 I HoneySpace.HoneyAppWidgetProviderInfo: provider : ComponentInfo{com.google.android.googlequicksearchbox/com.google.android.googlequicksearchbox.SearchWidgetProvider}, minSpanX : 1, minSpanY : 1, maxSpanX: 4, maxSpanY : 6, spanX : 4, spanY : 1, minResizePx : 240x120, maxResizePx : 0x0, targetGrid : Point(4, 6), isProviderChange : true
04-15 02:54:50.100  5448  5448 I HoneySpace.HoneyAppWidgetHost: onProviderChange 3, ComponentInfo{com.google.android.googlequicksearchbox/com.google.android.googlequicksearchbox.SearchWidgetProvider}
04-15 02:54:50.100  5448  5448 I HoneySpace.HoneyAppWidgetProviderInfo: provider : ComponentInfo{com.google.android.googlequicksearchbox/com.google.android.googlequicksearchbox.SearchWidgetProvider}, minSpanX : 1, minSpanY : 1, maxSpanX: 4, maxSpanY : 6, spanX : 4, spanY : 1, minResizePx : 240x120, maxResizePx : 0x0, targetGrid : Point(4, 6), isProviderChange : true
04-15 02:54:50.100  7305  7305 I HBD     : t historic wpmWordCount:0 wpmSessionTime:0 wpmPauseTime:0 wpm:0 
04-15 02:54:50.100  7305  7305 I HBD     : t historic(rounded) wpmWordCount:0 wpmSessionTime:0 wpmPauseTime:0 wpm:0 
04-15 02:54:50.101  2471  4693 I SemWifiServiceDetector: Service det. resumed: T / T / 15842
04-15 02:54:50.101  9157 24802 I SCS@AiSearch user 0: (FileUtils) /data/user/0/com.samsung.android.scs/files/aisearch/indexes/analogy/synonym_en is created.
04-15 02:54:50.101  5448  5448 I HoneySpace.HoneySystemControllerImpl: unregisterRemoteTransition. registered: true
04-15 02:54:50.101  5448  5448 I HoneySpace.ShellAnimationRunner: setDelegate, delegate-null, strong-true
04-15 02:54:50.101  5448  5448 I HoneySpace.AppCloseAnimationDelegate: destroy
04-15 02:54:50.101  5448  5448 I HoneySpace.ShellTransitionManager: unregisterRecentsRemoteTransitions
04-15 02:54:50.101  5448  5448 I HoneySpace.ShellTransitionManager: unregisterRemoteTransition
04-15 02:54:50.101  5448  5448 I HoneySpace.RecentsCloseAnimationDelegate: destroy
04-15 02:54:50.101  5448  5448 I HoneySpace.ShellAnimationRunner: setDelegate, delegate-null, strong-true
04-15 02:54:50.101  5448  5448 I HoneySpace.PredictiveBackAnimationController: unregisterBackCallbacks
04-15 02:54:50.101  5448  5448 I HoneySpace.BackAnimation: clearBackToLauncherCallback
04-15 02:54:50.102  7305  7305 I HBD     : MultiModalSwitcher onConfigurationChanged 
04-15 02:54:50.102  2471  3654 I InputMethodManagerService: subtype state: oldSubtype = android.view.inputmethod.InputMethodSubtype@10001 newSubtype = android.view.inputmethod.InputMethodSubtype@10001 force = true, intent received : false
04-15 02:54:50.103  2471  2471 D NotificationReminder: removeFromNotificationList record android
04-15 02:54:50.103  2471  3654 D KNOX_MDM_SettingsProvider: isChangeAllowed() : name = input_methods_subtype_history
04-15 02:54:50.103  2471  3654 D KNOX_MDM_SettingsProvider: isChangeAllowed() : name = selected_input_method_subtype
04-15 02:54:50.103  2471  3654 D SettingsProvider: PUT_ret(/secure/selected_input_method_subtype), callingPackage:android
04-15 02:54:50.103  2471  3654 V InputMethodManagerService: IME window vis: 0 active: 0 visible: 0 displayId: 0
04-15 02:54:50.103  2471  3654 D InputMethodManagerService: isImeSwitcherDisabledPackage : false
04-15 02:54:50.104  5448  5448 I HoneySpace.AppCloseAnimationDelegate: destroy
04-15 02:54:50.104  5448  5448 I HoneySpace.HoneySystemControllerImpl: registerRemoteTransition. registered: false
04-15 02:54:50.105  7105 20859 I ContactsDatabaseHelper: [P] Switching to locale [en] (ICU v76.1.0.0)
04-15 02:54:50.105  1608  1636 I HYPER-HAL: [RequestManager.cpp]acquire(): Acquired ID : 1402033  [1616 / 58]    HINT :      list : [UCLAMP_MIN_BOOST / 50] [TID / 18871] [TID / 18872] [TID / 5448] [TID / 18873] 
04-15 02:54:50.105  5448  5448 I HoneySpace.ShellTransitionManager: myHomeResumed
04-15 02:54:50.105  1608  1636 I HYPER-HAL: [RequestManager.cpp]acquire(): Acquired ID : 1402033  [1616 / 58]    HINT :      list : [UCLAMP_MIN_BOOST / 100] [TID / 18871] [TID / 18872] [TID / 5448] [TID / 18873] 
04-15 02:54:50.105  5448  5448 I HoneySpace.ShellTransitionManager: setRemoteTransition with rootView:com.android.internal.policy.DecorView{e9bbdd0 V.E...... R....... 0,0-1080,2340}[LauncherActivity]
04-15 02:54:50.105  5448  5448 I HoneySpace.ShellAnimationRunner: setDelegate, delegate-com.honeyspace.transition.delegate.AppCloseAnimationDelegate@a61b938, strong-true
04-15 02:54:50.106  5448  5448 I HoneySpace.ShellTransitionManager: setRecentCloseRemoteTransition
04-15 02:54:50.106  5448  5448 I HoneySpace.ShellAnimationRunner: setDelegate, delegate-com.honeyspace.transition.delegate.RecentsCloseAnimationDelegate@b5b1d11, strong-true
04-15 02:54:50.106  5448  5448 I HoneySpace.ShellTransitionManager: registerRemoteTransition
04-15 02:54:50.106  5448  5448 I HoneySpace.PredictiveBackAnimationController: registerBackCallbacks
04-15 02:54:50.106  5448  5448 I HoneySpace.BackAnimation: setBackToLauncherCallback() called with: callback = com.honeyspace.transition.PredictiveBackAnimationController$registerBackCallbacks$1@4ccbe76, runner = com.honeyspace.transition.PredictiveBackAnimationController$registerBackCallbacks$runner$1@2793c77
04-15 02:54:50.106  4796  5104 I ShellBackPreview: setBackToLauncherCallback, callback=android.window.IOnBackInvokedCallback$Stub$Proxy@c096ac3, runner=android.view.IRemoteAnimationRunner$Stub$Proxy@45c0f40
04-15 02:54:50.106  5448  5448 I HoneySpace.IconCache: getClearType[isCreated: true]: result: NOTHING, false | true | false
04-15 02:54:50.106  5448  5448 I HoneySpace.ClipDataHelper: clearDragInfo
04-15 02:54:50.106  5448  5448 I HoneySpace.OneUiSpace: setLastInnerMode = null
04-15 02:54:50.106  5448  5448 I HoneySpace.HoneyFactoryImpl: clearCache
04-15 02:54:50.106  5448  5448 I HoneySpace.FolderStyle: initFolderStyle iconType: 0 folderShape: 0
04-15 02:54:50.107  5448  5448 I Kumiho-Kumiho: getPackageName: com.sec.android.app.launcher
04-15 02:54:50.107  5448  5448 I Kumiho-Kumiho: getPackageName: com.sec.android.app.launcher
04-15 02:54:50.107  5448  5448 I HoneySpace.FolderStyle: themeColor: -1711473409 true
04-15 02:54:50.108  5448  5448 I Kumiho-Kumiho: getPackageName: com.sec.android.app.launcher
04-15 02:54:50.108  5448  5448 I Kumiho-Kumiho: getPackageName: com.sec.android.app.launcher
04-15 02:54:50.108  5448  5448 I HoneySpace.FolderStyle: themeColor: -1712338792 true
04-15 02:54:50.108  5448  5448 I Kumiho-Kumiho: getPackageName: com.sec.android.app.launcher
04-15 02:54:50.108  5448  5448 I Kumiho-Kumiho: getPackageName: com.sec.android.app.launcher
04-15 02:54:50.108  5448  5448 I HoneySpace.FolderStyle: themeColor: -1712070229 true
04-15 02:54:50.109  5448  5448 I Kumiho-Kumiho: getPackageName: com.sec.android.app.launcher
04-15 02:54:50.109  5448  5448 I Kumiho-Kumiho: getPackageName: com.sec.android.app.launcher
04-15 02:54:50.109  5448  5448 I HoneySpace.FolderStyle: themeColor: -1717969720 true
04-15 02:54:50.109  5448  5448 I Kumiho-Kumiho: getPackageName: com.sec.android.app.launcher
04-15 02:54:50.110  5448  5448 I Kumiho-Kumiho: getPackageName: com.sec.android.app.launcher
04-15 02:54:50.110  5448  5448 I HoneySpace.FolderStyle: themeColor: -1716858898 true
04-15 02:54:50.110  2471  3654 D InputMethodManagerService: updateInputMethodsFromSettingsLocked: id=com.samsung.android.honeyboard/.service.HoneyBoardService
04-15 02:54:50.110  5448  5448 I HoneySpace.OneUiSpace: compose, windowInsets = WindowInsets{
04-15 02:54:50.110  5448  5448 I HoneySpace.OneUiSpace:     statusBars=Insets{left=0, top=91, right=0, bottom=0} max=Insets{left=0, top=91, right=0, bottom=0} vis=true boundingRects=[Rect(0, 0 - 1080, 91)] maxBoundingRects=[Rect(0, 0 - 1080, 91)]
04-15 02:54:50.110  5448  5448 I HoneySpace.OneUiSpace:     navigationBars=Insets{left=0, top=0, right=0, bottom=144} max=Insets{left=0, top=0, right=0, bottom=144} vis=true boundingRects=[Rect(0, 2196 - 1080, 2340)] maxBoundingRects=[Rect(0, 2196 - 1080, 2340)]
04-15 02:54:50.110  5448  5448 I HoneySpace.OneUiSpace:     captionBar=null max=null vis=false boundingRects=null maxBoundingRects=null
04-15 02:54:50.110  5448  5448 I HoneySpace.OneUiSpace:     ime=null max=null vis=false boundingRects=null maxBoundingRects=null
04-15 02:54:50.110  5448  5448 I HoneySpace.OneUiSpace:     systemGestures=Insets{left=0, top=127, right=0, bottom=144} max=Insets{left=0, top=127, right=0, bottom=144} vis=true boundingRects=[Rect(0, 0 - 1080, 127), Rect(0, 2196 - 1080, 2340)] maxBoundingRects=[Rect(0, 0 - 1080, 127), Rect(0, 2196 - 1080, 2340)]
04-15 02:54:50.110  5448  5448 I HoneySpace.OneUiSpace:     mandatorySystemGestures=Insets{left=0, top=127, right=0, bottom=144} max=Insets{left=0, top=127, right=0, bottom=144} vis=true boundingRects=[Rect(0, 0 - 1080, 127), Rect(0, 2196 - 1080, 2340)] maxBoundingRects=[Rect(0, 0 - 1080, 127), Rect(0, 2196 - 1080, 2340)]
04-15 02:54:50.110  5448  5448 I HoneySpace.OneUiSpace:     tappableElement=Insets{left=0, top=91, right=0, bottom=144} max=Insets{left=0, top=91, right=0, bottom=144} vis=true boundingRects=[Rect(0, 0 - 1080, 91), Rect(0, 2196 - 1080, 2340)] maxBoundingRects=[Rect(0, 0 - 1080, 91), Rect(0, 2196 - 1080, 2340)]
04-15 02:54:50.110  5448  5448 I HoneySpace.OneUiSpace:     displayCutout=Insets{left=0, top=91, right=0, bottom=0} max=Insets{left=0, top=91, right=0, bottom=0} vis=true boundingRects=[Rect(0, 0 - 1080, 91)] maxBoundingRects=[Rect(0, 0 - 1080, 91)]
04-15 02:54:50.110  5448  5448 I HoneySpace.OneUiSpace:     windowDecor=null max=null vis=false boundingRects=null maxBoundingRects=null
04-15 02:54:50.110  5448  5448 I HoneySpace.OneUiSpace:     systemOverlays=null max=null vis=false boundingRects=null maxBoundingRects=null
04-15 02:54:50.110  5448  5448 I HoneySpace.OneUiSpace:     cutout=DisplayCutout{insets=Rect(0, 91 - 0, 0) waterfall=Insets{left=0, top=0, right=0, bottom=0} boundingRect={Bounds=[Rect(0, 0 - 0, 0), Rect(511, 0 - 569, 91), Rect(0, 0 - 0, 0), Rect(0, 0 - 0, 0)]} cutoutPathParserInfo={CutoutPathParserInfo{displayWidth=1080 displayHeight=2340 physicalDisplayWidth=1080 physicalDisplayHeight=2340 density={3.0} cutoutSpec={M 0,0 H -9.666666666666667 V 30.33333333333333 H 9.666666666666667 V 0 H 0 Z @dp} rotation={0} scale={1.0} physicalPixelDisplaySizeRatio={1.0}}} sideOverrides={}}
04-15 02:54:50.110  5448  5448 I HoneySpace.OneUiSpace:     
04-15 02:54:50.110  5448  5448 I HoneySpace.OneUiSpace:     roundedCorners=RoundedCorners{[RoundedCorner{position=TopLeft, radius=108, center=Point(108, 108)}, RoundedCorner{position=TopRight, radius=108, center=Point(972, 108)}, RoundedCorner{position=BottomRight, radius=108, center=Point(972, 2232)}, RoundedCorner{position=BottomLeft, radius=108, center=Point(108, 2232)}]}
04-15 02:54:50.110  5448  5448 I HoneySpace.OneUiSpace:     privacyIndicatorBounds=PrivacyIndicatorBounds {static bounds=Rect(948, 0 - 1080, 91) rotation=0}
04-15 02:54:50.110  5448  5448 I HoneySpace.OneUiSpace:     displayShape=DisplayShape{ spec=1406003047 displayWidth=1080 displayHeight=2340 physicalPixelDisplaySizeRatio=1.0 rotation=0 offsetX=0 offsetY=0 scale=1.0}
04-15 02:54:50.110  5448  5448 I HoneySpace.OneUiSpace:     forceConsumingTypes=
04-15 02:54:50.110  5448  5448 I HoneySpace.OneUiSpace:     forceConsumingOpaqueCaptionBar=false
04-15 02:54:50.110  5448  5448 I HoneySpace.OneUiSpace:     suppressScrimTypes=
04-15 02:54:50.110  5448  5448 I HoneySpace.OneUiSpace:     compatInsetsTypes=statusBars navigationBars captionBar displayCutout systemOverlays
04-15 02:54:50.110  5448  5448 I HoneySpace.OneUiSpace:     compatIgnoreVisibility=false
04-15 02:54:50.110  5448  5448 I HoneySpace.OneUiSpace:     systemWindowInsetsConsumed=false
04-15 02:54:50.110  5448  5448 I HoneySpace.OneUiSpace:     stableInsetsConsumed=false
04-15 02:54:50.110  5448  5448 I HoneySpace.OneUiSpace:     displayCutoutConsumed=false
04-15 02:54:50.110  5448  5448 I HoneySpace.OneUiSpace:     
04-15 02:54:50.110  5448  5448 I HoneySpace.OneUiSpace:     frameWidth=1080
04-15 02:54:50.110  5448  5448 I HoneySpace.OneUiSpace:     frameHeight=2340}
04-15 02:54:50.110  5448  5448 I HoneySpace.OneUiSpace: rootWindowInsets = WindowInsets{
04-15 02:54:50.110  5448  5448 I HoneySpace.OneUiSpace:     statusBars=Insets{left=0, top=91, right=0, bottom=0} max=Insets{left=0, top=91, right=0, bottom=0} vis=true boundingRects=[Rect(0, 0 - 1080, 91)] maxBoundingRects=[Rect(0, 0 - 1080, 91)]
04-15 02:54:50.110  5448  5448 I HoneySpace.OneUiSpace:     navigationBars=Insets{left=0, top=0, right=0, bottom=144} max=Insets{left=0, top=0, right=0, bottom=144} vis=true boundingRects=[Rect(0, 2196 - 1080, 2340)] maxBoundingRects=[Rect(0, 2196 - 1080, 2340)]
04-15 02:54:50.110  5448  5448 I HoneySpace.OneUiSpace:     captionBar=null max=null vis=false boundingRects=null maxBoundingRects=null
04-15 02:54:50.110  5448  5448 I HoneySpace.OneUiSpace:     ime=null max=null vis=false boundingRects=null maxBoundingRects=null
04-15 02:54:50.110  5448  5448 I HoneySpace.OneUiSpace:     systemGestures=Insets{left=0, top=127, right=0, bottom=144} max=Insets{left=0, top=127, right=0, bottom=144} vis=true boundingRects=[Rect(0, 0 - 1080, 127), Rect(0, 2196 - 1080, 2340)] maxBoundingRects=[Rect(0, 0 - 1080, 127), Rect(0, 2196 - 1080, 2340)]
04-15 02:54:50.110  5448  5448 I HoneySpace.OneUiSpace:     mandatorySystemGestures=Insets{left=0, top=127, right=0, bottom=144} max=Insets{left=0, top=127, right=0, bottom=144} vis=true boundingRects=[Rect(0, 0 - 1080, 127), Rect(0, 2196 - 1080, 2340)] maxBoundingRects=[Rect(0, 0 - 1080, 127), Rect(0, 2196 - 1080, 2340)]
04-15 02:54:50.110  5448  5448 I HoneySpace.OneUiSpace:     tappableElement=Insets{left=0, top=91, right=0, bottom=144} max=Insets{left=0, top=91, right=0, bottom=144} vis=true boundingRects=[Rect(0, 0 - 1080, 91), Rect(0, 2196 - 1080, 2340)] maxBoundingRects=[Rect(0, 0 - 1080, 91), Rect(0, 2196 - 1080, 2340)]
04-15 02:54:50.110  5448  5448 I HoneySpace.OneUiSpace:     displayCutout=Insets{left=0, top=91, right=0, bottom=0} max=Insets{left=0, top=91, right=0, bottom=0} vis=true boundingRects=[Rect(0, 0 - 1080, 91)] maxBoundingRects=[Rect(0, 0 - 1080, 91)]
04-15 02:54:50.110  5448  5448 I HoneySpace.OneUiSpace:     windowDecor=null max=null vis=false boundingRects=null maxBoundingRects=null
04-15 02:54:50.110  5448  5448 I HoneySpace.OneUiSpace:     systemOverlays=null max=null vis=false boundingRects=null maxBoundingRects=null
04-15 02:54:50.110  5448  5448 I HoneySpace.OneUiSpace:     cutout=DisplayCutout{insets=Rect(0, 91 - 0, 0) waterfall=Insets{left=0, top=0, right=0, bottom=0} boundingRect={Bounds=[Rect(0, 0 - 0, 0), Rect(511, 0 - 569, 91), Rect(0, 0 - 0, 0), Rect(0, 0 - 0, 0)]} cutoutPathParserInfo={CutoutPathParserInfo{displayWidth=1080 displayHeight=2340 physicalDisplayWidth=1080 physicalDisplayHeight=2340 density={3.0} cutoutSpec={M 0,0 H -9.666666666666667 V 30.33333333333333 H 9.666666666666667 V 0 H 0 Z @dp} rotation={0} scale={1.0} physicalPixelDisplaySizeRatio={1.0}}} sideOverrides={}}
04-15 02:54:50.110  5448  5448 I HoneySpace.OneUiSpace:     
04-15 02:54:50.110  5448  5448 I HoneySpace.OneUiSpace:     roundedCorners=RoundedCorners{[RoundedCorner{position=TopLeft, radius=108, center=Point(108, 108)}, RoundedCorner{position=TopRight, radius=108, center=Point(972, 108)}, RoundedCorner{position=BottomRight, radius=108, center=Point(972, 2232)}, RoundedCorner{position=BottomLeft, radius=108, center=Point(108, 2232)}]}
04-15 02:54:50.110  5448  5448 I HoneySpace.OneUiSpace:     privacyIndicatorBounds=PrivacyIndicatorBounds {static bounds=Rect(948, 0 - 1080, 91) rotation=0}
04-15 02:54:50.110  5448  5448 I HoneySpace.OneUiSpace:     displayShape=DisplayShape{ spec=1406003047 displayWidth=1080 displayHeight=2340 physicalPixelDisplaySizeRatio=1.0 rotation=0 offsetX=0 offsetY=0 scale=1.0}
04-15 02:54:50.110  5448  5448 I HoneySpace.OneUiSpace:     forceConsumingTypes=
04-15 02:54:50.110  5448  5448 I HoneySpace.OneUiSpace:     forceConsumingOpaqueCaptionBar=false
04-15 02:54:50.110  5448  5448 I HoneySpace.OneUiSpace:     suppressScrimTypes=
04-15 02:54:50.110  5448  5448 I HoneySpace.OneUiSpace:     compatInsetsTypes=statusBars navigationBars captionBar displayCutout systemOverlays
04-15 02:54:50.110  5448  5448 I HoneySpace.OneUiSpace:     compatIgnoreVisibility=false
04-15 02:54:50.110  5448  5448 I HoneySpace.OneUiSpace:     systemWindowInsetsConsumed=false
04-15 02:54:50.110  5448  5448 I HoneySpace.OneUiSpace:     stableInsetsConsumed=false
04-15 02:54:50.110  5448  5448 I HoneySpace.OneUiSpace:     displayCutoutConsumed=false
04-15 02:54:50.110  5448  5448 I HoneySpace.OneUiSpace:     
04-15 02:54:50.110  5448  5448 I HoneySpace.OneUiSpace:     frameWidth=1080
04-15 02:54:50.110  5448  5448 I HoneySpace.OneUiSpace:     frameHeight=2340}
04-15 02:54:50.110  5448  5448 I HoneySpace.HoneySpaceManagerContainer: getWindowBounds, key = (com.sec.android.app.launcher.Launcher, 0)
04-15 02:54:50.110  5448  5448 I HoneySpace.WindowBounds: sourceContext: com.sec.android.app.launcher.Launcher@bcf5246
04-15 02:54:50.110  5448  5448 I HoneySpace.WindowBounds: sourceConfig: {1.0 ?mcc0mnc [en] ldltr sw360dp w360dp h780dp 480dpi nrml long hdr widecg port finger -keyb/v/h -nav/h winConfig={ mBounds=Rect(0, 0 - 1080, 2340) mAppBounds=Rect(0, 0 - 1080, 2340) mMaxBounds=Rect(0, 0 - 1080, 2340) mDisplayRotation=ROTATION_0 mWindowingMode=fullscreen mActivityType=home mAlwaysOnTop=undefined mRotation=ROTATION_0 mStageConfig=undefined mEmbedActivityMode=undefined mPopOver=off mOverlappingWithCutout=false} as.5 s.5 fontWeightAdjustment=0 ff=0 bf=-1 bts=0 cst=1.0 nightDim=0 themeSeq=0}
04-15 02:54:50.110  5448  5448 I HoneySpace.WindowBounds: updateNavigationMode? BUTTON
04-15 02:54:50.110  5448  5448 I HoneySpace.WindowBounds: immersiveNavigation? false
04-15 02:54:50.110  5448  5448 I HoneySpace.WindowBounds: setInsetAndCutout, Bounds=Rect(0, 0 - 1080, 2340), AppBounds=Rect(0, 0 - 1080, 2340)
04-15 02:54:50.110  5448  5448 I HoneySpace.WindowBounds: update window bounds, name = com.sec.android.app.launcher.Launcher, context = com.sec.android.app.launcher.Launcher, call from {com.honeyspace.ui.common.entity.HoneySpaceUIComponent.compose$suspendImpl(Unknown Source:109)}
04-15 02:54:50.110  5448  5448 I HoneySpace.WindowBounds: WindowBounds width=1080 height=2340, bounds=Rect(0, 0 - 1080, 2340), insets=Insets{left=0, top=91, right=0, bottom=144}, systemInsets=Insets{left=0, top=91, right=0, bottom=144}, cutout=Rect(0, 91 - 0, 0), gestureActionInsets=Insets{left=0, top=127, right=0, bottom=144}, insetsIgnoreCutout=Insets{left=0, top=91, right=0, bottom=144}, baseScreenSize=Point(1080, 2196)screenSizeIncludeCutout: Point(1080, 2196)
04-15 02:54:50.111  5448  5448 I HoneySpace.OneUiSpace: compose() screenList : [[MAIN] id=1, type=homescreen, containerId=-10, rank=0, displayType=MAIN, arrangement=1, [MAIN] id=5, type=appscreen, containerId=-10, rank=0, displayType=MAIN, arrangement=1, [MAIN] id=8, type=finder, containerId=-10, rank=0, displayType=MAIN, arrangement=1]
04-15 02:54:50.111  5448  5448 I HoneySpace.OneUiSpace: getLastScreenType: null
04-15 02:54:50.111  5448  5448 I HoneySpace.HoneyFactoryImpl: create honeyInfo=HoneyInfo(parentHoney=null, packageName=null, type=homescreen), honeyData=HoneyData(id=1, data=null, bundleData=null, savedState=Bundle[{android:viewHierarchyState=Bundle[{android:views={16908290=android.view.AbsSavedState$1@a7fddb0}, android:Panels={0=com.android.internal.policy.PhoneWindow$PanelFeatureState$SavedState@41d3429}}], androidx.lifecycle.BundlableSavedStateRegistry.key=Bundle[{android:support:lifecycle=Bundle[{}]}], android:lastAutofillId=1073741824, android:fragments=android.app.FragmentManagerState@709e3ae}]), context=null
04-15 02:54:50.111  5448  5448 I HoneySpace.DefaultPlugin: createHoney honeyInfo=HoneyInfo(parentHoney=null, packageName=null, type=homescreen) honeyData=HoneyData(id=1, data=null, bundleData=null, savedState=Bundle[{android:viewHierarchyState=Bundle[{android:views={16908290=android.view.AbsSavedState$1@a7fddb0}, android:Panels={0=com.android.internal.policy.PhoneWindow$PanelFeatureState$SavedState@41d3429}}], androidx.lifecycle.BundlableSavedStateRegistry.key=Bundle[{android:support:lifecycle=Bundle[{}]}], android:lastAutofillId=1073741824, android:fragments=android.app.FragmentManagerState@709e3ae}]) context=null
04-15 02:54:50.111  5448  5448 I HoneySpace.HoneySpaceManagerContainer: getWindowBounds, key = (com.sec.android.app.launcher.Launcher, 0)
04-15 02:54:50.111  5448  5448 I HoneySpace.HomescreenPot: onCreate - honey=p4.Y@9fd24dc (HoneySpaceInfo(name=OneUI, displayId=0))  honeyScope=CoroutineScope(coroutineContext=[SupervisorJobImpl{Active}@2be9e5, Dispatchers.Main.immediate])
04-15 02:54:50.111  5448  5448 I HoneySpace.HoneyScreenManagerImpl: registerScreen HOME
04-15 02:54:50.111  5448  5448 I HoneySpace.BackgroundManagerImpl: checkAndUpdateBackgroundEffect: com.honeyspace.sdk.HomeScreen$Normal@ddd6612, ch=198136390, forceApply=true
04-15 02:54:50.111  5448  5448 I HoneySpace.BackgroundManagerImpl: lastBackground is changed> null -> com.honeyspace.sdk.HomeScreen$Normal@ddd6612
04-15 02:54:50.111  5448  5448 I HoneySpace.BackgroundManagerImpl: updateLastState[198136390]: null -> com.honeyspace.sdk.HomeScreen$Normal@ddd6612
04-15 02:54:50.111  5448  5448 I HoneySpace.RealtimeBlurManager: null -> 0.0
04-15 02:54:50.111  5448  5448 I HoneySpace.BackgroundManagerImpl: applyCurrentBackgroundEffect
04-15 02:54:50.111  5448  5448 I HoneySpace.WallpaperBlurView: clear blur 0.0 false
04-15 02:54:50.111  5448  5448 I HoneySpace.WallpaperBlurView: clear view
04-15 02:54:50.111  5448  5448 I HoneySpace.HoneySpaceManagerContainer: getWindowBounds, key = (com.sec.android.app.launcher.Launcher, 0)
04-15 02:54:50.112  2471  3654 D InputMethodManagerService: isImeSwitcherDisabledPackage : false
04-15 02:54:50.112  2471  3654 D InputMethodManagerService: shouldShowImeSwitcherLocked : checking vis : 3
04-15 02:54:50.112  2471  3654 I InputMethodManagerService: subtype state: oldSubtype = android.view.inputmethod.InputMethodSubtype@10001 newSubtype = android.view.inputmethod.InputMethodSubtype@10001 force = false, intent received : false
04-15 02:54:50.112  2471  3654 D InputMethodManagerService: updateInputMethodsFromSettingsLocked: id=com.samsung.android.honeyboard/.service.HoneyBoardService
04-15 02:54:50.112  5448  5448 E HoneySpace.MinusOnePageUtils: com.samsung.android.app.spage is not installed 
04-15 02:54:50.112  5448  5448 I HoneySpace.OneUiSpace: addScreen() honey : p4.Y@9fd24dc enableDrawMonitor=true
04-15 02:54:50.112  1526  1526 D Zygote  : Forked child process 24841
04-15 02:54:50.113  5448  5448 I HoneySpace.HomescreenViewModel: isInternalDexMode? false
04-15 02:54:50.113  5448  5448 I HoneySpace.HoneySpaceManagerContainer: getWindowBounds, key = (com.sec.android.app.launcher.Launcher, 0)
04-15 02:54:50.113  5448  5448 I HoneySpace.HoneySpaceManagerContainer: getWindowBounds, key = (com.sec.android.app.launcher.Launcher, 0)
04-15 02:54:50.113  5448  5448 I HoneySpace.HomescreenPot: VMCHECK - Homescreen(62275425)
04-15 02:54:50.113  5448  5448 I HoneySpace.HomescreenPot: update SystemUI, changedState = com.honeyspace.sdk.HomeScreen$Normal@ddd6612
04-15 02:54:50.113  5448  5448 I HoneySpace.SystemUIControlUtils: updateSystemUI, show: true, type: statusBars navigationBars, forLauncher: true
04-15 02:54:50.113  5448  5448 I HoneySpace.WhiteBgColorUpdater: changeWhiteBgSystemUIColor, com.android.internal.policy.DecorView{e9bbdd0 V.E...... R.....ID 0,0-1080,2340}[LauncherActivity], type = 2, supportWhiteBg = true, forced = false, fromHoneyType = homescreen, darkStatusBar = 0, darkNavigationBar = false
04-15 02:54:50.113  5448  5448 I HoneySpace.WhiteBgColorChanger: changeStatusBarColor, view = com.android.internal.policy.DecorView{e9bbdd0 V.E...... R.....ID 0,0-1080,2340}[LauncherActivity], isDarkColor = false
04-15 02:54:50.113  5448  5448 I HoneySpace.WhiteBgColorUpdater: changeWhiteBgSystemUIColor, com.android.internal.policy.DecorView{e9bbdd0 V.E...... R.....ID 0,0-1080,2340}[LauncherActivity], type = 3, supportWhiteBg = true, forced = false, fromHoneyType = homescreen, darkStatusBar = 0, darkNavigationBar = false
04-15 02:54:50.113  5448  5448 I HoneySpace.WhiteBgColorChanger: changeNavigationBarColor, view = com.android.internal.policy.DecorView{e9bbdd0 V.E...... R.....ID 0,0-1080,2340}[LauncherActivity], isDarkColor = false
04-15 02:54:50.113  5448  5448 I HoneySpace.HomescreenPot: updateFreeFormVisibility, show? true
04-15 02:54:50.113  5448  5448 I HoneySpace.HomescreenPot: setUpHomeView, useCoverData : false, currentType : MAIN, isCoverDisplay : false
04-15 02:54:50.113  5448  5448 I HoneySpace.HomescreenPot: layoutHoney() honeyGroup=workspace, 2
04-15 02:54:50.113  5448  5448 I HoneySpace.HomescreenPot: combinedDexInfo.isDockedTaskbar false
04-15 02:54:50.113  5448  5448 I HoneySpace.HoneyFactoryImpl: create honeyInfo=HoneyInfo(parentHoney=p4.Y@9fd24dc, packageName=null, type=workspace), honeyData=HoneyData(id=2, data=null, bundleData=null, savedState=null), context=com.sec.android.app.launcher.Launcher@bcf5246
04-15 02:54:50.113  5448  5448 I HoneySpace.DefaultPlugin: createHoney honeyInfo=HoneyInfo(parentHoney=p4.Y@9fd24dc, packageName=null, type=workspace) honeyData=HoneyData(id=2, data=null, bundleData=null, savedState=null) context=com.sec.android.app.launcher.Launcher@bcf5246
04-15 02:54:50.113  5448  5448 I HoneySpace.WorkspacePot: onCreate - honey=G6.K2@409986a (HoneySpaceInfo(name=OneUI, displayId=0))  honeyScope=CoroutineScope(coroutineContext=[SupervisorJobImpl{Active}@82615b, Dispatchers.Main.immediate])
04-15 02:54:50.114  5448  5448 I HoneySpace.WorkspacePot: createView itemId=2
04-15 02:54:50.114  7105 20859 I ContactsDatabaseHelper: [P] Locale change completed in 9ms
04-15 02:54:50.114  5448  5448 I HoneySpace.HoneySpaceManagerContainer: getWindowBounds, key = (com.sec.android.app.launcher.Launcher, 0)
04-15 02:54:50.114  5448  5448 I HoneySpace.HoneySpaceManagerContainer: getWindowBounds, key = (com.sec.android.app.launcher.Launcher, 0)
04-15 02:54:50.114  5448  5448 I HoneySpace.PageIndicatorViewModel: created()
04-15 02:54:50.114  5448  5448 I HoneySpace.null: coverMainSync:  false
04-15 02:54:50.114  5448  5448 I HoneySpace.HoneySpaceManagerContainer: getWindowBounds, key = (com.sec.android.app.launcher.Launcher, 0)
04-15 02:54:50.114  5448  5448 I HoneySpace.PageIndicatorMarker: onFinishInflate set marker
04-15 02:54:50.115  9447  9548 I SimModel: [C] CompleteActiveSubscriptionInfoList : 0
04-15 02:54:50.115  5448  5448 I HoneySpace.PageIndicatorMarker: setMarkerDrawables isDefaultTheme = true
04-15 02:54:50.115  9447  9548 I AccountTypeLoader: [C] add sim2 account(support:true, opportunistic:false)
04-15 02:54:50.115  5448  5448 I HoneySpace.PageIndicatorMarker: onFinishInflate set marker
04-15 02:54:50.115  7105 20859 I ContactsDatabaseHelper: [P] Switching to locale [en] (ICU v76.1.0.0)
04-15 02:54:50.115  5448  5448 I HoneySpace.PageIndicatorMarker: setMarkerDrawables isDefaultTheme = true
04-15 02:54:50.115  5448  5448 I HoneySpace.HoneySpaceManagerContainer: getWindowBounds, key = (com.sec.android.app.launcher.Launcher, 0)
04-15 02:54:50.115  5448  5448 I HoneySpace.PageIndicatorView: init markerIconSize: 50, windowBounds: WindowBounds width=1080 height=2340, bounds=Rect(0, 0 - 1080, 2340), insets=Insets{left=0, top=91, right=0, bottom=144}, systemInsets=Insets{left=0, top=91, right=0, bottom=144}, cutout=Rect(0, 91 - 0, 0), gestureActionInsets=Insets{left=0, top=127, right=0, bottom=144}, insetsIgnoreCutout=Insets{left=0, top=91, right=0, bottom=144}, baseScreenSize=Point(1080, 2196)screenSizeIncludeCutout: Point(1080, 2196)
04-15 02:54:50.115  2471  2945 I ActivityManager: Start proc 24841:com.google.android.adservices.api/u0a315 for service {com.google.android.adservices.api/com.android.adservices.measurement.MeasurementService}
04-15 02:54:50.115  2471  2945 I ActivityManager: ProcessObserver broadcast disabled
04-15 02:54:50.116  5448  5448 I HoneySpace.WorkspaceViewModel: VMCHECK - Workspace(22280969)
04-15 02:54:50.116  5448  5448 I HoneySpace.WorkspaceViewModel: init grid (4, 6)
04-15 02:54:50.116  5448  5448 I HoneySpace.HoneySpaceManagerContainer: getWindowBounds, key = (com.sec.android.app.launcher.Launcher, 0)
04-15 02:54:50.116  5448  5448 I HoneySpace.PhoneIconStyleFactory: init densityDpi=480
04-15 02:54:50.116  5448  5448 I HoneySpace.PhoneIconStyleFactory: setDisplayOptionList 480 2
04-15 02:54:50.116  5448  5448 I HoneySpace.PhoneIconStyleFactory: setDisplayOptionList: 480 IconDisplayOption(itemSizeList=[ItemSize(size=0.144, isLand=false, hideLabel=false, adjustSizeByLevel=[{SMALL=-0.012}, {LARGE=0.008}]), ItemSize(size=0.147, isLand=true, hideLabel=false, adjustSizeByLevel=[{SMALL=-0.012}, {LARGE=0.008}]), ItemSize(size=0.152, isLand=false, hideLabel=true, adjustSizeByLevel=[{SMALL=-0.012}, {LARGE=0.008}]), ItemSize(size=0.147, isLand=true, hideLabel=true, adjustSizeByLevel=[{SMALL=-0.012}, {LARGE=0.008}])], iconDrawablePadding=0.003, iconDrawablePaddingLand=0.003, iconTextSize=11.0, iconTextSizeLand=11.0)
04-15 02:54:50.116  5448  5448 I HoneySpace.PhoneIconStyleFactory: setDisplayOptionList: 480 IconDisplayOption(itemSizeList=[ItemSize(size=0.198, isLand=false, hideLabel=false, adjustSizeByLevel=[{SMALL=-0.012}, {LARGE=0.014}]), ItemSize(size=0.198, isLand=true, hideLabel=false, adjustSizeByLevel=[{SMALL=-0.012}, {LARGE=0.008}]), ItemSize(size=0.198, isLand=false, hideLabel=true, adjustSizeByLevel=[{SMALL=-0.012}, {LARGE=0.014}]), ItemSize(size=0.198, isLand=true, hideLabel=true, adjustSizeByLevel=[{SMALL=-0.012}, {LARGE=0.008}])], iconDrawablePadding=0.003, iconDrawablePaddingLand=0.003, iconTextSize=12.3, iconTextSizeLand=12.3)
04-15 02:54:50.116  5448  5448 I HoneySpace.PhoneIconStyleFactory: setDisplayOptionList: 480 IconDisplayOption(itemSizeList=[ItemSize(size=0.168, isLand=false, hideLabel=false, adjustSizeByLevel=[{SMALL=-0.012}, {LARGE=0.014}]), ItemSize(size=0.147, isLand=true, hideLabel=false, adjustSizeByLevel=[{SMALL=-0.012}, {LARGE=0.008}]), ItemSize(size=0.177, isLand=false, hideLabel=true, adjustSizeByLevel=[{SMALL=-0.012}, {LARGE=0.014}]), ItemSize(size=0.172, isLand=true, hideLabel=true, adjustSizeByLevel=[{SMALL=-0.012}, {LARGE=0.008}])], iconDrawablePadding=0.003, iconDrawablePaddingLand=0.003, iconTextSize=11.0, iconTextSizeLand=11.0)
04-15 02:54:50.116  5448  5448 I HoneySpace.PhoneIconStyleFactory: setDisplayOptionList: 480 IconDisplayOption(itemSizeList=[ItemSize(size=0.198, isLand=false, hideLabel=false, adjustSizeByLevel=[{SMALL=-0.012}, {LARGE=0.014}]), ItemSize(size=0.198, isLand=true, hideLabel=false, adjustSizeByLevel=[{SMALL=-0.012}, {LARGE=0.008}]), ItemSize(size=0.198, isLand=false, hideLabel=true, adjustSizeByLevel=[{SMALL=-0.012}, {LARGE=0.014}]), ItemSize(size=0.198, isLand=true, hideLabel=true, adjustSizeByLevel=[{SMALL=-0.012}, {LARGE=0.008}])], iconDrawablePadding=0.003, iconDrawablePaddingLand=0.003, iconTextSize=12.3, iconTextSizeLand=12.3)
04-15 02:54:50.116  5448  5448 I HoneySpace.HoneySpaceManagerContainer: getWindowBounds, key = (com.sec.android.app.launcher.Launcher, 0)
04-15 02:54:50.116  5448  5448 I HoneySpace.WhiteBgColorChanger: changeTextColor, isDarkColor = false, isThemeText = true, IconStyle = LabelStyle(hideLabel=false, orientation=0, maxLine=1, textColor=-1, textSize=11.0, shadowRadius=0.0, shadowDx=0.0, shadowDy=0.0, shadowColor=0, applyThemeLabel=true, originalTextSize=11.0)
04-15 02:54:50.116  5448  5448 I HoneySpace.WorkspaceLayoutStyle: itemSize: 181 by StyleOption(hideOption=HideOption(default=false, iconItem=false, spannableItem=true), scale=1.0, sizeLevel=MEDIUM) 1080x2340
04-15 02:54:50.116  5448  5448 I HoneySpace.WorkspaceLayoutStyle: updateLayoutStyle ItemStyle(itemSize=181, contentSize=228, drawablePadding=3, hideBadge=false, position=Point(34, 27), labelStyle=LabelStyle(hideLabel=false, orientation=0, maxLine=1, textColor=-197380, textSize=11.0, shadowRadius=2.0, shadowDx=0.0, shadowDy=0.0, shadowColor=872415232, applyThemeLabel=true, originalTextSize=11.0), innerPadding=Point(8, 8), scale=1.0)
04-15 02:54:50.116  5448  5448 I HoneySpace.TemplateSpanManagerImpl: Use basic map
04-15 02:54:50.117  5448  5448 I HoneySpace.WidgetSizeUtil: templateGridMap is updated - hashCode: @6d90d58
04-15 02:54:50.117  5448  5448 I HoneySpace.TemplateSpanManagerImpl: Update - grid : Point(4, 6)
04-15 02:54:50.117  5448  5448 I HoneySpace.TemplateSpanManagerImpl: 	[Span size boundary]
04-15 02:54:50.117  5448  5448 I HoneySpace.TemplateSpanManagerImpl: 		tiny - Rect(1, 1 - 1, 1)
04-15 02:54:50.117  5448  5448 I HoneySpace.TemplateSpanManagerImpl: 		small - Rect(2, 1 - 3, 1)
04-15 02:54:50.117  5448  5448 I HoneySpace.TemplateSpanManagerImpl: 		widesmall - Rect(4, 1 - 4, 1)
04-15 02:54:50.117  5448  5448 I HoneySpace.TemplateSpanManagerImpl: 		medium - Rect(2, 2 - 3, 3)
04-15 02:54:50.117  5448  5448 I HoneySpace.TemplateSpanManagerImpl: 		large - Rect(4, 2 - 4, 3)
04-15 02:54:50.117  5448  5448 I HoneySpace.TemplateSpanManagerImpl: 		extralarge - Rect(4, 4 - 4, 5)
04-15 02:54:50.117  5448  5448 I HoneySpace.TemplateSpanManagerImpl: 		extralargelong - Rect(4, 6 - 4, 6)}
04-15 02:54:50.117  5448  5448 I HoneySpace.WorkspaceViewModel: save Workspace Grid State Point(4, 6)
04-15 02:54:50.117  5448  5448 I HoneySpace.WorkspaceViewModel: updateLayoutStyleInfo: C6.L, width = 1080, height = 2196, workspaceCellLayoutSize: (998, 1694), fastRecyclerViewPadding: (l = 41, t = 125, r = 41, b = 105), pageIndicatorBottomMargin: 272.3039
