04-15 02:54:50.039  5448  5448 I HoneySpace.WindowBounds: update window bounds, name = com.sec.android.app.launcher.Launcher, context = com.sec.android.app.launcher.Launcher, call from {com.sec.android.app.launcher.Launcher.onCreate(Unknown Source:95)}
04-15 02:54:50.039  5448  5448 I HoneySpace.WindowBounds: WindowBounds width=1080 height=2340, bounds=Rect(0, 0 - 1080, 2340), insets=Insets{left=0, top=91, right=0, bottom=144}, systemInsets=Insets{left=0, top=91, right=0, bottom=144}, cutout=Rect(0, 91 - 0, 0), gestureActionInsets=Insets{left=0, top=127, right=0, bottom=144}, insetsIgnoreCutout=Insets{left=0, top=91, right=0, bottom=144}, baseScreenSize=Point(1080, 2196)screenSizeIncludeCutout: Point(1080, 2196)
04-15 02:54:50.039  5448  5448 I HoneySpace.HoneySpaceManagerContainer: setUiInfo displayId=0
04-15 02:54:50.039  5448  5448 I HoneySpace.HoneySpaceManagerContainer: setHoneySpaceUiInfo displayId=0 uiContext=com.sec.android.app.launcher.Launcher@bcf5246 window=com.android.internal.policy.PhoneWindow@a7b8c07
04-15 02:54:50.039  5448  5448 I HoneySpace.HoneySystemControllerImpl: init
04-15 02:54:50.039  5448  5448 I HoneySpace.HoneySpaceManagerContainer: getHoneyActivityData 0 com.sec.android.app.launcher.Launcher@bcf5246
04-15 02:54:50.039  2471  2907 W PermissionService: getPermissionFlags: Unknown user -1
04-15 02:54:50.039  2471  2907 W PermissionService: getPermissionFlags: Unknown user -1
04-15 02:54:50.039  5448  5448 I HoneySpace.ScreenOffTimeout: RETURN setScreenOffDimDuration - com.android.internal.policy.PhoneWindow@a7b8c07, {(0,0)(fillxfill) sim={adjust=nothing} layoutInDisplayCutoutMode=shortEdges ty=APPLICATION fmt=TRANSPARENT wanim=0x1030306
04-15 02:54:50.039  5448  5448 I HoneySpace.ScreenOffTimeout:   fl=80910100
04-15 02:54:50.039  5448  5448 I HoneySpace.ScreenOffTimeout:   pfl=10008840
04-15 02:54:50.039  5448  5448 I HoneySpace.ScreenOffTimeout:   bhv=1
04-15 02:54:50.039  5448  5448 I HoneySpace.ScreenOffTimeout:   fitSides=0
04-15 02:54:50.039  5448  5448 I HoneySpace.ScreenOffTimeout:   frameRateBoostOnTouch=true
04-15 02:54:50.039  5448  5448 I HoneySpace.ScreenOffTimeout:   dvrrWindowFrameRateHint=true naviIconColor=0}, -1
04-15 02:54:50.039  5448  5448 I HoneySpace.BackgroundManagerImpl: addView: context = com.sec.android.app.launcher.Launcher@bcf5246 , hashcode = 198136390
04-15 02:54:50.040  5448  7654 I HoneySpace.HoneySystemControllerImpl: portraitMode = 1
04-15 02:54:50.040  5448  5448 I HoneySpace.WallpaperBlurView: isCurveEffectNeeded: true
04-15 02:54:50.040  5448  5448 I HoneySpace.BackgroundUtilsImpl: updateHomeUpBackgroundBlurData: BackgroundBlurData(enabled=false, scaleFactor=1.0, removeAllBlur=false)
04-15 02:54:50.040  9447  9548 I AccountTypeLoader: [C] add secure accounts (Knox:false, table:false)
04-15 02:54:50.040  9447  9548 I CscFeatureUtil: [C] getOpStyleVariation mOpStyleVariation (XAA)
04-15 02:54:50.040  9447  9548 I CscFeatureUtil: [C] getOpStyleVariation mOpStyleVariation (XAA)
04-15 02:54:50.041  2471  2907 D UsbDeviceManager: notifyAsUser: id=0 title=USB for charging phone
04-15 02:54:50.041  9447  9548 I CscFeatureUtil: [C] getOpStyleVariation mOpStyleVariation (XAA)
04-15 02:54:50.041  9447  9548 I CscFeatureUtil: [C] getOpStyleVariation mOpStyleVariation (XAA)
04-15 02:54:50.041  5448  5448 I HoneySpace.DensityInfo: update text ratio : 1.0
04-15 02:54:50.041  9447  9548 I CscFeatureUtil: [C] getOpStyleVariation mOpStyleVariation (XAA)
04-15 02:54:50.041  9447  9548 I CscFeatureUtil: [C] getOpStyleVariation mOpStyleVariation (XAA)
04-15 02:54:50.041  5448  5448 I HoneySpace.UIThread-Monitor: no start uiThreadMonitor
04-15 02:54:50.041  9447  9548 I CscFeatureUtil: [C] getOpStyleVariation mOpStyleVariation (XAA)
04-15 02:54:50.041  9447  9548 I CscFeatureUtil: [C] getOpStyleVariation mOpStyleVariation (XAA)
04-15 02:54:50.041  9447  9548 I CscFeatureUtil: [C] getOpStyleVariation mOpStyleVariation (XAA)
04-15 02:54:50.041  9447  9548 I AccountTypeLoader: [C] add readonly account (readonly:false, table:false, att:false)
04-15 02:54:50.041  9447  9548 I TelephonyDataSource: [C] isMultiSimModel multiSimConfig : dsds
04-15 02:54:50.041  9447  9548 I SimModel: [C] isMultiSimModel : true
04-15 02:54:50.041  9447  9548 I AccountTypeLoader: [C] add sim1 account(support:true, multi:true)
04-15 02:54:50.042  5448  5448 I HoneySpace.Launcher: !@Boot_EBS_D: Launcher.onStart()
04-15 02:54:50.042  5448  5448 I HoneySpace.Launcher: !@Boot_EBS_D: Launcher.onResume()
04-15 02:54:50.042  5448  5448 I HoneySpace.Launcher: updateLauncherShowing false -> true
04-15 02:54:50.043  5448  5448 I ViewRootImpl: dVRR is disabled
04-15 02:54:50.043  5448 23848 I HoneySpace.Memory-Monitor: cancelTrimIfNeeded
04-15 02:54:50.043 24787 24787 E libc    : SetHeapTaggingLevel: re-enabling tagging after it was disabled is not supported
04-15 02:54:50.043  5448 23852 I HoneySpace.Memory-Monitor: updateMaxHeap isHighScreenSize=false
04-15 02:54:50.044  5448 23852 I HoneySpace.Memory-Monitor: PROPERTY_HOME_MEMORY_CACHE_LEVEL: -1
04-15 02:54:50.044  5448 23852 I HoneySpace.Memory-Monitor: updateGraphicResourceCache curMemoryCacheLevel=1
04-15 02:54:50.044 24506 24718 W ffuz    : WebAccountServiceImpl#attemptSync failed.
04-15 02:54:50.044 24506 24718 W ffuz    : java.lang.IllegalArgumentException: Account must be in ENABLED state, but was UNSPECIFIED.
04-15 02:54:50.044 24506 24718 W ffuz    : 	at fscv.n(PG:16)
04-15 02:54:50.044 24506 24718 W ffuz    : 	at fiqq.apply(PG:31)
04-15 02:54:50.044 24506 24718 W ffuz    : 	at fkst.apply(PG:13)
04-15 02:54:50.044 24506 24718 W ffuz    : 	at fuxv.e(PG:3)
04-15 02:54:50.044 24506 24718 W ffuz    : 	at fuxw.run(PG:38)
04-15 02:54:50.044 24506 24718 W ffuz    : 	at fuzk.execute(PG:1)
04-15 02:54:50.044 24506 24718 W ffuz    : 	at fuxp.f(PG:1)
04-15 02:54:50.044 24506 24718 W ffuz    : 	at fuxp.iH(PG:42)
04-15 02:54:50.044 24506 24718 W ffuz    : 	at fuxw.g(PG:10)
04-15 02:54:50.044 24506 24718 W ffuz    : 	at fiqx.c(PG:19)
04-15 02:54:50.044 24506 24718 W ffuz    : 	at fisf.c(PG:9)
04-15 02:54:50.044 24506 24718 W ffuz    : 	at fgnh.invokeSuspend(PG:17)
04-15 02:54:50.044 24506 24718 W ffuz    : 	at fgnh.a(PG:12)
04-15 02:54:50.044 24506 24718 W ffuz    : 	at ftqd.b(PG:101)
04-15 02:54:50.044 24506 24718 W ffuz    : 	at ftqd.a(PG:18)
04-15 02:54:50.044 24506 24718 W ffuz    : 	at fgnl.invokeSuspend(PG:170)
04-15 02:54:50.044 24506 24718 W ffuz    : 	at fgnl.invoke(PG:34)
04-15 02:54:50.044 24506 24718 W ffuz    : 	at gmmd.a(PG:15)
04-15 02:54:50.044 24506 24718 W ffuz    : 	at glze.L(PG:53)
04-15 02:54:50.044 24506 24718 W ffuz    : 	at fgnr.d(PG:10)
04-15 02:54:50.044 24506 24718 W ffuz    : 	at ffuu.invokeSuspend(PG:120)
04-15 02:54:50.044 24506 24718 W ffuz    : 	at ffuu.invoke(PG:54)
04-15 02:54:50.044 24506 24718 W ffuz    : 	at gmmd.a(PG:15)
04-15 02:54:50.044 24506 24718 W ffuz    : 	at glze.L(PG:53)
04-15 02:54:50.044 24506 24718 W ffuz    : 	at ffuz.a(PG:10)
04-15 02:54:50.044 24506 24718 W ffuz    : 	at eusz.a(PG:157)
04-15 02:54:50.044 24506 24718 W ffuz    : 	at eusy.invokeSuspend(PG:12)
04-15 02:54:50.044 24506 24718 W ffuz    : 	at glpx.resumeWith(PG:12)
04-15 02:54:50.044 24506 24718 W ffuz    : 	at glzn.run(PG:110)
04-15 02:54:50.044 24506 24718 W ffuz    : 	at fjjd.run(PG:3)
04-15 02:54:50.044 24506 24718 W ffuz    : 	at doxt.run(PG:5)
04-15 02:54:50.044 24506 24718 W ffuz    : 	at ftox.run(PG:44)
04-15 02:54:50.044 24506 24718 W ffuz    : 	at doxk.run(PG:42)
04-15 02:54:50.044 24506 24718 W ffuz    : 	at java.lang.Thread.run(Thread.java:1119)
04-15 02:54:50.044 24506 24718 W ffuz    : 	at doyx.run(PG:62)
04-15 02:54:50.044  5448  6780 I HoneySpace.PredictionDataSourceImpl: requestPredictionUpdate 0 true
04-15 02:54:50.045 24506 24814 I CameraManagerGlobal: Connecting to camera service
04-15 02:54:50.045  5448 23848 I HoneySpace.Memory-Monitor: trimMemJob is canceled
04-15 02:54:50.045 24506 24814 D VendorTagDescriptor: addVendorDescriptor: vendor tag id 15622750491770684145 added
04-15 02:54:50.046  5448  6780 I HoneySpace.PredictionDataSourceImpl: requestPredictionUpdate 1 true
04-15 02:54:50.046 24506 24814 D VendorTagDescriptor: addVendorDescriptor: vendor tag id 8932615658386372252 added
04-15 02:54:50.046  2128  2341 D CameraService: addListenerHelper: Add listener 0xb400007c09c9a100, uid: 10273, pid: 24506
04-15 02:54:50.047  1526  1526 D Zygote  : Forked child process 24816
04-15 02:54:50.047  1608  1636 I HYPER-HAL: [RequestManager.cpp]acquire(): Acquired ID : 1400358  [1616 / 57]    HINT :      list : [TID_LOW_LATENCY / 1] [TID / 18871] [TID / 18872] [TID / 5448] [TID / 18873] 
04-15 02:54:50.047  2128  2341 I AttributionAndPermissionUtils: checkPermission (forDataDelivery 0 startDataDelivery 0): Permission hard denied for client attribution [uid 10273, pid 24506, packageName "<unknown>"]
04-15 02:54:50.047  2128  2341 I CameraService: getUidProcessState uid(10273) = (5)
04-15 02:54:50.047  2471  2945 I ActivityManager: Start proc 24816:com.google.android.webview:webview_service/u0a285 for service {com.google.android.webview/org.chromium.android_webview.services.ComponentsProviderService}
04-15 02:54:50.047  2471  2945 I ActivityManager: ProcessObserver broadcast disabled
04-15 02:54:50.048  2128  2341 D CameraService: addListenerHelper: CameraDeviceState for CameraManager
04-15 02:54:50.048  2471  8120 D InputTransport: Input channel constructed: '5c813e3', fd=1090
04-15 02:54:50.048  2471  8120 D InputTransport: Input channel constructed: '5c813e3', fd=1101
04-15 02:54:50.048  5180  5180 D Telephony: SamsungVoiceMailMwiManager: createChannelGroup, slotId: 1
04-15 02:54:50.048  2471  8120 D InputTransport: Input channel constructed: '5c813e3', fd=1104
04-15 02:54:50.048  2471  8120 D InputTransport: Input channel destroyed: '5c813e3', fd=1101
04-15 02:54:50.048  2471  8120 D WindowManager: prepareSync <SYNC_STATE_WAITING_FOR_DRAW>, mPrepareSyncSeqId=0, win=Window{5c813e3 u0 com.sec.android.app.launcher/com.sec.android.app.launcher.activities.LauncherActivity}
04-15 02:54:50.048  5180  5180 D Telephony: SamsungVoiceMailMwiManager: createChannelGroup, NotificationChannel{mId='SIM 2[SEC_SIM2]', mName=Notifications, mDescription=, mImportance=4, mBypassDnd=false, mLockscreenVisibility=-1000, mSound=content://settings/system/notification_sound_2, mLights=false, mLightColor=0, mVibrationPattern=null, mVibrationEffect=null, mUserLockedFields=0, mUserVisibleTaskShown=false, mVibrationEnabled=false, mShowBadge=true, mDeleted=false, mDeletedTimeMs=-1, mGroup='SIM_CARD_GROUP_2', mAudioAttributes=AudioAttributes: usage=USAGE_NOTIFICATION content=CONTENT_TYPE_SONIFICATION flags=0x800 tags= bundle=null, mBlockableSystem=false, mAllowBubbles=-1, mImportanceLockedByOEM=false, mImportanceLockedDefaultApp=false, mOriginalImp=-1000, mParent=null, mConversationId=null, mDemoted=false, mImportantConvo=false, mLastNotificationUpdateTimeMs=0, mSoundMissingReason=0}
04-15 02:54:50.048  1706  2063 D SurfaceFlinger: [input] setFocusedWindow: <null>
04-15 02:54:50.048  1706  5592 I SurfaceFlinger: id=203 createSurf, flag=84004, 5c813e3 com.sec.android.app.launcher/com.sec.android.app.launcher.activities.LauncherActivity#203
04-15 02:54:50.048 24506 24814 I CameraManager: registerAvailabilityCallback: Is device callback = false
04-15 02:54:50.048  2471  7939 D InputDispatcher: Once focus requested (0): <null>
04-15 02:54:50.048  2471  7939 D InputDispatcher: Focus request (0): <null> but waiting because NO_WINDOW
04-15 02:54:50.049 24506 24814 I CameraManagerGlobal: postSingleUpdate device: camera id 0 status STATUS_PRESENT
04-15 02:54:50.049 24506 24814 I CameraManagerGlobal: postSingleUpdate device: camera id 1 status STATUS_PRESENT
04-15 02:54:50.049 24506 24814 I CameraManagerGlobal: postSingleUpdate device: camera id 2 status STATUS_PRESENT
04-15 02:54:50.049 24506 24814 I CameraManagerGlobal: postSingleUpdate device: camera id 3 status STATUS_PRESENT
04-15 02:54:50.048  2471  7939 D InputDispatcher: Focus left window (0): 88c84bc com.sec.android.app.launcher/com.sec.android.app.launcher.activities.LauncherActivity
04-15 02:54:50.049  2471  8120 D RestrictionPolicy: isScreenCaptureEnabled : ret=true userId=0
04-15 02:54:50.049  2471  8120 D RestrictionPolicy: isScreenCaptureEnabled : ret=true userId=0
04-15 02:54:50.049 24506 24777 I CameraManagerGlobal: Camera 0 facing CAMERA_FACING_BACK state now CAMERA_STATE_CLOSED for client android.system API Level 2 User Id 0Device Id 0
04-15 02:54:50.049 24506 24777 I CameraManagerGlobal: Camera 1 facing CAMERA_FACING_FRONT state now CAMERA_STATE_CLOSED for client android.system API Level 2 User Id 0Device Id 0
04-15 02:54:50.049 24506 24777 I CameraManagerGlobal: Camera 2 facing CAMERA_FACING_BACK state now CAMERA_STATE_CLOSED for client android.system API Level 2 User Id 0Device Id 0
04-15 02:54:50.049 24506 24777 I CameraManagerGlobal: Camera 20 facing CAMERA_FACING_BACK state now CAMERA_STATE_CLOSED for client android.system API Level 2 User Id 0Device Id 0
04-15 02:54:50.049 24506 24777 I CameraManagerGlobal: Camera 21 facing CAMERA_FACING_BACK state now CAMERA_STATE_CLOSED for client android.system API Level 2 User Id 0Device Id 0
04-15 02:54:50.049 24506 24777 I CameraManagerGlobal: Camera 23 facing CAMERA_FACING_BACK state now CAMERA_STATE_CLOSED for client android.system API Level 2 User Id 0Device Id 0
04-15 02:54:50.050 24506 24777 I CameraManagerGlobal: Camera 3 facing CAMERA_FACING_FRONT state now CAMERA_STATE_CLOSED for client android.system API Level 2 User Id 0Device Id 0
04-15 02:54:50.050 24506 24777 I CameraManagerGlobal: Camera 4 facing CAMERA_FACING_FRONT state now CAMERA_STATE_CLOSED for client android.system API Level 2 User Id 0Device Id 0
04-15 02:54:50.050 24506 24777 I CameraManagerGlobal: Camera 52 facing CAMERA_FACING_BACK state now CAMERA_STATE_CLOSED for client android.system API Level 2 User Id 0Device Id 0
04-15 02:54:50.050 24506 24777 I CameraManagerGlobal: Camera 56 facing CAMERA_FACING_BACK state now CAMERA_STATE_CLOSED for client android.system API Level 2 User Id 0Device Id 0
04-15 02:54:50.050 24506 24777 I CameraManagerGlobal: Camera 58 facing CAMERA_FACING_BACK state now CAMERA_STATE_CLOSED for client android.system API Level 2 User Id 0Device Id 0
04-15 02:54:50.049  2471  8120 D InputTransport: Input channel destroyed: '5c813e3', fd=1104
04-15 02:54:50.050 24506 24777 I CameraManagerGlobal: Camera 90 facing CAMERA_FACING_FRONT state now CAMERA_STATE_CLOSED for client android.system API Level 2 User Id 0Device Id 0
04-15 02:54:50.050 24506 24798 E chromium: [ERROR:simple_file_enumerator.cc(21)] opendir /data/user/0/com.google.android.googlequicksearchbox/cache/webview_assistant/Default/HTTP Cache/Code Cache/js: No such file or directory (2)
04-15 02:54:50.050 24506 24798 E chromium: [ERROR:simple_index_file.cc(613)] Could not reconstruct index from disk
04-15 02:54:50.051  2471  4672 D BackgroundInstallControlService: Package event received: 0
04-15 02:54:50.051  5448  5448 I InsetsController: onStateChanged: host=com.sec.android.app.launcher/com.sec.android.app.launcher.activities.LauncherActivity, from=android.view.ViewRootImpl.onInsetsStateChanged:3026, state=InsetsState: {mDisplayFrame=Rect(0, 0 - 1080, 2340), mDisplayCutout=DisplayCutout{insets=Rect(0, 91 - 0, 0) waterfall=Insets{left=0, top=0, right=0, bottom=0} boundingRect={Bounds=[Rect(0, 0 - 0, 0), Rect(511, 0 - 569, 91), Rect(0, 0 - 0, 0), Rect(0, 0 - 0, 0)]} cutoutPathParserInfo={CutoutPathParserInfo{displayWidth=1080 displayHeight=2340 physicalDisplayWidth=1080 physicalDisplayHeight=2340 density={3.0} cutoutSpec={M 0,0 H -9.666666666666667 V 30.33333333333333 H 9.666666666666667 V 0 H 0 Z @dp} rotation={0} scale={1.0} physicalPixelDisplaySizeRatio={1.0}}} sideOverrides={}}, mRoundedCorners=RoundedCorners{[RoundedCorner{position=TopLeft, radius=108, center=Point(108, 108)}, RoundedCorner{position=TopRight, radius=108, center=Point(972, 108)}, RoundedCorner{position=BottomRight, radius=108, center=Point(972, 2232)}, RoundedCorner{position=BottomLeft, radius=108, center=Point(108, 2232)}]}  mRoundedCornerFrame=Rect(0, 0 - 1080, 2340), mPrivacyIndicatorBounds=PrivacyIndicatorBounds {static bounds=Rect(948, 0 - 1080, 91) rotation=0}, mDisplayShape=DisplayShape{ spec=1406003047 displayWidth=1080 displayHeight=2340 physicalPixelDisplaySizeRatio=1.0 rotation=0 offsetX=0 offsetY=0 scale=1.0}, mSources= { InsetsSource: {dd8a0001 mType=navigationBars mFrame=[0,2196][1080,2340] mVisible=true mFlags= mSideHint=BOTTOM mBoundingRects=null}, InsetsSource: {dd8a0004 mType=systemGestures mFrame=[0,0][0,0] mVisible=true mFlags= mSideHint=NONE mBoundingRects=null}, InsetsSource: {dd8a0005 mType=mandatorySystemGestures mFrame=[0,2196][1080,2340] mVisible=true mFlags= mSideHint=BOTTOM mBoundingRects=null}, InsetsSource: {dd8a0006 mType=tappableElement mFrame=[0,2196][1080,2340] mVisible=true mFlags= mSideHint=BOTTOM mBoundingRects=null}, InsetsSource: {dd8a0024 mType=systemGestures mFrame=[0,0][0,0] mVisible=true mFlags= mSideHint=NONE mBoundingRects=null}, InsetsSource: {3 mType=ime mFrame=[0,0][0,0] mVisible=false mFlags= mSideHint=NONE mBoundingRects=null}, InsetsSource: {27 mType=displayCutout mFrame=[0,0][1080,91] mVisible=true mFlags= mSideHint=TOP mBoundingRects=null}, InsetsSource: {74dd0000 mType=statusBars mFrame=[0,0][1080,91] mVisible=true mFlags= mSideHint=TOP mBoundingRects=null}, InsetsSource: {74dd0005 mType=mandatorySystemGestures mFrame=[0,0][1080,127] mVisible=true mFlags= mSideHint=TOP mBoundingRects=null}, InsetsSource: {74dd0006 mType=tappableElement mFrame=[0,0][1080,91] mVisible=true mFlags= mSideHint=TOP mBoundingRects=null} }
04-15 02:54:50.051  5448  5448 I VRI[LauncherActivity]@e8b0f64: synced displayState. AttachInfo displayState=2
04-15 02:54:50.051  5448  5448 I VRI[LauncherActivity]@e8b0f64: setView = com.android.internal.policy.DecorView@e9bbdd0 IsHRR=false mFlingFrameRateChange=0 TM=true
04-15 02:54:50.051  5448  5448 I VRI[CocktailBarService]@6337ba: handleResized, frames=ClientWindowFrames{frame=[1013,478][1080,820] display=[0,0][1080,2340] parentFrame=[0,0][0,0]} displayId=0 dragResizing=false compatScale=1.0 frameChanged=false attachedFrameChanged=false configChanged=true displayChanged=false compatScaleChanged=false dragResizingChanged=false
04-15 02:54:50.051  2471  2910 V WindowManager: Unknown focus tokens, dropping reportFocusChanged
04-15 02:54:50.052  5448  5448 I VRI[CocktailBarService]@6337ba: handleResized mSyncSeqId = 0
04-15 02:54:50.052  9157 24802 I SCS@AiSearch user 0: (IndexSearcherManager) remove: indexName: analogy
04-15 02:54:50.052  9447  9447 I PackageUpdatedReceiver: [C] action end: android.intent.action.LOCALE_CHANGED
04-15 02:54:50.052  9157 24802 I SCS@AiSearch user 0: (FileUtils) /data/user/0/com.samsung.android.scs/files/aisearch/indexes/analogy is created.
04-15 02:54:50.052  9157 24802 I SCS@AiSearch user 0: (FileUtils) /data/user/0/com.samsung.android.scs/files/aisearch/indexes/analogy/synonym_en-rUS is created.
04-15 02:54:50.053  5448  5448 I BLASTBufferQueue_Java: update, w= 67 h= 342 mName = VRI[CocktailBarService]@6337ba mNativeObject= 0xb40000706924e370 sc.mNativeObject= 0xb400006f8921cdd0 format= -2 caller= android.view.ViewRootImpl.updateBlastSurfaceIfNeeded:3574 android.view.ViewRootImpl.relayoutWindow:11685 android.view.ViewRootImpl.performTraversals:4804 android.view.ViewRootImpl.doTraversal:3924 android.view.ViewRootImpl$TraversalRunnable.run:12903 android.view.Choreographer$CallbackRecord.run:1901 
04-15 02:54:50.053  5448  5448 I VRI[CocktailBarService]@6337ba: Relayout returned: old=(1013,478,1080,820) new=(1013,478,1080,820) relayoutAsync=true req=(67,342)0 dur=0 res=0x0 s={true 0xb4000070a9270210} ch=false seqId=0
04-15 02:54:50.053  5448  5448 I VRI[CocktailBarService]@6337ba: Creating new active sync group VRI[CocktailBarService]@6337ba#7
04-15 02:54:50.054  5448 18871 I VRI[CocktailBarService]@6337ba: mWNT: t=0xb40000718926c9d0 mBlastBufferQueue=0xb40000706924e370 fn= 30 HdrRenderState mRenderHdrSdrRatio=1.0 caller= android.view.ViewRootImpl$12.onFrameDraw:15441 android.view.ThreadedRenderer$1.onFrameDraw:718 <bottom of call stack> 
04-15 02:54:50.054  5448 18871 I VRI[CocktailBarService]@6337ba: Setting up sync and frameCommitCallback
04-15 02:54:50.054 24787 24787 I ocessService0:0: Using CollectorTypeCMC GC.
04-15 02:54:50.054  2471  2471 D TspStateManager: updateCustomValue customSetting=
04-15 02:54:50.055  2471  2471 D SGM:GameManager: onDisplayChanged. displyId: 0, state: 2
04-15 02:54:50.055  2471  2471 D AODManagerService: requestReCalToTSP IsSingleTouchMode = falserequestedReCalToTSP = false / previousDisplayState = ON
04-15 02:54:50.055  2471 10760 I WindowManager: Relayout Window{eed5e16 u0 com.sec.android.app.launcher/com.samsung.app.honeyspace.edge.edgepanel.app.CocktailBarService}: viewVisibility=0 req=67x342 ty=2226 d0
04-15 02:54:50.055  2471 10760 D SurfaceComposerClient: setCornerRadius ## 5c813e3 com.sec.android.app.launcher/com.sec.android.app.launcher.activities.LauncherActivity#203 cornerRadius=0.000000
04-15 02:54:50.055  2471 10760 D SurfaceComposerClient: setCornerRadius ## 5c813e3 com.sec.android.app.launcher/com.sec.android.app.launcher.activities.LauncherActivity#203 cornerRadius=0.000000
04-15 02:54:50.055  2471 10760 D BLASTSyncEngine: SyncGroup 11:  Unfinished container: ActivityRecord{246116651 u0 com.sec.android.app.launcher/.activities.LauncherActivity t12} mSyncState=2
04-15 02:54:50.056  1706  1706 I SurfaceFlinger: [5c813e3 com.sec.android.app.launcher/com.sec.android.app.launcher.activities.LauncherActivity#203] attach to parent LayerHierarchy{RequestedLayerState{ActivityRecord{246116651 u0 com.sec.android.app.launcher/.activities.LauncherActivity t12}#192 parentId=191} 4 children}
04-15 02:54:50.056  2471 10760 I WindowManager: Relayout hash=eed5e16, pid=0, syncId=-1: mAttrs={(0,478)(67x342) gr=TOP RIGHT CENTER sim={adjust=nothing forwardNavigation} layoutInDisplayCutoutMode=always ty=2226 fmt=TRANSPARENT
04-15 02:54:50.056  2471 10760 I WindowManager:   fl=81800108
04-15 02:54:50.056  2471 10760 I WindowManager:   pfl=10000070
04-15 02:54:50.056  2471 10760 I WindowManager:   apr=10
04-15 02:54:50.056  2471 10760 I WindowManager:   bhv=1
04-15 02:54:50.056  2471 10760 I WindowManager:   frameRateBoostOnTouch=true
04-15 02:54:50.056  2471 10760 I WindowManager:   dvrrWindowFrameRateHint=true
04-15 02:54:50.056  2471 10760 I WindowManager:  dimAmount=0.0 dimDuration=0 naviIconColor=0
04-15 02:54:50.056  2471 10760 I WindowManager:   sfl=20000}
04-15 02:54:50.056  5180  5180 D SatelliteController: registerForSatelliteModemStateChanged: add Listeners for ModemState
04-15 02:54:50.056  5180  5180 E SatelliteController: registerForSatelliteModemStateChanged: mSatelliteSessionController is not initialized yet
04-15 02:54:50.056 24787 24787 E ocessService0:0: Not starting debugger since process cannot load the jdwp agent.
04-15 02:54:50.056  6203  6443 I EPDG -- SIM0 IwlanNetworkService: requestNetworkRegistrationInfo for domain 2
04-15 02:54:50.061  6203  7020 I EPDG -- SIM0 IwlanNetworkService: Calling onRequestNetworkRegistrationInfoComplete.resultCode = 0, netState = NetworkRegistrationInfo{ domain=PS transportType=WLAN registrationState=UNKNOWN networkRegistrationState=UNKNOWN roamingType=NOT_ROAMING accessNetworkTechnology=IWLAN rejectCause=0 emergencyEnabled=false availableServices=[] cellIdentity=null voiceSpecificInfo=null dataSpecificInfo=null nrState=**** rRplmn= isUsingCarrierAggregation=false isNonTerrestrialNetwork=TERRESTRIAL}
04-15 02:54:50.061  5448 18873 W qdgralloc: getInterlacedFlag: getMetaData returned 3, defaulting to interlaced_flag = 0
04-15 02:54:50.062  5448 18873 I VRI[CocktailBarService]@6337ba: Received frameCommittedCallback lastAttemptedDrawFrameNum=30 didProduceBuffer=true
04-15 02:54:50.062  2471 10760 D WindowManager: finishDrawingWindow: Window{eed5e16 u0 com.sec.android.app.launcher/com.samsung.app.honeyspace.edge.edgepanel.app.CocktailBarService} mDrawState=DRAW_PENDING seqId=0
04-15 02:54:50.063  2471  2911 V WindowManager: performShowLocked: mDrawState=HAS_DRAWN in Window{eed5e16 u0 com.sec.android.app.launcher/com.samsung.app.honeyspace.edge.edgepanel.app.CocktailBarService}
04-15 02:54:50.063  2471  2911 D SurfaceComposerClient: setCornerRadius ## 5c813e3 com.sec.android.app.launcher/com.sec.android.app.launcher.activities.LauncherActivity#203 cornerRadius=0.000000
04-15 02:54:50.063  2471  2911 D BLASTSyncEngine: SyncGroup 11:  Unfinished container: ActivityRecord{246116651 u0 com.sec.android.app.launcher/.activities.LauncherActivity t12} mSyncState=2
04-15 02:54:50.063  2471  6894 D CoreBackPreview: Window{5c813e3 u0 com.sec.android.app.launcher/com.sec.android.app.launcher.activities.LauncherActivity}: Setting back callback OnBackInvokedCallbackInfo{mCallback=android.window.IOnBackInvokedCallback$Stub$Proxy@eb39e0d, mPriority=0, mIsAnimationCallback=false, mOverrideBehavior=0}
04-15 02:54:50.063  2471  3539 I WindowManager: Relayout Window{5c813e3 u0 com.sec.android.app.launcher/com.sec.android.app.launcher.activities.LauncherActivity}: viewVisibility=0 req=1080x2340 ty=1 d0
04-15 02:54:50.064  1706  1911 I SurfaceFlinger: id=204 createSurf, flag=44004, com.sec.android.app.launcher/com.sec.android.app.launcher.activities.LauncherActivity$_5448#204
04-15 02:54:50.064  2471  3539 D WindowManager: makeSurface duration=0 name=com.sec.android.app.launcher/com.sec.android.app.launcher.activities.LauncherActivity$_5448
04-15 02:54:50.064  2471  3539 D SurfaceComposerClient: setCornerRadius ## 5c813e3 com.sec.android.app.launcher/com.sec.android.app.launcher.activities.LauncherActivity#203 cornerRadius=0.000000
04-15 02:54:50.064  1706  1706 I SurfaceFlinger: [com.sec.android.app.launcher/com.sec.android.app.launcher.activities.LauncherActivity$_5448#204] attach to parent LayerHierarchy{RequestedLayerState{5c813e3 com.sec.android.app.launcher/com.sec.android.app.launcher.activities.LauncherActivity#203 parentId=192} 1 children}
04-15 02:54:50.064  2471  3539 D SurfaceComposerClient: setCornerRadius ## 5c813e3 com.sec.android.app.launcher/com.sec.android.app.launcher.activities.LauncherActivity#203 cornerRadius=0.000000
04-15 02:54:50.064  2471  3539 D BLASTSyncEngine: SyncGroup 11:  Unfinished container: ActivityRecord{246116651 u0 com.sec.android.app.launcher/.activities.LauncherActivity t12} mSyncState=2
04-15 02:54:50.064  2471  3539 D WindowManager: Changing focus from null to Window{5c813e3 u0 com.sec.android.app.launcher/com.sec.android.app.launcher.activities.LauncherActivity} displayId=0 Callers=com.android.server.wm.WindowManagerService.relayoutWindow:1350 com.android.server.wm.Session.relayout:27 android.view.IWindowSession$Stub.onTransact:829 com.android.server.wm.Session.onTransact:1 
04-15 02:54:50.064  2471  3539 V SystemKeyManager: updateFocusedWindow() is called, com.sec.android.app.launcher/com.sec.android.app.launcher.activities.LauncherActivity
04-15 02:54:50.065  2471  3539 I WindowManager: Relayout hash=5c813e3, pid=5448, syncId=-1: mAttrs={(0,0)(fillxfill) sim={adjust=nothing} layoutInDisplayCutoutMode=always ty=BASE_APPLICATION fmt=TRANSPARENT wanim=0x1030306
04-15 02:54:50.065  2471  3539 I WindowManager:   fl=81910100
04-15 02:54:50.065  2471  3539 I WindowManager:   pfl=100088c0
04-15 02:54:50.065  2471  3539 I WindowManager:   bhv=2
04-15 02:54:50.065  2471  3539 I WindowManager:   fitSides=0
04-15 02:54:50.065  2471  3539 I WindowManager:   frameRateBoostOnTouch=true
04-15 02:54:50.065  2471  3539 I WindowManager:   dvrrWindowFrameRateHint=true naviIconColor=0}
04-15 02:54:50.065  5448  5448 I BufferQueueProducer: [](id:154800000002,api:0,p:1764015888,c:5448) setDequeueTimeout:2077252342
04-15 02:54:50.065 24787 24787 D nativeloader: Load libframework-connectivity-tiramisu-jni.so using APEX ns com_android_tethering for caller /apex/com.android.tethering/javalib/framework-connectivity-t.jar: ok
04-15 02:54:50.065  5448  5448 I BLASTBufferQueue_Java: new BLASTBufferQueue, mName= VRI[LauncherActivity]@e8b0f64 mNativeObject= 0xb40000706925f480 caller= android.view.ViewRootImpl.updateBlastSurfaceIfNeeded:3585 android.view.ViewRootImpl.relayoutWindow:11685 android.view.ViewRootImpl.performTraversals:4804 android.view.ViewRootImpl.doTraversal:3924 android.view.ViewRootImpl$TraversalRunnable.run:12903 android.view.Choreographer$CallbackRecord.run:1901 android.view.Choreographer$CallbackRecord.run:1910 android.view.Choreographer.doCallbacks:1367 android.view.Choreographer.doFrame:1292 android.view.Choreographer$FrameDisplayEventReceiver.run:1870 
04-15 02:54:50.065  5448  5448 I BLASTBufferQueue_Java: update, w= 1080 h= 2340 mName = VRI[LauncherActivity]@e8b0f64 mNativeObject= 0xb40000706925f480 sc.mNativeObject= 0xb400006f8921cad0 format= -2 caller= android.view.ViewRootImpl.updateBlastSurfaceIfNeeded:3590 android.view.ViewRootImpl.relayoutWindow:11685 android.view.ViewRootImpl.performTraversals:4804 android.view.ViewRootImpl.doTraversal:3924 android.view.ViewRootImpl$TraversalRunnable.run:12903 android.view.Choreographer$CallbackRecord.run:1901 
04-15 02:54:50.066  5448  5448 I VRI[LauncherActivity]@e8b0f64: Relayout returned: old=(0,0,1080,2340) new=(0,0,1080,2340) relayoutAsync=false req=(1080,2340)0 dur=2 res=0x3 s={true 0xb4000070a92a46f0} ch=true seqId=0
04-15 02:54:50.066  5448  5448 I VRI[LauncherActivity]@e8b0f64: performConfigurationChange setNightDimText nightDimLevel=0
04-15 02:54:50.066  3492  3519 D SemNativeCarrierFeature_vendor: getInstance
04-15 02:54:50.067 24787 24787 D ActivityThread: setConscryptValidator
04-15 02:54:50.067 24787 24787 D ActivityThread: setConscryptValidator - put
04-15 02:54:50.067  2471  2911 V WindowManager: Collecting in transition 11: WallpaperWindowToken{36e425a showWhenLocked=false}_<system>, caller=com.android.server.wm.TransitionController.collect:7 com.android.server.wm.WallpaperWindowToken.setVisibility:55 com.android.server.wm.WallpaperController.adjustWallpaperWindows:857 com.android.server.wm.RootWindowContainer.applySurfaceChangesTransaction$1:141 com.android.server.wm.RootWindowContainer.performSurfacePlacementNoTrace:59 
04-15 02:54:50.067  2471  2911 D SurfaceComposerClient: setCornerRadius ## 5c813e3 com.sec.android.app.launcher/com.sec.android.app.launcher.activities.LauncherActivity#203 cornerRadius=0.000000
04-15 02:54:50.067  5448  5448 I HoneySpace.Launcher: onConfigurationChanged newConfig: {1.0 ?mcc0mnc [en] ldltr sw360dp w360dp h780dp 480dpi nrml long hdr widecg port finger -keyb/v/h -nav/h winConfig={ mBounds=Rect(0, 0 - 1080, 2340) mAppBounds=Rect(0, 0 - 1080, 2340) mMaxBounds=Rect(0, 0 - 1080, 2340) mDisplayRotation=ROTATION_0 mWindowingMode=fullscreen mActivityType=home mAlwaysOnTop=undefined mRotation=ROTATION_0 mStageConfig=undefined mEmbedActivityMode=undefined mPopOver=off mOverlappingWithCutout=false} as.5 s.5 fontWeightAdjustment=0 ff=0 bf=-1 bts=0 cst=1.0 nightDim=0 themeSeq=0}
04-15 02:54:50.067  5448  5448 I HoneySpace.Launcher: onConfigurationChanged oldConfig: {1.0 ?mcc0mnc [en] ldltr sw360dp w360dp h702dp 480dpi nrml long hdr widecg port finger -keyb/v/h -nav/h winConfig={ mBounds=Rect(0, 0 - 1080, 2340) mAppBounds=Rect(0, 0 - 1080, 2340) mMaxBounds=Rect(0, 0 - 1080, 2340) mDisplayRotation=ROTATION_0 mWindowingMode=fullscreen mActivityType=home mAlwaysOnTop=undefined mRotation=ROTATION_0 mStageConfig=undefined mEmbedActivityMode=undefined mPopOver=off mOverlappingWithCutout=false} as.5 s.4 fontWeightAdjustment=0 ff=0 bf=-1 bts=0 cst=1.0 nightDim=0 themeSeq=0}
04-15 02:54:50.067  2471  2911 D SurfaceComposerClient: setCornerRadius ## 5c813e3 com.sec.android.app.launcher/com.sec.android.app.launcher.activities.LauncherActivity#203 cornerRadius=0.000000
04-15 02:54:50.067  5448  5448 I HoneySpace.HoneySpaceManagerContainer: onConfigurationChanged 0 S6.r@23abe69
04-15 02:54:50.067  5448  5448 I HoneySpace.HoneySpaceManagerContainer: getWindowBounds, key = (com.sec.android.app.launcher.Launcher, 0)
04-15 02:54:50.067  5448  5448 I HoneySpace.HoneySpaceManagerContainer: skip update windowBounds with same bounds
04-15 02:54:50.067  2471  2911 D BLASTSyncEngine: SyncGroup 11:  Unfinished container: ActivityRecord{246116651 u0 com.sec.android.app.launcher/.activities.LauncherActivity t12} mSyncState=2
04-15 02:54:50.068  5448  5448 I HoneySpace.HoneySpaceManagerContainer: register compose job completion handler for configuration changed , configDiff: 1024, newConfig: {1.0 ?mcc0mnc [en] ldltr sw360dp w360dp h780dp 480dpi nrml long hdr widecg port finger -keyb/v/h -nav/h winConfig={ mBounds=Rect(0, 0 - 1080, 2340) mAppBounds=Rect(0, 0 - 1080, 2340) mMaxBounds=Rect(0, 0 - 1080, 2340) mDisplayRotation=ROTATION_0 mWindowingMode=fullscreen mActivityType=home mAlwaysOnTop=undefined mRotation=ROTATION_0 mStageConfig=undefined mEmbedActivityMode=undefined mPopOver=off mOverlappingWithCutout=false} as.5 s.5 fontWeightAdjustment=0 ff=0 bf=-1 bts=0 cst=1.0 nightDim=0 themeSeq=0}
04-15 02:54:50.068  5448  5448 I HoneySpace.BackgroundManagerImpl: onConfigurationChanged[context=com.sec.android.app.launcher.Launcher@bcf5246]
04-15 02:54:50.068  5448  5448 I HoneySpace.Memory-Monitor: onConfigurationChanged diff=400, screenResolutionChanged=false, foldingChanged=false
04-15 02:54:50.068  5448  5448 I HoneySpace.Launcher: onConfigurationChanged end
04-15 02:54:50.068  5448  5448 I ScrimView: setCurrentFlatColor alphaProgress = 0.000, currentFlatColor = 0
04-15 02:54:50.069  5448  5448 I VRI[LauncherActivity]@e8b0f64: Creating new active sync group VRI[LauncherActivity]@e8b0f64#9
04-15 02:54:50.069  9447  9548 I EsimUtil: [C] esimState MEP : Finally not esim, slot = 0
04-15 02:54:50.069  5448 18872 I VRI[LauncherActivity]@e8b0f64: mWNT: t=0xb400007189271a50 mBlastBufferQueue=0xb40000706925f480 fn= 1 HdrRenderState mRenderHdrSdrRatio=1.0 caller= android.view.ViewRootImpl$12.onFrameDraw:15441 android.view.ThreadedRenderer$1.onFrameDraw:718 <bottom of call stack> 
04-15 02:54:50.069  5448 18872 I VRI[LauncherActivity]@e8b0f64: Setting up sync and frameCommitCallback
04-15 02:54:50.069  9447  9548 I CmcSettingManager: cmc activation : 0
04-15 02:54:50.069  9447  9548 I TelephonyDataSource: [C] isMultiSimModel multiSimConfig : dsds
04-15 02:54:50.069  5448 18873 W qdgralloc: getInterlacedFlag: getMetaData returned 3, defaulting to interlaced_flag = 0
04-15 02:54:50.069  9447  9548 I SimModel: [C] isMultiSimModel : true
04-15 02:54:50.070  5448 18873 I BLASTBufferQueue: [VRI[LauncherActivity]@e8b0f64#2](f:0,a:0,s:0) onFrameAvailable the first frame is available
04-15 02:54:50.070  5448 18873 I SurfaceComposerClient: apply transaction with the first frame. layerId: 204, bufferData(ID: 23398981828619, frameNumber: 1)
04-15 02:54:50.070  5448 18873 I VRI[LauncherActivity]@e8b0f64: Received frameCommittedCallback lastAttemptedDrawFrameNum=1 didProduceBuffer=true
04-15 02:54:50.070  1706  1911 I SurfaceFlinger: [com.sec.android.app.launcher/com.sec.android.app.launcher.activities.LauncherActivity$_5448#204] setTransactionState with the first frame. bufferData(ID: 23398981828619, frameNumber: 1)
04-15 02:54:50.070  2471 10760 D WindowManager: finishDrawingWindow: Window{5c813e3 u0 com.sec.android.app.launcher/com.sec.android.app.launcher.activities.LauncherActivity} mDrawState=DRAW_PENDING seqId=0
04-15 02:54:50.070  2471 10760 I WindowManager: finishDrawing of relaunch: Window{5c813e3 u0 com.sec.android.app.launcher/com.sec.android.app.launcher.activities.LauncherActivity} 108ms
04-15 02:54:50.071  1526  1526 D Zygote  : Forked child process 24830
04-15 02:54:50.071  2471  2911 D SurfaceComposerClient: setCornerRadius ## 5c813e3 com.sec.android.app.launcher/com.sec.android.app.launcher.activities.LauncherActivity#203 cornerRadius=0.000000
04-15 02:54:50.071  2471  2911 V WindowManager: performShowLocked: mDrawState=HAS_DRAWN in Window{5c813e3 u0 com.sec.android.app.launcher/com.sec.android.app.launcher.activities.LauncherActivity}
04-15 02:54:50.071  2471  2911 D SurfaceComposerClient: setCornerRadius ## 5c813e3 com.sec.android.app.launcher/com.sec.android.app.launcher.activities.LauncherActivity#203 cornerRadius=0.000000
04-15 02:54:50.071  5448  5448 I HoneySpace.EdgePanel.ConfigurationObserver: onConfigurationChanged : orientation = false densityDpi = false sw = false darkMode = false navigation = false h = true w = false fontWeight = false folded in smartview = false
04-15 02:54:50.072  2471  2911 D BLASTSyncEngine: SyncGroup 11:  Unfinished container: WindowToken{b1542bc type=2000 android.os.BinderProxy@85e968e} mSyncState=2
04-15 02:54:50.072  2471  2911 D SurfaceComposerClient: setCornerRadius ## 5c813e3 com.sec.android.app.launcher/com.sec.android.app.launcher.activities.LauncherActivity#203 cornerRadius=0.000000
04-15 02:54:50.072  2471  8120 D KNOX_MDM_SettingsProvider: isChangeAllowed() : name = edge_panel_width
04-15 02:54:50.072  2471  8120 D KNOX_MDM_SettingsProvider: edmUri: content://com.sec.knox.provider/RestrictionPolicy3
04-15 02:54:50.072  2471  8120 D KNOX_MDM_SettingsProvider: projectionArgs: isSettingsChangesAllowed
04-15 02:54:50.072  2471  8120 D KNOX_MDM_SettingsProvider: selectionArgs: false
04-15 02:54:50.072  2471  8120 D KNOX_MDM_SettingsProvider: selectionArgs: 10155
04-15 02:54:50.072  2471  8120 D SecContentProvider: query(), uri = 17 selection = isSettingsChangesAllowed
04-15 02:54:50.072  2471  8120 D SecContentProvider: called from com.sec.android.app.launcher
04-15 02:54:50.072  2471  8120 D RestrictionPolicy: isSettingsChangesAllowedAsUser, userId 0 : true
04-15 02:54:50.072  2471  8120 D KNOX_MDM_SettingsProvider: ret = 1
04-15 02:54:50.072  2471  3539 D KNOX_MDM_SettingsProvider: isChangeAllowed() : name = edge_panel_height
04-15 02:54:50.072  2471  3539 D KNOX_MDM_SettingsProvider: edmUri: content://com.sec.knox.provider/RestrictionPolicy3
04-15 02:54:50.072  2471  3539 D KNOX_MDM_SettingsProvider: projectionArgs: isSettingsChangesAllowed
04-15 02:54:50.072  2471  3539 D KNOX_MDM_SettingsProvider: selectionArgs: false
04-15 02:54:50.072  2471  3539 D KNOX_MDM_SettingsProvider: selectionArgs: 10155
04-15 02:54:50.072  9447  9548 I SimModel: [C] CompleteActiveSubscriptionInfoList : 0
04-15 02:54:50.072  2471  3539 D SecContentProvider: query(), uri = 17 selection = isSettingsChangesAllowed
04-15 02:54:50.072  2471  3539 D SecContentProvider: called from com.sec.android.app.launcher
04-15 02:54:50.072  2471  3539 D RestrictionPolicy: isSettingsChangesAllowedAsUser, userId 0 : true
04-15 02:54:50.072  2471  3539 D KNOX_MDM_SettingsProvider: ret = 1
04-15 02:54:50.072  9447  9548 I SimDataSource: [C] getSimIconIndex() iccTypeSlot : 0,0
04-15 02:54:50.072  9447  9548 I SimDataSource: [C] getSimIconIndex() [0] nIndex : 14
04-15 02:54:50.072  9447  9548 I SimDataSource: [C] getSimIcon(0) simIcon: 2131231693, iconIdx: 14
04-15 02:54:50.072  2471  3539 D SettingsProvider: PUT_ret(/global/edge_panel_height), callingPackage:com.sec.android.app.launcher
04-15 02:54:50.072  2471  3667 D SGM:FgCheckThread: onLooperPrepared(), msg: MSG_LCD_ON
04-15 02:54:50.072  5448  5448 I HoneySpace.EdgePanel.CocktailContextUtils: Device SW - 360, SW - 360 false
04-15 02:54:50.073  5448  5448 I HoneySpace.EdgePanel.CocktailProviderRepositoryImpl: EdgePanel.HandleSettingUtils cs : 10.644105, cl : 29.475985, ch : 18.668121, ps : 10.644105, pl : 29.475985, ph : 18.668121, ah : 1832
04-15 02:54:50.073  5448  5448 I HoneySpace.EdgePanel.CocktailProviderRepositoryImpl: EdgePanel.HandleSettingUtils setHandlerSize: size% : 18.668121
04-15 02:54:50.073  2471  5329 D KNOX_MDM_SettingsProvider: isChangeAllowed() : name = edge_handle_size_percent
04-15 02:54:50.073  2471  5329 D KNOX_MDM_SettingsProvider: edmUri: content://com.sec.knox.provider/RestrictionPolicy3
04-15 02:54:50.073  2471  5329 D KNOX_MDM_SettingsProvider: projectionArgs: isSettingsChangesAllowed
04-15 02:54:50.073  2471  5329 D KNOX_MDM_SettingsProvider: selectionArgs: false
04-15 02:54:50.073  2471  5329 D KNOX_MDM_SettingsProvider: selectionArgs: 10155
04-15 02:54:50.073  2471  5329 D SecContentProvider: query(), uri = 17 selection = isSettingsChangesAllowed
04-15 02:54:50.073  2471  5329 D SecContentProvider: called from com.sec.android.app.launcher
04-15 02:54:50.073  2471  5329 D RestrictionPolicy: isSettingsChangesAllowedAsUser, userId 0 : true
04-15 02:54:50.073  2471  5329 D KNOX_MDM_SettingsProvider: ret = 1
04-15 02:54:50.073  5448  5448 I HoneySpace.EdgePanel.ConfigurationObserver: EdgeConfigOperation.ConfigChanged false true true false false
04-15 02:54:50.073  5448  5448 I HoneySpace.EdgePanel.EdgePot: updateData init_view
04-15 02:54:50.077  5448  6780 I HoneySpace.EdgePanel.CocktailProvider: call method=updateHandlerSizeHistory
04-15 02:54:50.077  5448  6780 I HoneySpace.EdgePanel.CocktailProvider: call method=updateHandlerSizeHistory
04-15 02:54:50.077  5448  5448 I HoneySpace.EdgePanel.HandleSettingUtils: getTriggerMarginOnTop retY=478 halfHandleSize=171 getTriggerPosition=18.660288
04-15 02:54:50.078  2471  2911 D SurfaceComposerClient: setCornerRadius ## 5c813e3 com.sec.android.app.launcher/com.sec.android.app.launcher.activities.LauncherActivity#203 cornerRadius=0.000000
04-15 02:54:50.078  2471  5329 D KNOX_MDM_SettingsProvider: isChangeAllowed() : name = edge_panel_height
04-15 02:54:50.078  2471  5329 D KNOX_MDM_SettingsProvider: edmUri: content://com.sec.knox.provider/RestrictionPolicy3
04-15 02:54:50.078  2471  5329 D KNOX_MDM_SettingsProvider: projectionArgs: isSettingsChangesAllowed
04-15 02:54:50.078  2471  5329 D KNOX_MDM_SettingsProvider: selectionArgs: false
04-15 02:54:50.078  2471  5329 D KNOX_MDM_SettingsProvider: selectionArgs: 10155
04-15 02:54:50.078  2471  5329 D SecContentProvider: query(), uri = 17 selection = isSettingsChangesAllowed
04-15 02:54:50.078  2471  5329 D SecContentProvider: called from com.sec.android.app.launcher
04-15 02:54:50.078  2471  5329 D RestrictionPolicy: isSettingsChangesAllowedAsUser, userId 0 : true
04-15 02:54:50.078  2471  5329 D KNOX_MDM_SettingsProvider: ret = 1
04-15 02:54:50.078  2471  2911 D BLASTSyncEngine: SyncGroup 11:  Unfinished container: WindowToken{b1542bc type=2000 android.os.BinderProxy@85e968e} mSyncState=2
04-15 02:54:50.078  2471  5329 D SettingsProvider: PUT_ret(/global/edge_panel_height), callingPackage:com.sec.android.app.launcher
04-15 02:54:50.078  2471  2945 I ActivityManager: Start proc 24830:com.samsung.android.da.daagent/1000 for broadcast {com.samsung.android.da.daagent/com.samsung.android.da.daagent.receiver.DualAppIntentReceiver}
04-15 02:54:50.078  4796  4796 D NavBarView: disableBack=false (isBackDismissIme=false, handlingGestures=false, disabledFlagBack=false, isBottomGesture=false, isImeRenderingNavButtons=false)
04-15 02:54:50.078  2471  2945 I ActivityManager: ProcessObserver broadcast disabled
04-15 02:54:50.079  4796  4796 D Navbar.Store: handleEvent(0) OnUpdateSysUiStateFlag(noArguments=true) [Module] SamsungNavigationBarView
04-15 02:54:50.079  3492  3519 D SemNativeCarrierFeature_vendor: getInstance
04-15 02:54:50.079  4796  4796 D Navbar.Store: --[Band]GESTURE_PACK_UPDATE_SYSTEMUI_STATE_FLAG
04-15 02:54:50.079  4796  4796 D Navbar.Store: --[Band] (afterAction) GESTURE_PACK_UPDATE_SYSTEMUI_STATE_FLAG
04-15 02:54:50.079  5448  5448 I HoneySpace.EdgePanel.EdgeWindowController: updateHandleWindow: 342 478 true
04-15 02:54:50.079  4796  4796 D Navbar.Store: handleEvent(0) OnNavBarUpdateA11YService(clickable=false, longClickable=false) [Module] NavigationBar
04-15 02:54:50.079  4796  4796 D Navbar.Store: --[Band]SETUPWIZARD_PACK_UPDATE_A11Y_SERVICE
04-15 02:54:50.079  5448  5448 I DecorView: setWindowBackground: isPopOver=false color=0 d=android.graphics.drawable.ColorDrawable@11a98ee
04-15 02:54:50.080  5448  5448 I HoneySpace.EdgePanel.EdgeWindowController: handleUpdateWindowParam
04-15 02:54:50.080  5448  5448 I HoneySpace.EdgePanel.EdgeWindowController: updateTouchRect: dynamicInputRegion=254724867@LastEvent=t=1776246890053Rect(25, 0 - 67, 342),Rect=Rect(25, 0 - 67, 342)
04-15 02:54:50.080  2471  5463 D TspStateManager: holeName: com.sec.android.app.launcher, direction: 2, startY: 478, endY: 820
04-15 02:54:50.080  5448  5448 I HoneySpace.EdgePanel.EdgeVisibilityRepository: updateContainer 0 4
04-15 02:54:50.080  5448  5448 I HoneySpace.EdgePanel.EdgeContainerViewModel: containerState current 0 new 4
04-15 02:54:50.080  5448  5448 I HoneySpace.EdgePanel.EdgePot: Container state 4
04-15 02:54:50.080  5448  5448 I HoneySpace.EdgePanel.EdgeWindowController: updateHideWindow
04-15 02:54:50.080  5448  5448 I HoneySpace.EdgePanel.EdgeWindowController: handleUpdateWindowParam
04-15 02:54:50.080  5448  5448 I HoneySpace.EdgePanel.EdgeWindowController: updateTouchRect: dynamicInputRegion=254724867@LastEvent=t=1776246890053Rect(25, 0 - 67, 342),Rect=Rect(0, 0 - 0, 0)
04-15 02:54:50.080  2471 10760 D SecContentProvider2: query(), uri = 18 selection = isCopyContactToSimAllowed
04-15 02:54:50.080  2471  3539 D TspStateManager: holeName: com.sec.android.app.launcher, direction: 0, startY: 0, endY: 0
04-15 02:54:50.080  5448  5448 I HoneySpace.EdgePanel.EdgeVisibilityRepository: updateContainer 4 0
04-15 02:54:50.080  5448  5448 I HoneySpace.EdgePanel.EdgeContainerViewModel: containerState current 4 new 0
04-15 02:54:50.080  5448  5448 I HoneySpace.EdgePanel.EdgePot: Container state 0
04-15 02:54:50.081  1706  1706 I SurfaceFlinger: RequestedLayer [com.sec.android.app.launcher/com.sec[...]ctivities.LauncherActivity$_5448#204] hidden!! flag  from(1) --> to(0)
04-15 02:54:50.081  5448  5448 I HoneySpace.EdgePanel.EdgeWindowController: updateHandleWindow: 342 478 true
04-15 02:54:50.081  5448  5448 I HoneySpace.EdgePanel.EdgeWindowController: handleUpdateWindowParam
04-15 02:54:50.081  4796  4796 D NavBarStateManager: NavBarStates(0) canShowKeyboardButtonForRotation(0): true
04-15 02:54:50.081  5448  5448 I HoneySpace.EdgePanel.EdgeWindowController: updateTouchRect: dynamicInputRegion=254724867@LastEvent=t=1776246890053Rect(25, 0 - 67, 342),Rect=Rect(25, 0 - 67, 342)
04-15 02:54:50.081  2471  5329 D TspStateManager: holeName: com.sec.android.app.launcher, direction: 2, startY: 478, endY: 820
04-15 02:54:50.081  5448  5448 I HoneySpace.FloatingAnimator: onConfigurationChanged, cacheClear
04-15 02:54:50.081  5448  5448 I HoneySpace.DisplaySource: onConfigurationChanged
04-15 02:54:50.082  1706  2063 D SurfaceFlinger: [input] setFocusedWindow: 5c813e3 com.sec.android.app.launcher/com.sec.android.app.launcher.activities.LauncherActivity
04-15 02:54:50.082  2471  5329 D InputDispatcher: Once focus requested (0): 5c813e3 com.sec.android.app.launcher/com.sec.android.app.launcher.activities.LauncherActivity
04-15 02:54:50.082  2471  5329 D InputDispatcher: Focus request (0): 5c813e3 com.sec.android.app.launcher/com.sec.android.app.launcher.activities.LauncherActivity but waiting because NOT_VISIBLE
04-15 02:54:50.082  2471 24831 D SemInputDeviceManager: setProperty: (0) CMD,GRIP_DATA,0,0,0,0
04-15 02:54:50.082  2471 24832 D SemInputDeviceManager: setProperty: (0) CMD,GRIP_DATA,0,2,478,820
04-15 02:54:50.082  2471 24831 D TspStateManager: wrote command: cmd=0,0,0,0, type=3
04-15 02:54:50.082  2471  4655 D SemInputDevice:TSP: SetPropertyTask: CMD,set_grip_data,0,0,0,0 [04-15 02:54:50.082]
04-15 02:54:50.083  2471 24832 D TspStateManager: wrote command: cmd=0,2,478,820, type=3
04-15 02:54:50.083 19098 19098 D BoundBrokerSvc: onBind: Intent { act=com.google.android.gms.safebrowsing.SafeBrowsingService.START dat=chimera-action:/... xflg=0x4 cmp=com.google.android.gms/.chimera.GmsBoundBrokerService }
04-15 02:54:50.083 19098 19098 D BoundBrokerSvc: Loading bound service for intent: Intent { act=com.google.android.gms.safebrowsing.SafeBrowsingService.START dat=chimera-action:/... xflg=0x4 cmp=com.google.android.gms/.chimera.GmsBoundBrokerService }
04-15 02:54:50.083  1642  1665 I sysinput:aidl: onReportInformation:93, 1, cmd@set_grip_data,0,0,0,0:0
04-15 02:54:50.083  5180  5180 D SatelliteController: registerForSatelliteModemStateChanged: add Listeners for ModemState
04-15 02:54:50.083  5180  5180 E SatelliteController: registerForSatelliteModemStateChanged: mSatelliteSessionController is not initialized yet
04-15 02:54:50.083  1642  1665 I sysinput:Touch1: operator():237, OK
04-15 02:54:50.084  7105 20859 I ContactsProvider: [P] Locale has changed from [en_US] to [en]
04-15 02:54:50.084  7105 20859 I ContactsProvider: [P] setProviderStatus : 2 loc : updateLocaleInBackground-start
04-15 02:54:50.084  2471  4655 D SysinputHAL_AIDL: setProperty(TSP(1)): CMD, set_grip_data,0,0,0,0 ret=0
04-15 02:54:50.084  2471  4655 D SemInputDevice:TSP: SetPropertyTask: CMD,set_grip_data,0,2,478,820 [04-15 02:54:50.082]
04-15 02:54:50.086  2471  4672 D BackgroundInstallControlService: Package event received: 0
04-15 02:54:50.087  2471  2471 D SEP_UNION_CoverManager_ResolutionMonitor: onReceive 1024 
04-15 02:54:50.087  2471  2471 D WALLPAPER_SVC:SemWallpaperManagerService: onReceive: android.intent.action.CONFIGURATION_CHANGED, densityDpi=480, orientation [old=1, new=1] 
04-15 02:54:50.087  2471  2471 D EdgeLightingManager: hideForNotification : packageName = android
04-15 02:54:50.087  2471  2471 D EdgeLightingPolicyManager:NotificationGroup: remove : sbn : StatusBarNotification(pkg=android user=UserHandle{-1} id=32 tag=null key=-1|android|32|null|1000: Notification(channel=UsbDevNoti shortcut=null contentView=null vibrate=null sound=null tick defaults=0 flags=ONGOING_EVENT|CAN_COLORIZE color=0x00000000 vis=PUBLIC semFlags=0x0 semPriority=0 semMissedCount=0))
04-15 02:54:50.087  2471  2471 D EdgeLightingPolicyManager.NotificationGroup: group notification count : 0
04-15 02:54:50.087  2471  2471 D EdgeLightingManager: hideForNotification : isInteractive is true
04-15 02:54:50.088  1642  1665 I sysinput:aidl: onReportInformation:91, 1, cmd@set_grip_data,0,2,478,820:
