--------- beginning of main
04-15 12:05:41.585  1980 31553 I vendor.qti.bluetooth@1.1-ibs_handler: DeviceSleep: TX Awake, Sending SLEEP_IND
04-15 12:05:41.585  1980 31553 D vendor.qti.bluetooth@1.1-ibs_handler: SerialClockVote: vote for UART CLK OFF
04-15 12:05:41.736  1980 31151 D vendor.qti.bluetooth@1.1-wake_lock: Release wakelock is released 
04-15 12:05:41.897 22412 22412 W libprocessgroup: JoinCgroup: controller schedtune is not found
04-15 12:05:41.897 22412 22412 W libprocessgroup: A JoinCgroup action in the SystemMemoryProcess profile is used for controller memory in the cgroup v2 hierarchy and will be ignored
04-15 12:05:41.899 22412 22412 W libprocessgroup: SetCgroup::ExecuteForTask: failed to open /dev/cpuctl/top-app/tasks: Permission denied
04-15 12:05:41.899 22412 22412 W libprocessgroup: SetCgroup::ExecuteForTask: failed to open /dev/blkio/top/tasks: Permission denied
04-15 12:05:41.899 22412 22412 E libprocessgroup: set_timerslack_ns write failed: Operation not permitted
--------- beginning of system
04-15 12:05:42.027  1165  1165 D io_stats: !@   8,0 r 33543374 655096224 w 13305550 205082944 d 1773472 344980580 f 392289 1302779 iot 7468664 0 th 0 0 0 pt 0 inp 0 0 257502.260
04-15 12:05:42.027  1165  1165 D io_stats: !@ Read_top(KB): sh(22410) 4876 kworker/u16:3(15995) 1024 sh(22407) 480
04-15 12:05:42.027  1165  1165 D io_stats: !@ Write_top(KB): kworker/u16:0(11963) 4320 f2fs_ckpt-254:6(4972) 432 c.android.sdhms(32209) 40
04-15 12:05:42.125 29575 22394 I HYPER-HAL: [RequestManager.cpp]releaseLocked(): Released ID : 4966977
04-15 12:05:42.299  2133  2159 E HeatmapThread: ECT Thread time in milliseconds: 1776254742
04-15 12:05:42.301  1992 30429 I sensors-hal: handle_sns_std_sensor_event:131, [SSC_LIGHT] A: 53(53),c:2,b:78,m:13,cl:0,l:52,s:55,l0:8000,l1:704,s0:7500,s1:0,acl:1,opr:0.16,f(r):100,u(bl):100,if:0,wi:2,si:0,po:161(N:0)
04-15 12:05:42.304  2133  2159 D HeatmapThread: !@ batteryplugType : 2
04-15 12:05:42.304  2133  2159 D HeatmapThread: !@ batteryLevel : 38  batteryTemperature : 386 
04-15 12:05:42.304  2133  2159 D HeatmapThread: !@ Heatmap currtime: 29604245
04-15 12:05:42.304  2133  2159 D HeatmapThread: !@ Heatmap prevtime: 29604225
04-15 12:05:42.305  2133  2159 D HeatmapThread: !@ Heatmap plugstarttime: 29604243
04-15 12:05:42.305  2133  2159 D HeatmapThread: !@ Heatmap prevv_dsoh_update_time: 29602912
04-15 12:05:42.305  2133  2159 E HeatmapThread: !@ CAM New BSOH: 95
04-15 12:05:42.310 29903 30219 E WifiScoringParams: Invalid frequency(-1), using 5G as default rssi array
04-15 12:05:42.323  2682 30438 D LOWI-9.0.1.74: [LOWI-Scan] wait_event:Wait done with Cmd 33
04-15 12:05:42.323  2682 30438 D LOWI-9.0.1.74: [LOWI-Scan] do_listen_events: Rcvd valid Netlink Cmd 0 Err 0
04-15 12:05:42.345 22410 22410 D AndroidRuntime: >>>>>> START com.android.internal.os.RuntimeInit uid 2000 <<<<<<
04-15 12:05:42.353 22410 22410 I AndroidRuntime: Using default boot image
04-15 12:05:42.353 22410 22410 I AndroidRuntime: Leaving lock profiling enabled
04-15 12:05:42.365 22410 22410 I app_process: Using CollectorTypeCMC GC.
04-15 12:05:42.502 22410 22410 D nativeloader: InitDefaultPublicLibraries for_preload=1: libandroid.so:libaaudio.so:libamidi.so:libbinder_ndk.so:libc.so:libcamera2ndk.so:libdl.so:libEGL.so:libGLESv1_CM.so:libGLESv2.so:libGLESv3.so:libicu.so:libicui18n.so:libicuuc.so:libjnigraphics.so:liblog.so:libmediandk.so:libm.so:libnativehelper.so:libnativewindow.so:libOpenMAXAL.so:libOpenSLES.so:libRS.so:libstdc++.so:libsync.so:libvulkan.so:libwebviewchromium_plat_support.so:libz.so
04-15 12:05:42.540 22410 22410 D nativeloader: Load libicu_jni.so using APEX ns com_android_art for caller /apex/com.android.art/javalib/core-oj.jar: ok
04-15 12:05:42.540 22410 22410 D app_process: u_setTimeZoneFilesDirectory("/apex/com.android.tzdata/etc/tz/versioned/9/icu") succeeded. 
04-15 12:05:42.540 22410 22410 D app_process: I18n APEX ICU file found: /apex/com.android.i18n/etc/icu/icudt76l.dat
04-15 12:05:42.548 22410 22410 D nativeloader: Load libjavacore.so using APEX ns com_android_art for caller /apex/com.android.art/javalib/core-oj.jar: ok
04-15 12:05:42.552 22410 22410 D nativeloader: Load libopenjdk.so using APEX ns com_android_art for caller /apex/com.android.art/javalib/core-oj.jar: ok
04-15 12:05:42.557 22410 22410 I app_process: Priority-to-niceness mapping: 19, 16, 13, 10, 0, -2, -4, -5, -6, -8
04-15 12:05:42.623 22410 22410 E SemDvfsManager_JNI: SemDvfsManager: registerfunction enter
04-15 12:05:42.623 22410 22410 E SemAffinityControl: SemAffinityControl: registerfunction enter
04-15 12:05:42.652 22410 22410 D nativeloader: Load libframework-connectivity-tiramisu-jni.so using APEX ns com_android_tethering for caller /apex/com.android.tethering/javalib/framework-connectivity-t.jar: ok
04-15 12:05:42.654 22410 22410 D AndroidRuntime: Calling main entry com.android.commands.am.Am
04-15 12:05:42.661 22410 22410 W PlatformAconfigPackage: android.os.flagging.AconfigStorageReadException: ERROR_CANNOT_READ_STORAGE_FILE: Fail to mmap storage
04-15 12:05:42.665 22410 22410 I AconfigPackage: com.android.adservices.flags is mapped to com.android.adservices
04-15 12:05:42.665 22410 22410 I AconfigPackage: com.android.sdksandbox.flags is mapped to com.android.adservices
04-15 12:05:42.666 22410 22410 I AconfigPackage: android.os.profiling is mapped to com.android.profiling
04-15 12:05:42.667 22410 22410 I AconfigPackage: com.android.uwb.flags is mapped to com.android.uwb
04-15 12:05:42.667 22410 22410 I AconfigPackage: com.android.ranging.flags is mapped to com.android.uwb
04-15 12:05:42.668 22410 22410 I AconfigPackage: android.media.swcodec.flags is mapped to com.android.media.swcodec
04-15 12:05:42.669 22410 22410 I AconfigPackage: com.android.wifi.flags is mapped to com.android.wifi
04-15 12:05:42.670 22410 22410 I AconfigPackage: com.android.adservices.ondevicepersonalization.flags is mapped to com.android.ondevicepersonalization
04-15 12:05:42.672 22410 22410 I AconfigPackage: android.uprobestats.mainline.flags is mapped to com.android.uprobestats
04-15 12:05:42.674 22410 22410 I AconfigPackage: com.android.media.extractor.flags is mapped to com.android.media
04-15 12:05:42.674 22410 22410 I AconfigPackage: com.android.media.mainline.flags is mapped to com.android.media
04-15 12:05:42.675 22410 22410 I AconfigPackage: com.android.cellbroadcastreceiver.flags is mapped to com.android.cellbroadcast
04-15 12:05:42.677 22410 22410 I AconfigPackage: com.android.org.conscrypt.flags is mapped to com.android.conscrypt
04-15 12:05:42.677 22410 22410 I AconfigPackage: com.android.org.conscrypt.net.flags is mapped to com.android.conscrypt
04-15 12:05:42.678 22410 22410 I AconfigPackage: com.android.system.virtualmachine.flags is mapped to com.android.virt
04-15 12:05:42.680 22410 22410 I AconfigPackage: com.android.ipsec.flags is mapped to com.android.ipsec
04-15 12:05:42.681 22410 22410 I AconfigPackage: com.android.art.flags is mapped to com.android.art
04-15 12:05:42.681 22410 22410 I AconfigPackage: com.android.art.rw.flags is mapped to com.android.art
04-15 12:05:42.681 22410 22410 I AconfigPackage: com.android.libcore is mapped to com.android.art
04-15 12:05:42.683 22410 22410 I AconfigPackage: com.android.tethering.mainline.beta is mapped to com.android.tethering
04-15 12:05:42.683 22410 22410 I AconfigPackage: android.net.http is mapped to com.android.tethering
04-15 12:05:42.683 22410 22410 I AconfigPackage: com.android.tethering.readonly.flags is mapped to com.android.tethering
04-15 12:05:42.683 22410 22410 I AconfigPackage: android.net.vcn is mapped to com.android.tethering
04-15 12:05:42.683 22410 22410 I AconfigPackage: com.android.net.flags is mapped to com.android.tethering
04-15 12:05:42.683 22410 22410 I AconfigPackage: com.android.tethering.flags is mapped to com.android.tethering
04-15 12:05:42.683 22410 22410 I AconfigPackage: com.android.tethering.beta.test is mapped to com.android.tethering
04-15 12:05:42.683 22410 22410 I AconfigPackage: com.android.nearby.flags is mapped to com.android.tethering
04-15 12:05:42.683 22410 22410 I AconfigPackage: com.android.net.thread.flags is mapped to com.android.tethering
04-15 12:05:42.683 22410 22410 I AconfigPackage: com.android.net.ct.flags is mapped to com.android.tethering
04-15 12:05:42.685 22410 22410 I AconfigPackage: android.graphics.pdf.flags is mapped to com.android.mediaprovider
04-15 12:05:42.685 22410 22410 I AconfigPackage: com.android.providers.media.flags is mapped to com.android.mediaprovider
04-15 12:05:42.685 22410 22410 I AconfigPackage: android.graphics.pdf.flags.readonly is mapped to com.android.mediaprovider
04-15 12:05:42.686 22410 22410 I AconfigPackage: com.android.rkpd.flags is mapped to com.android.rkpd
04-15 12:05:42.687 22410 22410 I AconfigPackage: com.android.devicelock.flags is mapped to com.android.devicelock
04-15 12:05:42.688 22410 22410 I AconfigPackage: com.android.appsearch.flags is mapped to com.android.appsearch
04-15 12:05:42.689 22410 22410 I AconfigPackage: com.android.icu is mapped to com.android.i18n
04-15 12:05:42.691 22410 22410 I AconfigPackage: com.android.healthfitness.flags is mapped to com.android.healthfitness
04-15 12:05:42.693 22410 22410 I AconfigPackage: com.android.bluetooth.flags is mapped to com.android.bt
04-15 12:05:42.694 22410 22410 I AconfigPackage: android.provider.flags is mapped to com.android.configinfrastructure
04-15 12:05:42.695 22410 22410 I AconfigPackage: com.android.server.deviceconfig is mapped to com.android.configinfrastructure
04-15 12:05:42.696 22410 22410 I AconfigPackage: com.android.permission.flags is mapped to com.android.permission
04-15 12:05:42.696 22410 22410 I AconfigPackage: com.android.permissioncontroller.flags is mapped to com.android.permission
04-15 12:05:42.698 22410 22410 I AconfigPackage: com.android.os.statsd.flags is mapped to com.android.os.statsd
04-15 12:05:42.699 22410 22410 I AconfigPackage: com.android.adbd.flags is mapped to com.android.adbd
04-15 12:05:42.700 22410 22410 E FeatureFlagsImplExport: android.os.flagging.AconfigStorageReadException: ERROR_PACKAGE_NOT_FOUND: package android.xr cannot be found on the device
04-15 12:05:42.705 22410 22410 D UiAutomationConnection: Created on user UserHandle{0}
04-15 12:05:42.707 29903 30286 I ActivityManager: Force stopping org.zkgpu.harness appid=10467 user=0: start instr
04-15 12:05:42.715 29903 30286 W ProcessStats: Tracking association SourceState{a1a5727 com.sec.android.daemonapp:weather_content_provider/10236 BFgs #387044} whose proc state 4 is better than process ProcessState{521fa0e com.sec.android.daemonapp/10236 pkg=com.sec.android.daemonapp} proc state 5 (19 skipped)
04-15 12:05:42.720 29903 30304 D BackgroundInstallControlService: Package event received: 0
04-15 12:05:42.720 29903 30304 D BackgroundInstallControlService: Package event received: 0
04-15 12:05:42.723 32212   464 V OsAgent : broadcastSystemEvent - 7
04-15 12:05:42.724 29903 30304 D BackgroundInstallControlService: Package event received: 0
04-15 12:05:42.751 29553 29553 D Zygote  : Forked child process 22423
04-15 12:05:42.751 29903 29997 I ActivityManager: Start proc 22423:org.zkgpu.harness/u0a467 for added application org.zkgpu.harness
04-15 12:05:42.752 29903 29997 I ActivityManager: ProcessObserver broadcast disabled
04-15 12:05:42.784 22423 22423 I g.zkgpu.harness: Late-enabling -Xcheck:jni
04-15 12:05:42.812 22423 22423 I g.zkgpu.harness: Using CollectorTypeCMC GC.
04-15 12:05:42.819 17073 17081 I adbd    : jdwp connection from 22423
04-15 12:05:42.825 22423 22423 D nativeloader: Load libframework-connectivity-tiramisu-jni.so using APEX ns com_android_tethering for caller /apex/com.android.tethering/javalib/framework-connectivity-t.jar: ok
04-15 12:05:42.830 22423 22423 D ActivityThread: setConscryptValidator
04-15 12:05:42.830 22423 22423 D ActivityThread: setConscryptValidator - put
04-15 12:05:42.854 22423 22423 D nativeloader: Load libstats_jni.so using APEX ns com_android_os_statsd for caller /apex/com.android.os.statsd/javalib/framework-statsd.jar: ok
04-15 12:05:42.872 22423 22423 W ActivityThread: Package uses different ABI(s) than its instrumentation: package[org.zkgpu.harness]: arm64-v8a, null instrumentation[org.zkgpu.harness.test]: null, null
04-15 12:05:42.888 22423 22423 D nativeloader: Configuring clns-9 for other apk /data/app/~~Z_3eygY8ZsVQu4NhdDWNIA==/org.zkgpu.harness.test-HPSB4CjzhZZVTR8koN1Jhg==/base.apk:/data/app/~~Ov4SymdNKe8GLKsbjQX0gQ==/org.zkgpu.harness-ElEV58IRObwKGcgmHav5Kw==/base.apk. target_sdk_version=36, uses_libraries=, library_path=/data/app/~~Z_3eygY8ZsVQu4NhdDWNIA==/org.zkgpu.harness.test-HPSB4CjzhZZVTR8koN1Jhg==/lib/arm64:/data/app/~~Ov4SymdNKe8GLKsbjQX0gQ==/org.zkgpu.harness-ElEV58IRObwKGcgmHav5Kw==/lib/arm64:/data/app/~~Z_3eygY8ZsVQu4NhdDWNIA==/org.zkgpu.harness.test-HPSB4CjzhZZVTR8koN1Jhg==/base.apk!/lib/arm64-v8a:/data/app/~~Ov4SymdNKe8GLKsbjQX0gQ==/org.zkgpu.harness-ElEV58IRObwKGcgmHav5Kw==/base.apk!/lib/arm64-v8a, permitted_path=/data:/mnt/expand:/data/user/0/org.zkgpu.harness
04-15 12:05:42.898 22423 22423 V GraphicsEnvironment: Currently set values for:
04-15 12:05:42.898 22423 22423 V GraphicsEnvironment:   angle_gl_driver_selection_pkgs=[]
04-15 12:05:42.898 22423 22423 V GraphicsEnvironment:   angle_gl_driver_selection_values=[]
04-15 12:05:42.898 22423 22423 V GraphicsEnvironment: org.zkgpu.harness is not listed in per-application setting
04-15 12:05:42.898 22423 22423 V GraphicsEnvironment: ANGLE allowlist from config: 
04-15 12:05:42.898 22423 22423 V GraphicsEnvironment: org.zkgpu.harness is not listed in ANGLE allowlist or settings, returning default
04-15 12:05:42.898 22423 22423 V GraphicsEnvironment: App is not on the allowlist for updatable production driver.
04-15 12:05:42.941  1992 21827 I sensors-hal: handle_sns_std_sensor_event:409, [SSC_LIGHT] P: 55(55),c:2,b:78,m:13,cl:0,l:54,s:55,l0:8160,l1:704,s0:7500,s1:0,acl:1,opr:0.16,f(r):100,u(bl):100,if:0,wi:2,si:0,po:161(N:0)
04-15 12:05:42.943 22423 22423 I AndroidJUnitRunner: newApplication android.app.Application
04-15 12:05:42.943 22423 22423 I AndroidJUnitRunner: onCreate Bundle[mParcelledData.dataSize=108]
04-15 12:05:42.944 22423 22423 D AndroidJUnitRunner: Use the raw file system for managing file I/O.
04-15 12:05:42.948 22423 22423 V TestEventClient: No service name argument was given (testDiscoveryService, testRunEventService or orchestratorService)
04-15 12:05:42.949 29903 30286 I ActivityManager: Changes in 10467 19 to 4, 0 to 190
04-15 12:05:42.949 22423 22447 D AndroidJUnitRunner: onStart is called.
04-15 12:05:42.950 32212   464 V OsAgent : broadcastSystemEvent - 7
04-15 12:05:42.958 22423 22447 I InstrConnection: Could not send broadcast or register receiver (isolatedProcess?)
04-15 12:05:42.992 22423 22447 I TestRunner: run started: 10 tests
04-15 12:05:42.993 22423 22447 I TestRunner: started: crossoverStockhamLocalTail(org.zkgpu.harness.ZkgpuInstrumentedTest)
04-15 12:05:43.002 22423 22447 D nativeloader: Load /data/app/~~Ov4SymdNKe8GLKsbjQX0gQ==/org.zkgpu.harness-ElEV58IRObwKGcgmHav5Kw==/base.apk!/lib/arm64-v8a/libzkgpu_android_bridge.so using class loader ns clns-9 (caller=/data/app/~~Ov4SymdNKe8GLKsbjQX0gQ==/org.zkgpu.harness-ElEV58IRObwKGcgmHav5Kw==/base.apk!classes3.dex): ok
04-15 12:05:43.004 22423 22447 D vulkan  : searching for layers in '/data/app/~~Ov4SymdNKe8GLKsbjQX0gQ==/org.zkgpu.harness-ElEV58IRObwKGcgmHav5Kw==/lib/arm64'
04-15 12:05:43.004 22423 22447 D vulkan  : searching for layers in '/data/app/~~Z_3eygY8ZsVQu4NhdDWNIA==/org.zkgpu.harness.test-HPSB4CjzhZZVTR8koN1Jhg==/base.apk!/lib/arm64-v8a'
04-15 12:05:43.004 22423 22447 D vulkan  : searching for layers in '/data/app/~~Ov4SymdNKe8GLKsbjQX0gQ==/org.zkgpu.harness-ElEV58IRObwKGcgmHav5Kw==/base.apk!/lib/arm64-v8a'
04-15 12:05:43.013 22423 22447 E Adreno-AppProfiles: QSPM AIDL service doesn't exist
04-15 12:05:43.013 22423 22447 I AdrenoVK-0: ===== BEGIN DUMP OF OVERRIDDEN SETTINGS =====
04-15 12:05:43.014 22423 22447 I AdrenoVK-0: ===== END DUMP OF OVERRIDDEN SETTINGS =====
04-15 12:05:43.017 22423 22447 I vulkan  : CreateInfoWrapper::FilterExtension: already have 'VK_KHR_get_physical_device_properties2'.
04-15 12:05:43.018 22423 22447 I AdrenoVK-0: QUALCOMM build          : c81b28e1a5, I5a61fcf667
04-15 12:05:43.018 22423 22447 I AdrenoVK-0: Build Date              : 06/20/25
04-15 12:05:43.018 22423 22447 I AdrenoVK-0: Shader Compiler Version : E031.45.02.26
04-15 12:05:43.018 22423 22447 I AdrenoVK-0: Local Branch            : 
04-15 12:05:43.018 22423 22447 I AdrenoVK-0: Remote Branch           : refs/tags/AU_LINUX_ANDROID_LA.VENDOR.14.3.0.11.00.00.973.948
04-15 12:05:43.018 22423 22447 I AdrenoVK-0: Remote Branch           : NONE
04-15 12:05:43.018 22423 22447 I AdrenoVK-0: Reconstruct Branch      : NOTHING
04-15 12:05:43.018 22423 22447 I AdrenoVK-0: Build Config            : S P 16.1.2 AArch64
04-15 12:05:43.018 22423 22447 I AdrenoVK-0: Driver Path             : /vendor/lib64/hw/vulkan.adreno.so
04-15 12:05:43.018 22423 22447 I AdrenoVK-0: Driver Version          : 0762.39
04-15 12:05:43.018 22423 22447 I AdrenoVK-0: PFP                     : 0x01520181
04-15 12:05:43.018 22423 22447 I AdrenoVK-0: ME                      : 0x01520023
04-15 12:05:43.018 22423 22447 I AdrenoVK-0: Application Name    : wgpu
04-15 12:05:43.018 22423 22447 I AdrenoVK-0: Application Version : 0x00000001
04-15 12:05:43.018 22423 22447 I AdrenoVK-0: Engine Name         : wgpu-hal
04-15 12:05:43.018 22423 22447 I AdrenoVK-0: Engine Version      : 0x00000002
04-15 12:05:43.018 22423 22447 I AdrenoVK-0: Api Version         : 0x00403000
04-15 12:05:43.299  2133  2159 E HeatmapThread: ECT Thread time in milliseconds: 1776254743
04-15 12:05:43.303  2133  2159 D HeatmapThread: !@ batteryplugType : 2
04-15 12:05:43.303  2133  2159 D HeatmapThread: !@ batteryLevel : 38  batteryTemperature : 386 
04-15 12:05:43.303  2133  2159 D HeatmapThread: !@ Heatmap currtime: 29604245
04-15 12:05:43.304  2133  2159 D HeatmapThread: !@ Heatmap prevtime: 29604225
04-15 12:05:43.304  2133  2159 D HeatmapThread: !@ Heatmap plugstarttime: 29604243
04-15 12:05:43.304  2133  2159 D HeatmapThread: !@ Heatmap prevv_dsoh_update_time: 29602912
04-15 12:05:43.305  2133  2159 E HeatmapThread: !@ CAM New BSOH: 95
04-15 12:05:43.377 29903 30145 D ActivityManager: Received BROADCAST intent 0x93f536a Key{broadcastIntent pkg=com.google.android.gms/com.google.android.gms.scheduler intent=act=com.google.android.gms.gcm.ACTION_CHECK_QUEUE xflg=0x4 pkg=com.google.android.gms cmp=com.google.android.gms/.gcm.nts.SchedulerInternalReceiver flags=0x2000000 u=0} requestCode=0 sent=0 from uid 1000
04-15 12:05:43.447 26921 22119 I NetworkScheduler.Stats: (REDACTED) Task %s/%s started execution. cause:%s exec_start_elapsed_seconds: %s
04-15 12:05:43.449 25175 12589 I PlayGamesServices[GamesSyncAdapter]: Starting sync for e0269862
04-15 12:05:43.451 25175 12589 I PlayGamesServices[GamesSyncAdapter]: Sync duration for e0269862: 1
04-15 12:05:43.470 25175 25973 W PlayGamesServices[UiUtils]: AppVersion: Cannot find the installed destination app.
04-15 12:05:43.470 25175 25973 I GetServiceValidatorImpl: (REDACTED) onGetService() from Client SDK version [%s], Module version [%s], PGA version [%s], Account [%s], Calling package [%s], Game package [%s]
04-15 12:05:43.472 25175 25973 W GetGamesServiceReqFacto: Parsing request with ignored arguments. signInOptionsBundle [Bundle[{com.google.android.gms.signin.internal.serverClientId=null, com.google.android.gms.signin.internal.usePromptModeForAuthCode=true, com.google.android.gms.signin.internal.logSessionId=null, com.google.android.gms.signin.internal.hostedDomain=null, com.google.android.gms.signin.internal.offlineAccessRequested=false, com.google.android.gms.signin.internal.waitForAccessTokenRefresh=false, com.google.android.gms.signin.internal.clientRequestedAccount=Account {name=<<default account>>, type=com.google}, com.google.android.gms.signin.internal.idTokenRequested=false, com.google.android.gms.signin.internal.forceCodeForRefreshToken=false}]], isRetryingSignIn [false], skipWelcomePopup [false], requireGooglePlus [false]
04-15 12:05:43.472 25175 25973 I GetGamesServiceReqFacto: Replacing request for `games` scope with `games_lite`
04-15 12:05:43.477 25175 22148 I PlayGamesServices[GamesSyncAdapter]: Starting sync for 5352900a
04-15 12:05:43.478 26921 22116 I NetworkScheduler.Stats: (REDACTED) Task %s/%s started execution. cause:%s exec_start_elapsed_seconds: %s
04-15 12:05:43.480 26921 22116 I NetworkScheduler.Stats: (REDACTED) Task %s/%s finished executing. cause:%s result: %s elapsed_millis: %s uptime_millis: %s exec_start_elapsed_seconds: %s
04-15 12:05:43.483 25175 22148 I PlayGamesServices[GamesSyncAdapter]: Sync duration for 5352900a: 5
04-15 12:05:43.487 25175 22460 I SignInPerformer-13: (REDACTED) Handling request [%s], isFirstPartyCaller [%s]
04-15 12:05:43.488 25175 22460 I SignInPerformer-13: Successfully brokered first-party unauthenticated GamesService [CONTEXT service_id=1 ]
04-15 12:05:43.488 25175 22460 I GetGamesServiceV2Op: (REDACTED) Successfully brokered GamesService for request %s
04-15 12:05:43.489 26921 22116 I NetworkScheduler.Stats: (REDACTED) Task %s/%s finished executing. cause:%s result: %s elapsed_millis: %s uptime_millis: %s exec_start_elapsed_seconds: %s
04-15 12:05:43.489 25175 25973 W PlayGamesServices[UiUtils]: AppVersion: Cannot find the installed destination app.
04-15 12:05:43.489 25175 25973 W PlayGamesServices[UiUtils]: AppVersionName: Cannot find the installed destination app.
04-15 12:05:43.492 25175 25973 W PlayGamesServices[UiUtils]: AppVersion: Cannot find the installed destination app.
04-15 12:05:43.492 25175 25973 W PlayGamesServices[UiUtils]: AppVersionName: Cannot find the installed destination app.
04-15 12:05:43.504 26921 22455 I NetworkScheduler.Stats: (REDACTED) Task %s/%s started execution. cause:%s exec_start_elapsed_seconds: %s
04-15 12:05:43.506 25175 12589 I PlayGamesServices[GamesSyncAdapter]: Starting sync for 99f70364
04-15 12:05:43.508 25175 12589 I PlayGamesServices[GamesSyncAdapter]: Sync duration for 99f70364: 1
04-15 12:05:43.510 25175 25973 W PlayGamesServices[UiUtils]: AppVersion: Cannot find the installed destination app.
04-15 12:05:43.510 25175 25973 W PlayGamesServices[UiUtils]: AppVersionName: Cannot find the installed destination app.
04-15 12:05:43.518 30448 30993 D SatelliteController: isInCarrierRoamingNbIotNtn: satellite is disabled
04-15 12:05:43.519 26921 22116 I NetworkScheduler.Stats: (REDACTED) Task %s/%s started execution. cause:%s exec_start_elapsed_seconds: %s
04-15 12:05:43.520 26921 22116 I NetworkScheduler.Stats: (REDACTED) Task %s/%s finished executing. cause:%s result: %s elapsed_millis: %s uptime_millis: %s exec_start_elapsed_seconds: %s
04-15 12:05:43.521 25175 22148 I PlayGamesServices[GamesSyncAdapter]: Starting sync for d3f2afe7
04-15 12:05:43.523 25175 22148 I PlayGamesServices[GamesSyncAdapter]: Sync duration for d3f2afe7: 2
04-15 12:05:43.525 25175 25973 W PlayGamesServices[UiUtils]: AppVersion: Cannot find the installed destination app.
04-15 12:05:43.525 25175 25973 W PlayGamesServices[UiUtils]: AppVersionName: Cannot find the installed destination app.
04-15 12:05:43.529 26921 22116 I NetworkScheduler.Stats: (REDACTED) Task %s/%s finished executing. cause:%s result: %s elapsed_millis: %s uptime_millis: %s exec_start_elapsed_seconds: %s
04-15 12:05:43.547 25175 22148 I PlayGamesServices[GamesSyncAdapter]: Starting sync for 5ed494dc
04-15 12:05:43.548 26921 22116 I NetworkScheduler.Stats: (REDACTED) Task %s/%s started execution. cause:%s exec_start_elapsed_seconds: %s
04-15 12:05:43.549 25175 22148 I PlayGamesServices[GamesSyncAdapter]: Sync duration for 5ed494dc: 1
04-15 12:05:43.552 25175 25973 W PlayGamesServices[UiUtils]: AppVersion: Cannot find the installed destination app.
04-15 12:05:43.552 25175 25973 W PlayGamesServices[UiUtils]: AppVersionName: Cannot find the installed destination app.
04-15 12:05:43.556 26921 22116 I NetworkScheduler.Stats: (REDACTED) Task %s/%s finished executing. cause:%s result: %s elapsed_millis: %s uptime_millis: %s exec_start_elapsed_seconds: %s
04-15 12:05:43.901  1992 21863 I sensors-hal: handle_sns_std_sensor_event:90, light_cct: ts = 535383064594240 ns; value = [55, 55, 33, 41, 55, 78, 0, 46, 8352, 0]
04-15 12:05:44.028  1165  1165 D io_stats: !@   8,0 r 33544709 655141440 w 13305577 205083036 d 1773472 344980580 f 392290 1302784 iot 7469004 0 th 0 0 0 pt 0 inp 0 0 257504.261
04-15 12:05:44.030 26581 26637 I DGW     : I[sendRequest:85] StreamGroupConnectivityAwareNetworkLayer[notifgateway] buffering request with connection state: 2
04-15 12:05:44.161  1980 31538 I vendor.qti.bluetooth@1.1-ibs_handler: ProcessIbsCmd: Received IBS_WAKE_IND: 0xFD
04-15 12:05:44.161  1980 31538 D vendor.qti.bluetooth@1.1-ibs_handler: SerialClockVote: vote for UART CLK ON
04-15 12:05:44.162  1980 31538 D vendor.qti.bluetooth@1.1-wake_lock: Acquire wakelock is acquired 
04-15 12:05:44.162  1980 31538 I vendor.qti.bluetooth@1.1-ibs_handler: ProcessIbsCmd: Writing IBS_WAKE_ACK
04-15 12:05:44.173 30705 31682 I ScanController: onScanResult to scannerId: 1- eventType=0x1b, addressType=1, address=XX:XX:XX:XX:E8:03, primaryPhy=1, secondaryPhy=0, advertisingSid=0xff, txPower=127, rssi=-98, periodicAdvInt=0x0
04-15 12:05:44.212  1980 31538 I vendor.qti.bluetooth@1.1-ibs_handler: ProcessIbsCmd: Received IBS_SLEEP_IND: 0xFE
04-15 12:05:44.213  1980 31538 D vendor.qti.bluetooth@1.1-ibs_handler: SerialClockVote: vote for UART CLK OFF
04-15 12:05:44.228  1980 31538 I vendor.qti.bluetooth@1.1-ibs_handler: ProcessIbsCmd: Received IBS_WAKE_IND: 0xFD
04-15 12:05:44.228  1980 31538 D vendor.qti.bluetooth@1.1-ibs_handler: SerialClockVote: vote for UART CLK ON
04-15 12:05:44.228  1980 31538 I vendor.qti.bluetooth@1.1-ibs_handler: ProcessIbsCmd: Writing IBS_WAKE_ACK
04-15 12:05:44.232 30705 31682 I ScanController: onScanResult to scannerId: 2- eventType=0x1b, addressType=0, address=XX:XX:XX:XX:51:9B, primaryPhy=1, secondaryPhy=0, advertisingSid=0xff, txPower=127, rssi=-90, periodicAdvInt=0x0
04-15 12:05:44.270 30705 31682 I ScanController: onScanResult to scannerId: 1- eventType=0x1b, addressType=1, address=XX:XX:XX:XX:E8:03, primaryPhy=1, secondaryPhy=0, advertisingSid=0xff, txPower=127, rssi=-97, periodicAdvInt=0x0
04-15 12:05:44.299  2133  2159 E HeatmapThread: ECT Thread time in milliseconds: 1776254744
04-15 12:05:44.303  2133  2159 D HeatmapThread: !@ batteryplugType : 2
04-15 12:05:44.304  2133  2159 D HeatmapThread: !@ batteryLevel : 38  batteryTemperature : 386 
04-15 12:05:44.304  2133  2159 D HeatmapThread: !@ Heatmap currtime: 29604245
04-15 12:05:44.304  2133  2159 D HeatmapThread: !@ Heatmap prevtime: 29604225
04-15 12:05:44.304  2133  2159 D HeatmapThread: !@ Heatmap plugstarttime: 29604243
04-15 12:05:44.304  2133  2159 D HeatmapThread: !@ Heatmap prevv_dsoh_update_time: 29602912
04-15 12:05:44.304  2133  2159 E HeatmapThread: !@ CAM New BSOH: 95
04-15 12:05:44.308  1980 31538 I vendor.qti.bluetooth@1.1-ibs_handler: ProcessIbsCmd: Received IBS_SLEEP_IND: 0xFE
04-15 12:05:44.308  1980 31538 D vendor.qti.bluetooth@1.1-ibs_handler: SerialClockVote: vote for UART CLK OFF
04-15 12:05:44.354  1980 31538 I vendor.qti.bluetooth@1.1-ibs_handler: ProcessIbsCmd: Received IBS_WAKE_IND: 0xFD
04-15 12:05:44.354  1980 31538 D vendor.qti.bluetooth@1.1-ibs_handler: SerialClockVote: vote for UART CLK ON
04-15 12:05:44.354  1980 31538 I vendor.qti.bluetooth@1.1-ibs_handler: ProcessIbsCmd: Writing IBS_WAKE_ACK
04-15 12:05:44.359 30705 31682 I ScanController: onScanResult to scannerId: 1- eventType=0x1b, addressType=1, address=XX:XX:XX:XX:10:2A, primaryPhy=1, secondaryPhy=0, advertisingSid=0xff, txPower=127, rssi=-103, periodicAdvInt=0x0
04-15 12:05:44.398  1980 31538 I vendor.qti.bluetooth@1.1-ibs_handler: ProcessIbsCmd: Received IBS_SLEEP_IND: 0xFE
04-15 12:05:44.398  1980 31538 D vendor.qti.bluetooth@1.1-ibs_handler: SerialClockVote: vote for UART CLK OFF
04-15 12:05:44.548  1980 31151 D vendor.qti.bluetooth@1.1-wake_lock: Release wakelock is released 
04-15 12:05:44.640   853   853 I lmkd    : cached 0, sandbox(not0) 0
04-15 12:05:44.642   853   853 I lmkd    : Reclaim 'com.samsung.android.intellivoiceservice:asr' (1640), uid 15010126, oom_score_adj 999, state 19 to free 81792kB rss, 30912kB swap; reason: low watermark is breached or filecache is low (2549360kB).
04-15 12:05:44.645   853   870 E lowmemorykiller: process_mrelease 1640 failed: No such process
04-15 12:05:44.645 29903 30030 D DmaBufLeakDetector: system:           321628 kB
04-15 12:05:44.647 29903 30030 I DmaBufLeakDetector: DmaBuf : 321628 KB
04-15 12:05:44.693 29553 29553 I Zygote  : Process 1640 exited due to signal 9 (Killed)
04-15 12:05:44.696 29903 30594 I ActivityManager: Process com.samsung.android.intellivoiceservice:asr (pid 1640) has died: cch+99 CEM (517,2904)
04-15 12:05:44.697 29903 29998 I libprocessgroup: Removed cgroup /sys/fs/cgroup/apps/uid_15010126/pid_1640
04-15 12:05:44.700 29903 29903 I WALLPAPER_SVC:SemWallpaperManagerService: isHomeActivityVisible : true 
04-15 12:05:44.700 29903 29903 D WALLPAPER_SVC:WallpaperData: getWallpaperFile: file = /data/system/users/0/wallpaper_orig 
04-15 12:05:44.700 29903 29903 D WALLPAPER_SVC:WallpaperData: getWallpaperFile: file = /data/system/users/0/wallpaper_orig 
04-15 12:05:44.701 29903 29903 D WALLPAPER_SVC:WallpaperManagerService: dispatchHomeVisibilityChanged: visible = true, connection = com.android.server.wallpaper.WallpaperManagerService$WallpaperConnection@9128c3d, systemWallpaper = WallpaperData@8990857, id: 36, which: 5, file mod: 0, info: WallpaperInfo{com.samsung.android.wallpaper.live.layered.LayeredWallpaperService, settings: null}, engine(s): Proxy@8399ecc, type = 7, userId = 0, uri= null, allowBackup= true, wallpaperComponent = ComponentInfo{com.samsung.android.wallpaper.live/com.samsung.android.wallpaper.live.layered.LayeredWallpaperService}, nextWallpaperComponent = ComponentInfo{com.samsung.android.wallpaper.live/com.samsung.android.wallpaper.live.layered.LayeredWallpaperService} 
04-15 12:05:44.744 25175 25175 D BoundBrokerSvc: onUnbind: Intent { act=com.google.android.gms.measurement.START xflg=0x4 pkg=com.google.android.gms }
04-15 12:05:44.925  2682 30438 D LOWI-9.0.1.74: [LOWI-Scan] wait_event:Wait done with Cmd 34
04-15 12:05:44.925  2682 30438 D LOWI-9.0.1.74: [LOWI-Scan] do_listen_events: Rcvd valid Netlink Cmd 34 Err 0
04-15 12:05:44.926 29903 30594 D WifiNl80211Manager: Scan result ready event
04-15 12:05:44.926  2682 30438 D LOWI-9.0.1.74: [LOWI-Scan] 
04-15 12:05:44.926  2682 30438 D LOWI-9.0.1.74: [LOWI-Scan] BSS b4:1c:30:**:**:55 FREQ: 5745, cFreq1[40:80:160] = [5755:5775:0] cFreq2 = 0 SSID ZTE_E79F55_5G, RSSI(dBM): -49, 11mcRanging: No, Country Code = GH 
04-15 12:05:44.926  2682 30438 D LOWI-9.0.1.74: [LOWI-Scan] 
04-15 12:05:44.927  2682 30438 D LOWI-9.0.1.74: [LOWI-Scan] BSS b4:1c:30:**:**:55 FREQ: 2462, cFreq1[40:80:160] = [2462:0:0] cFreq2 = 0 SSID GLOBAL RAKEEM, RSSI(dBM): -41, 11mcRanging: No, Country Code = GH 
04-15 12:05:44.927  2682 30438 D LOWI-9.0.1.74: [LOWI-Scan] 
04-15 12:05:44.927  2682 30438 D LOWI-9.0.1.74: [LOWI-Scan] BSS d2:a2:89:**:**:b4 FREQ: 2437, cFreq1[40:80:160] = [0:0:0] cFreq2 = 0 SSID , RSSI(dBM): -73, 11mcRanging: No, Country Code = GH
04-15 12:05:44.928  2682 30438 D LOWI-9.0.1.74: [LOWI-Scan] 
04-15 12:05:44.928  2682 30438 D LOWI-9.0.1.74: [LOWI-Scan] BSS d2:a2:89:**:**:b4 FREQ: 2437, cFreq1[40:80:160] = [0:0:0] cFreq2 = 0 SSID , RSSI(dBM): -72, 11mcRanging: No, Country Code = GH
04-15 12:05:44.928  2682 30438 D LOWI-9.0.1.74: [LOWI-Scan] 
04-15 12:05:44.928  2682 30438 D LOWI-9.0.1.74: [LOWI-Scan] BSS d2:a2:89:**:**:b4 FREQ: 5220, cFreq1[40:80:160] = [5230:5210:0] cFreq2 = 0 SSID , RSSI(dBM): -83, 11mcRanging: No, Country Code = GH
04-15 12:05:44.929 29903 30594 D WifiNative: Scan result ready event
04-15 12:05:44.929  2682 30438 D LOWI-9.0.1.74: [LOWI-Scan] 
04-15 12:05:44.929  2682 30438 D LOWI-9.0.1.74: [LOWI-Scan] BSS d2:a2:89:**:**:b4 FREQ: 5220, cFreq1[40:80:160] = [5230:5210:0] cFreq2 = 0 SSID , RSSI(dBM): -83, 11mcRanging: No, Country Code = GH
04-15 12:05:44.929  2682 30438 D LOWI-9.0.1.74: [LOWI-Scan] 
04-15 12:05:44.930  2682 30438 D LOWI-9.0.1.74: [LOWI-Scan] BSS d2:a2:89:**:**:b4 FREQ: 2437, cFreq1[40:80:160] = [0:0:0] cFreq2 = 0 SSID , RSSI(dBM): -73, 11mcRanging: No, Country Code = GH
04-15 12:05:44.930  2682 30438 D LOWI-9.0.1.74: [LOWI-Scan] 
04-15 12:05:44.930  2682 30438 D LOWI-9.0.1.74: [LOWI-Scan] BSS 86:ec:80:**:**:62 FREQ: 2437, cFreq1[40:80:160] = [0:0:0] cFreq2 = 0 SSID Galaxy A55 5G 0314, RSSI(dBM): -77, 11mcRanging: No, Country Code =    
04-15 12:05:44.930  2682 30438 D LOWI-9.0.1.74: [LOWI-Scan] 
04-15 12:05:44.930  2682 30438 D LOWI-9.0.1.74: [LOWI-Scan] BSS 44:55:c4:**:**:3c FREQ: 2437, cFreq1[40:80:160] = [0:0:0] cFreq2 = 0 SSID HUAWEI Y9s, RSSI(dBM): -80, 11mcRanging: No, Country Code = GH 
04-15 12:05:44.930  2682 30438 D LOWI-9.0.1.74: [LOWIDiagLog] Log: lowiMeasResult->request: invalid null argument
04-15 12:05:44.930  2682 30438 I LOWI-9.0.1.74: [LOWI-Scan] lowi_close_record:Scan done in 535333545ms, 9 APs in scan results
04-15 12:05:44.930  2682 30438 D LOWI-9.0.1.74: [LOWI-Scan] WipsScanUsingNL: passive scan cached 0, took 19981 ms, err 0
04-15 12:05:44.930  2682 30438 D LOWI-9.0.1.74: [LOWI-Scan] lowi_proc_req_passive_scan_with_live_meas - No WLAN Frames to be parsed
04-15 12:05:44.930  2682 30438 D LOWI-9.0.1.74: [LOWIScanResultReceiver] Send scan meas to listener
04-15 12:05:44.930  2682 30438 D LOWI-9.0.1.74: [LOWIScanResultReceiver] Enter passive listening mode
04-15 12:05:44.930  2682 30438 D LOWI-9.0.1.74: [LOWIWifiDriverInterface] getMeasurements - Passive listening mode
04-15 12:05:44.930  2682 30438 D LOWI-9.0.1.74: [LOWI-Scan] WipsScanUsingNL:wait -1 sec for netlink message
04-15 12:05:44.930  2682  2840 D LOWI-9.0.1.74: [LOWIEventReceiver] handleEvent:FROM:NA, TO:NA, REQ:NA, IREQ:NA, REQ_ID:0, RESP:NA, INFO:NA
04-15 12:05:44.930  2682  2840 D LOWI-9.0.1.74: [LOWIBackgroundScanMgr] isRspForBgScanMgr: evt(LOWI_NO_EVT) - not handled
04-15 12:05:44.930  2682  2840 D LOWI-9.0.1.74: [LOWIScheduler] manageMsg: NULL results or NULL request in results
04-15 12:05:44.930  2682  2840 D LOWI-9.0.1.74: [LOWIController] Measurements received
04-15 12:05:44.930  2682  2840 D LOWI-9.0.1.74: [LOWICacheManager] putInCache:Num of Meas to add: 9
04-15 12:05:44.931  2682  2840 D LOWI-9.0.1.74: [LOWIController] processMeasurementResults: No current Request. Cache measurements
04-15 12:05:44.931  2682  2840 D LOWI-9.0.1.74: [LOWIController] sendAsyncScanResponse: Request FreeWifiScanObserver_77 is from a different client.
04-15 12:05:44.931  2682  2840 D LOWI-9.0.1.74: [LOWIController] generateResponse: Type (ASYNC_DISCOVERY_SCAN_RESULTS) ScanStatus (1) request FreeWifiScanObserver_77
04-15 12:05:44.932  2682  2840 D LOWI-9.0.1.74: [LOWIEventDispatcher] sendResponse - originator = FreeWifiScanObserver
04-15 12:05:44.932  2682  2840 D LOWI-9.0.1.74: [LOWIUtils] injectScanMeasurements - num of APs = 9
04-15 12:05:44.932  2682  2840 I LOWI-9.0.1.74: [LOWIUtils] responseToOutPostcard - TO: FreeWifiScanObserver, FROM:   LOWI-SERVER, RESP:  LOWI_ASYNC_DISCOVERY_SCAN_RESULTS
04-15 12:05:44.933  2682  2840 D LOWI-9.0.1.74: [LOWIControllerExtn] sendLOWILpDiscoveryScanResponse: Not a discovery scan response
04-15 12:05:44.936 29903 30223 I WifiScanner: onFullResults
04-15 12:05:44.937 29903 30223 I WifiScanner: onFullResults
04-15 12:05:44.937 29903 30223 I WifiScanner: onFullResults
04-15 12:05:44.938  1991  2052 I LocSvc_api_v02: ---> locClientSendReq line 2462 QMI_LOC_INJECT_WIFI_AP_DATA_REQ_V02
04-15 12:05:44.940 24504 24662 I WifiScanner: onFullResults
04-15 12:05:44.940 26921  7510 I WifiScanner: onFullResults
04-15 12:05:44.940  1991 20400 I LocSvc_ApiV02: <--- globalRespCb line 355 QMI_LOC_INJECT_WIFI_AP_DATA_REQ_V02
04-15 12:05:44.941 29903 30312 D SemWifiScanPool: countryCode: GH, count: 8, totalSamples: 8, rate: 100.0%
04-15 12:05:44.941 29903 30312 V SemWifiScanPool: updateScanResult, full scan:9 configKeys: 5 pool_bssid:9 pool_configKeys:7
04-15 12:05:44.942 29903 30312 D WifiConnectivityMonitor: onScanResultUpdated
04-15 12:05:44.942 29903 30312 D WifiConnectivityMonitor: mMaxScannedCountryCode : GH
04-15 12:05:44.942 26921  8560 I WifiScanner: onFullResults
04-15 12:05:44.943 29903 30673 D SLocation: ReceiverPair - handleWifiScan - wifi scanned enter
04-15 12:05:44.944 29903 30673 D SLocation: ReceiverPair - ignore direction of location due to wifi, id = 38, reason = 500
04-15 12:05:44.944 29903 30673 I SLocation: ReceiverPairWithWifi - handle Wifi Scans ID = 52
04-15 12:05:44.944 29903 30673 I SLocation: ReceiverPairWithWifi - handle Wifi Scans ID = 59
04-15 12:05:44.945 29903 30673 D SLocation: LocationProviderStatus - try to update provider status (GPS/NLP)
04-15 12:05:44.945 29903 30673 D SLocation: LocationProviderStatus - set isGpsOn : true, isNlpOn : true
04-15 12:05:44.945 29903 30673 D SLocation: LocationProviderStatus - gps & nlp status not changed
04-15 12:05:44.945 29903 30673 D SLocation: GeofenceCoreManager - geofence core command pending size : 2
04-15 12:05:44.945 29903 30673 D SLocation: GeofenceCoreRecovery - removeGeofenceInfo id = 15000
04-15 12:05:44.945 29903 30673 D SLocation: SLocationCoreSem - send to coreSem, packet length : 3 / [17, 58, 152]
04-15 12:05:44.946 29903 30673 D SemContextLocationCoreAttribute: setAttribute() mode : 0 action : 23
04-15 12:05:44.946 29903 30673 D SemContextService: lock : changeParameters
04-15 12:05:44.946 29903 30673 D SemContext.CaeProvider.LocationCoreImpl: setAttribute() mode : 0 action : 23
04-15 12:05:44.946 29903 30673 W CAE     : setCAProperty(ContextAwareService.java:509) - [setProperty 01] Mutex is locked for SLOCATION_RUNNER
04-15 12:05:44.947 29903 30673 I CAE     : setPropertyValue(SLocationRunner.java:116) - SLocationRunner setProperty header : 17, len : 3
04-15 12:05:44.950 29903 30210 D SensorService: setSContextDataLocked ints length 3 , byte length 6
04-15 12:05:44.950 29903 30210 D SensorService: setSContextDataLocked 113717c1
04-15 12:05:44.951  1992  1992 I sensors-hal: inject_sensor_data:407, handle 1502 send inject
04-15 12:05:44.951  1992  1992 I sensors-hal: sendContextData:290, sensor hal 6, (0xc1, 0x17, 0x37, 0x11)
04-15 12:05:44.951  1992  1992 E sensors-hal: sendContextData:133, slocationcore h 193 m 23 s 55
04-15 12:05:44.951  1992  1992 I sensors-hal: sendUserData:119, slocationcore sendUserData
04-15 12:05:44.951  1992  1992 E sensors-hal: create_send_context_data:64, slocationcore create_send_context_data
04-15 12:05:44.951  1992  1992 I sensors-hal: send_context_data:694, slocationcore, 4986366670857974562, 1320970896291267344, msgid:700
04-15 12:05:44.951 29903 30673 W CAE     : setCAProperty(ContextAwareService.java:515) - [setProperty 02] Mutex is unlocked for SLOCATION_RUNNER
04-15 12:05:44.952  1992  4057 I sensors-hal: qsh_conn_resp_cb:930, resp_value = 0 for slocationcore 
04-15 12:05:44.952 29903 30673 D SemContextService: unlock : changeParameters
04-15 12:05:44.952  1992  4057 I sensors-hal: qsh_conn_event_cb:890, event[0] sensor:slocationcore  Wakeup, msg_id=1025, ts=10279520853677
04-15 12:05:44.952  1992  4057 E sensors-hal: handle_sns_client_event:78, slocationcore_event: msgid:1025
04-15 12:05:44.952 29903 30673 D SemContextManager:   .changeParameters : listener = Z.i@1846abd, service=SLocation Core
04-15 12:05:44.952 29903 30673 D SLocation: GeofenceCoreManager - geofence core command pending size : 1
04-15 12:05:44.952 29903 30673 D SLocation: GeofenceCoreRecovery - storeGeofenceInfo 1 id = 15000, radius = 2578
04-15 12:05:44.952 29903 30673 D SLocation: SLocationCoreSem - send to coreSem, packet length : 16 / [16, 58, 152, 5, 154, 14, 230, 255, 127, 65, 10, 0, 0, 10, 18, 1]
04-15 12:05:44.953 29903 30673 D SemContextLocationCoreAttribute: setAttribute() mode : 0 action : 23
04-15 12:05:44.953 29903 30673 D SemContextService: lock : changeParameters
04-15 12:05:44.954 29903 30673 D SemContext.CaeProvider.LocationCoreImpl: setAttribute() mode : 0 action : 23
04-15 12:05:44.954 29903 30673 W CAE     : setCAProperty(ContextAwareService.java:509) - [setProperty 01] Mutex is locked for SLOCATION_RUNNER
04-15 12:05:44.954 29903 30673 I CAE     : setPropertyValue(SLocationRunner.java:116) - SLocationRunner setProperty header : 16, len : 16
04-15 12:05:44.955 29903 30208 D CAE     : onGetSensorHubData(SensorHubParserProvider.java:92) - onGetSensorHubData Event [event buffer len :10], AP_WAKEUP
04-15 12:05:44.955 29903 30208 I CAE     : parse(SensorHubParserProvider.java:188) - buffer size = 10
04-15 12:05:44.955 29903 30208 I CAE     : parse(SensorHubParserProvider.java:199) - 1, 1, 55, 0, 5, 2, 17, 0, 58, -104,
04-15 12:05:44.956 29903 30208 I CAE     : parse(SLocationRunner.java:88) - SLocationRunner parse start : 3
04-15 12:05:44.956 29903 30208 D CAE     : display(ContextProvider.java:375) - ================= SLOCATION_RUNNER =================
04-15 12:05:44.956 29903 30208 I CAE     : display(ContextProvider.java:391) - ExtraDataArray=[1, 1, 55, 0, 5, 2, 17, 0, 58, -104]
04-15 12:05:44.956 29903 30208 I CAE     : parse(SLocationRunner.java:96) - SLocationRunner parse end:10
04-15 12:05:44.956 29903 30210 D SensorService: setSContextDataLocked ints length 6 , byte length 19
04-15 12:05:44.956 29903 30210 D SensorService: setSContextDataLocked 103717c1
04-15 12:05:44.957  1992  1992 I sensors-hal: inject_sensor_data:407, handle 1502 send inject
04-15 12:05:44.957  1992  1992 I sensors-hal: sendContextData:290, sensor hal 19, (0xc1, 0x17, 0x37, 0x10)
04-15 12:05:44.957  1992  1992 E sensors-hal: sendContextData:133, slocationcore h 193 m 23 s 55
04-15 12:05:44.957  1992  1992 I sensors-hal: sendUserData:119, slocationcore sendUserData
04-15 12:05:44.957  1992  1992 E sensors-hal: create_send_context_data:64, slocationcore create_send_context_data
04-15 12:05:44.957  1992  1992 I sensors-hal: send_context_data:694, slocationcore, 4986366670857974562, 1320970896291267344, msgid:700
04-15 12:05:44.957 29903 30205 D SemContextService: Service.updateContext() : service = SLocation Core
04-15 12:05:44.957 29903 30673 W CAE     : setCAProperty(ContextAwareService.java:515) - [setProperty 02] Mutex is unlocked for SLOCATION_RUNNER
04-15 12:05:44.958 29903 30673 D SemContextService: unlock : changeParameters
04-15 12:05:44.958 29903 30673 D SemContextManager:   .changeParameters : listener = Z.i@1846abd, service=SLocation Core
04-15 12:05:44.958  1992  4057 I sensors-hal: qsh_conn_resp_cb:930, resp_value = 0 for slocationcore 
04-15 12:05:44.958  1992  4057 I sensors-hal: qsh_conn_event_cb:890, event[0] sensor:slocationcore  Wakeup, msg_id=1025, ts=10279520976571
04-15 12:05:44.958  1992  4057 E sensors-hal: handle_sns_client_event:78, slocationcore_event: msgid:1025
04-15 12:05:44.959 29903 30208 D CAE     : onGetSensorHubData(SensorHubParserProvider.java:92) - onGetSensorHubData Event [event buffer len :10], AP_WAKEUP
04-15 12:05:44.960 29903 30208 I CAE     : parse(SensorHubParserProvider.java:188) - buffer size = 10
04-15 12:05:44.960 29903 30208 I CAE     : parse(SensorHubParserProvider.java:199) - 1, 1, 55, 0, 5, 2, 16, 0, 58, -104,
04-15 12:05:44.960 29903 30208 I CAE     : parse(SLocationRunner.java:88) - SLocationRunner parse start : 3
04-15 12:05:44.960 29903 30208 D CAE     : display(ContextProvider.java:375) - ================= SLOCATION_RUNNER =================
04-15 12:05:44.960 29903 30208 I CAE     : display(ContextProvider.java:391) - ExtraDataArray=[1, 1, 55, 0, 5, 2, 16, 0, 58, -104]
04-15 12:05:44.960 29903 30208 I CAE     : parse(SLocationRunner.java:96) - SLocationRunner parse end:10
04-15 12:05:44.960 29903 30205 D SemContextService: Service.updateContext() : service = SLocation Core
04-15 12:05:44.963 29903 14052 I Mocca_VehicleDetectionHelper: (1.1.04.1)WiFi: WiFi delta: 2.0 totalKeys is: 9 ratio is: 22.222223
04-15 12:05:44.963 29903 14052 I Mocca_VehicleDetectionHelper: (1.1.04.1)WiFi: Updated WiFi status: 2
04-15 12:05:44.963 29903 14052 D VehicleSensorHub: vehicleSendToSensorHub status : 2 type : 16
04-15 12:05:44.963 29903 14052 I SensorManager: Get Sensor type = 65586
04-15 12:05:44.963 29903 14052 D SensorService: setSContextDataLocked ints length 3 , byte length 5
04-15 12:05:44.963 29903 14052 D SensorService: setSContextDataLocked 103c17c1
04-15 12:05:44.963 29903 29903 D GnssLocationProvider_ex: receive broadcast intent, action: android.net.wifi.SCAN_RESULTS
04-15 12:05:44.963  1992  1992 I sensors-hal: inject_sensor_data:407, handle 1502 send inject
04-15 12:05:44.963 29903 29903 D SemContextManager: onSemContextChanged() : event = SLocation Core
04-15 12:05:44.964  1992  1992 I sensors-hal: sendContextData:290, sensor hal 5, (0xc1, 0x17, 0x3c, 0x10)
04-15 12:05:44.964  1992  1992 I sensors-hal: sendContextData:230, activities 5 c1, 1
04-15 12:05:44.964  1992  1992 I sensors-hal: sendUserData:251, Activities cmd 0xc1 0x17
04-15 12:05:44.964 29903 29903 D SLocation: SensorHubWrapper - SemContextChanged type = 47, packet received
04-15 12:05:44.964  1992  1992 I sensors-hal: create_send_context_data:80, sending create_send_context_data
04-15 12:05:44.964  1992  1992 I sensors-hal: send_context_data:694, activities, 4914309220830019584, 1320970896291267344, msgid:700
04-15 12:05:44.964 29903 29903 D SemContextManager: onSemContextChanged() : event = SLocation Core
04-15 12:05:44.964 29903 29903 D SLocation: SensorHubWrapper - SemContextChanged type = 47, packet received
04-15 12:05:44.964  1992  4057 I sensors-hal: qsh_conn_resp_cb:930, resp_value = 0 for activities 
04-15 12:05:44.964 29903 14052 W ContextImpl: Calling a method in the system process without a qualified user: android.app.ContextImpl.sendBroadcast:1335 com.samsung.android.mocca.app.vehicle.AdvancedVehicleDetection.reportAdvancedVehicleEvent:185 com.samsung.android.mocca.app.vehicle.AdvancedVehicleDetection.handleWifiScanResult:340 com.samsung.android.mocca.app.vehicle.AdvancedVehicleDetection.q:0 D.e.h:231 
04-15 12:05:44.964 29903 30673 D SLocation: GeofenceCoreManager - received Extra Data from core, len : 5
04-15 12:05:44.964 29903 30673 D SLocation: GeofenceCoreManager - handleCommandCallback - GEOFENCE_REMOVE SUCCESS
04-15 12:05:44.964 29903 30673 I SLocation: SHardwareManager - handleRemoveCallback : GEOFENCE_SUCCESS, id = 15000
04-15 12:05:44.964 29903 30673 D SLocation: CommonCoreManager - received Extra Data from core, len : 5
04-15 12:05:44.965 29903 30673 D SLocation: GeofenceCoreManager - received Extra Data from core, len : 5
04-15 12:05:44.965 29903 30673 D SLocation: GeofenceCoreManager - handleCommandCallback - GEOFENCE_ADD SUCCESS
04-15 12:05:44.965 29903 30673 I SLocation: SHardwareManager - handleAddCallback : GEOFENCE_SUCCESS id = 15000
04-15 12:05:44.965 29903 30673 D SLocation: CommonCoreManager - received Extra Data from core, len : 5
04-15 12:05:44.972 22790 22806 I [CE]_IndoorLocationManager: onNewScanResults - Update: 3
04-15 12:05:44.973 22790 22806 I [CE]_IndoorLocationManager: detectPoiEntryExit - State: 1
04-15 12:05:44.973 22790 22806 I [CE]_IndoorLocationManager: predict  - Sub-loc index: 1
04-15 12:05:44.973 22790 22806 I [CE]_IndoorLocationManager: identifyIndoorLocation - State: 9 / 1 / 0 / 1 / 5
04-15 12:05:44.973 22790 22806 I [CE]_ContextEngineReceiver: onReceive - action: com.samsung.android.mocca.ACTION_ADVANCED_VEHICLE_EVENT
04-15 12:05:44.974 22790 22806 I [CE]_AdvancedVehicleEvent: decode - not BT type: 16
04-15 12:05:44.974 22790 22806 I [CE]_AdvancedVehicleEvent: decode - not BT type: 16
04-15 12:05:44.974 22790 22806 I [CE]_MovingContextProvider: onReceive - Advanced Vehicle Context received: 16, 2
04-15 12:05:44.974 22790 22806 I [CE]_AdvancedVehicleEvent: decode - not BT type: 16
04-15 12:05:44.974 22790 22806 I [CE]_CarContextProvider: onReceive - Advanced Vehicle Context received: 16, 2
04-15 12:05:44.974 22790 22806 I [CE]_RealtimeMovingContextProvider: onReceive - Not started
04-15 12:05:44.978  2150  2880 I VSyncReactor: Current= 60, Period= 60, Distance= 0
04-15 12:05:44.995  2150  2880 I VSyncReactor: Current= 60, Period= 60, Distance= 60
04-15 12:05:45.014 25175 25175 D BoundBrokerSvc: onUnbind: Intent { act=com.google.android.gms.safetynet.service.START xflg=0x4 pkg=com.google.android.gms }
04-15 12:05:45.084 30480 30480 D PowerUI.Notification: showChargingNotice - Battery Level : 38 -> 38, Charging Type : 2 -> 11, Charging Time : 9103 -> 9103, Maximum protection : true -> true, Maximum threshold : 95 -> 95
04-15 12:05:45.087 30480 30480 I NotificationManager: com.android.systemui: notify(2131364006, charging_state, Notification(channel=CHR shortcut=null contentView=null vibrate=null sound=null defaults=0 flags=ONGOING_EVENT|ONLY_ALERT_ONCE color=0x00000000 category=sys groupKey=CHARGING vis=PUBLIC semFlags=0x0 semPriority=0 semMissedCount=0)) as user
04-15 12:05:45.090 29903 30286 W PermissionService: getPermissionFlags: Unknown user -1
04-15 12:05:45.090 29903 30286 W PermissionService: getPermissionFlags: Unknown user -1
04-15 12:05:45.115 30448 30993 D SatelliteController: isInCarrierRoamingNbIotNtn: satellite is disabled
04-15 12:05:45.120 30480 30710 D MobileSignalTransitionManager: updateSignalTransition
04-15 12:05:45.121 30448 30993 D SatelliteController: isInCarrierRoamingNbIotNtn: satellite is disabled
04-15 12:05:45.123 31072 31178 I HoneySpace.StatusIconTracker: invokeEvent() called with: event = Mobile(bundle=Bundle[mParcelledData.dataSize=256])
04-15 12:05:45.146  2150  2150 D SurfaceFlinger: GPIS:: requestGPISForClientComposition
04-15 12:05:45.152  2150  2569 I CompositionEngine: [setDisplaySize] size=(450, 56)
04-15 12:05:45.152  2150  3930 D NativeSemDvfsManager: acquire:: timeout = 2000 mIsAcquired = 1  mTagName : SurfaceFlinger 
