04-15 12:05:47.534 22423 22447 I AdrenoVK-0: Driver Path             : /vendor/lib64/hw/vulkan.adreno.so
04-15 12:05:47.534 22423 22447 I AdrenoVK-0: Driver Version          : 0762.39
04-15 12:05:47.534 22423 22447 I AdrenoVK-0: PFP                     : 0x01520181
04-15 12:05:47.534 22423 22447 I AdrenoVK-0: ME                      : 0x01520023
04-15 12:05:47.534 22423 22447 I AdrenoVK-0: Application Name    : wgpu
04-15 12:05:47.534 22423 22447 I AdrenoVK-0: Application Version : 0x00000001
04-15 12:05:47.534 22423 22447 I AdrenoVK-0: Engine Name         : wgpu-hal
04-15 12:05:47.534 22423 22447 I AdrenoVK-0: Engine Version      : 0x00000002
04-15 12:05:47.534 22423 22447 I AdrenoVK-0: Api Version         : 0x00403000
04-15 12:05:47.633 26921 21034 I NearbySharing: Network state changed: NetworkState(isRestricted=false, isOnline=true, isCongested=false, isMetered=true, isWifiConnected=false)
04-15 12:05:47.745  1969  2173 I minksocket: MinkIPC MESSAGE: ( 1969:2173 ) MinkIPC_QRTR_Service:351 minkipc = 0xb400006fe8e5a1b0 sock = 13, client with node 1 port 73b3 went down
04-15 12:05:47.745  1969  2186 I minksocket: MinkIPC MESSAGE: ( 1969:2186 ) MinkIPC_QRTR_Service:351 minkipc = 0xb400006fe8e5acb0 sock = 34, client with node 1 port 73b3 went down
04-15 12:05:47.746  1969  2173 I minksocket: MinkIPC MESSAGE: ( 1969:2173 ) MinkIPC_QRTR_Service:351 minkipc = 0xb400006fe8e5a1b0 sock = 13, client with node 1 port 73b4 went down
04-15 12:05:47.746  1969  2186 I minksocket: MinkIPC MESSAGE: ( 1969:2186 ) MinkIPC_QRTR_Service:351 minkipc = 0xb400006fe8e5acb0 sock = 34, client with node 1 port 73b4 went down
04-15 12:05:47.747  1969  2186 I minksocket: MinkIPC MESSAGE: ( 1969:2186 ) MinkIPC_QRTR_Service:351 minkipc = 0xb400006fe8e5acb0 sock = 34, client with node 1 port 73b5 went down
04-15 12:05:47.747  1969  2173 I minksocket: MinkIPC MESSAGE: ( 1969:2173 ) MinkIPC_QRTR_Service:351 minkipc = 0xb400006fe8e5a1b0 sock = 13, client with node 1 port 73b5 went down
04-15 12:05:47.749  1969  2186 I minksocket: MinkIPC MESSAGE: ( 1969:2186 ) MinkIPC_QRTR_Service:351 minkipc = 0xb400006fe8e5acb0 sock = 34, client with node 1 port 73b6 went down
04-15 12:05:47.749  1969  2173 I minksocket: MinkIPC MESSAGE: ( 1969:2173 ) MinkIPC_QRTR_Service:351 minkipc = 0xb400006fe8e5a1b0 sock = 13, client with node 1 port 73b6 went down
04-15 12:05:48.032  1165  1165 D io_stats: !@   8,0 r 33544809 655142416 w 13305668 205087924 d 1773480 344983444 f 392292 1302799 iot 7469112 0 th 0 0 0 pt 0 inp 0 0 257508.264
04-15 12:05:48.226 31072 31178 I HoneySpace.StatusIconTracker: invokeEvent() called with: event = Mobile(bundle=Bundle[mParcelledData.dataSize=256])
04-15 12:05:48.241  2150  2600 I VSyncReactor: Current= 60, Period= 60, Distance= 1
04-15 12:05:48.256  1980 31538 I vendor.qti.bluetooth@1.1-ibs_handler: ProcessIbsCmd: Received IBS_WAKE_IND: 0xFD
04-15 12:05:48.256  1980 31538 D vendor.qti.bluetooth@1.1-ibs_handler: SerialClockVote: vote for UART CLK ON
04-15 12:05:48.257  1980 31538 D vendor.qti.bluetooth@1.1-wake_lock: Acquire wakelock is acquired 
04-15 12:05:48.257  1980 31538 I vendor.qti.bluetooth@1.1-ibs_handler: ProcessIbsCmd: Writing IBS_WAKE_ACK
04-15 12:05:48.258  2150  2600 I VSyncReactor: Current= 60, Period= 60, Distance= 60
04-15 12:05:48.261  2150  2150 D SurfaceFlinger: GPIS:: requestGPISForClientComposition
04-15 12:05:48.266 30705 31682 I ScanController: onScanResult to scannerId: 2- eventType=0x1b, addressType=0, address=XX:XX:XX:XX:51:9B, primaryPhy=1, secondaryPhy=0, advertisingSid=0xff, txPower=127, rssi=-86, periodicAdvInt=0x0
04-15 12:05:48.269  2150  2569 I CompositionEngine: [setDisplaySize] size=(450, 56)
04-15 12:05:48.299  2133  2159 E HeatmapThread: ECT Thread time in milliseconds: 1776254748
04-15 12:05:48.302  2133  2159 D HeatmapThread: !@ batteryplugType : 2
04-15 12:05:48.303  2133  2159 D HeatmapThread: !@ batteryLevel : 38  batteryTemperature : 386 
04-15 12:05:48.303  2133  2159 D HeatmapThread: !@ Heatmap currtime: 29604245
04-15 12:05:48.303  2133  2159 D HeatmapThread: !@ Heatmap prevtime: 29604225
04-15 12:05:48.303  2133  2159 D HeatmapThread: !@ Heatmap plugstarttime: 29604243
04-15 12:05:48.303  2133  2159 D HeatmapThread: !@ Heatmap prevv_dsoh_update_time: 29602912
04-15 12:05:48.303  2133  2159 E HeatmapThread: !@ CAM New BSOH: 95
04-15 12:05:48.306  1980 31538 I vendor.qti.bluetooth@1.1-ibs_handler: ProcessIbsCmd: Received IBS_SLEEP_IND: 0xFE
04-15 12:05:48.306  1980 31538 D vendor.qti.bluetooth@1.1-ibs_handler: SerialClockVote: vote for UART CLK OFF
04-15 12:05:48.366  1980 31538 I vendor.qti.bluetooth@1.1-ibs_handler: ProcessIbsCmd: Received IBS_WAKE_IND: 0xFD
04-15 12:05:48.366  1980 31538 D vendor.qti.bluetooth@1.1-ibs_handler: SerialClockVote: vote for UART CLK ON
04-15 12:05:48.366  1980 31538 I vendor.qti.bluetooth@1.1-ibs_handler: ProcessIbsCmd: Writing IBS_WAKE_ACK
04-15 12:05:48.368 30705 31682 I ScanController: onScanResult to scannerId: 1- eventType=0x1b, addressType=1, address=XX:XX:XX:XX:E8:03, primaryPhy=1, secondaryPhy=0, advertisingSid=0xff, txPower=127, rssi=-101, periodicAdvInt=0x0
04-15 12:05:48.377 30448 30993 D SatelliteController: isInCarrierRoamingNbIotNtn: satellite is disabled
04-15 12:05:48.407  1980 31538 I vendor.qti.bluetooth@1.1-ibs_handler: ProcessIbsCmd: Received IBS_SLEEP_IND: 0xFE
04-15 12:05:48.407  1980 31538 D vendor.qti.bluetooth@1.1-ibs_handler: SerialClockVote: vote for UART CLK OFF
04-15 12:05:48.541  1992 30429 I sensors-hal: handle_sns_std_sensor_event:131, [SSC_LIGHT] A: 59(59),c:2,b:78,m:13,cl:0,l:58,s:59,l0:8800,l1:800,s0:8000,s1:0,acl:1,opr:0.16,f(r):100,u(bl):100,if:0,wi:2,si:0,po:161(N:0)
04-15 12:05:48.541  1992 21827 I sensors-hal: handle_sns_std_sensor_event:409, [SSC_LIGHT] P: 59(59),c:2,b:78,m:13,cl:0,l:58,s:59,l0:8800,l1:800,s0:8000,s1:0,acl:1,opr:0.16,f(r):100,u(bl):100,if:0,wi:2,si:0,po:161(N:0)
04-15 12:05:48.557  1980 31151 D vendor.qti.bluetooth@1.1-wake_lock: Release wakelock is released 
04-15 12:05:49.021  1992 21863 I sensors-hal: handle_sns_std_sensor_event:90, light_cct: ts = 535388184598250 ns; value = [59, 59, 33, 41, 59, 78, 0, 50, 8832, 0]
04-15 12:05:49.136 29575 22467 I HYPER-HAL: [RequestManager.cpp]releaseLocked(): Released ID : 4966977
04-15 12:05:49.300  2133  2159 E HeatmapThread: ECT Thread time in milliseconds: 1776254749
04-15 12:05:49.303  2133  2159 D HeatmapThread: !@ batteryplugType : 2
04-15 12:05:49.303  2133  2159 D HeatmapThread: !@ batteryLevel : 38  batteryTemperature : 386 
04-15 12:05:49.303  2133  2159 D HeatmapThread: !@ Heatmap currtime: 29604245
04-15 12:05:49.303  2133  2159 D HeatmapThread: !@ Heatmap prevtime: 29604225
04-15 12:05:49.303  2133  2159 D HeatmapThread: !@ Heatmap plugstarttime: 29604243
04-15 12:05:49.303  2133  2159 D HeatmapThread: !@ Heatmap prevv_dsoh_update_time: 29602912
04-15 12:05:49.303  2133  2159 E HeatmapThread: !@ CAM New BSOH: 95
04-15 12:05:49.863 22423 22447 I ZkgpuHarnessTest: CROSSOVER path=/data/user/0/org.zkgpu.harness/files/zkgpu/latest-report.json family_override=Auto tail_override=Auto
04-15 12:05:49.864 22423 22447 I ZkgpuHarnessTest: CROSSOVER kernel.ntt_variant=four-step kernel.stockham_tail_strategy=none
04-15 12:05:49.864 22423 22447 I ZkgpuHarnessTest: CROSSOVER device name="Adreno (TM) 750" backend=Vulkan tier=UnifiedMemoryNative family=Adreno driver="Driver Build: c81b28e1a5, I5a61fcf667, 1750408231
04-15 12:05:49.864 22423 22447 I ZkgpuHarnessTest: Date: 06/20/25
04-15 12:05:49.864 22423 22447 I ZkgpuHarnessTest: Compiler Version: E031.45.02.26
04-15 12:05:49.864 22423 22447 I ZkgpuHarnessTest: Driver Branch: 
04-15 12:05:49.864 22423 22447 I ZkgpuHarnessTest: " max_buffer=268435456 max_wg_x=256 max_invocations=256 max_wg_storage_bytes=16352
04-15 12:05:49.864 22423 22447 I ZkgpuHarnessTest: CROSSOVER forward_log18: family=four-step tail=none reason=none stride_bytes=none wall=1.86ms gpu=0.51ms
04-15 12:05:49.864 22423 22447 I ZkgpuHarnessTest: CROSSOVER forward_log18 stage[0] "transpose R×C→C×R" gpu=0.053ms
04-15 12:05:49.864 22423 22447 I ZkgpuHarnessTest: CROSSOVER forward_log18 stage[1] "phase2 R-pt r4 stages 0+1" gpu=0.029ms
04-15 12:05:49.864 22423 22447 I ZkgpuHarnessTest: CROSSOVER forward_log18 stage[2] "phase2 R-pt r4 stages 2+3" gpu=0.026ms
04-15 12:05:49.864 22423 22447 I ZkgpuHarnessTest: CROSSOVER forward_log18 stage[3] "phase2 R-pt r4 stages 4+5" gpu=0.026ms
04-15 12:05:49.864 22423 22447 I ZkgpuHarnessTest: CROSSOVER forward_log18 stage[4] "phase2 R-pt r4 stages 6+7" gpu=0.027ms
04-15 12:05:49.864 22423 22447 I ZkgpuHarnessTest: CROSSOVER forward_log18 stage[5] "phase2 R-pt r2 stage 8" gpu=0.026ms
04-15 12:05:49.864 22423 22447 I ZkgpuHarnessTest: CROSSOVER forward_log18 stage[6] "twiddle multiply" gpu=0.086ms
04-15 12:05:49.865 22423 22447 I ZkgpuHarnessTest: CROSSOVER forward_log18 stage[7] "transpose C×R→R×C" gpu=0.052ms
04-15 12:05:49.865 22423 22447 I ZkgpuHarnessTest: CROSSOVER forward_log18 stage[8] "phase5 C-pt r4 stages 0+1" gpu=0.029ms
04-15 12:05:49.865 22423 22447 I ZkgpuHarnessTest: CROSSOVER forward_log18 stage[9] "phase5 C-pt r4 stages 2+3" gpu=0.026ms
04-15 12:05:49.865 22423 22447 I ZkgpuHarnessTest: CROSSOVER forward_log18 stage[10] "phase5 C-pt r4 stages 4+5" gpu=0.027ms
04-15 12:05:49.865 22423 22447 I ZkgpuHarnessTest: CROSSOVER forward_log18 stage[11] "phase5 C-pt r4 stages 6+7" gpu=0.027ms
04-15 12:05:49.865 22423 22447 I ZkgpuHarnessTest: CROSSOVER forward_log18 stage[12] "phase5 C-pt r2 stage 8" gpu=0.026ms
04-15 12:05:49.865 22423 22447 I ZkgpuHarnessTest: CROSSOVER forward_log18 stage[13] "transpose R×C→C×R (output)" gpu=0.049ms
04-15 12:05:49.865 22423 22447 I ZkgpuHarnessTest: CROSSOVER inverse_log18: family=four-step tail=none reason=none stride_bytes=none wall=1.93ms gpu=0.55ms
04-15 12:05:49.865 22423 22447 I ZkgpuHarnessTest: CROSSOVER inverse_log18 stage[0] "transpose R×C→C×R" gpu=0.053ms
04-15 12:05:49.865 22423 22447 I ZkgpuHarnessTest: CROSSOVER inverse_log18 stage[1] "phase2 R-pt r4 stages 0+1" gpu=0.028ms
04-15 12:05:49.865 22423 22447 I ZkgpuHarnessTest: CROSSOVER inverse_log18 stage[2] "phase2 R-pt r4 stages 2+3" gpu=0.026ms
04-15 12:05:49.865 22423 22447 I ZkgpuHarnessTest: CROSSOVER inverse_log18 stage[3] "phase2 R-pt r4 stages 4+5" gpu=0.026ms
04-15 12:05:49.865 22423 22447 I ZkgpuHarnessTest: CROSSOVER inverse_log18 stage[4] "phase2 R-pt r4 stages 6+7" gpu=0.028ms
04-15 12:05:49.865 22423 22447 I ZkgpuHarnessTest: CROSSOVER inverse_log18 stage[5] "phase2 R-pt r2 stage 8" gpu=0.026ms
04-15 12:05:49.865 22423 22447 I ZkgpuHarnessTest: CROSSOVER inverse_log18 stage[6] "twiddle multiply" gpu=0.083ms
04-15 12:05:49.865 22423 22447 I ZkgpuHarnessTest: CROSSOVER inverse_log18 stage[7] "transpose C×R→R×C" gpu=0.050ms
04-15 12:05:49.865 22423 22447 I ZkgpuHarnessTest: CROSSOVER inverse_log18 stage[8] "phase5 C-pt r4 stages 0+1" gpu=0.029ms
04-15 12:05:49.865 22423 22447 I ZkgpuHarnessTest: CROSSOVER inverse_log18 stage[9] "phase5 C-pt r4 stages 2+3" gpu=0.026ms
04-15 12:05:49.865 22423 22447 I ZkgpuHarnessTest: CROSSOVER inverse_log18 stage[10] "phase5 C-pt r4 stages 4+5" gpu=0.026ms
04-15 12:05:49.865 22423 22447 I ZkgpuHarnessTest: CROSSOVER inverse_log18 stage[11] "phase5 C-pt r4 stages 6+7" gpu=0.026ms
04-15 12:05:49.865 22423 22447 I ZkgpuHarnessTest: CROSSOVER inverse_log18 stage[12] "phase5 C-pt r2 stage 8" gpu=0.026ms
04-15 12:05:49.865 22423 22447 I ZkgpuHarnessTest: CROSSOVER inverse_log18 stage[13] "transpose R×C→C×R (output)" gpu=0.049ms
04-15 12:05:49.865 22423 22447 I ZkgpuHarnessTest: CROSSOVER inverse_log18 stage[14] "inverse scale" gpu=0.047ms
04-15 12:05:49.865 22423 22447 I ZkgpuHarnessTest: CROSSOVER forward_log19: family=four-step tail=none reason=none stride_bytes=none wall=2.71ms gpu=1.15ms
04-15 12:05:49.866 22423 22447 I ZkgpuHarnessTest: CROSSOVER forward_log19 stage[0] "transpose R×C→C×R" gpu=0.130ms
04-15 12:05:49.866 22423 22447 I ZkgpuHarnessTest: CROSSOVER forward_log19 stage[1] "phase2 R-pt r4 stages 0+1" gpu=0.062ms
04-15 12:05:49.866 22423 22447 I ZkgpuHarnessTest: CROSSOVER forward_log19 stage[2] "phase2 R-pt r4 stages 2+3" gpu=0.061ms
04-15 12:05:49.866 22423 22447 I ZkgpuHarnessTest: CROSSOVER forward_log19 stage[3] "phase2 R-pt r4 stages 4+5" gpu=0.055ms
04-15 12:05:49.866 22423 22447 I ZkgpuHarnessTest: CROSSOVER forward_log19 stage[4] "phase2 R-pt r4 stages 6+7" gpu=0.056ms
04-15 12:05:49.866 22423 22447 I ZkgpuHarnessTest: CROSSOVER forward_log19 stage[5] "phase2 R-pt r2 stage 8" gpu=0.052ms
04-15 12:05:49.866 22423 22447 I ZkgpuHarnessTest: CROSSOVER forward_log19 stage[6] "twiddle multiply" gpu=0.180ms
04-15 12:05:49.866 22423 22447 I ZkgpuHarnessTest: CROSSOVER forward_log19 stage[7] "transpose C×R→R×C" gpu=0.122ms
04-15 12:05:49.866 22423 22447 I ZkgpuHarnessTest: CROSSOVER forward_log19 stage[8] "phase5 C-pt r4 stages 0+1" gpu=0.065ms
04-15 12:05:49.866 22423 22447 I ZkgpuHarnessTest: CROSSOVER forward_log19 stage[9] "phase5 C-pt r4 stages 2+3" gpu=0.060ms
04-15 12:05:49.866 22423 22447 I ZkgpuHarnessTest: CROSSOVER forward_log19 stage[10] "phase5 C-pt r4 stages 4+5" gpu=0.056ms
04-15 12:05:49.866 22423 22447 I ZkgpuHarnessTest: CROSSOVER forward_log19 stage[11] "phase5 C-pt r4 stages 6+7" gpu=0.056ms
04-15 12:05:49.866 22423 22447 I ZkgpuHarnessTest: CROSSOVER forward_log19 stage[12] "phase5 C-pt r4 stages 8+9" gpu=0.054ms
04-15 12:05:49.866 22423 22447 I ZkgpuHarnessTest: CROSSOVER forward_log19 stage[13] "transpose R×C→C×R (output)" gpu=0.139ms
04-15 12:05:49.866 22423 22447 I ZkgpuHarnessTest: CROSSOVER inverse_log19: family=four-step tail=none reason=none stride_bytes=none wall=2.92ms gpu=1.23ms
04-15 12:05:49.866 22423 22447 I ZkgpuHarnessTest: CROSSOVER inverse_log19 stage[0] "transpose R×C→C×R" gpu=0.133ms
04-15 12:05:49.866 22423 22447 I ZkgpuHarnessTest: CROSSOVER inverse_log19 stage[1] "phase2 R-pt r4 stages 0+1" gpu=0.062ms
04-15 12:05:49.866 22423 22447 I ZkgpuHarnessTest: CROSSOVER inverse_log19 stage[2] "phase2 R-pt r4 stages 2+3" gpu=0.060ms
04-15 12:05:49.866 22423 22447 I ZkgpuHarnessTest: CROSSOVER inverse_log19 stage[3] "phase2 R-pt r4 stages 4+5" gpu=0.055ms
04-15 12:05:49.866 22423 22447 I ZkgpuHarnessTest: CROSSOVER inverse_log19 stage[4] "phase2 R-pt r4 stages 6+7" gpu=0.055ms
04-15 12:05:49.866 22423 22447 I ZkgpuHarnessTest: CROSSOVER inverse_log19 stage[5] "phase2 R-pt r2 stage 8" gpu=0.051ms
04-15 12:05:49.866 22423 22447 I ZkgpuHarnessTest: CROSSOVER inverse_log19 stage[6] "twiddle multiply" gpu=0.176ms
04-15 12:05:49.866 22423 22447 I ZkgpuHarnessTest: CROSSOVER inverse_log19 stage[7] "transpose C×R→R×C" gpu=0.122ms
04-15 12:05:49.866 22423 22447 I ZkgpuHarnessTest: CROSSOVER inverse_log19 stage[8] "phase5 C-pt r4 stages 0+1" gpu=0.066ms
04-15 12:05:49.866 22423 22447 I ZkgpuHarnessTest: CROSSOVER inverse_log19 stage[9] "phase5 C-pt r4 stages 2+3" gpu=0.060ms
04-15 12:05:49.866 22423 22447 I ZkgpuHarnessTest: CROSSOVER inverse_log19 stage[10] "phase5 C-pt r4 stages 4+5" gpu=0.055ms
04-15 12:05:49.866 22423 22447 I ZkgpuHarnessTest: CROSSOVER inverse_log19 stage[11] "phase5 C-pt r4 stages 6+7" gpu=0.055ms
04-15 12:05:49.866 22423 22447 I ZkgpuHarnessTest: CROSSOVER inverse_log19 stage[12] "phase5 C-pt r4 stages 8+9" gpu=0.053ms
04-15 12:05:49.866 22423 22447 I ZkgpuHarnessTest: CROSSOVER inverse_log19 stage[13] "transpose R×C→C×R (output)" gpu=0.146ms
04-15 12:05:49.867 22423 22447 I ZkgpuHarnessTest: CROSSOVER inverse_log19 stage[14] "inverse scale" gpu=0.085ms
04-15 12:05:49.867 22423 22447 I ZkgpuHarnessTest: CROSSOVER forward_log20: family=four-step tail=none reason=none stride_bytes=none wall=5.57ms gpu=2.83ms
04-15 12:05:49.867 22423 22447 I ZkgpuHarnessTest: CROSSOVER forward_log20 stage[0] "transpose R×C→C×R" gpu=0.293ms
04-15 12:05:49.867 22423 22447 I ZkgpuHarnessTest: CROSSOVER forward_log20 stage[1] "phase2 R-pt r4 stages 0+1" gpu=0.156ms
04-15 12:05:49.867 22423 22447 I ZkgpuHarnessTest: CROSSOVER forward_log20 stage[2] "phase2 R-pt r4 stages 2+3" gpu=0.160ms
04-15 12:05:49.867 22423 22447 I ZkgpuHarnessTest: CROSSOVER forward_log20 stage[3] "phase2 R-pt r4 stages 4+5" gpu=0.154ms
04-15 12:05:49.867 22423 22447 I ZkgpuHarnessTest: CROSSOVER forward_log20 stage[4] "phase2 R-pt r4 stages 6+7" gpu=0.157ms
04-15 12:05:49.867 22423 22447 I ZkgpuHarnessTest: CROSSOVER forward_log20 stage[5] "phase2 R-pt r4 stages 8+9" gpu=0.153ms
04-15 12:05:49.867 22423 22447 I ZkgpuHarnessTest: CROSSOVER forward_log20 stage[6] "twiddle multiply" gpu=0.385ms
04-15 12:05:49.867 22423 22447 I ZkgpuHarnessTest: CROSSOVER forward_log20 stage[7] "transpose C×R→R×C" gpu=0.286ms
04-15 12:05:49.867 22423 22447 I ZkgpuHarnessTest: CROSSOVER forward_log20 stage[8] "phase5 C-pt r4 stages 0+1" gpu=0.157ms
04-15 12:05:49.867 22423 22447 I ZkgpuHarnessTest: CROSSOVER forward_log20 stage[9] "phase5 C-pt r4 stages 2+3" gpu=0.159ms
04-15 12:05:49.867 22423 22447 I ZkgpuHarnessTest: CROSSOVER forward_log20 stage[10] "phase5 C-pt r4 stages 4+5" gpu=0.155ms
04-15 12:05:49.867 22423 22447 I ZkgpuHarnessTest: CROSSOVER forward_log20 stage[11] "phase5 C-pt r4 stages 6+7" gpu=0.157ms
04-15 12:05:49.867 22423 22447 I ZkgpuHarnessTest: CROSSOVER forward_log20 stage[12] "phase5 C-pt r4 stages 8+9" gpu=0.154ms
04-15 12:05:49.867 22423 22447 I ZkgpuHarnessTest: CROSSOVER forward_log20 stage[13] "transpose R×C→C×R (output)" gpu=0.305ms
04-15 12:05:49.867 22423 22447 I ZkgpuHarnessTest: CROSSOVER inverse_log20: family=four-step tail=none reason=none stride_bytes=none wall=5.63ms gpu=3.00ms
04-15 12:05:49.867 22423 22447 I ZkgpuHarnessTest: CROSSOVER inverse_log20 stage[0] "transpose R×C→C×R" gpu=0.308ms
04-15 12:05:49.867 22423 22447 I ZkgpuHarnessTest: CROSSOVER inverse_log20 stage[1] "phase2 R-pt r4 stages 0+1" gpu=0.155ms
04-15 12:05:49.867 22423 22447 I ZkgpuHarnessTest: CROSSOVER inverse_log20 stage[2] "phase2 R-pt r4 stages 2+3" gpu=0.159ms
04-15 12:05:49.867 22423 22447 I ZkgpuHarnessTest: CROSSOVER inverse_log20 stage[3] "phase2 R-pt r4 stages 4+5" gpu=0.154ms
04-15 12:05:49.867 22423 22447 I ZkgpuHarnessTest: CROSSOVER inverse_log20 stage[4] "phase2 R-pt r4 stages 6+7" gpu=0.158ms
04-15 12:05:49.867 22423 22447 I ZkgpuHarnessTest: CROSSOVER inverse_log20 stage[5] "phase2 R-pt r4 stages 8+9" gpu=0.153ms
04-15 12:05:49.867 22423 22447 I ZkgpuHarnessTest: CROSSOVER inverse_log20 stage[6] "twiddle multiply" gpu=0.386ms
04-15 12:05:49.867 22423 22447 I ZkgpuHarnessTest: CROSSOVER inverse_log20 stage[7] "transpose C×R→R×C" gpu=0.284ms
04-15 12:05:49.867 22423 22447 I ZkgpuHarnessTest: CROSSOVER inverse_log20 stage[8] "phase5 C-pt r4 stages 0+1" gpu=0.156ms
04-15 12:05:49.867 22423 22447 I ZkgpuHarnessTest: CROSSOVER inverse_log20 stage[9] "phase5 C-pt r4 stages 2+3" gpu=0.158ms
04-15 12:05:49.867 22423 22447 I ZkgpuHarnessTest: CROSSOVER inverse_log20 stage[10] "phase5 C-pt r4 stages 4+5" gpu=0.156ms
04-15 12:05:49.868 22423 22447 I ZkgpuHarnessTest: CROSSOVER inverse_log20 stage[11] "phase5 C-pt r4 stages 6+7" gpu=0.158ms
04-15 12:05:49.868 22423 22447 I ZkgpuHarnessTest: CROSSOVER inverse_log20 stage[12] "phase5 C-pt r4 stages 8+9" gpu=0.153ms
04-15 12:05:49.868 22423 22447 I ZkgpuHarnessTest: CROSSOVER inverse_log20 stage[13] "transpose R×C→C×R (output)" gpu=0.301ms
04-15 12:05:49.868 22423 22447 I ZkgpuHarnessTest: CROSSOVER inverse_log20 stage[14] "inverse scale" gpu=0.165ms
04-15 12:05:49.868 22423 22447 I ZkgpuHarnessTest: CROSSOVER forward_log21: family=four-step tail=none reason=none stride_bytes=none wall=11.16ms gpu=6.99ms
04-15 12:05:49.868 22423 22447 I ZkgpuHarnessTest: CROSSOVER forward_log21 stage[0] "transpose R×C→C×R" gpu=0.867ms
04-15 12:05:49.868 22423 22447 I ZkgpuHarnessTest: CROSSOVER forward_log21 stage[1] "phase2 R-pt r4 stages 0+1" gpu=0.339ms
04-15 12:05:49.868 22423 22447 I ZkgpuHarnessTest: CROSSOVER forward_log21 stage[2] "phase2 R-pt r4 stages 2+3" gpu=0.344ms
04-15 12:05:49.868 22423 22447 I ZkgpuHarnessTest: CROSSOVER forward_log21 stage[3] "phase2 R-pt r4 stages 4+5" gpu=0.340ms
04-15 12:05:49.868 22423 22447 I ZkgpuHarnessTest: CROSSOVER forward_log21 stage[4] "phase2 R-pt r4 stages 6+7" gpu=0.339ms
04-15 12:05:49.868 22423 22447 I ZkgpuHarnessTest: CROSSOVER forward_log21 stage[5] "phase2 R-pt r4 stages 8+9" gpu=0.341ms
04-15 12:05:49.868 22423 22447 I ZkgpuHarnessTest: CROSSOVER forward_log21 stage[6] "twiddle multiply" gpu=0.786ms
04-15 12:05:49.868 22423 22447 I ZkgpuHarnessTest: CROSSOVER forward_log21 stage[7] "transpose C×R→R×C" gpu=0.588ms
04-15 12:05:49.868 22423 22447 I ZkgpuHarnessTest: CROSSOVER forward_log21 stage[8] "phase5 C-pt r4 stages 0+1" gpu=0.339ms
04-15 12:05:49.868 22423 22447 I ZkgpuHarnessTest: CROSSOVER forward_log21 stage[9] "phase5 C-pt r4 stages 2+3" gpu=0.496ms
04-15 12:05:49.868 22423 22447 I ZkgpuHarnessTest: CROSSOVER forward_log21 stage[10] "phase5 C-pt r4 stages 4+5" gpu=0.345ms
04-15 12:05:49.868 22423 22447 I ZkgpuHarnessTest: CROSSOVER forward_log21 stage[11] "phase5 C-pt r4 stages 6+7" gpu=0.343ms
04-15 12:05:49.868 22423 22447 I ZkgpuHarnessTest: CROSSOVER forward_log21 stage[12] "phase5 C-pt r4 stages 8+9" gpu=0.339ms
04-15 12:05:49.868 22423 22447 I ZkgpuHarnessTest: CROSSOVER forward_log21 stage[13] "phase5 C-pt r2 stage 10" gpu=0.341ms
04-15 12:05:49.868 22423 22447 I ZkgpuHarnessTest: CROSSOVER forward_log21 stage[14] "transpose R×C→C×R (output)" gpu=0.848ms
04-15 12:05:49.868 22423 22447 I ZkgpuHarnessTest: CROSSOVER inverse_log21: family=four-step tail=none reason=none stride_bytes=none wall=11.42ms gpu=7.24ms
04-15 12:05:49.868 22423 22447 I ZkgpuHarnessTest: CROSSOVER inverse_log21 stage[0] "transpose R×C→C×R" gpu=0.873ms
04-15 12:05:49.868 22423 22447 I ZkgpuHarnessTest: CROSSOVER inverse_log21 stage[1] "phase2 R-pt r4 stages 0+1" gpu=0.342ms
04-15 12:05:49.868 22423 22447 I ZkgpuHarnessTest: CROSSOVER inverse_log21 stage[2] "phase2 R-pt r4 stages 2+3" gpu=0.347ms
04-15 12:05:49.868 22423 22447 I ZkgpuHarnessTest: CROSSOVER inverse_log21 stage[3] "phase2 R-pt r4 stages 4+5" gpu=0.341ms
04-15 12:05:49.868 22423 22447 I ZkgpuHarnessTest: CROSSOVER inverse_log21 stage[4] "phase2 R-pt r4 stages 6+7" gpu=0.342ms
04-15 12:05:49.868 22423 22447 I ZkgpuHarnessTest: CROSSOVER inverse_log21 stage[5] "phase2 R-pt r4 stages 8+9" gpu=0.340ms
04-15 12:05:49.868 22423 22447 I ZkgpuHarnessTest: CROSSOVER inverse_log21 stage[6] "twiddle multiply" gpu=0.786ms
04-15 12:05:49.868 22423 22447 I ZkgpuHarnessTest: CROSSOVER inverse_log21 stage[7] "transpose C×R→R×C" gpu=0.597ms
04-15 12:05:49.868 22423 22447 I ZkgpuHarnessTest: CROSSOVER inverse_log21 stage[8] "phase5 C-pt r4 stages 0+1" gpu=0.341ms
04-15 12:05:49.868 22423 22447 I ZkgpuHarnessTest: CROSSOVER inverse_log21 stage[9] "phase5 C-pt r4 stages 2+3" gpu=0.348ms
04-15 12:05:49.868 22423 22447 I ZkgpuHarnessTest: CROSSOVER inverse_log21 stage[10] "phase5 C-pt r4 stages 4+5" gpu=0.346ms
04-15 12:05:49.869 22423 22447 I ZkgpuHarnessTest: CROSSOVER inverse_log21 stage[11] "phase5 C-pt r4 stages 6+7" gpu=0.345ms
04-15 12:05:49.869 22423 22447 I ZkgpuHarnessTest: CROSSOVER inverse_log21 stage[12] "phase5 C-pt r4 stages 8+9" gpu=0.341ms
04-15 12:05:49.869 22423 22447 I ZkgpuHarnessTest: CROSSOVER inverse_log21 stage[13] "phase5 C-pt r2 stage 10" gpu=0.343ms
04-15 12:05:49.869 22423 22447 I ZkgpuHarnessTest: CROSSOVER inverse_log21 stage[14] "transpose R×C→C×R (output)" gpu=0.860ms
04-15 12:05:49.869 22423 22447 I ZkgpuHarnessTest: CROSSOVER inverse_log21 stage[15] "inverse scale" gpu=0.346ms
04-15 12:05:49.869 22423 22447 I ZkgpuHarnessTest: CROSSOVER forward_log22: family=four-step tail=none reason=none stride_bytes=none wall=20.52ms gpu=14.86ms
04-15 12:05:49.869 22423 22447 I ZkgpuHarnessTest: CROSSOVER forward_log22 stage[0] "transpose R×C→C×R" gpu=1.688ms
04-15 12:05:49.869 22423 22447 I ZkgpuHarnessTest: CROSSOVER forward_log22 stage[1] "phase2 R-pt r4 stages 0+1" gpu=0.681ms
04-15 12:05:49.869 22423 22447 I ZkgpuHarnessTest: CROSSOVER forward_log22 stage[2] "phase2 R-pt r4 stages 2+3" gpu=0.689ms
04-15 12:05:49.869 22423 22447 I ZkgpuHarnessTest: CROSSOVER forward_log22 stage[3] "phase2 R-pt r4 stages 4+5" gpu=0.691ms
04-15 12:05:49.869 22423 22447 I ZkgpuHarnessTest: CROSSOVER forward_log22 stage[4] "phase2 R-pt r4 stages 6+7" gpu=0.688ms
04-15 12:05:49.869 22423 22447 I ZkgpuHarnessTest: CROSSOVER forward_log22 stage[5] "phase2 R-pt r4 stages 8+9" gpu=0.686ms
04-15 12:05:49.869 22423 22447 I ZkgpuHarnessTest: CROSSOVER forward_log22 stage[6] "phase2 R-pt r2 stage 10" gpu=0.681ms
04-15 12:05:49.869 22423 22447 I ZkgpuHarnessTest: CROSSOVER forward_log22 stage[7] "twiddle multiply" gpu=1.567ms
04-15 12:05:49.869 22423 22447 I ZkgpuHarnessTest: CROSSOVER forward_log22 stage[8] "transpose C×R→R×C" gpu=1.734ms
04-15 12:05:49.869 22423 22447 I ZkgpuHarnessTest: CROSSOVER forward_log22 stage[9] "phase5 C-pt r4 stages 0+1" gpu=0.683ms
04-15 12:05:49.869 22423 22447 I ZkgpuHarnessTest: CROSSOVER forward_log22 stage[10] "phase5 C-pt r4 stages 2+3" gpu=0.686ms
04-15 12:05:49.869 22423 22447 I ZkgpuHarnessTest: CROSSOVER forward_log22 stage[11] "phase5 C-pt r4 stages 4+5" gpu=0.688ms
04-15 12:05:49.869 22423 22447 I ZkgpuHarnessTest: CROSSOVER forward_log22 stage[12] "phase5 C-pt r4 stages 6+7" gpu=0.682ms
04-15 12:05:49.869 22423 22447 I ZkgpuHarnessTest: CROSSOVER forward_log22 stage[13] "phase5 C-pt r4 stages 8+9" gpu=0.679ms
04-15 12:05:49.869 22423 22447 I ZkgpuHarnessTest: CROSSOVER forward_log22 stage[14] "phase5 C-pt r2 stage 10" gpu=0.672ms
04-15 12:05:49.869 22423 22447 I ZkgpuHarnessTest: CROSSOVER forward_log22 stage[15] "transpose R×C→C×R (output)" gpu=1.664ms
04-15 12:05:49.869 22423 22447 I ZkgpuHarnessTest: CROSSOVER inverse_log22: family=four-step tail=none reason=none stride_bytes=none wall=23.10ms gpu=15.74ms
04-15 12:05:49.869 22423 22447 I ZkgpuHarnessTest: CROSSOVER inverse_log22 stage[0] "transpose R×C→C×R" gpu=1.755ms
04-15 12:05:49.869 22423 22447 I ZkgpuHarnessTest: CROSSOVER inverse_log22 stage[1] "phase2 R-pt r4 stages 0+1" gpu=0.687ms
04-15 12:05:49.869 22423 22447 I ZkgpuHarnessTest: CROSSOVER inverse_log22 stage[2] "phase2 R-pt r4 stages 2+3" gpu=0.694ms
04-15 12:05:49.869 22423 22447 I ZkgpuHarnessTest: CROSSOVER inverse_log22 stage[3] "phase2 R-pt r4 stages 4+5" gpu=0.699ms
04-15 12:05:49.869 22423 22447 I ZkgpuHarnessTest: CROSSOVER inverse_log22 stage[4] "phase2 R-pt r4 stages 6+7" gpu=0.689ms
04-15 12:05:49.869 22423 22447 I ZkgpuHarnessTest: CROSSOVER inverse_log22 stage[5] "phase2 R-pt r4 stages 8+9" gpu=0.685ms
04-15 12:05:49.870 22423 22447 I ZkgpuHarnessTest: CROSSOVER inverse_log22 stage[6] "phase2 R-pt r2 stage 10" gpu=0.680ms
04-15 12:05:49.870 22423 22447 I ZkgpuHarnessTest: CROSSOVER inverse_log22 stage[7] "twiddle multiply" gpu=1.597ms
04-15 12:05:49.870 22423 22447 I ZkgpuHarnessTest: CROSSOVER inverse_log22 stage[8] "transpose C×R→R×C" gpu=1.714ms
04-15 12:05:49.870 22423 22447 I ZkgpuHarnessTest: CROSSOVER inverse_log22 stage[9] "phase5 C-pt r4 stages 0+1" gpu=0.688ms
04-15 12:05:49.870 22423 22447 I ZkgpuHarnessTest: CROSSOVER inverse_log22 stage[10] "phase5 C-pt r4 stages 2+3" gpu=0.697ms
04-15 12:05:49.870 22423 22447 I ZkgpuHarnessTest: CROSSOVER inverse_log22 stage[11] "phase5 C-pt r4 stages 4+5" gpu=0.695ms
04-15 12:05:49.870 22423 22447 I ZkgpuHarnessTest: CROSSOVER inverse_log22 stage[12] "phase5 C-pt r4 stages 6+7" gpu=0.687ms
04-15 12:05:49.870 22423 22447 I ZkgpuHarnessTest: CROSSOVER inverse_log22 stage[13] "phase5 C-pt r4 stages 8+9" gpu=0.687ms
04-15 12:05:49.870 22423 22447 I ZkgpuHarnessTest: CROSSOVER inverse_log22 stage[14] "phase5 C-pt r2 stage 10" gpu=0.679ms
04-15 12:05:49.870 22423 22447 I ZkgpuHarnessTest: CROSSOVER inverse_log22 stage[15] "transpose R×C→C×R (output)" gpu=1.702ms
04-15 12:05:49.870 22423 22447 I ZkgpuHarnessTest: CROSSOVER inverse_log22 stage[16] "inverse scale" gpu=0.706ms
04-15 12:05:49.870 22423 22447 I TestRunner: finished: crossoverBenchmarkCompletes(org.zkgpu.harness.ZkgpuInstrumentedTest)
04-15 12:05:49.873 22423 22447 I TestRunner: started: deviceMetadataIsNonEmpty(org.zkgpu.harness.ZkgpuInstrumentedTest)
04-15 12:05:49.877 22423 22447 I vulkan  : CreateInfoWrapper::FilterExtension: already have 'VK_KHR_get_physical_device_properties2'.
04-15 12:05:49.879 22423 22447 I AdrenoVK-0: QUALCOMM build          : c81b28e1a5, I5a61fcf667
04-15 12:05:49.879 22423 22447 I AdrenoVK-0: Build Date              : 06/20/25
04-15 12:05:49.879 22423 22447 I AdrenoVK-0: Shader Compiler Version : E031.45.02.26
04-15 12:05:49.879 22423 22447 I AdrenoVK-0: Local Branch            : 
04-15 12:05:49.879 22423 22447 I AdrenoVK-0: Remote Branch           : refs/tags/AU_LINUX_ANDROID_LA.VENDOR.14.3.0.11.00.00.973.948
04-15 12:05:49.879 22423 22447 I AdrenoVK-0: Remote Branch           : NONE
04-15 12:05:49.879 22423 22447 I AdrenoVK-0: Reconstruct Branch      : NOTHING
04-15 12:05:49.879 22423 22447 I AdrenoVK-0: Build Config            : S P 16.1.2 AArch64
04-15 12:05:49.879 22423 22447 I AdrenoVK-0: Driver Path             : /vendor/lib64/hw/vulkan.adreno.so
04-15 12:05:49.879 22423 22447 I AdrenoVK-0: Driver Version          : 0762.39
04-15 12:05:49.879 22423 22447 I AdrenoVK-0: PFP                     : 0x01520181
04-15 12:05:49.879 22423 22447 I AdrenoVK-0: ME                      : 0x01520023
04-15 12:05:49.879 22423 22447 I AdrenoVK-0: Application Name    : wgpu
04-15 12:05:49.879 22423 22447 I AdrenoVK-0: Application Version : 0x00000001
04-15 12:05:49.879 22423 22447 I AdrenoVK-0: Engine Name         : wgpu-hal
04-15 12:05:49.879 22423 22447 I AdrenoVK-0: Engine Version      : 0x00000002
04-15 12:05:49.879 22423 22447 I AdrenoVK-0: Api Version         : 0x00403000
04-15 12:05:49.938  1980 31538 I vendor.qti.bluetooth@1.1-ibs_handler: ProcessIbsCmd: Received IBS_WAKE_IND: 0xFD
04-15 12:05:49.939  1980 31538 D vendor.qti.bluetooth@1.1-ibs_handler: SerialClockVote: vote for UART CLK ON
04-15 12:05:49.939  1980 31538 D vendor.qti.bluetooth@1.1-wake_lock: Acquire wakelock is acquired 
04-15 12:05:49.939  1980 31538 I vendor.qti.bluetooth@1.1-ibs_handler: ProcessIbsCmd: Writing IBS_WAKE_ACK
04-15 12:05:49.988  1980 31538 I vendor.qti.bluetooth@1.1-ibs_handler: ProcessIbsCmd: Received IBS_SLEEP_IND: 0xFE
04-15 12:05:49.988  1980 31538 D vendor.qti.bluetooth@1.1-ibs_handler: SerialClockVote: vote for UART CLK OFF
04-15 12:05:50.025 22423 22447 I ZkgpuHarnessTest: suite=Smoke path=/data/user/0/org.zkgpu.harness/files/zkgpu/latest-report.json
04-15 12:05:50.025 22423 22447 I TestRunner: finished: deviceMetadataIsNonEmpty(org.zkgpu.harness.ZkgpuInstrumentedTest)
04-15 12:05:50.027 22423 22447 I TestRunner: started: benchmarkSuitePassesWithTimings(org.zkgpu.harness.ZkgpuInstrumentedTest)
04-15 12:05:50.031 22423 22447 I vulkan  : CreateInfoWrapper::FilterExtension: already have 'VK_KHR_get_physical_device_properties2'.
04-15 12:05:50.032 22423 22447 I AdrenoVK-0: QUALCOMM build          : c81b28e1a5, I5a61fcf667
04-15 12:05:50.032 22423 22447 I AdrenoVK-0: Build Date              : 06/20/25
04-15 12:05:50.032 22423 22447 I AdrenoVK-0: Shader Compiler Version : E031.45.02.26
04-15 12:05:50.032 22423 22447 I AdrenoVK-0: Local Branch            : 
04-15 12:05:50.032 22423 22447 I AdrenoVK-0: Remote Branch           : refs/tags/AU_LINUX_ANDROID_LA.VENDOR.14.3.0.11.00.00.973.948
04-15 12:05:50.032 22423 22447 I AdrenoVK-0: Remote Branch           : NONE
04-15 12:05:50.032 22423 22447 I AdrenoVK-0: Reconstruct Branch      : NOTHING
04-15 12:05:50.032 22423 22447 I AdrenoVK-0: Build Config            : S P 16.1.2 AArch64
04-15 12:05:50.032 22423 22447 I AdrenoVK-0: Driver Path             : /vendor/lib64/hw/vulkan.adreno.so
04-15 12:05:50.032 22423 22447 I AdrenoVK-0: Driver Version          : 0762.39
04-15 12:05:50.032 22423 22447 I AdrenoVK-0: PFP                     : 0x01520181
04-15 12:05:50.032 22423 22447 I AdrenoVK-0: ME                      : 0x01520023
04-15 12:05:50.032 22423 22447 I AdrenoVK-0: Application Name    : wgpu
04-15 12:05:50.032 22423 22447 I AdrenoVK-0: Application Version : 0x00000001
04-15 12:05:50.032 22423 22447 I AdrenoVK-0: Engine Name         : wgpu-hal
04-15 12:05:50.032 22423 22447 I AdrenoVK-0: Engine Version      : 0x00000002
04-15 12:05:50.032 22423 22447 I AdrenoVK-0: Api Version         : 0x00403000
04-15 12:05:50.033  1165  1165 D io_stats: !@   8,0 r 33544815 655142448 w 13305674 205087956 d 1773480 344983444 f 392292 1302799 iot 7469140 0 th 0 0 0 pt 0 inp 0 0 257510.265
04-15 12:05:50.033  1165  1165 D io_stats: !@ Read_top(KB): rkstack.process(30593) 376 ndroid.systemui(30480) 304 .gms.persistent(24504) 12
04-15 12:05:50.033  1165  1165 D io_stats: !@ Write_top(KB): sait.sohservice(7684) 32
04-15 12:05:50.138  1980 31151 D vendor.qti.bluetooth@1.1-wake_lock: Release wakelock is released 
04-15 12:05:50.216  2045  2078 E BatteryDump: !@new_battery_dump : 3877,646,1100,1800,38,386,384,456,386,0,394,456,0,Charging,NO_CHARGING,Normal,Good,PDIC,0,Normal,0,0,9300,0x8000,0x10010000,0x0,0,0,0000,0000,ffff0700,0,0,0,0,662,3800,3867,1000,0,
04-15 12:05:50.219 29596 29596 I seh_thermal_service: getTemperaturesWithType SehTemperatureType: 3
04-15 12:05:50.219  2045  2045 I sehhealth-service: updateLrpSysfs: write: 397
04-15 12:05:50.299  2133  2159 E HeatmapThread: ECT Thread time in milliseconds: 1776254750
04-15 12:05:50.302  2133  2159 D HeatmapThread: !@ batteryplugType : 2
04-15 12:05:50.302  2133  2159 D HeatmapThread: !@ batteryLevel : 38  batteryTemperature : 386 
04-15 12:05:50.302  2133  2159 D HeatmapThread: !@ Heatmap currtime: 29604245
04-15 12:05:50.302  2133  2159 D HeatmapThread: !@ Heatmap prevtime: 29604225
04-15 12:05:50.302  2133  2159 D HeatmapThread: !@ Heatmap plugstarttime: 29604243
04-15 12:05:50.302  2133  2159 D HeatmapThread: !@ Heatmap prevv_dsoh_update_time: 29602912
04-15 12:05:50.302  2133  2159 E HeatmapThread: !@ CAM New BSOH: 95
04-15 12:05:50.319 22423 22447 I ZkgpuHarnessTest: suite=Benchmark path=/data/user/0/org.zkgpu.harness/files/zkgpu/latest-report.json
04-15 12:05:50.320 22423 22447 I ZkgpuHarnessTest: BENCH benchmark_forward_log10: wall=0.84ms gpu=0.01ms
04-15 12:05:50.320 22423 22447 I ZkgpuHarnessTest: BENCH benchmark_forward_log14: wall=0.84ms gpu=0.03ms
04-15 12:05:50.320 22423 22447 I ZkgpuHarnessTest: BENCH benchmark_forward_log18: wall=1.90ms gpu=0.51ms
04-15 12:05:50.320 22423 22447 I ZkgpuHarnessTest: BENCH benchmark_forward_log20: wall=5.65ms gpu=2.87ms
04-15 12:05:50.320 22423 22447 I TestRunner: finished: benchmarkSuitePassesWithTimings(org.zkgpu.harness.ZkgpuInstrumentedTest)
04-15 12:05:50.322 22423 22447 I TestRunner: started: crossoverBenchmarkStockhamFamily(org.zkgpu.harness.ZkgpuInstrumentedTest)
04-15 12:05:50.325 22423 22447 I vulkan  : CreateInfoWrapper::FilterExtension: already have 'VK_KHR_get_physical_device_properties2'.
04-15 12:05:50.327 22423 22447 I AdrenoVK-0: QUALCOMM build          : c81b28e1a5, I5a61fcf667
04-15 12:05:50.327 22423 22447 I AdrenoVK-0: Build Date              : 06/20/25
04-15 12:05:50.327 22423 22447 I AdrenoVK-0: Shader Compiler Version : E031.45.02.26
04-15 12:05:50.327 22423 22447 I AdrenoVK-0: Local Branch            : 
04-15 12:05:50.327 22423 22447 I AdrenoVK-0: Remote Branch           : refs/tags/AU_LINUX_ANDROID_LA.VENDOR.14.3.0.11.00.00.973.948
04-15 12:05:50.327 22423 22447 I AdrenoVK-0: Remote Branch           : NONE
04-15 12:05:50.327 22423 22447 I AdrenoVK-0: Reconstruct Branch      : NOTHING
04-15 12:05:50.327 22423 22447 I AdrenoVK-0: Build Config            : S P 16.1.2 AArch64
04-15 12:05:50.327 22423 22447 I AdrenoVK-0: Driver Path             : /vendor/lib64/hw/vulkan.adreno.so
04-15 12:05:50.327 22423 22447 I AdrenoVK-0: Driver Version          : 0762.39
04-15 12:05:50.327 22423 22447 I AdrenoVK-0: PFP                     : 0x01520181
04-15 12:05:50.327 22423 22447 I AdrenoVK-0: ME                      : 0x01520023
04-15 12:05:50.327 22423 22447 I AdrenoVK-0: Application Name    : wgpu
04-15 12:05:50.327 22423 22447 I AdrenoVK-0: Application Version : 0x00000001
04-15 12:05:50.327 22423 22447 I AdrenoVK-0: Engine Name         : wgpu-hal
04-15 12:05:50.327 22423 22447 I AdrenoVK-0: Engine Version      : 0x00000002
04-15 12:05:50.327 22423 22447 I AdrenoVK-0: Api Version         : 0x00403000
04-15 12:05:50.445 29903 30010 E SensorPowerStatsLayout: Unknown sensor: 1935762019
04-15 12:05:50.868 32209 32209 I SDHMS:LOAD: type: LoadsFreqs, value: 0:0:10:1010303:2380800:672000:1925760:2380800:499200:838:1000:422
04-15 12:05:51.243 31072 31178 I HoneySpace.StatusIconTracker: invokeEvent() called with: event = Mobile(bundle=Bundle[mParcelledData.dataSize=256])
04-15 12:05:51.254  2150  2600 I VSyncReactor: Current= 60, Period= 60, Distance= 0
04-15 12:05:51.259 22050 22066 W ndroid.keychain: userfaultfd: MOVE ioctl seems unsupported: Connection timed out
04-15 12:05:51.270  2150  2600 I VSyncReactor: Current= 60, Period= 60, Distance= 60
04-15 12:05:51.275  2150  2150 D SurfaceFlinger: GPIS:: requestGPISForClientComposition
04-15 12:05:51.280  2150  3930 D NativeSemDvfsManager: acquire:: timeout = 2000 mIsAcquired = 1  mTagName : SurfaceFlinger 
04-15 12:05:51.281  2150  2569 I CompositionEngine: [setDisplaySize] size=(450, 56)
04-15 12:05:51.281 29575 29602 I HYPER-HAL: [RequestManager.cpp]acquire(): Acquired ID : 4966977  [2150 / 1001]    HINT : SF_GPU_MINLOCK    list : [TIMEOUT / 2000] 
04-15 12:05:51.282  2150  3930 E NativeCustomFrequencyManager: [NativeCFMS] BpCustomFrequencyManager::acquire()
04-15 12:05:51.299  2133  2159 E HeatmapThread: ECT Thread time in milliseconds: 1776254751
04-15 12:05:51.302  2133  2159 D HeatmapThread: !@ batteryplugType : 2
04-15 12:05:51.302  2133  2159 D HeatmapThread: !@ batteryLevel : 38  batteryTemperature : 386 
04-15 12:05:51.302  2133  2159 D HeatmapThread: !@ Heatmap currtime: 29604245
04-15 12:05:51.302  2133  2159 D HeatmapThread: !@ Heatmap prevtime: 29604225
04-15 12:05:51.302  2133  2159 D HeatmapThread: !@ Heatmap plugstarttime: 29604243
04-15 12:05:51.302  2133  2159 D HeatmapThread: !@ Heatmap prevv_dsoh_update_time: 29602912
04-15 12:05:51.302  2133  2159 E HeatmapThread: !@ CAM New BSOH: 95
04-15 12:05:51.379 30448 30993 D SatelliteController: isInCarrierRoamingNbIotNtn: satellite is disabled
04-15 12:05:51.381 30480 30694 D MobileSignalTransitionManager: updateSignalTransition
04-15 12:05:51.381 31072 31178 I HoneySpace.StatusIconTracker: invokeEvent() called with: event = Mobile(bundle=Bundle[mParcelledData.dataSize=256])
04-15 12:05:51.388 22091 22111 W .filterprovider: userfaultfd: MOVE ioctl seems unsupported: Connection timed out
04-15 12:05:51.392 22091 22113 W System  : A resource failed to call close. 
04-15 12:05:51.410  2150  2569 I CompositionEngine: [setDisplaySize] size=(450, 56)
04-15 12:05:51.418 29903 29987 E Watchdog: !@Sync: 4384 heap(MB): 191 / 199 FD: 1594 [2026-04-15 12:05:51.418]
04-15 12:05:51.581  1992 21863 I sensors-hal: handle_sns_std_sensor_event:90, light_cct: ts = 535390744597625 ns; value = [59, 59, 33, 41, 59, 78, 0, 50, 8800, 0]
04-15 12:05:51.653  1980 31538 I vendor.qti.bluetooth@1.1-ibs_handler: ProcessIbsCmd: Received IBS_WAKE_IND: 0xFD
04-15 12:05:51.654  1980 31538 D vendor.qti.bluetooth@1.1-ibs_handler: SerialClockVote: vote for UART CLK ON
04-15 12:05:51.654  1980 31538 D vendor.qti.bluetooth@1.1-wake_lock: Acquire wakelock is acquired 
04-15 12:05:51.654  1980 31538 I vendor.qti.bluetooth@1.1-ibs_handler: ProcessIbsCmd: Writing IBS_WAKE_ACK
04-15 12:05:51.662 30705 31682 I ScanController: onScanResult to scannerId: 1- eventType=0x1b, addressType=1, address=XX:XX:XX:XX:10:2A, primaryPhy=1, secondaryPhy=0, advertisingSid=0xff, txPower=127, rssi=-95, periodicAdvInt=0x0
04-15 12:05:51.703  1980 31538 I vendor.qti.bluetooth@1.1-ibs_handler: ProcessIbsCmd: Received IBS_SLEEP_IND: 0xFE
04-15 12:05:51.703  1980 31538 D vendor.qti.bluetooth@1.1-ibs_handler: SerialClockVote: vote for UART CLK OFF
04-15 12:05:51.741  1969  2186 I minksocket: MinkIPC MESSAGE: ( 1969:2186 ) MinkIPC_QRTR_Service:351 minkipc = 0xb400006fe8e5acb0 sock = 34, client with node 1 port 73b7 went down
04-15 12:05:51.741  1969  2173 I minksocket: MinkIPC MESSAGE: ( 1969:2173 ) MinkIPC_QRTR_Service:351 minkipc = 0xb400006fe8e5a1b0 sock = 13, client with node 1 port 73b7 went down
04-15 12:05:51.742  1969  2173 I minksocket: MinkIPC MESSAGE: ( 1969:2173 ) MinkIPC_QRTR_Service:351 minkipc = 0xb400006fe8e5a1b0 sock = 13, client with node 1 port 73b8 went down
04-15 12:05:51.742  1969  2186 I minksocket: MinkIPC MESSAGE: ( 1969:2186 ) MinkIPC_QRTR_Service:351 minkipc = 0xb400006fe8e5acb0 sock = 34, client with node 1 port 73b8 went down
04-15 12:05:51.744  1969  2173 I minksocket: MinkIPC MESSAGE: ( 1969:2173 ) MinkIPC_QRTR_Service:351 minkipc = 0xb400006fe8e5a1b0 sock = 13, client with node 1 port 73b9 went down
04-15 12:05:51.744  1969  2186 I minksocket: MinkIPC MESSAGE: ( 1969:2186 ) MinkIPC_QRTR_Service:351 minkipc = 0xb400006fe8e5acb0 sock = 34, client with node 1 port 73b9 went down
04-15 12:05:51.745  1969  2186 I minksocket: MinkIPC MESSAGE: ( 1969:2186 ) MinkIPC_QRTR_Service:351 minkipc = 0xb400006fe8e5acb0 sock = 34, client with node 1 port 73ba went down
04-15 12:05:51.745  1969  2173 I minksocket: MinkIPC MESSAGE: ( 1969:2173 ) MinkIPC_QRTR_Service:351 minkipc = 0xb400006fe8e5a1b0 sock = 13, client with node 1 port 73ba went down
04-15 12:05:51.747  1980 31538 I vendor.qti.bluetooth@1.1-ibs_handler: ProcessIbsCmd: Received IBS_WAKE_IND: 0xFD
04-15 12:05:51.747  1980 31538 D vendor.qti.bluetooth@1.1-ibs_handler: SerialClockVote: vote for UART CLK ON
04-15 12:05:51.747  1980 31538 I vendor.qti.bluetooth@1.1-ibs_handler: ProcessIbsCmd: Writing IBS_WAKE_ACK
04-15 12:05:51.749 30705 31682 I ScanController: onScanResult to scannerId: 1- eventType=0x1b, addressType=1, address=XX:XX:XX:XX:E8:03, primaryPhy=1, secondaryPhy=0, advertisingSid=0xff, txPower=127, rssi=-105, periodicAdvInt=0x0
04-15 12:05:51.755 30705 31682 I ScanController: onScanResult to scannerId: 2- eventType=0x1b, addressType=0, address=XX:XX:XX:XX:51:9B, primaryPhy=1, secondaryPhy=0, advertisingSid=0xff, txPower=127, rssi=-84, periodicAdvInt=0x0
04-15 12:05:51.763 30705 31682 I ScanController: onScanResult to scannerId: 2- eventType=0x1b, addressType=0, address=XX:XX:XX:XX:51:9B, primaryPhy=1, secondaryPhy=0, advertisingSid=0xff, txPower=127, rssi=-83, periodicAdvInt=0x0
04-15 12:05:51.803  1980 31538 I vendor.qti.bluetooth@1.1-ibs_handler: ProcessIbsCmd: Received IBS_SLEEP_IND: 0xFE
04-15 12:05:51.803  1980 31538 D vendor.qti.bluetooth@1.1-ibs_handler: SerialClockVote: vote for UART CLK OFF
04-15 12:05:51.841  1992 30429 I sensors-hal: handle_sns_client_event:190, auto_rotation_debug_2 mode,255, type,1,0 acc,0.096,4.374,8.806, ar,0, ver,14, pedo,1,e,1,i,3
04-15 12:05:51.954  1980 31151 D vendor.qti.bluetooth@1.1-wake_lock: Release wakelock is released 
04-15 12:05:52.034  1165  1165 D io_stats: !@   8,0 r 33544839 655142576 w 13305737 205094600 d 1773481 344983448 f 392294 1302804 iot 7469188 0 th 0 0 0 pt 0 inp 0 0 257512.267
04-15 12:05:52.239 31072 31178 I HoneySpace.StatusIconTracker: invokeEvent() called with: event = Mobile(bundle=Bundle[mParcelledData.dataSize=256])
04-15 12:05:52.253  2150  2600 I VSyncReactor: Current= 60, Period= 60, Distance= 1
04-15 12:05:52.269  2150  2600 I VSyncReactor: Current= 60, Period= 60, Distance= 60
04-15 12:05:52.271  2150  2150 D SurfaceFlinger: GPIS:: requestGPISForClientComposition
04-15 12:05:52.273 26921 21034 I NearbyMediums: No BLE Fast/GATT advertisements found in the latest cycle.
04-15 12:05:52.273 26921 21034 I NearbyMediums: Current Tracked Scanning Clients are : {NearbyConnections.EnvironmentMonitor, NearbyConnections.TxAdvertisement}
04-15 12:05:52.277  2150  2569 I CompositionEngine: [setDisplaySize] size=(450, 56)
04-15 12:05:52.299  2133  2159 E HeatmapThread: ECT Thread time in milliseconds: 1776254752
04-15 12:05:52.302  2133  2159 D HeatmapThread: !@ batteryplugType : 2
04-15 12:05:52.302  2133  2159 D HeatmapThread: !@ batteryLevel : 38  batteryTemperature : 386 
04-15 12:05:52.302  2133  2159 D HeatmapThread: !@ Heatmap currtime: 29604245
04-15 12:05:52.302  2133  2159 D HeatmapThread: !@ Heatmap prevtime: 29604225
04-15 12:05:52.302  2133  2159 D HeatmapThread: !@ Heatmap plugstarttime: 29604243
04-15 12:05:52.302  2133  2159 D HeatmapThread: !@ Heatmap prevv_dsoh_update_time: 29602912
04-15 12:05:52.303  2133  2159 E HeatmapThread: !@ CAM New BSOH: 95
04-15 12:05:52.473 30448 30993 D SatelliteController: isInCarrierRoamingNbIotNtn: satellite is disabled
04-15 12:05:52.772 22423 22447 I ZkgpuHarnessTest: CROSSOVER_STOCKHAM path=/data/user/0/org.zkgpu.harness/files/zkgpu/latest-report.json family_override=Stockham tail_override=Auto
04-15 12:05:52.773 22423 22447 I ZkgpuHarnessTest: CROSSOVER_STOCKHAM kernel.ntt_variant=stockham kernel.stockham_tail_strategy=LocalFusedR4
04-15 12:05:52.773 22423 22447 I ZkgpuHarnessTest: CROSSOVER_STOCKHAM device name="Adreno (TM) 750" backend=Vulkan tier=UnifiedMemoryNative family=Adreno driver="Driver Build: c81b28e1a5, I5a61fcf667, 1750408231
04-15 12:05:52.773 22423 22447 I ZkgpuHarnessTest: Date: 06/20/25
04-15 12:05:52.773 22423 22447 I ZkgpuHarnessTest: Compiler Version: E031.45.02.26
04-15 12:05:52.773 22423 22447 I ZkgpuHarnessTest: Driver Branch: 
04-15 12:05:52.773 22423 22447 I ZkgpuHarnessTest: " max_buffer=268435456 max_wg_x=256 max_invocations=256 max_wg_storage_bytes=16352
04-15 12:05:52.773 22423 22447 I ZkgpuHarnessTest: CROSSOVER_STOCKHAM forward_log18: family=stockham tail=LocalFusedR4 reason=HeuristicDefaultLocal stride_bytes=1024 wall=1.34ms gpu=0.45ms
04-15 12:05:52.773 22423 22447 I ZkgpuHarnessTest: CROSSOVER_STOCKHAM forward_log18 stage[0] "r4 stages 0+1" gpu=0.059ms
04-15 12:05:52.773 22423 22447 I ZkgpuHarnessTest: CROSSOVER_STOCKHAM forward_log18 stage[1] "r4 stages 2+3" gpu=0.032ms
04-15 12:05:52.773 22423 22447 I ZkgpuHarnessTest: CROSSOVER_STOCKHAM forward_log18 stage[2] "r4 stages 4+5" gpu=0.027ms
04-15 12:05:52.773 22423 22447 I ZkgpuHarnessTest: CROSSOVER_STOCKHAM forward_log18 stage[3] "r4 stages 6+7" gpu=0.027ms
04-15 12:05:52.773 22423 22447 I ZkgpuHarnessTest: CROSSOVER_STOCKHAM forward_log18 stage[4] "local fused" gpu=0.303ms
04-15 12:05:52.773 22423 22447 I ZkgpuHarnessTest: CROSSOVER_STOCKHAM inverse_log18: family=stockham tail=LocalFusedR4 reason=HeuristicDefaultLocal stride_bytes=1024 wall=1.96ms gpu=0.92ms
04-15 12:05:52.773 22423 22447 I ZkgpuHarnessTest: CROSSOVER_STOCKHAM inverse_log18 stage[0] "r4 stages 0+1" gpu=0.067ms
04-15 12:05:52.773 22423 22447 I ZkgpuHarnessTest: CROSSOVER_STOCKHAM inverse_log18 stage[1] "r4 stages 2+3" gpu=0.032ms
04-15 12:05:52.773 22423 22447 I ZkgpuHarnessTest: CROSSOVER_STOCKHAM inverse_log18 stage[2] "r4 stages 4+5" gpu=0.027ms
04-15 12:05:52.773 22423 22447 I ZkgpuHarnessTest: CROSSOVER_STOCKHAM inverse_log18 stage[3] "r4 stages 6+7" gpu=0.027ms
04-15 12:05:52.773 22423 22447 I ZkgpuHarnessTest: CROSSOVER_STOCKHAM inverse_log18 stage[4] "local fused" gpu=0.716ms
04-15 12:05:52.773 22423 22447 I ZkgpuHarnessTest: CROSSOVER_STOCKHAM inverse_log18 stage[5] "inverse scale" gpu=0.047ms
04-15 12:05:52.773 22423 22447 I ZkgpuHarnessTest: CROSSOVER_STOCKHAM forward_log19: family=stockham tail=LocalFusedR4 reason=HeuristicDefaultLocal stride_bytes=2048 wall=3.33ms gpu=2.23ms
04-15 12:05:52.774 22423 22447 I ZkgpuHarnessTest: CROSSOVER_STOCKHAM forward_log19 stage[0] "r4 stages 0+1" gpu=0.132ms
04-15 12:05:52.774 22423 22447 I ZkgpuHarnessTest: CROSSOVER_STOCKHAM forward_log19 stage[1] "r4 stages 2+3" gpu=0.080ms
04-15 12:05:52.774 22423 22447 I ZkgpuHarnessTest: CROSSOVER_STOCKHAM forward_log19 stage[2] "r4 stages 4+5" gpu=0.067ms
04-15 12:05:52.774 22423 22447 I ZkgpuHarnessTest: CROSSOVER_STOCKHAM forward_log19 stage[3] "r4 stages 6+7" gpu=0.061ms
04-15 12:05:52.774 22423 22447 I ZkgpuHarnessTest: CROSSOVER_STOCKHAM forward_log19 stage[4] "r2 stage 8" gpu=0.057ms
04-15 12:05:52.774 22423 22447 I ZkgpuHarnessTest: CROSSOVER_STOCKHAM forward_log19 stage[5] "local fused" gpu=1.837ms
04-15 12:05:52.774 22423 22447 I ZkgpuHarnessTest: CROSSOVER_STOCKHAM inverse_log19: family=stockham tail=LocalFusedR4 reason=HeuristicDefaultLocal stride_bytes=2048 wall=3.08ms gpu=1.97ms
04-15 12:05:52.774 22423 22447 I ZkgpuHarnessTest: CROSSOVER_STOCKHAM inverse_log19 stage[0] "r4 stages 0+1" gpu=0.130ms
04-15 12:05:52.774 22423 22447 I ZkgpuHarnessTest: CROSSOVER_STOCKHAM inverse_log19 stage[1] "r4 stages 2+3" gpu=0.078ms
04-15 12:05:52.774 22423 22447 I ZkgpuHarnessTest: CROSSOVER_STOCKHAM inverse_log19 stage[2] "r4 stages 4+5" gpu=0.065ms
04-15 12:05:52.774 22423 22447 I ZkgpuHarnessTest: CROSSOVER_STOCKHAM inverse_log19 stage[3] "r4 stages 6+7" gpu=0.059ms
04-15 12:05:52.774 22423 22447 I ZkgpuHarnessTest: CROSSOVER_STOCKHAM inverse_log19 stage[4] "r2 stage 8" gpu=0.056ms
04-15 12:05:52.774 22423 22447 I ZkgpuHarnessTest: CROSSOVER_STOCKHAM inverse_log19 stage[5] "local fused" gpu=1.494ms
04-15 12:05:52.774 22423 22447 I ZkgpuHarnessTest: CROSSOVER_STOCKHAM inverse_log19 stage[6] "inverse scale" gpu=0.085ms
04-15 12:05:52.774 22423 22447 I ZkgpuHarnessTest: CROSSOVER_STOCKHAM forward_log20: family=stockham tail=LocalFusedR4 reason=HeuristicDefaultLocal stride_bytes=4096 wall=6.64ms gpu=4.98ms
04-15 12:05:52.774 22423 22447 I ZkgpuHarnessTest: CROSSOVER_STOCKHAM forward_log20 stage[0] "r4 stages 0+1" gpu=0.274ms
04-15 12:05:52.774 22423 22447 I ZkgpuHarnessTest: CROSSOVER_STOCKHAM forward_log20 stage[1] "r4 stages 2+3" gpu=0.183ms
04-15 12:05:52.774 22423 22447 I ZkgpuHarnessTest: CROSSOVER_STOCKHAM forward_log20 stage[2] "r4 stages 4+5" gpu=0.163ms
04-15 12:05:52.774 22423 22447 I ZkgpuHarnessTest: CROSSOVER_STOCKHAM forward_log20 stage[3] "r4 stages 6+7" gpu=0.158ms
04-15 12:05:52.774 22423 22447 I ZkgpuHarnessTest: CROSSOVER_STOCKHAM forward_log20 stage[4] "r4 stages 8+9" gpu=0.152ms
04-15 12:05:52.774 22423 22447 I ZkgpuHarnessTest: CROSSOVER_STOCKHAM forward_log20 stage[5] "local fused" gpu=4.051ms
