04-15 12:05:52.774 22423 22447 I ZkgpuHarnessTest: CROSSOVER_STOCKHAM inverse_log20: family=stockham tail=LocalFusedR4 reason=HeuristicDefaultLocal stride_bytes=4096 wall=6.86ms gpu=4.85ms
04-15 12:05:52.774 22423 22447 I ZkgpuHarnessTest: CROSSOVER_STOCKHAM inverse_log20 stage[0] "r4 stages 0+1" gpu=0.276ms
04-15 12:05:52.774 22423 22447 I ZkgpuHarnessTest: CROSSOVER_STOCKHAM inverse_log20 stage[1] "r4 stages 2+3" gpu=0.185ms
04-15 12:05:52.774 22423 22447 I ZkgpuHarnessTest: CROSSOVER_STOCKHAM inverse_log20 stage[2] "r4 stages 4+5" gpu=0.165ms
04-15 12:05:52.774 22423 22447 I ZkgpuHarnessTest: CROSSOVER_STOCKHAM inverse_log20 stage[3] "r4 stages 6+7" gpu=0.161ms
04-15 12:05:52.775 22423 22447 I ZkgpuHarnessTest: CROSSOVER_STOCKHAM inverse_log20 stage[4] "r4 stages 8+9" gpu=0.155ms
04-15 12:05:52.775 22423 22447 I ZkgpuHarnessTest: CROSSOVER_STOCKHAM inverse_log20 stage[5] "local fused" gpu=3.741ms
04-15 12:05:52.775 22423 22447 I ZkgpuHarnessTest: CROSSOVER_STOCKHAM inverse_log20 stage[6] "inverse scale" gpu=0.166ms
04-15 12:05:52.775 22423 22447 I ZkgpuHarnessTest: CROSSOVER_STOCKHAM forward_log21: family=stockham tail=LocalFusedR4 reason=HeuristicDefaultLocal stride_bytes=8192 wall=15.15ms gpu=11.63ms
04-15 12:05:52.775 22423 22447 I ZkgpuHarnessTest: CROSSOVER_STOCKHAM forward_log21 stage[0] "r4 stages 0+1" gpu=0.571ms
04-15 12:05:52.775 22423 22447 I ZkgpuHarnessTest: CROSSOVER_STOCKHAM forward_log21 stage[1] "r4 stages 2+3" gpu=0.401ms
04-15 12:05:52.775 22423 22447 I ZkgpuHarnessTest: CROSSOVER_STOCKHAM forward_log21 stage[2] "r4 stages 4+5" gpu=0.354ms
04-15 12:05:52.775 22423 22447 I ZkgpuHarnessTest: CROSSOVER_STOCKHAM forward_log21 stage[3] "r4 stages 6+7" gpu=0.355ms
04-15 12:05:52.775 22423 22447 I ZkgpuHarnessTest: CROSSOVER_STOCKHAM forward_log21 stage[4] "r4 stages 8+9" gpu=0.334ms
04-15 12:05:52.775 22423 22447 I ZkgpuHarnessTest: CROSSOVER_STOCKHAM forward_log21 stage[5] "r2 stage 10" gpu=0.335ms
04-15 12:05:52.775 22423 22447 I ZkgpuHarnessTest: CROSSOVER_STOCKHAM forward_log21 stage[6] "local fused" gpu=9.276ms
04-15 12:05:52.775 22423 22447 I ZkgpuHarnessTest: CROSSOVER_STOCKHAM inverse_log21: family=stockham tail=LocalFusedR4 reason=HeuristicDefaultLocal stride_bytes=8192 wall=13.54ms gpu=10.44ms
04-15 12:05:52.775 22423 22447 I ZkgpuHarnessTest: CROSSOVER_STOCKHAM inverse_log21 stage[0] "r4 stages 0+1" gpu=0.575ms
04-15 12:05:52.775 22423 22447 I ZkgpuHarnessTest: CROSSOVER_STOCKHAM inverse_log21 stage[1] "r4 stages 2+3" gpu=0.406ms
04-15 12:05:52.775 22423 22447 I ZkgpuHarnessTest: CROSSOVER_STOCKHAM inverse_log21 stage[2] "r4 stages 4+5" gpu=0.351ms
04-15 12:05:52.775 22423 22447 I ZkgpuHarnessTest: CROSSOVER_STOCKHAM inverse_log21 stage[3] "r4 stages 6+7" gpu=0.347ms
04-15 12:05:52.775 22423 22447 I ZkgpuHarnessTest: CROSSOVER_STOCKHAM inverse_log21 stage[4] "r4 stages 8+9" gpu=0.330ms
04-15 12:05:52.775 22423 22447 I ZkgpuHarnessTest: CROSSOVER_STOCKHAM inverse_log21 stage[5] "r2 stage 10" gpu=0.332ms
04-15 12:05:52.775 22423 22447 I ZkgpuHarnessTest: CROSSOVER_STOCKHAM inverse_log21 stage[6] "local fused" gpu=7.763ms
04-15 12:05:52.775 22423 22447 I ZkgpuHarnessTest: CROSSOVER_STOCKHAM inverse_log21 stage[7] "inverse scale" gpu=0.336ms
04-15 12:05:52.775 22423 22447 I ZkgpuHarnessTest: CROSSOVER_STOCKHAM forward_log22: family=stockham tail=LocalFusedR4 reason=HeuristicDefaultLocal stride_bytes=16384 wall=27.59ms gpu=23.21ms
04-15 12:05:52.775 22423 22447 I ZkgpuHarnessTest: CROSSOVER_STOCKHAM forward_log22 stage[0] "r4 stages 0+1" gpu=1.191ms
04-15 12:05:52.775 22423 22447 I ZkgpuHarnessTest: CROSSOVER_STOCKHAM forward_log22 stage[1] "r4 stages 2+3" gpu=0.809ms
04-15 12:05:52.775 22423 22447 I ZkgpuHarnessTest: CROSSOVER_STOCKHAM forward_log22 stage[2] "r4 stages 4+5" gpu=0.740ms
04-15 12:05:52.775 22423 22447 I ZkgpuHarnessTest: CROSSOVER_STOCKHAM forward_log22 stage[3] "r4 stages 6+7" gpu=0.688ms
04-15 12:05:52.775 22423 22447 I ZkgpuHarnessTest: CROSSOVER_STOCKHAM forward_log22 stage[4] "r4 stages 8+9" gpu=0.702ms
04-15 12:05:52.776 22423 22447 I ZkgpuHarnessTest: CROSSOVER_STOCKHAM forward_log22 stage[5] "r4 stages 10+11" gpu=0.675ms
04-15 12:05:52.776 22423 22447 I ZkgpuHarnessTest: CROSSOVER_STOCKHAM forward_log22 stage[6] "local fused" gpu=18.406ms
04-15 12:05:52.776 22423 22447 I ZkgpuHarnessTest: CROSSOVER_STOCKHAM inverse_log22: family=stockham tail=LocalFusedR4 reason=HeuristicDefaultLocal stride_bytes=16384 wall=24.79ms gpu=20.83ms
04-15 12:05:52.776 22423 22447 I ZkgpuHarnessTest: CROSSOVER_STOCKHAM inverse_log22 stage[0] "r4 stages 0+1" gpu=1.207ms
04-15 12:05:52.776 22423 22447 I ZkgpuHarnessTest: CROSSOVER_STOCKHAM inverse_log22 stage[1] "r4 stages 2+3" gpu=0.808ms
04-15 12:05:52.776 22423 22447 I ZkgpuHarnessTest: CROSSOVER_STOCKHAM inverse_log22 stage[2] "r4 stages 4+5" gpu=0.745ms
04-15 12:05:52.776 22423 22447 I ZkgpuHarnessTest: CROSSOVER_STOCKHAM inverse_log22 stage[3] "r4 stages 6+7" gpu=0.693ms
04-15 12:05:52.776 22423 22447 I ZkgpuHarnessTest: CROSSOVER_STOCKHAM inverse_log22 stage[4] "r4 stages 8+9" gpu=0.702ms
04-15 12:05:52.776 22423 22447 I ZkgpuHarnessTest: CROSSOVER_STOCKHAM inverse_log22 stage[5] "r4 stages 10+11" gpu=0.681ms
04-15 12:05:52.776 22423 22447 I ZkgpuHarnessTest: CROSSOVER_STOCKHAM inverse_log22 stage[6] "local fused" gpu=15.314ms
04-15 12:05:52.776 22423 22447 I ZkgpuHarnessTest: CROSSOVER_STOCKHAM inverse_log22 stage[7] "inverse scale" gpu=0.684ms
04-15 12:05:52.776 22423 22447 I TestRunner: finished: crossoverBenchmarkStockhamFamily(org.zkgpu.harness.ZkgpuInstrumentedTest)
04-15 12:05:52.777 22423 22447 I TestRunner: started: crossoverBenchmarkFourStepFamily(org.zkgpu.harness.ZkgpuInstrumentedTest)
04-15 12:05:52.781 22423 22447 I vulkan  : CreateInfoWrapper::FilterExtension: already have 'VK_KHR_get_physical_device_properties2'.
04-15 12:05:52.782 22423 22447 I AdrenoVK-0: QUALCOMM build          : c81b28e1a5, I5a61fcf667
04-15 12:05:52.782 22423 22447 I AdrenoVK-0: Build Date              : 06/20/25
04-15 12:05:52.782 22423 22447 I AdrenoVK-0: Shader Compiler Version : E031.45.02.26
04-15 12:05:52.782 22423 22447 I AdrenoVK-0: Local Branch            : 
04-15 12:05:52.782 22423 22447 I AdrenoVK-0: Remote Branch           : refs/tags/AU_LINUX_ANDROID_LA.VENDOR.14.3.0.11.00.00.973.948
04-15 12:05:52.782 22423 22447 I AdrenoVK-0: Remote Branch           : NONE
04-15 12:05:52.782 22423 22447 I AdrenoVK-0: Reconstruct Branch      : NOTHING
04-15 12:05:52.782 22423 22447 I AdrenoVK-0: Build Config            : S P 16.1.2 AArch64
04-15 12:05:52.782 22423 22447 I AdrenoVK-0: Driver Path             : /vendor/lib64/hw/vulkan.adreno.so
04-15 12:05:52.782 22423 22447 I AdrenoVK-0: Driver Version          : 0762.39
04-15 12:05:52.782 22423 22447 I AdrenoVK-0: PFP                     : 0x01520181
04-15 12:05:52.782 22423 22447 I AdrenoVK-0: ME                      : 0x01520023
04-15 12:05:52.782 22423 22447 I AdrenoVK-0: Application Name    : wgpu
04-15 12:05:52.782 22423 22447 I AdrenoVK-0: Application Version : 0x00000001
04-15 12:05:52.782 22423 22447 I AdrenoVK-0: Engine Name         : wgpu-hal
04-15 12:05:52.782 22423 22447 I AdrenoVK-0: Engine Version      : 0x00000002
04-15 12:05:52.782 22423 22447 I AdrenoVK-0: Api Version         : 0x00403000
04-15 12:05:52.840  1969  2173 I minksocket: MinkIPC MESSAGE: ( 1969:2173 ) MinkIPC_QRTR_Service:351 minkipc = 0xb400006fe8e5a1b0 sock = 13, client with node 1 port 73bb went down
04-15 12:05:52.841  1969  2186 I minksocket: MinkIPC MESSAGE: ( 1969:2186 ) MinkIPC_QRTR_Service:351 minkipc = 0xb400006fe8e5acb0 sock = 34, client with node 1 port 73bb went down
04-15 12:05:52.842  1969  2173 I minksocket: MinkIPC MESSAGE: ( 1969:2173 ) MinkIPC_QRTR_Service:351 minkipc = 0xb400006fe8e5a1b0 sock = 13, client with node 1 port 73bc went down
04-15 12:05:52.842  1969  2186 I minksocket: MinkIPC MESSAGE: ( 1969:2186 ) MinkIPC_QRTR_Service:351 minkipc = 0xb400006fe8e5acb0 sock = 34, client with node 1 port 73bc went down
04-15 12:05:52.843  1969  2186 I minksocket: MinkIPC MESSAGE: ( 1969:2186 ) MinkIPC_QRTR_Service:351 minkipc = 0xb400006fe8e5acb0 sock = 34, client with node 1 port 73bd went down
04-15 12:05:52.843  1969  2173 I minksocket: MinkIPC MESSAGE: ( 1969:2173 ) MinkIPC_QRTR_Service:351 minkipc = 0xb400006fe8e5a1b0 sock = 13, client with node 1 port 73bd went down
04-15 12:05:52.844  1969  2173 I minksocket: MinkIPC MESSAGE: ( 1969:2173 ) MinkIPC_QRTR_Service:351 minkipc = 0xb400006fe8e5a1b0 sock = 13, client with node 1 port 73be went down
04-15 12:05:52.844  1969  2186 I minksocket: MinkIPC MESSAGE: ( 1969:2186 ) MinkIPC_QRTR_Service:351 minkipc = 0xb400006fe8e5acb0 sock = 34, client with node 1 port 73be went down
04-15 12:05:52.861  1992 30429 I sensors-hal: handle_sns_std_sensor_event:131, [SSC_LIGHT] A: 59(59),c:2,b:78,m:13,cl:0,l:58,s:59,l0:8832,l1:800,s0:8000,s1:0,acl:1,opr:0.16,f(r):100,u(bl):100,if:0,wi:2,si:0,po:161(N:0)
04-15 12:05:52.861  1992 21827 I sensors-hal: handle_sns_std_sensor_event:409, [SSC_LIGHT] P: 59(59),c:2,b:78,m:13,cl:0,l:58,s:59,l0:8832,l1:800,s0:8000,s1:0,acl:1,opr:0.16,f(r):100,u(bl):100,if:0,wi:2,si:0,po:161(N:0)
04-15 12:05:53.283 29575 22487 I HYPER-HAL: [RequestManager.cpp]releaseLocked(): Released ID : 4966977
04-15 12:05:53.299  2133  2159 E HeatmapThread: ECT Thread time in milliseconds: 1776254753
04-15 12:05:53.303  2133  2159 D HeatmapThread: !@ batteryplugType : 2
04-15 12:05:53.304  2133  2159 D HeatmapThread: !@ batteryLevel : 38  batteryTemperature : 386 
04-15 12:05:53.304  2133  2159 D HeatmapThread: !@ Heatmap currtime: 29604245
04-15 12:05:53.304  2133  2159 D HeatmapThread: !@ Heatmap prevtime: 29604225
04-15 12:05:53.304  2133  2159 D HeatmapThread: !@ Heatmap plugstarttime: 29604243
04-15 12:05:53.304  2133  2159 D HeatmapThread: !@ Heatmap prevv_dsoh_update_time: 29602912
04-15 12:05:53.305  2133  2159 E HeatmapThread: !@Entered the read from path function
04-15 12:05:53.305  2133  2159 E HeatmapThread: !@Read Extended_heatmap from efs is: 0 0 0 0 0 0 0 0 0 0 0 0 0 0 0 0 0 0 0 0 0 0 0 0 0 0 0 0 0 0 0 0 0 0 0 0 0 0 0 0 0 0 0 0 0 0 0 0 0 0 0 0 0 0 0 0 0 0 0 0 0 0 0 0 0 0 0 0 0 0 0 0 0 0 0 0 0 0 0 0 0 0 0 0 0 0 0 0 0 0 14345 0 0 0 0 0 0 0 0 0 0 0 0 0 0 0 0 0 10911 0 0 0 0 0 0 0 0 0 0 0 0 0 0 0 0 0 2724 0 0 0 0 0 0 0 0 0 0 0 0 0 0 0 0 0 2666 0 0 0 0 0 0 0 0 0 0 0 0 0 0 0 0 0 2576 0 0 0 0 0 0 0 0 0 0 0 0 0 0 0 0 0 2575 0 0 0 0 0 0 0 0 0 0 0 0 0 0 0 0 0 9878 0 0 0 0 0 0 0 0 0 0 0 0 0 0 0 0 0 11968 0 0 0 0 0 0 0 0 0 0 0 0 0 0 0 0 0 23624 0 0 0 0 0 0 0 0 0 0 0 0 0 0 0 0 0 23907 0 0 0 0 0 0 0 0 0 0 0 0 0 0 0 0 0 23706 0 0 0 0 0 0 0 0 0 0 0 0 0 0 0 0 0 22786 0 0 0 0 0 0 0 0 0 0 0 0 0 0 0 0 0 22202 0 0 0 0 0 0 0 0 0 0 0 0 0 0 0 0 0 10175 0 0 0 0 0 0 0 0 0 0 0 0 0 0 0 0 0 9478 0 0 0 0 0 0 0 0 0 0 0 0 0 0 0 0 0 7108 0 0 0 0 0 0 0 0 0 0 0 0 0 0 0 0 0 3530 0 0 0 0 0 0 0 0 0 0 0 0 0 0 0 0 0 222 0 0 0 0 0 0 0 0 0 0 0 0 0 0 0 0 0 161 0 0 0 0 0 0 0 0 0 0 0 0 0 0 0 0 0 127 0 0 0 0 0 0 0 0 0 0 0 0 0 0 0 0 0 89 0 0 0 0 0 0 0 0 0
04-15 12:05:53.306  2133  2159 E HeatmapThread: !@Write Extended Heatmap to efs is: 0 0 0 0 0 0 0 0 0 0 0 0 0 0 0 0 0 0 0 0 0 0 0 0 0 0 0 0 0 0 0 0 0 0 0 0 0 0 0 0 0 0 0 0 0 0 0 0 0 0 0 0 0 0 0 0 0 0 0 0 0 0 0 0 0 0 0 0 0 0 0 0 0 0 0 0 0 0 0 0 0 0 0 0 0 0 0 0 0 0 14345 0 0 0 0 0 0 0 0 0 0 0 0 0 0 0 0 0 10911 0 0 0 0 0 0 0 0 0 0 0 0 0 0 0 0 0 2724 0 0 0 0 0 0 0 0 0 0 0 0 0 0 0 0 0 2666 0 0 0 0 0 0 0 0 0 0 0 0 0 0 0 0 0 2576 0 0 0 0 0 0 0 0 0 0 0 0 0 0 0 0 0 2575 0 0 0 0 0 0 0 0 0 0 0 0 0 0 0 0 0 9878 0 0 0 0 0 0 0 0 0 0 0 0 0 0 0 0 0 11968 0 0 0 0 0 0 0 0 0 0 0 0 0 0 0 0 0 23624 0 0 0 0 0 0 0 0 0 0 0 0 0 0 0 0 0 23907 0 0 0 0 0 0 0 0 0 0 0 0 0 0 0 0 0 23706 0 0 0 0 0 0 0 0 0 0 0 0 0 0 0 0 0 22786 0 0 0 0 0 0 0 0 0 0 0 0 0 0 0 0 0 22203 0 0 0 0 0 0 0 0 0 0 0 0 0 0 0 0 0 10175 0 0 0 0 0 0 0 0 0 0 0 0 0 0 0 0 0 9478 0 0 0 0 0 0 0 0 0 0 0 0 0 0 0 0 0 7108 0 0 0 0 0 0 0 0 0 0 0 0 0 0 0 0 0 3530 0 0 0 0 0 0 0 0 0 0 0 0 0 0 0 0 0 222 0 0 0 0 0 0 0 0 0 0 0 0 0 0 0 0 0 161 0 0 0 0 0 0 0 0 0 0 0 0 0 0 0 0 0 127 0 0 0 0 0 0 0 0 0 0 0 0 0 0 0 0 0 89 0 0 0 0 0 0 0 0 0 
04-15 12:05:53.306  2133  2159 E HeatmapThread: !@ CAM New BSOH: 95
04-15 12:05:53.506 29903 30238 D InetDiagMessage: Destroyed 0 sockets, proto=IPPROTO_TCP, family=AF_INET, states=14
04-15 12:05:53.508 29903 30238 D InetDiagMessage: Destroyed 0 sockets, proto=IPPROTO_TCP, family=AF_INET6, states=14
04-15 12:05:53.508 29903 30238 D InetDiagMessage: Destroyed live tcp sockets for uids={10118} in 8ms
04-15 12:05:53.510 29903 30238 D InetDiagMessage: Destroyed 0 sockets, proto=IPPROTO_TCP, family=AF_INET, states=14
04-15 12:05:53.512 29903 30238 D InetDiagMessage: Destroyed 0 sockets, proto=IPPROTO_TCP, family=AF_INET6, states=14
04-15 12:05:53.512 29903 30238 D InetDiagMessage: Destroyed live tcp sockets for uids={20118} in 4ms
04-15 12:05:53.800 29903 30286 W ProcessStats: Tracking association SourceState{a1a5727 com.sec.android.daemonapp:weather_content_provider/10236 BFgs #387091} whose proc state 4 is better than process ProcessState{521fa0e com.sec.android.daemonapp/10236 pkg=com.sec.android.daemonapp} proc state 5 (3 skipped)
04-15 12:05:54.036  1165  1165 D io_stats: !@   8,0 r 33544842 655142588 w 13305737 205094600 d 1773481 344983448 f 392294 1302804 iot 7469204 0 th 0 0 0 pt 0 inp 0 0 257514.269
04-15 12:05:54.036  1165  1165 D io_stats: !@ Read_top(KB): kworker/u16:1(20478) 68 system_server(29903) 44 sait.sohservice(7684) 24
04-15 12:05:54.036  1165  1165 D io_stats: !@ Write_top(KB): kworker/u16:1(20478) 6376 jbd2/sda9-8(978) 20 soft.appmanager(10388) 16
04-15 12:05:54.141  1992 21863 I sensors-hal: handle_sns_std_sensor_event:90, light_cct: ts = 535393304599448 ns; value = [59, 59, 33, 41, 59, 78, 0, 50, 8800, 0]
04-15 12:05:54.272 29903 30286 D CustomizedBinderCallsStatsInternal: reportCpuUsage() : 2%
04-15 12:05:54.273 29903 29995 I BinderCallsStats: Collected cpu time : 0us, collected call count : 0 for 14878165 ms
04-15 12:05:54.274 29903 30286 D ProcessCpuUsage: [0] 820, {556=31340, 672=910, 787=1090, 902=17280, 1017=290, 1132=670, 1248=180, 1344=1670, 1459=240, 1574=120, 1689=6410}
04-15 12:05:54.274 29903 30286 D ProcessCpuUsage: [2] 1257, {614=30430, 844=230, 960=120, 1190=9340, 1401=210, 1497=170, 1612=440, 1708=210, 1920=150, 2035=160, 2131=3210, 2323=2020, 2380=13080}
04-15 12:05:54.274 29903 30286 D ProcessCpuUsage: [5] 722, {499=48970, 614=910, 729=530, 844=470, 960=450, 1075=1190, 1190=1540, 1612=230, 2323=2510, 2380=3170}
04-15 12:05:54.274 29903 30286 D ProcessCpuUsage: [7] 1078, {672=35790, 902=380, 1248=14640, 2304=370, 2380=8900}
04-15 12:05:54.299  2133  2159 E HeatmapThread: ECT Thread time in milliseconds: 1776254754
04-15 12:05:54.303  2133  2159 D HeatmapThread: !@ batteryplugType : 2
04-15 12:05:54.303  2133  2159 D HeatmapThread: !@ batteryLevel : 38  batteryTemperature : 386 
04-15 12:05:54.303  2133  2159 D HeatmapThread: !@ Heatmap currtime: 29604245
04-15 12:05:54.303  2133  2159 D HeatmapThread: !@ Heatmap prevtime: 29604225
04-15 12:05:54.303  2133  2159 D HeatmapThread: !@ Heatmap plugstarttime: 29604243
04-15 12:05:54.304  2133  2159 D HeatmapThread: !@ Heatmap prevv_dsoh_update_time: 29602912
04-15 12:05:54.304  2133  2159 E HeatmapThread: !@ CAM New BSOH: 95
04-15 12:05:54.384 30448 30993 D SatelliteController: isInCarrierRoamingNbIotNtn: satellite is disabled
04-15 12:05:54.715 30448 30993 D SatelliteController: isInCarrierRoamingNbIotNtn: satellite is disabled
04-15 12:05:55.255 22423 22447 I ZkgpuHarnessTest: CROSSOVER_FOURSTEP path=/data/user/0/org.zkgpu.harness/files/zkgpu/latest-report.json family_override=FourStep tail_override=Auto
04-15 12:05:55.257 22423 22447 I ZkgpuHarnessTest: CROSSOVER_FOURSTEP kernel.ntt_variant=four-step kernel.stockham_tail_strategy=none
04-15 12:05:55.257 22423 22447 I ZkgpuHarnessTest: CROSSOVER_FOURSTEP device name="Adreno (TM) 750" backend=Vulkan tier=UnifiedMemoryNative family=Adreno driver="Driver Build: c81b28e1a5, I5a61fcf667, 1750408231
04-15 12:05:55.257 22423 22447 I ZkgpuHarnessTest: Date: 06/20/25
04-15 12:05:55.257 22423 22447 I ZkgpuHarnessTest: Compiler Version: E031.45.02.26
04-15 12:05:55.257 22423 22447 I ZkgpuHarnessTest: Driver Branch: 
04-15 12:05:55.257 22423 22447 I ZkgpuHarnessTest: " max_buffer=268435456 max_wg_x=256 max_invocations=256 max_wg_storage_bytes=16352
04-15 12:05:55.257 22423 22447 I ZkgpuHarnessTest: CROSSOVER_FOURSTEP forward_log18: family=four-step tail=none reason=none stride_bytes=none wall=1.96ms gpu=0.50ms
04-15 12:05:55.257 22423 22447 I ZkgpuHarnessTest: CROSSOVER_FOURSTEP forward_log18 stage[0] "transpose R×C→C×R" gpu=0.053ms
04-15 12:05:55.257 22423 22447 I ZkgpuHarnessTest: CROSSOVER_FOURSTEP forward_log18 stage[1] "phase2 R-pt r4 stages 0+1" gpu=0.029ms
04-15 12:05:55.257 22423 22447 I ZkgpuHarnessTest: CROSSOVER_FOURSTEP forward_log18 stage[2] "phase2 R-pt r4 stages 2+3" gpu=0.026ms
04-15 12:05:55.257 22423 22447 I ZkgpuHarnessTest: CROSSOVER_FOURSTEP forward_log18 stage[3] "phase2 R-pt r4 stages 4+5" gpu=0.026ms
04-15 12:05:55.257 22423 22447 I ZkgpuHarnessTest: CROSSOVER_FOURSTEP forward_log18 stage[4] "phase2 R-pt r4 stages 6+7" gpu=0.027ms
04-15 12:05:55.257 22423 22447 I ZkgpuHarnessTest: CROSSOVER_FOURSTEP forward_log18 stage[5] "phase2 R-pt r2 stage 8" gpu=0.026ms
04-15 12:05:55.257 22423 22447 I ZkgpuHarnessTest: CROSSOVER_FOURSTEP forward_log18 stage[6] "twiddle multiply" gpu=0.083ms
04-15 12:05:55.257 22423 22447 I ZkgpuHarnessTest: CROSSOVER_FOURSTEP forward_log18 stage[7] "transpose C×R→R×C" gpu=0.050ms
04-15 12:05:55.257 22423 22447 I ZkgpuHarnessTest: CROSSOVER_FOURSTEP forward_log18 stage[8] "phase5 C-pt r4 stages 0+1" gpu=0.029ms
04-15 12:05:55.257 22423 22447 I ZkgpuHarnessTest: CROSSOVER_FOURSTEP forward_log18 stage[9] "phase5 C-pt r4 stages 2+3" gpu=0.026ms
04-15 12:05:55.257 22423 22447 I ZkgpuHarnessTest: CROSSOVER_FOURSTEP forward_log18 stage[10] "phase5 C-pt r4 stages 4+5" gpu=0.026ms
04-15 12:05:55.257 22423 22447 I ZkgpuHarnessTest: CROSSOVER_FOURSTEP forward_log18 stage[11] "phase5 C-pt r4 stages 6+7" gpu=0.027ms
04-15 12:05:55.257 22423 22447 I ZkgpuHarnessTest: CROSSOVER_FOURSTEP forward_log18 stage[12] "phase5 C-pt r2 stage 8" gpu=0.026ms
04-15 12:05:55.257 22423 22447 I ZkgpuHarnessTest: CROSSOVER_FOURSTEP forward_log18 stage[13] "transpose R×C→C×R (output)" gpu=0.049ms
04-15 12:05:55.257 22423 22447 I ZkgpuHarnessTest: CROSSOVER_FOURSTEP inverse_log18: family=four-step tail=none reason=none stride_bytes=none wall=1.91ms gpu=0.54ms
04-15 12:05:55.257 22423 22447 I ZkgpuHarnessTest: CROSSOVER_FOURSTEP inverse_log18 stage[0] "transpose R×C→C×R" gpu=0.052ms
04-15 12:05:55.257 22423 22447 I ZkgpuHarnessTest: CROSSOVER_FOURSTEP inverse_log18 stage[1] "phase2 R-pt r4 stages 0+1" gpu=0.028ms
04-15 12:05:55.257 22423 22447 I ZkgpuHarnessTest: CROSSOVER_FOURSTEP inverse_log18 stage[2] "phase2 R-pt r4 stages 2+3" gpu=0.026ms
04-15 12:05:55.257 22423 22447 I ZkgpuHarnessTest: CROSSOVER_FOURSTEP inverse_log18 stage[3] "phase2 R-pt r4 stages 4+5" gpu=0.026ms
04-15 12:05:55.257 22423 22447 I ZkgpuHarnessTest: CROSSOVER_FOURSTEP inverse_log18 stage[4] "phase2 R-pt r4 stages 6+7" gpu=0.026ms
04-15 12:05:55.257 22423 22447 I ZkgpuHarnessTest: CROSSOVER_FOURSTEP inverse_log18 stage[5] "phase2 R-pt r2 stage 8" gpu=0.026ms
04-15 12:05:55.257 22423 22447 I ZkgpuHarnessTest: CROSSOVER_FOURSTEP inverse_log18 stage[6] "twiddle multiply" gpu=0.080ms
04-15 12:05:55.257 22423 22447 I ZkgpuHarnessTest: CROSSOVER_FOURSTEP inverse_log18 stage[7] "transpose C×R→R×C" gpu=0.050ms
04-15 12:05:55.257 22423 22447 I ZkgpuHarnessTest: CROSSOVER_FOURSTEP inverse_log18 stage[8] "phase5 C-pt r4 stages 0+1" gpu=0.029ms
04-15 12:05:55.257 22423 22447 I ZkgpuHarnessTest: CROSSOVER_FOURSTEP inverse_log18 stage[9] "phase5 C-pt r4 stages 2+3" gpu=0.026ms
04-15 12:05:55.257 22423 22447 I ZkgpuHarnessTest: CROSSOVER_FOURSTEP inverse_log18 stage[10] "phase5 C-pt r4 stages 4+5" gpu=0.026ms
04-15 12:05:55.257 22423 22447 I ZkgpuHarnessTest: CROSSOVER_FOURSTEP inverse_log18 stage[11] "phase5 C-pt r4 stages 6+7" gpu=0.026ms
04-15 12:05:55.257 22423 22447 I ZkgpuHarnessTest: CROSSOVER_FOURSTEP inverse_log18 stage[12] "phase5 C-pt r2 stage 8" gpu=0.026ms
04-15 12:05:55.258 22423 22447 I ZkgpuHarnessTest: CROSSOVER_FOURSTEP inverse_log18 stage[13] "transpose R×C→C×R (output)" gpu=0.049ms
04-15 12:05:55.258 22423 22447 I ZkgpuHarnessTest: CROSSOVER_FOURSTEP inverse_log18 stage[14] "inverse scale" gpu=0.047ms
04-15 12:05:55.258 22423 22447 I ZkgpuHarnessTest: CROSSOVER_FOURSTEP forward_log19: family=four-step tail=none reason=none stride_bytes=none wall=2.77ms gpu=1.14ms
04-15 12:05:55.258 22423 22447 I ZkgpuHarnessTest: CROSSOVER_FOURSTEP forward_log19 stage[0] "transpose R×C→C×R" gpu=0.135ms
04-15 12:05:55.258 22423 22447 I ZkgpuHarnessTest: CROSSOVER_FOURSTEP forward_log19 stage[1] "phase2 R-pt r4 stages 0+1" gpu=0.062ms
04-15 12:05:55.258 22423 22447 I ZkgpuHarnessTest: CROSSOVER_FOURSTEP forward_log19 stage[2] "phase2 R-pt r4 stages 2+3" gpu=0.058ms
04-15 12:05:55.258 22423 22447 I ZkgpuHarnessTest: CROSSOVER_FOURSTEP forward_log19 stage[3] "phase2 R-pt r4 stages 4+5" gpu=0.055ms
04-15 12:05:55.258 22423 22447 I ZkgpuHarnessTest: CROSSOVER_FOURSTEP forward_log19 stage[4] "phase2 R-pt r4 stages 6+7" gpu=0.055ms
04-15 12:05:55.258 22423 22447 I ZkgpuHarnessTest: CROSSOVER_FOURSTEP forward_log19 stage[5] "phase2 R-pt r2 stage 8" gpu=0.052ms
04-15 12:05:55.258 22423 22447 I ZkgpuHarnessTest: CROSSOVER_FOURSTEP forward_log19 stage[6] "twiddle multiply" gpu=0.170ms
04-15 12:05:55.258 22423 22447 I ZkgpuHarnessTest: CROSSOVER_FOURSTEP forward_log19 stage[7] "transpose C×R→R×C" gpu=0.125ms
04-15 12:05:55.258 22423 22447 I ZkgpuHarnessTest: CROSSOVER_FOURSTEP forward_log19 stage[8] "phase5 C-pt r4 stages 0+1" gpu=0.065ms
04-15 12:05:55.258 22423 22447 I ZkgpuHarnessTest: CROSSOVER_FOURSTEP forward_log19 stage[9] "phase5 C-pt r4 stages 2+3" gpu=0.057ms
04-15 12:05:55.258 22423 22447 I ZkgpuHarnessTest: CROSSOVER_FOURSTEP forward_log19 stage[10] "phase5 C-pt r4 stages 4+5" gpu=0.056ms
04-15 12:05:55.258 22423 22447 I ZkgpuHarnessTest: CROSSOVER_FOURSTEP forward_log19 stage[11] "phase5 C-pt r4 stages 6+7" gpu=0.055ms
04-15 12:05:55.258 22423 22447 I ZkgpuHarnessTest: CROSSOVER_FOURSTEP forward_log19 stage[12] "phase5 C-pt r4 stages 8+9" gpu=0.052ms
04-15 12:05:55.258 22423 22447 I ZkgpuHarnessTest: CROSSOVER_FOURSTEP forward_log19 stage[13] "transpose R×C→C×R (output)" gpu=0.146ms
04-15 12:05:55.258 22423 22447 I ZkgpuHarnessTest: CROSSOVER_FOURSTEP inverse_log19: family=four-step tail=none reason=none stride_bytes=none wall=3.54ms gpu=1.65ms
04-15 12:05:55.258 22423 22447 I ZkgpuHarnessTest: CROSSOVER_FOURSTEP inverse_log19 stage[0] "transpose R×C→C×R" gpu=0.139ms
04-15 12:05:55.258 22423 22447 I ZkgpuHarnessTest: CROSSOVER_FOURSTEP inverse_log19 stage[1] "phase2 R-pt r4 stages 0+1" gpu=0.062ms
04-15 12:05:55.258 22423 22447 I ZkgpuHarnessTest: CROSSOVER_FOURSTEP inverse_log19 stage[2] "phase2 R-pt r4 stages 2+3" gpu=0.058ms
04-15 12:05:55.258 22423 22447 I ZkgpuHarnessTest: CROSSOVER_FOURSTEP inverse_log19 stage[3] "phase2 R-pt r4 stages 4+5" gpu=0.055ms
04-15 12:05:55.258 22423 22447 I ZkgpuHarnessTest: CROSSOVER_FOURSTEP inverse_log19 stage[4] "phase2 R-pt r4 stages 6+7" gpu=0.055ms
04-15 12:05:55.258 22423 22447 I ZkgpuHarnessTest: CROSSOVER_FOURSTEP inverse_log19 stage[5] "phase2 R-pt r2 stage 8" gpu=0.051ms
04-15 12:05:55.258 22423 22447 I ZkgpuHarnessTest: CROSSOVER_FOURSTEP inverse_log19 stage[6] "twiddle multiply" gpu=0.171ms
04-15 12:05:55.258 22423 22447 I ZkgpuHarnessTest: CROSSOVER_FOURSTEP inverse_log19 stage[7] "transpose C×R→R×C" gpu=0.127ms
04-15 12:05:55.258 22423 22447 I ZkgpuHarnessTest: CROSSOVER_FOURSTEP inverse_log19 stage[8] "phase5 C-pt r4 stages 0+1" gpu=0.172ms
04-15 12:05:55.259 22423 22447 I ZkgpuHarnessTest: CROSSOVER_FOURSTEP inverse_log19 stage[9] "phase5 C-pt r4 stages 2+3" gpu=0.277ms
04-15 12:05:55.259 22423 22447 I ZkgpuHarnessTest: CROSSOVER_FOURSTEP inverse_log19 stage[10] "phase5 C-pt r4 stages 4+5" gpu=0.140ms
04-15 12:05:55.259 22423 22447 I ZkgpuHarnessTest: CROSSOVER_FOURSTEP inverse_log19 stage[11] "phase5 C-pt r4 stages 6+7" gpu=0.055ms
04-15 12:05:55.259 22423 22447 I ZkgpuHarnessTest: CROSSOVER_FOURSTEP inverse_log19 stage[12] "phase5 C-pt r4 stages 8+9" gpu=0.052ms
04-15 12:05:55.259 22423 22447 I ZkgpuHarnessTest: CROSSOVER_FOURSTEP inverse_log19 stage[13] "transpose R×C→C×R (output)" gpu=0.148ms
04-15 12:05:55.259 22423 22447 I ZkgpuHarnessTest: CROSSOVER_FOURSTEP inverse_log19 stage[14] "inverse scale" gpu=0.085ms
04-15 12:05:55.259 22423 22447 I ZkgpuHarnessTest: CROSSOVER_FOURSTEP forward_log20: family=four-step tail=none reason=none stride_bytes=none wall=5.47ms gpu=2.85ms
04-15 12:05:55.259 22423 22447 I ZkgpuHarnessTest: CROSSOVER_FOURSTEP forward_log20 stage[0] "transpose R×C→C×R" gpu=0.312ms
04-15 12:05:55.259 22423 22447 I ZkgpuHarnessTest: CROSSOVER_FOURSTEP forward_log20 stage[1] "phase2 R-pt r4 stages 0+1" gpu=0.155ms
04-15 12:05:55.259 22423 22447 I ZkgpuHarnessTest: CROSSOVER_FOURSTEP forward_log20 stage[2] "phase2 R-pt r4 stages 2+3" gpu=0.154ms
04-15 12:05:55.259 22423 22447 I ZkgpuHarnessTest: CROSSOVER_FOURSTEP forward_log20 stage[3] "phase2 R-pt r4 stages 4+5" gpu=0.152ms
04-15 12:05:55.259 22423 22447 I ZkgpuHarnessTest: CROSSOVER_FOURSTEP forward_log20 stage[4] "phase2 R-pt r4 stages 6+7" gpu=0.154ms
04-15 12:05:55.259 22423 22447 I ZkgpuHarnessTest: CROSSOVER_FOURSTEP forward_log20 stage[5] "phase2 R-pt r4 stages 8+9" gpu=0.150ms
04-15 12:05:55.259 22423 22447 I ZkgpuHarnessTest: CROSSOVER_FOURSTEP forward_log20 stage[6] "twiddle multiply" gpu=0.373ms
04-15 12:05:55.259 22423 22447 I ZkgpuHarnessTest: CROSSOVER_FOURSTEP forward_log20 stage[7] "transpose C×R→R×C" gpu=0.294ms
04-15 12:05:55.259 22423 22447 I ZkgpuHarnessTest: CROSSOVER_FOURSTEP forward_log20 stage[8] "phase5 C-pt r4 stages 0+1" gpu=0.158ms
04-15 12:05:55.259 22423 22447 I ZkgpuHarnessTest: CROSSOVER_FOURSTEP forward_log20 stage[9] "phase5 C-pt r4 stages 2+3" gpu=0.157ms
04-15 12:05:55.259 22423 22447 I ZkgpuHarnessTest: CROSSOVER_FOURSTEP forward_log20 stage[10] "phase5 C-pt r4 stages 4+5" gpu=0.151ms
04-15 12:05:55.259 22423 22447 I ZkgpuHarnessTest: CROSSOVER_FOURSTEP forward_log20 stage[11] "phase5 C-pt r4 stages 6+7" gpu=0.152ms
04-15 12:05:55.259 22423 22447 I ZkgpuHarnessTest: CROSSOVER_FOURSTEP forward_log20 stage[12] "phase5 C-pt r4 stages 8+9" gpu=0.149ms
04-15 12:05:55.259 22423 22447 I ZkgpuHarnessTest: CROSSOVER_FOURSTEP forward_log20 stage[13] "transpose R×C→C×R (output)" gpu=0.335ms
04-15 12:05:55.259 22423 22447 I ZkgpuHarnessTest: CROSSOVER_FOURSTEP inverse_log20: family=four-step tail=none reason=none stride_bytes=none wall=6.05ms gpu=3.00ms
04-15 12:05:55.259 22423 22447 I ZkgpuHarnessTest: CROSSOVER_FOURSTEP inverse_log20 stage[0] "transpose R×C→C×R" gpu=0.317ms
04-15 12:05:55.259 22423 22447 I ZkgpuHarnessTest: CROSSOVER_FOURSTEP inverse_log20 stage[1] "phase2 R-pt r4 stages 0+1" gpu=0.156ms
04-15 12:05:55.259 22423 22447 I ZkgpuHarnessTest: CROSSOVER_FOURSTEP inverse_log20 stage[2] "phase2 R-pt r4 stages 2+3" gpu=0.159ms
04-15 12:05:55.259 22423 22447 I ZkgpuHarnessTest: CROSSOVER_FOURSTEP inverse_log20 stage[3] "phase2 R-pt r4 stages 4+5" gpu=0.153ms
04-15 12:05:55.259 22423 22447 I ZkgpuHarnessTest: CROSSOVER_FOURSTEP inverse_log20 stage[4] "phase2 R-pt r4 stages 6+7" gpu=0.153ms
04-15 12:05:55.259 22423 22447 I ZkgpuHarnessTest: CROSSOVER_FOURSTEP inverse_log20 stage[5] "phase2 R-pt r4 stages 8+9" gpu=0.149ms
04-15 12:05:55.259 22423 22447 I ZkgpuHarnessTest: CROSSOVER_FOURSTEP inverse_log20 stage[6] "twiddle multiply" gpu=0.370ms
04-15 12:05:55.259 22423 22447 I ZkgpuHarnessTest: CROSSOVER_FOURSTEP inverse_log20 stage[7] "transpose C×R→R×C" gpu=0.291ms
04-15 12:05:55.259 22423 22447 I ZkgpuHarnessTest: CROSSOVER_FOURSTEP inverse_log20 stage[8] "phase5 C-pt r4 stages 0+1" gpu=0.154ms
04-15 12:05:55.259 22423 22447 I ZkgpuHarnessTest: CROSSOVER_FOURSTEP inverse_log20 stage[9] "phase5 C-pt r4 stages 2+3" gpu=0.155ms
04-15 12:05:55.259 22423 22447 I ZkgpuHarnessTest: CROSSOVER_FOURSTEP inverse_log20 stage[10] "phase5 C-pt r4 stages 4+5" gpu=0.152ms
04-15 12:05:55.259 22423 22447 I ZkgpuHarnessTest: CROSSOVER_FOURSTEP inverse_log20 stage[11] "phase5 C-pt r4 stages 6+7" gpu=0.155ms
04-15 12:05:55.260 22423 22447 I ZkgpuHarnessTest: CROSSOVER_FOURSTEP inverse_log20 stage[12] "phase5 C-pt r4 stages 8+9" gpu=0.151ms
04-15 12:05:55.260 22423 22447 I ZkgpuHarnessTest: CROSSOVER_FOURSTEP inverse_log20 stage[13] "transpose R×C→C×R (output)" gpu=0.324ms
04-15 12:05:55.260 22423 22447 I ZkgpuHarnessTest: CROSSOVER_FOURSTEP inverse_log20 stage[14] "inverse scale" gpu=0.164ms
04-15 12:05:55.260 22423 22447 I ZkgpuHarnessTest: CROSSOVER_FOURSTEP forward_log21: family=four-step tail=none reason=none stride_bytes=none wall=12.34ms gpu=6.59ms
04-15 12:05:55.260 22423 22447 I ZkgpuHarnessTest: CROSSOVER_FOURSTEP forward_log21 stage[0] "transpose R×C→C×R" gpu=0.835ms
04-15 12:05:55.260 22423 22447 I ZkgpuHarnessTest: CROSSOVER_FOURSTEP forward_log21 stage[1] "phase2 R-pt r4 stages 0+1" gpu=0.328ms
04-15 12:05:55.260 22423 22447 I ZkgpuHarnessTest: CROSSOVER_FOURSTEP forward_log21 stage[2] "phase2 R-pt r4 stages 2+3" gpu=0.334ms
04-15 12:05:55.260 22423 22447 I ZkgpuHarnessTest: CROSSOVER_FOURSTEP forward_log21 stage[3] "phase2 R-pt r4 stages 4+5" gpu=0.330ms
04-15 12:05:55.260 22423 22447 I ZkgpuHarnessTest: CROSSOVER_FOURSTEP forward_log21 stage[4] "phase2 R-pt r4 stages 6+7" gpu=0.327ms
04-15 12:05:55.260 22423 22447 I ZkgpuHarnessTest: CROSSOVER_FOURSTEP forward_log21 stage[5] "phase2 R-pt r4 stages 8+9" gpu=0.323ms
04-15 12:05:55.260 22423 22447 I ZkgpuHarnessTest: CROSSOVER_FOURSTEP forward_log21 stage[6] "twiddle multiply" gpu=0.746ms
04-15 12:05:55.260 22423 22447 I ZkgpuHarnessTest: CROSSOVER_FOURSTEP forward_log21 stage[7] "transpose C×R→R×C" gpu=0.581ms
04-15 12:05:55.260 22423 22447 I ZkgpuHarnessTest: CROSSOVER_FOURSTEP forward_log21 stage[8] "phase5 C-pt r4 stages 0+1" gpu=0.330ms
04-15 12:05:55.260 22423 22447 I ZkgpuHarnessTest: CROSSOVER_FOURSTEP forward_log21 stage[9] "phase5 C-pt r4 stages 2+3" gpu=0.331ms
04-15 12:05:55.260 22423 22447 I ZkgpuHarnessTest: CROSSOVER_FOURSTEP forward_log21 stage[10] "phase5 C-pt r4 stages 4+5" gpu=0.327ms
04-15 12:05:55.260 22423 22447 I ZkgpuHarnessTest: CROSSOVER_FOURSTEP forward_log21 stage[11] "phase5 C-pt r4 stages 6+7" gpu=0.325ms
04-15 12:05:55.260 22423 22447 I ZkgpuHarnessTest: CROSSOVER_FOURSTEP forward_log21 stage[12] "phase5 C-pt r4 stages 8+9" gpu=0.323ms
04-15 12:05:55.260 22423 22447 I ZkgpuHarnessTest: CROSSOVER_FOURSTEP forward_log21 stage[13] "phase5 C-pt r2 stage 10" gpu=0.323ms
04-15 12:05:55.260 22423 22447 I ZkgpuHarnessTest: CROSSOVER_FOURSTEP forward_log21 stage[14] "transpose R×C→C×R (output)" gpu=0.827ms
04-15 12:05:55.260 22423 22447 I ZkgpuHarnessTest: CROSSOVER_FOURSTEP inverse_log21: family=four-step tail=none reason=none stride_bytes=none wall=12.62ms gpu=6.98ms
04-15 12:05:55.260 22423 22447 I ZkgpuHarnessTest: CROSSOVER_FOURSTEP inverse_log21 stage[0] "transpose R×C→C×R" gpu=0.861ms
04-15 12:05:55.260 22423 22447 I ZkgpuHarnessTest: CROSSOVER_FOURSTEP inverse_log21 stage[1] "phase2 R-pt r4 stages 0+1" gpu=0.327ms
04-15 12:05:55.260 22423 22447 I ZkgpuHarnessTest: CROSSOVER_FOURSTEP inverse_log21 stage[2] "phase2 R-pt r4 stages 2+3" gpu=0.334ms
04-15 12:05:55.260 22423 22447 I ZkgpuHarnessTest: CROSSOVER_FOURSTEP inverse_log21 stage[3] "phase2 R-pt r4 stages 4+5" gpu=0.331ms
04-15 12:05:55.260 22423 22447 I ZkgpuHarnessTest: CROSSOVER_FOURSTEP inverse_log21 stage[4] "phase2 R-pt r4 stages 6+7" gpu=0.327ms
04-15 12:05:55.260 22423 22447 I ZkgpuHarnessTest: CROSSOVER_FOURSTEP inverse_log21 stage[5] "phase2 R-pt r4 stages 8+9" gpu=0.325ms
04-15 12:05:55.260 22423 22447 I ZkgpuHarnessTest: CROSSOVER_FOURSTEP inverse_log21 stage[6] "twiddle multiply" gpu=0.748ms
04-15 12:05:55.260 22423 22447 I ZkgpuHarnessTest: CROSSOVER_FOURSTEP inverse_log21 stage[7] "transpose C×R→R×C" gpu=0.587ms
04-15 12:05:55.260 22423 22447 I ZkgpuHarnessTest: CROSSOVER_FOURSTEP inverse_log21 stage[8] "phase5 C-pt r4 stages 0+1" gpu=0.326ms
04-15 12:05:55.260 22423 22447 I ZkgpuHarnessTest: CROSSOVER_FOURSTEP inverse_log21 stage[9] "phase5 C-pt r4 stages 2+3" gpu=0.334ms
04-15 12:05:55.260 22423 22447 I ZkgpuHarnessTest: CROSSOVER_FOURSTEP inverse_log21 stage[10] "phase5 C-pt r4 stages 4+5" gpu=0.332ms
04-15 12:05:55.260 22423 22447 I ZkgpuHarnessTest: CROSSOVER_FOURSTEP inverse_log21 stage[11] "phase5 C-pt r4 stages 6+7" gpu=0.328ms
04-15 12:05:55.260 22423 22447 I ZkgpuHarnessTest: CROSSOVER_FOURSTEP inverse_log21 stage[12] "phase5 C-pt r4 stages 8+9" gpu=0.324ms
04-15 12:05:55.260 22423 22447 I ZkgpuHarnessTest: CROSSOVER_FOURSTEP inverse_log21 stage[13] "phase5 C-pt r2 stage 10" gpu=0.326ms
04-15 12:05:55.261 22423 22447 I ZkgpuHarnessTest: CROSSOVER_FOURSTEP inverse_log21 stage[14] "transpose R×C→C×R (output)" gpu=0.835ms
04-15 12:05:55.261 22423 22447 I ZkgpuHarnessTest: CROSSOVER_FOURSTEP inverse_log21 stage[15] "inverse scale" gpu=0.339ms
04-15 12:05:55.261 22423 22447 I ZkgpuHarnessTest: CROSSOVER_FOURSTEP forward_log22: family=four-step tail=none reason=none stride_bytes=none wall=22.20ms gpu=14.67ms
04-15 12:05:55.261 22423 22447 I ZkgpuHarnessTest: CROSSOVER_FOURSTEP forward_log22 stage[0] "transpose R×C→C×R" gpu=1.670ms
04-15 12:05:55.261 22423 22447 I ZkgpuHarnessTest: CROSSOVER_FOURSTEP forward_log22 stage[1] "phase2 R-pt r4 stages 0+1" gpu=0.676ms
04-15 12:05:55.261 22423 22447 I ZkgpuHarnessTest: CROSSOVER_FOURSTEP forward_log22 stage[2] "phase2 R-pt r4 stages 2+3" gpu=0.693ms
04-15 12:05:55.261 22423 22447 I ZkgpuHarnessTest: CROSSOVER_FOURSTEP forward_log22 stage[3] "phase2 R-pt r4 stages 4+5" gpu=0.680ms
04-15 12:05:55.261 22423 22447 I ZkgpuHarnessTest: CROSSOVER_FOURSTEP forward_log22 stage[4] "phase2 R-pt r4 stages 6+7" gpu=0.683ms
04-15 12:05:55.261 22423 22447 I ZkgpuHarnessTest: CROSSOVER_FOURSTEP forward_log22 stage[5] "phase2 R-pt r4 stages 8+9" gpu=0.671ms
04-15 12:05:55.261 22423 22447 I ZkgpuHarnessTest: CROSSOVER_FOURSTEP forward_log22 stage[6] "phase2 R-pt r2 stage 10" gpu=0.685ms
04-15 12:05:55.261 22423 22447 I ZkgpuHarnessTest: CROSSOVER_FOURSTEP forward_log22 stage[7] "twiddle multiply" gpu=1.518ms
04-15 12:05:55.261 22423 22447 I ZkgpuHarnessTest: CROSSOVER_FOURSTEP forward_log22 stage[8] "transpose C×R→R×C" gpu=1.665ms
04-15 12:05:55.261 22423 22447 I ZkgpuHarnessTest: CROSSOVER_FOURSTEP forward_log22 stage[9] "phase5 C-pt r4 stages 0+1" gpu=0.672ms
04-15 12:05:55.261 22423 22447 I ZkgpuHarnessTest: CROSSOVER_FOURSTEP forward_log22 stage[10] "phase5 C-pt r4 stages 2+3" gpu=0.691ms
04-15 12:05:55.261 22423 22447 I ZkgpuHarnessTest: CROSSOVER_FOURSTEP forward_log22 stage[11] "phase5 C-pt r4 stages 4+5" gpu=0.680ms
04-15 12:05:55.261 22423 22447 I ZkgpuHarnessTest: CROSSOVER_FOURSTEP forward_log22 stage[12] "phase5 C-pt r4 stages 6+7" gpu=0.683ms
04-15 12:05:55.261 22423 22447 I ZkgpuHarnessTest: CROSSOVER_FOURSTEP forward_log22 stage[13] "phase5 C-pt r4 stages 8+9" gpu=0.673ms
04-15 12:05:55.261 22423 22447 I ZkgpuHarnessTest: CROSSOVER_FOURSTEP forward_log22 stage[14] "phase5 C-pt r2 stage 10" gpu=0.675ms
04-15 12:05:55.261 22423 22447 I ZkgpuHarnessTest: CROSSOVER_FOURSTEP forward_log22 stage[15] "transpose R×C→C×R (output)" gpu=1.657ms
04-15 12:05:55.261 22423 22447 I ZkgpuHarnessTest: CROSSOVER_FOURSTEP inverse_log22: family=four-step tail=none reason=none stride_bytes=none wall=23.35ms gpu=15.45ms
04-15 12:05:55.261 22423 22447 I ZkgpuHarnessTest: CROSSOVER_FOURSTEP inverse_log22 stage[0] "transpose R×C→C×R" gpu=1.703ms
04-15 12:05:55.261 22423 22447 I ZkgpuHarnessTest: CROSSOVER_FOURSTEP inverse_log22 stage[1] "phase2 R-pt r4 stages 0+1" gpu=0.673ms
04-15 12:05:55.261 22423 22447 I ZkgpuHarnessTest: CROSSOVER_FOURSTEP inverse_log22 stage[2] "phase2 R-pt r4 stages 2+3" gpu=0.697ms
04-15 12:05:55.261 22423 22447 I ZkgpuHarnessTest: CROSSOVER_FOURSTEP inverse_log22 stage[3] "phase2 R-pt r4 stages 4+5" gpu=0.683ms
04-15 12:05:55.261 22423 22447 I ZkgpuHarnessTest: CROSSOVER_FOURSTEP inverse_log22 stage[4] "phase2 R-pt r4 stages 6+7" gpu=0.690ms
04-15 12:05:55.261 22423 22447 I ZkgpuHarnessTest: CROSSOVER_FOURSTEP inverse_log22 stage[5] "phase2 R-pt r4 stages 8+9" gpu=0.673ms
04-15 12:05:55.261 22423 22447 I ZkgpuHarnessTest: CROSSOVER_FOURSTEP inverse_log22 stage[6] "phase2 R-pt r2 stage 10" gpu=0.682ms
04-15 12:05:55.261 22423 22447 I ZkgpuHarnessTest: CROSSOVER_FOURSTEP inverse_log22 stage[7] "twiddle multiply" gpu=1.530ms
04-15 12:05:55.261 22423 22447 I ZkgpuHarnessTest: CROSSOVER_FOURSTEP inverse_log22 stage[8] "transpose C×R→R×C" gpu=1.676ms
04-15 12:05:55.261 22423 22447 I ZkgpuHarnessTest: CROSSOVER_FOURSTEP inverse_log22 stage[9] "phase5 C-pt r4 stages 0+1" gpu=0.670ms
04-15 12:05:55.261 22423 22447 I ZkgpuHarnessTest: CROSSOVER_FOURSTEP inverse_log22 stage[10] "phase5 C-pt r4 stages 2+3" gpu=0.699ms
04-15 12:05:55.261 22423 22447 I ZkgpuHarnessTest: CROSSOVER_FOURSTEP inverse_log22 stage[11] "phase5 C-pt r4 stages 4+5" gpu=0.678ms
04-15 12:05:55.261 22423 22447 I ZkgpuHarnessTest: CROSSOVER_FOURSTEP inverse_log22 stage[12] "phase5 C-pt r4 stages 6+7" gpu=0.686ms
04-15 12:05:55.261 22423 22447 I ZkgpuHarnessTest: CROSSOVER_FOURSTEP inverse_log22 stage[13] "phase5 C-pt r4 stages 8+9" gpu=0.678ms
04-15 12:05:55.261 22423 22447 I ZkgpuHarnessTest: CROSSOVER_FOURSTEP inverse_log22 stage[14] "phase5 C-pt r2 stage 10" gpu=0.677ms
04-15 12:05:55.261 22423 22447 I ZkgpuHarnessTest: CROSSOVER_FOURSTEP inverse_log22 stage[15] "transpose R×C→C×R (output)" gpu=1.667ms
04-15 12:05:55.261 22423 22447 I ZkgpuHarnessTest: CROSSOVER_FOURSTEP inverse_log22 stage[16] "inverse scale" gpu=0.690ms
04-15 12:05:55.261 22423 22447 I TestRunner: finished: crossoverBenchmarkFourStepFamily(org.zkgpu.harness.ZkgpuInstrumentedTest)
04-15 12:05:55.264 22423 22447 I TestRunner: started: validationSuitePassesOnSupportedHardware(org.zkgpu.harness.ZkgpuInstrumentedTest)
04-15 12:05:55.269 22423 22447 I vulkan  : CreateInfoWrapper::FilterExtension: already have 'VK_KHR_get_physical_device_properties2'.
04-15 12:05:55.270 22423 22447 I AdrenoVK-0: QUALCOMM build          : c81b28e1a5, I5a61fcf667
04-15 12:05:55.270 22423 22447 I AdrenoVK-0: Build Date              : 06/20/25
04-15 12:05:55.270 22423 22447 I AdrenoVK-0: Shader Compiler Version : E031.45.02.26
04-15 12:05:55.270 22423 22447 I AdrenoVK-0: Local Branch            : 
04-15 12:05:55.270 22423 22447 I AdrenoVK-0: Remote Branch           : refs/tags/AU_LINUX_ANDROID_LA.VENDOR.14.3.0.11.00.00.973.948
04-15 12:05:55.270 22423 22447 I AdrenoVK-0: Remote Branch           : NONE
04-15 12:05:55.270 22423 22447 I AdrenoVK-0: Reconstruct Branch      : NOTHING
04-15 12:05:55.270 22423 22447 I AdrenoVK-0: Build Config            : S P 16.1.2 AArch64
04-15 12:05:55.270 22423 22447 I AdrenoVK-0: Driver Path             : /vendor/lib64/hw/vulkan.adreno.so
04-15 12:05:55.270 22423 22447 I AdrenoVK-0: Driver Version          : 0762.39
04-15 12:05:55.270 22423 22447 I AdrenoVK-0: PFP                     : 0x01520181
04-15 12:05:55.270 22423 22447 I AdrenoVK-0: ME                      : 0x01520023
04-15 12:05:55.270 22423 22447 I AdrenoVK-0: Application Name    : wgpu
04-15 12:05:55.270 22423 22447 I AdrenoVK-0: Application Version : 0x00000001
04-15 12:05:55.270 22423 22447 I AdrenoVK-0: Engine Name         : wgpu-hal
04-15 12:05:55.270 22423 22447 I AdrenoVK-0: Engine Version      : 0x00000002
04-15 12:05:55.270 22423 22447 I AdrenoVK-0: Api Version         : 0x00403000
04-15 12:05:55.275 22423 22428 W g.zkgpu.harness: userfaultfd: MOVE ioctl seems unsupported: Connection timed out
04-15 12:05:55.299  2133  2159 E HeatmapThread: ECT Thread time in milliseconds: 1776254755
04-15 12:05:55.302  2133  2159 D HeatmapThread: !@ batteryplugType : 2
04-15 12:05:55.303  2133  2159 D HeatmapThread: !@ batteryLevel : 38  batteryTemperature : 386 
04-15 12:05:55.303  2133  2159 D HeatmapThread: !@ Heatmap currtime: 29604245
04-15 12:05:55.303  2133  2159 D HeatmapThread: !@ Heatmap prevtime: 29604225
04-15 12:05:55.303  2133  2159 D HeatmapThread: !@ Heatmap plugstarttime: 29604243
04-15 12:05:55.304  2133  2159 D HeatmapThread: !@ Heatmap prevv_dsoh_update_time: 29602912
04-15 12:05:55.304  2133  2159 E HeatmapThread: !@ CAM New BSOH: 95
04-15 12:05:55.309  1980 31538 I vendor.qti.bluetooth@1.1-ibs_handler: ProcessIbsCmd: Received IBS_WAKE_IND: 0xFD
04-15 12:05:55.310  1980 31538 D vendor.qti.bluetooth@1.1-ibs_handler: SerialClockVote: vote for UART CLK ON
04-15 12:05:55.310  1980 31538 D vendor.qti.bluetooth@1.1-wake_lock: Acquire wakelock is acquired 
04-15 12:05:55.310  1980 31538 I vendor.qti.bluetooth@1.1-ibs_handler: ProcessIbsCmd: Writing IBS_WAKE_ACK
04-15 12:05:55.321 30705 31682 I ScanController: onScanResult to scannerId: 2- eventType=0x1b, addressType=0, address=XX:XX:XX:XX:51:9B, primaryPhy=1, secondaryPhy=0, advertisingSid=0xff, txPower=127, rssi=-89, periodicAdvInt=0x0
04-15 12:05:55.322 30705 31682 I ScanController: onScanResult to scannerId: 2- eventType=0x1b, addressType=0, address=XX:XX:XX:XX:51:9B, primaryPhy=1, secondaryPhy=0, advertisingSid=0xff, txPower=127, rssi=-89, periodicAdvInt=0x0
04-15 12:05:55.361  1980 31538 I vendor.qti.bluetooth@1.1-ibs_handler: ProcessIbsCmd: Received IBS_SLEEP_IND: 0xFE
04-15 12:05:55.361  1980 31538 D vendor.qti.bluetooth@1.1-ibs_handler: SerialClockVote: vote for UART CLK OFF
04-15 12:05:55.451 22423 22447 I ZkgpuHarnessTest: suite=Validation path=/data/user/0/org.zkgpu.harness/files/zkgpu/latest-report.json
04-15 12:05:55.451 22423 22447 I TestRunner: finished: validationSuitePassesOnSupportedHardware(org.zkgpu.harness.ZkgpuInstrumentedTest)
04-15 12:05:55.453 22423 22447 I TestRunner: started: smokeSuiteReturnsOk(org.zkgpu.harness.ZkgpuInstrumentedTest)
04-15 12:05:55.457 22423 22447 I vulkan  : CreateInfoWrapper::FilterExtension: already have 'VK_KHR_get_physical_device_properties2'.
04-15 12:05:55.458 22423 22447 I AdrenoVK-0: QUALCOMM build          : c81b28e1a5, I5a61fcf667
04-15 12:05:55.458 22423 22447 I AdrenoVK-0: Build Date              : 06/20/25
04-15 12:05:55.458 22423 22447 I AdrenoVK-0: Shader Compiler Version : E031.45.02.26
04-15 12:05:55.458 22423 22447 I AdrenoVK-0: Local Branch            : 
04-15 12:05:55.458 22423 22447 I AdrenoVK-0: Remote Branch           : refs/tags/AU_LINUX_ANDROID_LA.VENDOR.14.3.0.11.00.00.973.948
04-15 12:05:55.458 22423 22447 I AdrenoVK-0: Remote Branch           : NONE
04-15 12:05:55.458 22423 22447 I AdrenoVK-0: Reconstruct Branch      : NOTHING
04-15 12:05:55.458 22423 22447 I AdrenoVK-0: Build Config            : S P 16.1.2 AArch64
04-15 12:05:55.458 22423 22447 I AdrenoVK-0: Driver Path             : /vendor/lib64/hw/vulkan.adreno.so
04-15 12:05:55.458 22423 22447 I AdrenoVK-0: Driver Version          : 0762.39
04-15 12:05:55.458 22423 22447 I AdrenoVK-0: PFP                     : 0x01520181
04-15 12:05:55.458 22423 22447 I AdrenoVK-0: ME                      : 0x01520023
04-15 12:05:55.458 22423 22447 I AdrenoVK-0: Application Name    : wgpu
04-15 12:05:55.458 22423 22447 I AdrenoVK-0: Application Version : 0x00000001
04-15 12:05:55.458 22423 22447 I AdrenoVK-0: Engine Name         : wgpu-hal
04-15 12:05:55.458 22423 22447 I AdrenoVK-0: Engine Version      : 0x00000002
04-15 12:05:55.458 22423 22447 I AdrenoVK-0: Api Version         : 0x00403000
04-15 12:05:55.507 29563 29625 D SemNativeCarrierFeature_vendor: getInstance
04-15 12:05:55.512  1980 31151 D vendor.qti.bluetooth@1.1-wake_lock: Release wakelock is released 
04-15 12:05:55.515 29563 29625 D SemNativeCarrierFeature_vendor: getInstance
04-15 12:05:55.560 22423 22447 I ZkgpuHarnessTest: suite=Smoke path=/data/user/0/org.zkgpu.harness/files/zkgpu/latest-report.json
04-15 12:05:55.560 22423 22447 I TestRunner: finished: smokeSuiteReturnsOk(org.zkgpu.harness.ZkgpuInstrumentedTest)
04-15 12:05:55.562 22423 22447 I TestRunner: started: returnedJsonParses(org.zkgpu.harness.ZkgpuInstrumentedTest)
04-15 12:05:55.565 22423 22447 I vulkan  : CreateInfoWrapper::FilterExtension: already have 'VK_KHR_get_physical_device_properties2'.
04-15 12:05:55.566 22423 22447 I AdrenoVK-0: QUALCOMM build          : c81b28e1a5, I5a61fcf667
04-15 12:05:55.566 22423 22447 I AdrenoVK-0: Build Date              : 06/20/25
04-15 12:05:55.566 22423 22447 I AdrenoVK-0: Shader Compiler Version : E031.45.02.26
04-15 12:05:55.566 22423 22447 I AdrenoVK-0: Local Branch            : 
04-15 12:05:55.566 22423 22447 I AdrenoVK-0: Remote Branch           : refs/tags/AU_LINUX_ANDROID_LA.VENDOR.14.3.0.11.00.00.973.948
04-15 12:05:55.566 22423 22447 I AdrenoVK-0: Remote Branch           : NONE
04-15 12:05:55.566 22423 22447 I AdrenoVK-0: Reconstruct Branch      : NOTHING
04-15 12:05:55.566 22423 22447 I AdrenoVK-0: Build Config            : S P 16.1.2 AArch64
04-15 12:05:55.566 22423 22447 I AdrenoVK-0: Driver Path             : /vendor/lib64/hw/vulkan.adreno.so
04-15 12:05:55.566 22423 22447 I AdrenoVK-0: Driver Version          : 0762.39
04-15 12:05:55.566 22423 22447 I AdrenoVK-0: PFP                     : 0x01520181
04-15 12:05:55.566 22423 22447 I AdrenoVK-0: ME                      : 0x01520023
04-15 12:05:55.566 22423 22447 I AdrenoVK-0: Application Name    : wgpu
04-15 12:05:55.566 22423 22447 I AdrenoVK-0: Application Version : 0x00000001
04-15 12:05:55.566 22423 22447 I AdrenoVK-0: Engine Name         : wgpu-hal
04-15 12:05:55.566 22423 22447 I AdrenoVK-0: Engine Version      : 0x00000002
04-15 12:05:55.566 22423 22447 I AdrenoVK-0: Api Version         : 0x00403000
04-15 12:05:55.671 22423 22447 I TestRunner: finished: returnedJsonParses(org.zkgpu.harness.ZkgpuInstrumentedTest)
04-15 12:05:55.672 22423 22447 I TestRunner: run finished: 10 tests, 0 failed, 0 ignored
04-15 12:05:55.691 29903 30286 I ActivityManager: Force stopping org.zkgpu.harness appid=10467 user=0: finished inst
04-15 12:05:55.692 29903 30286 I ActivityManager: Killing 22423:org.zkgpu.harness/u0a467 (adj 0): stop org.zkgpu.harness due to finished inst
04-15 12:05:55.693 29903 30286 D ActivityManager: proc ProcessRecord{be5c3c3 22423:org.zkgpu.harness/u0a467} already removed. so we skip next process.
04-15 12:05:55.703 22410 22410 I app_process: System.exit called, status: 0
04-15 12:05:55.703 32212   464 V OsAgent : broadcastSystemEvent - 7
04-15 12:05:55.704 22410 22410 I AndroidRuntime: VM exiting with result code 0.
04-15 12:05:55.733 17073 17073 I adbd    : Remote process closed the socket (on MSG_PEEK)
04-15 12:05:55.733 29903 29998 I libprocessgroup: Removed cgroup /sys/fs/cgroup/apps/uid_10467/pid_22423
04-15 12:05:55.734 29903 30286 V ActivityManager: Got obituary of 22423:org.zkgpu.harness
04-15 12:05:55.734 29553 29553 I Zygote  : Process 22423 exited due to signal 9 (Killed)
04-15 12:05:55.934 29563 29625 D SemNativeCarrierFeature_vendor: getInstance
04-15 12:05:55.942 29563 29625 D SemNativeCarrierFeature_vendor: getInstance
04-15 12:05:56.037  1165  1165 D io_stats: !@   8,0 r 33544863 655142904 w 13305752 205098852 d 1773481 344983448 f 392294 1302804 iot 7469264 0 th 0 0 0 pt 0 inp 0 0 257516.270
04-15 12:05:56.109 29563 29625 D SemNativeCarrierFeature_vendor: getInstance
04-15 12:05:56.117 29563 29625 D SemNativeCarrierFeature_vendor: getInstance
04-15 12:05:56.219 27584 27584 I ContactsProvider: [P] onTrimMemory-success
04-15 12:05:56.239 32209   676 I SDHMS:x : SIOP:: AP:449 BAT:386 USB:384 CHG:461 PA:452 WIFI:423 CF:400 BLK:0 SUBBAT:0 LRPTHM:393 SKIN:400 SKINF:375 SKINB:400 LRP2:400 LRF2:375 LRB2:400 AP2:396 CHG2:397 WIFI2:396 RCV2:361 SPK2:337 FCAM:385 UPSPK:396 DNSPK:386 VAP02:441 VWIFI:412 AMB2:348 AVGCUR:448 AVGSYS:830 POWER:1746
04-15 12:05:56.248 29903 29903 D SemWifiP2pGoPowerSave: GopsReceiver : received : com.samsung.intent.action.CHECK_SIOP_LEVEL
04-15 12:05:56.248 29903 29903 I SemWifiP2pGoPowerSave: siop_level = 2
04-15 12:05:56.251  1878  1902 I FaceServiceBroadcastReceiver: [NewFaceService:2.0] Received broadcast 
04-15 12:05:56.252  9701  9775 I SystemBroadcastReceiver: [#CMH#] onReceive completed :  0
04-15 12:05:56.252  1878  1902 I FaceServiceBroadcastReceiver: [NewFaceService:2.0]  handler version in onReceive 
04-15 12:05:56.252  1878  1902 I FaceServiceBroadcastReceiver: [NewFaceService:2.0] callNotifyListener E Intent { act=com.samsung.intent.action.CHECK_SIOP_LEVEL flg=0x10 xflg=0x4 (has extras) }
04-15 12:05:56.252  1878  1902 I FaceServiceBroadcastReceiver: [NewFaceService:2.0] callNotifyListener X Intent { act=com.samsung.intent.action.CHECK_SIOP_LEVEL flg=0x10 xflg=0x4 (has extras) }
04-15 12:05:56.252  9701  9701 I PolicyManager: [#CMH#] SIOP level is high = 2
04-15 12:05:56.252  1878  1902 I FaceServiceBroadcastReceiver: [NewFaceService:2.0] onReceive completed :  0
04-15 12:05:56.253  3261  3310 I a       : [#GPP#] onReceive completed :  1
04-15 12:05:56.253  1878  1878 I FaceServiceBroadcastReceiver: [NewFaceService:2.0] Start notify listener handle 
04-15 12:05:56.253  1878  1878 I FaceServiceBroadcastReceiver: [NewFaceService:2.0]  in notify listener  
04-15 12:05:56.253  1878  1878 I FaceServiceBroadcastReceiver: [NewFaceService:2.0] Event id =  EVENT_SIOP
04-15 12:05:56.253  1992  1992 D SensorsFlicker: Als_common::setDelay, handle : 1 time : 10000000ns
04-15 12:05:56.253  1878  1878 I FaceServiceBroadcastReceiver: [NewFaceService:2.0] [Face_Performance] getRegisteredListenersForIntent completed in time  45 microsec. 
04-15 12:05:56.253  1878  1878 I FaceServiceBroadcastReceiver: [NewFaceService:2.0]  Action: com.samsung.intent.action.CHECK_SIOP_LEVEL  bundle: Bundle[mParcelledData.dataSize=60]
04-15 12:05:56.253  1878  1878 I FaceServiceBroadcastReceiver: [NewFaceService:2.0]  eventType:  EVENT_SIOP
04-15 12:05:56.253  1878  1878 I PolicyManager: [NewFaceService:2.0] onBroadcastReceived : EVENT_SIOP
04-15 12:05:56.253  1878  1878 I WorkerUtils: [NewFaceService:2.0] getThresholdSIOPLevelFloatingFeature :: 2
