04-15 12:05:57.303  2133  2159 D HeatmapThread: !@ Heatmap currtime: 29604245
04-15 12:05:57.303  2133  2159 D HeatmapThread: !@ Heatmap prevtime: 29604225
04-15 12:05:57.303  2133  2159 D HeatmapThread: !@ Heatmap plugstarttime: 29604243
04-15 12:05:57.304  2133  2159 D HeatmapThread: !@ Heatmap prevv_dsoh_update_time: 29602912
04-15 12:05:57.304  2133  2159 E HeatmapThread: !@ CAM New BSOH: 95
04-15 12:05:57.308  2150  3930 D NativeSemDvfsManager: acquire:: timeout = 2000 mIsAcquired = 1  mTagName : SurfaceFlinger 
04-15 12:05:57.309  2150  3930 E NativeCustomFrequencyManager: [NativeCFMS] BpCustomFrequencyManager::acquire()
04-15 12:05:57.309  2150  2569 I CompositionEngine: [setDisplaySize] size=(450, 56)
04-15 12:05:57.309 29575 29602 I HYPER-HAL: [RequestManager.cpp]acquire(): Acquired ID : 4966977  [2150 / 1001]    HINT : SF_GPU_MINLOCK    list : [TIMEOUT / 2000] 
04-15 12:05:57.322  1980 31538 I vendor.qti.bluetooth@1.1-ibs_handler: ProcessIbsCmd: Received IBS_WAKE_IND: 0xFD
04-15 12:05:57.322  1980 31538 D vendor.qti.bluetooth@1.1-ibs_handler: SerialClockVote: vote for UART CLK ON
04-15 12:05:57.322  1980 31538 D vendor.qti.bluetooth@1.1-wake_lock: Acquire wakelock is acquired 
04-15 12:05:57.322  1980 31538 I vendor.qti.bluetooth@1.1-ibs_handler: ProcessIbsCmd: Writing IBS_WAKE_ACK
04-15 12:05:57.332 29903 30382 E SmartFaceManager: checkForSmartStay S
04-15 12:05:57.332 29903 30382 E SmartFaceManager/ServiceManagerGlobal: bind to smart face service
04-15 12:05:57.332 29903 30382 I SmartFaceManager/ServiceManagerGlobal: bindService started
04-15 12:05:57.332 30705 31682 I ScanController: onScanResult to scannerId: 1- eventType=0x1b, addressType=1, address=XX:XX:XX:XX:10:2A, primaryPhy=1, secondaryPhy=0, advertisingSid=0xff, txPower=127, rssi=-95, periodicAdvInt=0x0
04-15 12:05:57.333 30705 31682 I ScanController: onScanResult to scannerId: 2- eventType=0x1b, addressType=0, address=XX:XX:XX:XX:51:9B, primaryPhy=1, secondaryPhy=0, advertisingSid=0xff, txPower=127, rssi=-85, periodicAdvInt=0x0
04-15 12:05:57.335 29903 30304 D BackgroundInstallControlService: Package event received: 0
04-15 12:05:57.335 30705 31682 I ScanController: onScanResult to scannerId: 2- eventType=0x1b, addressType=0, address=XX:XX:XX:XX:51:9B, primaryPhy=1, secondaryPhy=0, advertisingSid=0xff, txPower=127, rssi=-84, periodicAdvInt=0x0
04-15 12:05:57.336  3625  3625 E SmartFaceServiceStarter: onCreate
04-15 12:05:57.336  3625  3625 I SmartFaceService: SmartFaceService constructor for user: 0
04-15 12:05:57.336  9545  9577 I BCMGR[11.2.04.4]: BeaconMainController] onReceive - [1 : bad rssi][2 : bad rssi][3 : bad rssi][4 : bad rssi][5 : bad rssi][6 : bad rssi][7 : bad rssi][8 : bad rssi][9 : bad rssi][10 : bad rssi]
04-15 12:05:57.337 29903 30304 D BackgroundInstallControlService: Package event received: 0
04-15 12:05:57.338  3625  3625 I SmartFaceService: Using HAL 3
04-15 12:05:57.341  3625  3625 I SmartFaceService: mActiveServiceType: 100
04-15 12:05:57.341  3625  3625 I SmartFaceService: mStayEnabled:true
04-15 12:05:57.341  3625  3625 I SmartFaceService: Service Type to Worker: 0
04-15 12:05:57.341  3625  3625 I SmartFaceService: Last Active clients:0 Current Active clients: 0
04-15 12:05:57.343  3625 22508 I SmartFaceService: Fold state changed = false
04-15 12:05:57.343  3625 22508 I SmartFaceService: mActiveServiceType: 100
04-15 12:05:57.343  3625 22508 I SmartFaceService: Service Type to Worker: 0
04-15 12:05:57.343  3625 22508 I SmartFaceService: Last Active clients:0 Current Active clients: 0
04-15 12:05:57.344  3625  3625 I SmartFaceService: from registerCoverManager -> mClearCoverOpened: true
04-15 12:05:57.344  3625  3625 I SmartFaceService: SmartFaceService Started.
04-15 12:05:57.344  3625  3625 I SmartFaceService: SmartFaceService constructor done
04-15 12:05:57.344  3625 22508 I SmartFaceService: Update service state according to cover state: true
04-15 12:05:57.344  3625 22508 I SmartFaceService: mActiveServiceType: 100
04-15 12:05:57.344  3625 22508 I SmartFaceService: Service Type to Worker: 0
04-15 12:05:57.344  3625 22508 I SmartFaceService: Last Active clients:0 Current Active clients: 0
04-15 12:05:57.344  3625  3625 E SmartFaceServiceStarter: onBind
04-15 12:05:57.345 29903  3242 E SmartFaceManager/ServiceManagerGlobal: smart face service connected
04-15 12:05:57.345 29903 30382 E SmartFaceManager/ServiceManagerGlobal: Service is available, connection count = 0 -> 1
04-15 12:05:57.345 29903 30382 E SmartFaceManager/ServiceManagerGlobal: bind to smart face service
04-15 12:05:57.345 29903 30382 E SmartFaceManager/ServiceManagerGlobal: already tried bound to smart face service
04-15 12:05:57.345 29903 30382 E SmartFaceManager/ServiceManagerGlobal: Service is available, connection count = 1 -> 2
04-15 12:05:57.345 29903 30382 D SmartFaceManager: Sending smart-stay-framecount-reset: to service
04-15 12:05:57.345 29903 30382 W Binder  : Outgoing transactions from this process must be FLAG_ONEWAY
04-15 12:05:57.345 29903 30382 W Binder  : java.lang.Throwable
04-15 12:05:57.345 29903 30382 W Binder  : 	at android.os.BinderProxy.transact(BinderProxy.java:566)
04-15 12:05:57.345 29903 30382 W Binder  : 	at com.samsung.android.smartface.ISmartFaceService$Stub$Proxy.setValue(ISmartFaceService.java:270)
04-15 12:05:57.345 29903 30382 W Binder  : 	at com.samsung.android.smartface.SmartFaceManager.setValue(SmartFaceManager.java:387)
04-15 12:05:57.345 29903 30382 W Binder  : 	at com.samsung.android.smartface.SmartFaceManager.checkForSmartStay(SmartFaceManager.java:442)
04-15 12:05:57.345 29903 30382 W Binder  : 	at com.android.server.power.SmartStayController$$ExternalSyntheticLambda0.run(qb/107205452 23b1c2b3594a0a9ead69f008a48e4960026b8f9b8d3e6a94bca8d407f0409d91:17)
04-15 12:05:57.345 29903 30382 W Binder  : 	at android.os.Handler.handleCallback(Handler.java:995)
04-15 12:05:57.345 29903 30382 W Binder  : 	at android.os.Handler.dispatchMessage(Handler.java:103)
04-15 12:05:57.345 29903 30382 W Binder  : 	at android.os.Looper.loopOnce(Looper.java:273)
04-15 12:05:57.345 29903 30382 W Binder  : 	at android.os.Looper.loop(Looper.java:363)
04-15 12:05:57.345 29903 30382 W Binder  : 	at android.os.HandlerThread.run(HandlerThread.java:85)
04-15 12:05:57.346  3625 10063 I SmartFaceService: setValue, key: smart-stay-framecount-reset value: 
04-15 12:05:57.346 29903 30382 E SmartFaceManager/ServiceManagerGlobal: unbind from smart face service, connection count = 2 -> 1
04-15 12:05:57.346 29903 30382 E SmartFaceManager/ServiceManagerGlobal: bind to smart face service
04-15 12:05:57.346 29903 30382 E SmartFaceManager/ServiceManagerGlobal: already tried bound to smart face service
04-15 12:05:57.346 29903 30382 E SmartFaceManager/ServiceManagerGlobal: Service is available, connection count = 1 -> 2
04-15 12:05:57.346  3625 10063 I SmartFaceService: register:535396514
04-15 12:05:57.346  3625 10063 I SmartFaceService: register, serviceType(100) pid 29903
04-15 12:05:57.346  3625 10063 I SmartFaceService.Client: New SmartFaceService.Client, service type: 100 pid: 29903
04-15 12:05:57.347  3625 10063 I SmartFaceService: Service Type to Worker: 100
04-15 12:05:57.347  3625 10063 I SmartFaceService: Last Active clients:0 Current Active clients: 1
04-15 12:05:57.347  3625 10063 I SmartFaceService: We have active clients. open camera
04-15 12:05:57.347  3625 10063 I SmartFaceService: mWakeLock.acquire() in FD
04-15 12:05:57.348  3625 10063 I CameraController: openCamera S
04-15 12:05:57.348  3625 22509 I CameraV2Controller: handleMessage(1) { when=0 what=1 obj=java.util.concurrent.CountDownLatch@ab49025[Count = 1] target=a.h }
04-15 12:05:57.349 29903 30594 D SecContentProvider: query(), uri = 30 selection = isCameraEnabled
04-15 12:05:57.349 29903 30594 D SecContentProvider: called from android.uid.system:1000
04-15 12:05:57.349 29903 30594 D RestrictionPolicy: isCameraEnabled ret(true) userId(0) cxtInfo.mCallerUid(1000) cxtInfo.mContainerId(0)
04-15 12:05:57.351  3625 22509 I CameraController: isCameraAllowed: true
04-15 12:05:57.358  3625 22509 I CameraV2Controller: Selected Camera ID: 1, FoV: 80.628204, Zoom: 1.0111848
04-15 12:05:57.360 29555  4156 D Camera3-Utils: Set real time priority for thread (tid 4156)
04-15 12:05:57.360 29555  4156 I CameraService: CameraService::connect call (PID 3625 UID 1000 "com.samsung.android.smartface", camera ID 1) and Camera API version 2
04-15 12:05:57.361 29555  4156 I CameraService: isUidActiveLocked E: uid 1000, callingPackage com.samsung.android.smartface, isRegistered true
04-15 12:05:57.361 29555  4156 I CameraService: isUidActiveLocked X: return true.
04-15 12:05:57.362   855   855 I hwservicemanager: getTransport: Cannot find entry vendor.samsung.hardware.biometrics.face@3.0::ISehBiometricsFace/default in either framework or device VINTF manifest.
04-15 12:05:57.363  1997  7232 I sec_fr_SehFace: SehFace::getServicePid
04-15 12:05:57.363  1997  7232 I sec_fr_SehFace: FaceServicePID : 1997
04-15 12:05:57.364 29555  4156 E cameraserver: isBiometricsFaceService : face AIDL HAL Pid(1997) is not same with callingPid(3625)
04-15 12:05:57.364 29903 30594 I EDMNativeHelperService: isCameraEnabled
04-15 12:05:57.364 29903 30594 D EDMNativeHelper: isCameraEnabled
04-15 12:05:57.364 29903 30594 D EDMNativeHelper: checking for camera in EnterpriseDeviceManagerService
04-15 12:05:57.364 29903 30594 D EnterpriseDeviceManagerService: isCameraEnabledNative
04-15 12:05:57.364 29903 30594 D EnterpriseDeviceManagerService: checking for camera in restriction policy
04-15 12:05:57.364 29903 30594 D RestrictionPolicy: isCameraEnabled ret(true) userId(0) cxtInfo.mCallerUid(1000) cxtInfo.mContainerId(0)
04-15 12:05:57.364 29555  4156 I CameraService: CameraService::validateClientPermissionsLocked is ok : calling pid 3625, calling uid 1000, client com.samsung.android.smartface , cameraservice pid=29555, device user 0, currently allowed device users: 0, 150
04-15 12:05:57.364 29555  4156 I CameraService: CameraService::handleEvictionsLocked
04-15 12:05:57.365 29555  4156 I cameraserver: this package is a smart face service app.
04-15 12:05:57.365 29555  4156 I CameraService: wouldEvictLocked: [incoming client] owner = 3625, priority-score=990, cost=51, returnIncompatibleClients=false
04-15 12:05:57.365 29555  4156 I CameraService: wouldEvictLocked: [cost info] current cost=0, adding cost=51, total cost=51, max cost=100
04-15 12:05:57.365 29555  4156 I CameraService: wouldEvictLocked: [highestPriority] owner=3625, score=990
04-15 12:05:57.365 29555  4156 I CameraFlashlight: prepareDeviceOpen: prepare for device open(cameraId=1)
04-15 12:05:57.365 29555  4156 I Camera2ClientBase: Camera 1: Opened. Client: com.samsung.android.smartface (PID 3625, UID 1000)
04-15 12:05:57.365 29555  4156 I CameraDeviceClient: CameraDeviceClient 1: Opened
04-15 12:05:57.365 29555  4156 I CameraService: makeClient: Camera2 API, rotationOverride 0
04-15 12:05:57.365 29555  4156 I CameraService: service.camera.client set to com.samsung.android.smartface
04-15 12:05:57.366 29903 29992 I CameraManagerGlobal: Camera 1 facing CAMERA_FACING_FRONT state now CAMERA_STATE_OPENING for client com.samsung.android.smartface API Level 2 User Id 0Device Id 0
04-15 12:05:57.366 22306 20838 I CameraManagerGlobal: Camera 1 facing CAMERA_FACING_FRONT state now CAMERA_STATE_OPENING for client com.samsung.android.smartface API Level 2 User Id 0Device Id 0
04-15 12:05:57.366 32439  4472 I CameraManagerGlobal: Camera 1 facing CAMERA_FACING_FRONT state now CAMERA_STATE_OPENING for client com.samsung.android.smartface API Level 2 User Id 0Device Id 0
04-15 12:05:57.366 29903 29992 I CameraManagerGlobal: onCameraDeviceStateChangedLocked: post device state update
04-15 12:05:57.366 29903 29992 I CameraManagerGlobal: onCameraDeviceStateChangedLocked: post device state update
04-15 12:05:57.366 10848 10865 I CameraManagerGlobal: Camera 1 facing CAMERA_FACING_FRONT state now CAMERA_STATE_OPENING for client com.samsung.android.smartface API Level 2 User Id 0Device Id 0
04-15 12:05:57.367 29555  4156 I Camera2ClientBase: initializeImpl: Initializing client for camera 1
04-15 12:05:57.367 29555  4156 D ijt/Camera3-RequestInjector: RequestInjector[1] Mapper created
04-15 12:05:57.366  6781  6796 I CameraManagerGlobal: Camera 1 facing CAMERA_FACING_FRONT state now CAMERA_STATE_OPENING for client com.samsung.android.smartface API Level 2 User Id 0Device Id 0
04-15 12:05:57.367 29555  4156 I Camera3-Device: Camera3Device: Created device for camera 1
04-15 12:05:57.367 24386 17582 I CameraManagerGlobal: Camera 1 facing CAMERA_FACING_FRONT state now CAMERA_STATE_OPENING for client com.samsung.android.smartface API Level 2 User Id 0Device Id 0
04-15 12:05:57.367 32209 32304 I CameraManagerGlobal: Camera 1 facing CAMERA_FACING_FRONT state now CAMERA_STATE_OPENING for client com.samsung.android.smartface API Level 2 User Id 0Device Id 0
04-15 12:05:57.367 29555  4156 I AidlCamera3-Device: new AidlCamera3Device E
04-15 12:05:57.367 29555  4156 I AidlCamera3-Device: SEH CameraDeviceCallback extension configure E
04-15 12:05:57.367 32209 32304 I CameraManagerGlobal: onCameraDeviceStateChangedLocked: post device state update
04-15 12:05:57.367 29555  4156 I AidlCamera3-Device: SEH CameraDeviceCallback extension configured X
04-15 12:05:57.367 29555  4156 I AidlCamera3-Device: new AidlCamera3Device X
04-15 12:05:57.367 29903 30147 I RequestInjectorService: Samsung Camera is opened. ignore VT Camera Setting.
04-15 12:05:57.367 32209 32304 I CameraManagerGlobal: onCameraDeviceStateChangedLocked: post device state update
04-15 12:05:57.367  7696 17427 I CameraManagerGlobal: Camera 1 facing CAMERA_FACING_FRONT state now CAMERA_STATE_OPENING for client com.samsung.android.smartface API Level 2 User Id 0Device Id 0
04-15 12:05:57.367 32180   749 I CameraManagerGlobal: Camera 1 facing CAMERA_FACING_FRONT state now CAMERA_STATE_OPENING for client com.samsung.android.smartface API Level 2 User Id 0Device Id 0
04-15 12:05:57.367  4666  4769 I CameraManagerGlobal: Camera 1 facing CAMERA_FACING_FRONT state now CAMERA_STATE_OPENING for client com.samsung.android.smartface API Level 2 User Id 0Device Id 0
04-15 12:05:57.367   855   855 I hwservicemanager: getTransport: Cannot find entry vendor.samsung.hardware.biometrics.face@3.0::ISehBiometricsFace/default in either framework or device VINTF manifest.
04-15 12:05:57.367 30759 16465 I CameraManagerGlobal: Camera 1 facing CAMERA_FACING_FRONT state now CAMERA_STATE_OPENING for client com.samsung.android.smartface API Level 2 User Id 0Device Id 0
04-15 12:05:57.368  3625 15150 I CameraManagerGlobal: Camera 1 facing CAMERA_FACING_FRONT state now CAMERA_STATE_OPENING for client com.samsung.android.smartface API Level 2 User Id 0Device Id 0
04-15 12:05:57.368 30480 30506 I CameraManagerGlobal: Camera 1 facing CAMERA_FACING_FRONT state now CAMERA_STATE_OPENING for client com.samsung.android.smartface API Level 2 User Id 0Device Id 0
04-15 12:05:57.368  8600  8628 I CameraManagerGlobal: Camera 1 facing CAMERA_FACING_FRONT state now CAMERA_STATE_OPENING for client com.samsung.android.smartface API Level 2 User Id 0Device Id 0
04-15 12:05:57.368 30480 30506 I CameraManagerGlobal: onCameraDeviceStateChangedLocked: post device state update
04-15 12:05:57.368 30480 30506 I CameraManagerGlobal: onCameraDeviceStateChangedLocked: post device state update
04-15 12:05:57.366 29119 29160 I CameraManagerGlobal: Camera 1 facing CAMERA_FACING_FRONT state now CAMERA_STATE_OPENING for client com.samsung.android.smartface API Level 2 User Id 0Device Id 0
04-15 12:05:57.368  1997  2094 I sec_fr_SehFace: SehFace::getServicePid
04-15 12:05:57.368  1997  2094 I sec_fr_SehFace: FaceServicePID : 1997
04-15 12:05:57.368 29555  4156 E cameraserver: isBiometricsFaceService : face AIDL HAL Pid(1997) is not same with callingPid(3625)
04-15 12:05:57.369 29555  4156 D CameraService: notifyCameraOpening: Bypassing checkOp for uid 1000
04-15 12:05:57.369 29555  4156 I CameraService: increaseCamConnRef: ref=1
04-15 12:05:57.369 29555  4156 I CameraService: increaseCamConnRef: service.camera.running set to 1
04-15 12:05:57.369 29555  4156 I CameraService: Translate updateStatus callback for camera id 1
04-15 12:05:57.369 29555  4156 I CameraService:  to 1
04-15 12:05:57.370 29903  1632 I CameraManagerGlobal: postSingleUpdate device: camera id 1 status STATUS_NOT_AVAILABLE
04-15 12:05:57.370 24386 17582 I CameraManagerGlobal: postSingleUpdate device: camera id 1 status STATUS_NOT_AVAILABLE
04-15 12:05:57.370 29903  1632 I CameraManagerGlobal: postSingleUpdate device: camera id 1 status STATUS_NOT_AVAILABLE
04-15 12:05:57.370 32439  4472 I CameraManagerGlobal: postSingleUpdate device: camera id 1 status STATUS_NOT_AVAILABLE
04-15 12:05:57.370  6781  6796 I CameraManagerGlobal: postSingleUpdate device: camera id 1 status STATUS_NOT_AVAILABLE
04-15 12:05:57.370 29555  4156 D AidlCamera3-Device: CameraPerf: initialize E
04-15 12:05:57.370 22306 20838 I CameraManagerGlobal: postSingleUpdate device: camera id 1 status STATUS_NOT_AVAILABLE
04-15 12:05:57.370 29555  4156 D AidlCamera3-Device: initialize: mInterfaceLock.lock()
04-15 12:05:57.370 29555  4156 D CameraProviderManager: CameraPerf: openAidlSession E
04-15 12:05:57.370  7696 17427 I CameraManagerGlobal: postSingleUpdate device: camera id 1 status STATUS_NOT_AVAILABLE
04-15 12:05:57.370  8600  8628 I CameraManagerGlobal: postSingleUpdate device: camera id 1 status STATUS_NOT_AVAILABLE
04-15 12:05:57.370 29903 30147 I CameraService_worker: DeviceInjector, onSemCameraDeviceRawStatus 1 -2
04-15 12:05:57.371 22306 22306 I HBD     : EagleEye EagleEyeHoneyBee Camera is used by another app, camId = 1 
04-15 12:05:57.371  2044  3763 I Samsung_CameraDevice_impl: [CAMKPI] camera3->open : E
04-15 12:05:57.371 32209 32304 I CameraManagerGlobal: postSingleUpdate device: camera id 1 status STATUS_NOT_AVAILABLE
04-15 12:05:57.371 32209 32304 I CameraManagerGlobal: postSingleUpdate device: camera id 1 status STATUS_NOT_AVAILABLE
04-15 12:05:57.371  2044  3763 I Unihal  : UniDebugLog.cpp: __unihal_log_status_update: 60: UpdateLogStatus 0000000d ERR 1 PERF 0 WARN 4 INFO 8 DEBUG 0 DUMP 0 STRACE 0 META 0
04-15 12:05:57.371  2044  3763 I Unihal  : UniHal3InterfaceEntry.cpp: uni_open_camera_hardware: 614: [UNIKPI][1] UniHAL->open: E
04-15 12:05:57.371  2044  3763 I Unihal  : UniHal3InterfaceEntry.cpp: uni_open_camera_hardware: 617: UNIHAL_VERSION = "plus1.0"
04-15 12:05:57.371  2044  3763 I Unihal  : UniHalPlusMediator.cpp: CheckFakeOpen: 928: camid: 1, device: 0xb400006fbda7dc70
04-15 12:05:57.371  2044  3763 I Unihal  : UniHalPlusMediator.cpp: CheckFakeOpen: 956: Is fake open : FALSE
04-15 12:05:57.371  2044  3763 I Unihal  : UniHalPlusMediator.cpp: OpenCamera: 81: Device:0xb400006fbda7dc70: E
04-15 12:05:57.371  2044  3763 I Unihal  : CameraDevice.cpp: OpenCameraHardware_v3: 425: name : 1 camera id : 1
04-15 12:05:57.371  2044  3763 I Unihal  : CameraDevice.cpp: OpenCameraHardware_v3: 448: [UNIKPI][1] VndHAL->open: E
04-15 12:05:57.371  1980 31538 I vendor.qti.bluetooth@1.1-ibs_handler: ProcessIbsCmd: Received IBS_SLEEP_IND: 0xFE
04-15 12:05:57.371 30480 30506 I CameraManagerGlobal: postSingleUpdate device: camera id 1 status STATUS_NOT_AVAILABLE
04-15 12:05:57.371 30480 30506 I CameraManagerGlobal: postSingleUpdate device: camera id 1 status STATUS_NOT_AVAILABLE
04-15 12:05:57.371  1980 31538 D vendor.qti.bluetooth@1.1-ibs_handler: SerialClockVote: vote for UART CLK OFF
04-15 12:05:57.372 30480 30663 D CollapsedStatusBarFragmentExt: onCameraOpened(cId:1, pId:com.samsung.android.smartface)    shouldHideIconsForNextAppWindow:false, lastFullscreen(pkg:, flag:false),    keyguard(fa:false, ga:false, oc:false, show:false)
04-15 12:05:57.372  2044 22517 I CHI     : [SS_LOW ]: [CHI         ]: chxextensionmodule.cpp: SecCameraFadvise: 34037: /vendor/lib64/libthirdparty_zoomtranslator_imp.so fd 70
04-15 12:05:57.373  2044 22517 I CHI     : [SS_LOW ]: [CHI         ]: chxextensionmodule.cpp: SecCameraFadvise: 34037: /vendor/lib64/libcamxncsdatafactory.so fd 70
04-15 12:05:57.373  2044 22517 I CHI     : [SS_LOW ]: [CHI         ]: chxextensionmodule.cpp: SecCameraFadvise: 34037: /vendor/lib64/libtflitecore.so fd 70
04-15 12:05:57.373  2038  2076 E ANDR-PERF-UTIL: ANDR-PERF-UTIL: save_node_val() 366: Failed to read /sys/class/mmc_host/mmc0/clk_scaling/enable
04-15 12:05:57.373  2038  2076 E ANDR-PERF-OPTSHANDLER: ANDR-PERF-OPTSHANDLER: modify_sysfsnode() 1093: Failed to read /sys/class/mmc_host/mmc0/clk_scaling/enable
04-15 12:05:57.373  2038  2076 E ANDR-PERF-RESOURCEQS: ANDR-PERF-RESOURCEQS: AddAndApply() 167: Failed to apply optimization [11, 4]
04-15 12:05:57.373 29596 29596 I seh_thermal_service: registerThermalChangedCallback ISehThermalChangedCallback: 0xb40000723fd114a0
04-15 12:05:57.373 29596 29596 W vendor.samsung.hardware.thermal-service: AIBinder_linkToDeath is being called with a non-null cookie and no onUnlink callback set. This might not be intended. AIBinder_DeathRecipient_setOnUnlinked should be called first.
04-15 12:05:57.373  2044  3763 W vendor.samsung.hardware.camera.provider-service_64: AIBinder_linkToDeath is being called with a non-null cookie and no onUnlink callback set. This might not be intended. AIBinder_DeathRecipient_setOnUnlinked should be called first.
04-15 12:05:57.373  2044  3763 I CHI     : [SS_LOW ]: [CHI         ]: chxextensionmodule.cpp: ExecuteMemBoost: 27603: Set MemBoost(2) by 0
04-15 12:05:57.373  2044  3763 I CHI     : [SS_LOW ]: [CHI         ]: chxextensionmodule.cpp: ExecuteMemBoost: 27616: Set MemBoostRbin(2) by 0
04-15 12:05:57.376  2044 22517 I CHI     : [SS_LOW ]: [CHI         ]: chxextensionmodule.cpp: SecCameraFadvise: 34037: /vendor/lib64/libcamximageformatutils.so fd 70
04-15 12:05:57.376  2044 22517 I CHI     : [SS_LOW ]: [CHI         ]: chxextensionmodule.cpp: SecCameraFadvise: 34037: /vendor/lib64/hw/camera.qcom.so fd 70
04-15 12:05:57.377  2044 22517 I CHI     : [SS_LOW ]: [CHI         ]: chxextensionmodule.cpp: SecCameraFadvise: 34037: /vendor/lib64/hw/camera.qcom.sm8650.so fd 70
04-15 12:05:57.384 30448 30993 D SatelliteController: isInCarrierRoamingNbIotNtn: satellite is disabled
04-15 12:05:57.387  2044 22517 I CHI     : [SS_LOW ]: [CHI         ]: chxextensionmodule.cpp: SecCameraFadvise: 34037: /vendor/lib64/hw/com.qti.chi.override.so fd 70
04-15 12:05:57.388  2025  2512 I SDM     : ResourceImpl::SetMaxBandwidthMode: new bandwidth mode=1
04-15 12:05:57.390  2044  3763 I Unihal  : CameraDevice.cpp: OpenCameraHardware_v3: 448: [UNIKPI][1] VndHAL->open: X
04-15 12:05:57.390  2044  3763 I Unihal  : UniState.cpp: transitState: 102: Transiting to state 1
04-15 12:05:57.390  2044  3763 I Unihal  : ParameterManager.cpp: SetCharacteristics: 194: Registered camera characteristics successfully : cameraId=1, characteristics=0xb400006fcd9f7680
04-15 12:05:57.390  2044  3763 I Unihal  : ScenarioManager.cpp: ScenarioManager: 96: Use latest front segmentation mode = 0
04-15 12:05:57.390  2044  3763 I Unihal  : ScenarioManager.cpp: ScenarioManager: 105: Use latest rear segmentation mode = 0
04-15 12:05:57.390  2044  3763 I Unihal  : UniHalPlusMediator.cpp: CreateOpenManager: 204: Device:0xb400006fbda7bcd0: E
04-15 12:05:57.390  2044  3763 I Unihal  : UniHalPlusMediator.h: PrintOpenDeviceInfo: 181: CreateOpenManager
04-15 12:05:57.390  2044  3763 I Unihal  : UniHalPlusMediator.h: operator(): 190: HwDevice=0xb400006fbda7bcd0, FWK ID=1, OpenMgr(0)=0xb400006e5db40270, state=0, newDev=0x0
04-15 12:05:57.390  2044  3763 I Unihal  : UniHalPlusMediator.cpp: CreateOpenManager: 204: Device:0xb400006fbda7bcd0: X
04-15 12:05:57.390  2044  3763 I Unihal  : UniHalPlusMediator.h: PrintOpenDeviceInfo: 181: OpenCamera
04-15 12:05:57.390  2044  3763 I Unihal  : UniHalPlusMediator.h: operator(): 190: HwDevice=0xb400006fbda7bcd0, FWK ID=1, OpenMgr(0)=0xb400006e5db40270, state=0, newDev=0x0
04-15 12:05:57.390  2044  3763 I Unihal  : UniHalPlusMediator.cpp: OpenCamera: 81: Device:0xb400006fbda7dc70: X
04-15 12:05:57.390  2044  3763 I Unihal  : UniHal3InterfaceEntry.cpp: uni_open_camera_hardware: 614: [UNIKPI][1] UniHAL->open: X
04-15 12:05:57.390  2044  3763 I Samsung_CameraDevice_impl: [CAMKPI] camera3->open : X
04-15 12:05:57.390  2044  3763 I Unihal  : UniHalPlusMediator.cpp: Initialize: 326: Device:0xb400006fbda7bcd0: E
04-15 12:05:57.390  2044  3763 I Unihal  : UniState.cpp: transitState: 102: Transiting to state 2
04-15 12:05:57.391  2044  3763 I Unihal  : UniHalPlusMediator.cpp: Initialize: 326: Device:0xb400006fbda7bcd0: X
04-15 12:05:57.392  2044  3763 I SCH_AidlCameraDeviceSession: SEH CameraDevice callback extension acquired.
04-15 12:05:57.393  2044  3763 I SCH_AidlCameraDeviceSession: SEH Success to set CameraDeviceSession Extention
04-15 12:05:57.393 29555  4156 D CameraProviderManager: CameraPerf: openAidlSession X (22ms)
04-15 12:05:57.393 29555  4156 D AidlCamera3-Device: CameraPerf: initialize X (23ms)
04-15 12:05:57.394 29555  4156 D Camera3-Device: CameraPerf: initializeCommonLocked: E
04-15 12:05:57.394 29555  4156 I Camera3-Status: addComponent: Adding new component 0 - InflightRequests
04-15 12:05:57.394 29555  4156 I Camera3-Status: addComponent: Adding new component 1 - RequestThread
04-15 12:05:57.394 29555  4156 I Camera3-Device: setCameraMute, enabled = false, supported = true
04-15 12:05:57.394 29555  4156 D Camera3-Device: initializeCommonLocked mTimestampOffset = 277878934783242ns.
04-15 12:05:57.394 29555  4156 D Camera3-Device: CameraPerf: initializeCommonLocked: X (0ms)
04-15 12:05:57.394 29555  4156 E Camera2-FrameProcessorBase: FrameProcessorBase: created
04-15 12:05:57.394 29555  4156 E Camera2-FrameProcessorBase: registerListener: Registering listener for frame id range 0 - 2147483647
04-15 12:05:57.395 29555  4156 I CameraService: connectHelper: overrideCameraMuteMode = false, isCameraPrivacyEnabled = false
04-15 12:05:57.395 29555  4156 I Camera3-Device: setCameraMute, enabled = false, supported = true
04-15 12:05:57.395 29555  4156 I CameraService: CameraService::finishConnectLocked E
04-15 12:05:57.395 29555  4156 I CameraService: wouldEvictLocked: [incoming client] owner = 3625, priority-score=990, cost=51, returnIncompatibleClients=false
04-15 12:05:57.395 29555  4156 I CameraService: wouldEvictLocked: [cost info] current cost=0, adding cost=51, total cost=51, max cost=100
04-15 12:05:57.395 29555  4156 I CameraService: wouldEvictLocked: [highestPriority] owner=3625, score=990
04-15 12:05:57.395 29555  4156 I CameraService: addAndEvict: push the client(owner 3625, priorityScore 990, state 0) to mClients
04-15 12:05:57.395 29555  4156 I CameraService: CameraService::finishConnectLocked X
04-15 12:05:57.395 29555  4156 I CameraDeviceClient: notifyAppPackageName
04-15 12:05:57.395 29555  4156 D AidlCamera3-Device: CameraPerf: setParameters E
04-15 12:05:57.395  2044  2105 I Unihal  : UniHal3InterfaceEntry.cpp: uni_set_parameters: 483: set_parameters : pkgName=com.samsung.android.smartface;
04-15 12:05:57.396 29555  4156 D AidlCamera3-Device: CameraPerf: setParameters X (0ms)
04-15 12:05:57.396  2044 22527 I CHI     : [SS_LOW ]: [CHI_FAST_AEC]: chxextensionmodule.cpp: ChxFastAecRunUseCase: 18314: [CAMKPI] FastAecThread: E
04-15 12:05:57.396  2044 22527 I CHI     : [SS_LOW ]: [CHI_FAST_AEC]: chxextensionmodule.cpp: ChxFastAecConfigureStreams: 18346: [CAMKPI] ChxFastAecConfigureStreams: E
04-15 12:05:57.396 29555  4156 I CameraService: Notified package name to HAL.
04-15 12:05:57.396  2044 22527 I CHI     : [SS_INFO]: [SS_LOG_LEVEL]: 1, [DEVELOPER_LOG_LEVEL]: 0
04-15 12:05:57.396 29555  4156 I CameraService: connectHelper: Skip Request Injector ExtraRequests to new client(com.samsung.android.smartface)
04-15 12:05:57.396 29555  4156 I CameraServiceProxyWrapper: updateProxyDeviceState: notifyCameraState for Camera ID 1, newState 0, facing 1, clientName com.samsung.android.smartface, apiLevel 2
04-15 12:05:57.396  2044 22527 I CHI     : [SS_LOW ]: [CHI         ]: chxusecaseutils.cpp: SecGetMatchingUsecase: 8164: use samsug camera = 0, use factoy camera = 0, use shooting mode = 0 = numPhysicalCameras = 1
04-15 12:05:57.396  2044 22527 I CHI     : [SS_LOW ]: [CHI         ]: chxextensionmodule.cpp: ExecuteMemBoost: 27603: Set MemBoost(2) by 1
04-15 12:05:57.396  2044 22527 I CHI     : [SS_LOW ]: [CHI         ]: chxextensionmodule.cpp: ExecuteMemBoost: 27616: Set MemBoostRbin(2) by 1
04-15 12:05:57.396  2044 22527 I CHI     : [SS_LOW ]: [CHI         ]: chxusecaseutils.cpp: SecGetMatchingUsecase: 8462: Matching Usecase id = SecFastAec
04-15 12:05:57.396 29903 30594 I AudioManager: setParameters keyValuePairs = cameraFacing=front
04-15 12:05:57.396 29903  1632 I CameraManagerGlobal: Camera 1 facing CAMERA_FACING_FRONT state now CAMERA_STATE_OPEN for client com.samsung.android.smartface API Level 2 User Id 0Device Id 0
04-15 12:05:57.396  2044 22527 I CHI     : [SS_LOW ]: [CHI         ]: chxusecaseutils.cpp: SecGetMatchingUsecase: 8164: use samsug camera = 0, use factoy camera = 0, use shooting mode = 0 = numPhysicalCameras = 1
04-15 12:05:57.396  2044 22527 I CHI     : [SS_LOW ]: [CHI         ]: chxextensionmodule.cpp: ExecuteMemBoost: 27603: Set MemBoost(2) by 1
04-15 12:05:57.396  2044 22527 I CHI     : [SS_LOW ]: [CHI         ]: chxextensionmodule.cpp: ExecuteMemBoost: 27616: Set MemBoostRbin(2) by 1
04-15 12:05:57.396  2044 22527 I CHI     : [SS_LOW ]: [CHI         ]: chxusecaseutils.cpp: SecGetMatchingUsecase: 8462: Matching Usecase id = SecFastAec
04-15 12:05:57.396 29903 30147 I RequestInjectorService: Samsung Camera is opened. ignore VT Camera Setting.
04-15 12:05:57.396 29903  1632 I CameraManagerGlobal: onCameraDeviceStateChangedLocked: post device state update
04-15 12:05:57.396 29903  1632 I CameraManagerGlobal: onCameraDeviceStateChangedLocked: post device state update
04-15 12:05:57.396  2044 22527 I CHI     : [SS_LOW ]: [CHI         ]: chxsecadaptiveperf.cpp: GetAdaptivePowerLevel: 345: loadAvgFloat : 2.250000, loadAvgProcess : 28, AvailableMemory : 4065320
04-15 12:05:57.396  2044 22527 I CHI     : [SS_LOW ]: [CHI         ]: chxsecadaptiveperf.cpp: AcquireHyperVIntOverLimit: 154: AcquireHyperVIntOverLimit : overlimit[3302400], cpuMinLimit[3302400], duration[3000]
04-15 12:05:57.396 30480 30695 I CameraManagerGlobal: Camera 1 facing CAMERA_FACING_FRONT state now CAMERA_STATE_OPEN for client com.samsung.android.smartface API Level 2 User Id 0Device Id 0
04-15 12:05:57.396  2044 22527 I CHI     : [SS_LOW ]: [CHI         ]: chxsecadaptiveperf.cpp: GetAdaptivePowerHint: 480: perfType [0], adaptivePowerLevel [1], cpuMaxClk [3302400], cpuMinClk [3302400], boostTime[3000], currOverHeatLevel[0], isOverLimit[1]
04-15 12:05:57.396 30480 30695 I CameraManagerGlobal: onCameraDeviceStateChangedLocked: post device state update
04-15 12:05:57.396  2044 22527 I CHI     : [SS_LOW ]: [CHI         ]: chxextensionmodule.cpp: ExecuteMemBoost: 27603: Set MemBoost(2) by 0
04-15 12:05:57.396  2044 22527 I CHI     : [SS_LOW ]: [CHI         ]: chxextensionmodule.cpp: ExecuteMemBoost: 27616: Set MemBoostRbin(2) by 0
04-15 12:05:57.396 30480 30695 I CameraManagerGlobal: onCameraDeviceStateChangedLocked: post device state update
04-15 12:05:57.396 32209 22560 I CameraManagerGlobal: Camera 1 facing CAMERA_FACING_FRONT state now CAMERA_STATE_OPEN for client com.samsung.android.smartface API Level 2 User Id 0Device Id 0
04-15 12:05:57.396 32209 22560 I CameraManagerGlobal: onCameraDeviceStateChangedLocked: post device state update
04-15 12:05:57.396 32209 22560 I CameraManagerGlobal: onCameraDeviceStateChangedLocked: post device state update
04-15 12:05:57.396 32180 26059 I CameraManagerGlobal: Camera 1 facing CAMERA_FACING_FRONT state now CAMERA_STATE_OPEN for client com.samsung.android.smartface API Level 2 User Id 0Device Id 0
04-15 12:05:57.397 30759 30994 I CameraManagerGlobal: Camera 1 facing CAMERA_FACING_FRONT state now CAMERA_STATE_OPEN for client com.samsung.android.smartface API Level 2 User Id 0Device Id 0
04-15 12:05:57.397 29554 30741 D AudioFlinger: setParameters: filtered dev setParameters keyvalue cameraFacing=front
04-15 12:05:57.397  3625  3635 I CameraManagerGlobal: Camera 1 facing CAMERA_FACING_FRONT state now CAMERA_STATE_OPEN for client com.samsung.android.smartface API Level 2 User Id 0Device Id 0
04-15 12:05:57.397 29903 30351 D SemWifiCoexManager: onCameraDeviceStateChanged:  cameraId=1 facing=1 newCameraState=0 clientName=com.samsung.android.smartface
04-15 12:05:57.397 32180  1453 I EadCameraController: onCameraDeviceStateChanged:  cameraId=1 facing=1 newCameraState=0 clientName=com.samsung.android.smartface
04-15 12:05:57.397  4666  4693 I CameraManagerGlobal: Camera 1 facing CAMERA_FACING_FRONT state now CAMERA_STATE_OPEN for client com.samsung.android.smartface API Level 2 User Id 0Device Id 0
04-15 12:05:57.397  2038  2076 E ANDR-PERF-UTIL: ANDR-PERF-UTIL: save_node_val() 366: Failed to read /sys/class/mmc_host/mmc0/clk_scaling/enable
04-15 12:05:57.397  2038  2076 E ANDR-PERF-OPTSHANDLER: ANDR-PERF-OPTSHANDLER: modify_sysfsnode() 1093: Failed to read /sys/class/mmc_host/mmc0/clk_scaling/enable
04-15 12:05:57.397  2038  2076 E ANDR-PERF-RESOURCEQS: ANDR-PERF-RESOURCEQS: AddAndApply() 167: Failed to apply optimization [11, 4]
04-15 12:05:57.397  7696 17427 I CameraManagerGlobal: Camera 1 facing CAMERA_FACING_FRONT state now CAMERA_STATE_OPEN for client com.samsung.android.smartface API Level 2 User Id 0Device Id 0
04-15 12:05:57.397  2044 22527 I CHI     : [SS_LOW ]: [CHI         ]: chxsecperf.cpp: AcquirePerfLock: 1226:  0] OPEN_CAMERA (1000)
04-15 12:05:57.397  6781  6796 I CameraManagerGlobal: Camera 1 facing CAMERA_FACING_FRONT state now CAMERA_STATE_OPEN for client com.samsung.android.smartface API Level 2 User Id 0Device Id 0
04-15 12:05:57.397  2731  2731 I wpa_sslib: SET_CUSTOM_TX_POWER_CALLING: no_of_powers:12
04-15 12:05:57.397  2731  2731 I wpa_sslib: oem_data_cmd=41
04-15 12:05:57.398 24386 17582 I CameraManagerGlobal: Camera 1 facing CAMERA_FACING_FRONT state now CAMERA_STATE_OPEN for client com.samsung.android.smartface API Level 2 User Id 0Device Id 0
04-15 12:05:57.398 22306 20838 I CameraManagerGlobal: Camera 1 facing CAMERA_FACING_FRONT state now CAMERA_STATE_OPEN for client com.samsung.android.smartface API Level 2 User Id 0Device Id 0
04-15 12:05:57.398 29561 29832 D AHAL: AudioDevice: SetParameters: 1865: enter
04-15 12:05:57.398 29561 29832 D AHAL: AudioVoice: VoiceSetParameters: 200: Enter
04-15 12:05:57.398 29561 29832 D AHAL: AudioVoice: VoiceSetParameters: 479: Exit ret: 0
04-15 12:05:57.398 29561 29832 D AHAL: hfp: hfp_set_parameters: 444: enter
04-15 12:05:57.398 29561 29832 D AHAL: AudioDevice: SetParameters: 2798: exit: cameraFacing=front
04-15 12:05:57.398 29903 30351 D SemWifiCoexManager: CBO is enabled
04-15 12:05:57.398 29555  4156 D Camera3-Utils: Set regular priority for thread (tid 4156)
04-15 12:05:57.398 29903 30351 D SemWifiCoexManager: UB=false CFB=true CBB=false RCV=false XRB=false
04-15 12:05:57.399 29119 29160 I CameraManagerGlobal: Camera 1 facing CAMERA_FACING_FRONT state now CAMERA_STATE_OPEN for client com.samsung.android.smartface API Level 2 User Id 0Device Id 0
04-15 12:05:57.399 32439  4472 I CameraManagerGlobal: Camera 1 facing CAMERA_FACING_FRONT state now CAMERA_STATE_OPEN for client com.samsung.android.smartface API Level 2 User Id 0Device Id 0
04-15 12:05:57.399 10848 10865 I CameraManagerGlobal: Camera 1 facing CAMERA_FACING_FRONT state now CAMERA_STATE_OPEN for client com.samsung.android.smartface API Level 2 User Id 0Device Id 0
04-15 12:05:57.399  8600  8628 I CameraManagerGlobal: Camera 1 facing CAMERA_FACING_FRONT state now CAMERA_STATE_OPEN for client com.samsung.android.smartface API Level 2 User Id 0Device Id 0
04-15 12:05:57.399  3625 22511 I CameraV2Controller: onOpened
04-15 12:05:57.399 29555  4156 D AidlCamera3-Device: CameraPerf: setParameters E
04-15 12:05:57.400  2044  2105 I Unihal  : UniHal3InterfaceEntry.cpp: uni_set_parameters: 483: set_parameters : operation_mode=smartstay
04-15 12:05:57.400 29555  4156 D AidlCamera3-Device: CameraPerf: setParameters X (0ms)
04-15 12:05:57.400 29575 29602 I HYPER-HAL: [RequestManager.cpp]acquire(): Acquired ID : 2096131  [2044 / 3]    HINT :      list : [OverLimit / 3302400] [CPUMinFreq / 3302400] [TIMEOUT / 3000] 
04-15 12:05:57.400  3625 22509 I CameraV2Controller: Preview size: 320x240
04-15 12:05:57.401 29555  4156 D AidlCamera3-Device: CameraPerf: constructDefaultRequestSettings templateId: 1 E
04-15 12:05:57.401  2044  2105 I Unihal  : UniHalPlusMediator.cpp: ConstructDefaultRequestSettings: 552: Device(0xb400006fbda7bcd0), type=1: E
04-15 12:05:57.401  2044  2105 I Unihal  : UniHalPlusMediator.cpp: ConstructDefaultRequestSettings: 552: Device(0xb400006fbda7bcd0), type=1: X
04-15 12:05:57.401 29555  4156 D AidlCamera3-Device: CameraPerf: constructDefaultRequestSettings X (0ms)
04-15 12:05:57.401 29555  4156 D Camera3-Device: waitUntilDrained: mInterfaceLock.unlock()
04-15 12:05:57.402  2044 22527 E ChiX    : [ERROR][CORE   ] chxextensionmodule.h:4849 UseContextMeta() LogicalCamerId:4294967295 is greater than MaxNumImageSensors:16
04-15 12:05:57.404  2044 22527 I DATC-Core: [DeepAtc]TfLite new instance at 0xb400006fbdaf3360
04-15 12:05:57.404 29555  4156 D CameraDeviceClient: createStream E
04-15 12:05:57.404  2044 22527 I DATC-Core: [DeepAtc]tflite scene detect data addr 0x6d8d6bac70 : size 143176
04-15 12:05:57.404 29555  4156 D SessionConfigUtils: createConfiguredSurface E: logicalCameraId=1, isStreamInfoValid=0, useCase=0, option=0x0, mirrorMode=0
04-15 12:05:57.404  2044 22527 I DATC-Core: [DeepAtc]tflite direct tone data addr 0x6d8d6ddbb8 : size 25988
04-15 12:05:57.404 29555  4156 D SessionConfigUtils: createConfiguredSurface: consumer usage flag: 3, useAsync: 0
04-15 12:05:57.404 29555  4156 W libc    : Access denied finding property "vendor.display.enable_optimal_refresh_rate"
04-15 12:05:57.404 29555  4156 W libc    : Access denied finding property "vendor.gpp.create_frc_extension"
04-15 12:05:57.404  2044 22527 I DATC-Core: make TfDeepAtc<float>
04-15 12:05:57.404 29555  4156 D SessionConfigUtils: createConfiguredSurface: width=320, height=240, format=35, dataSpace=146931712
04-15 12:05:57.404 29555  4156 D SessionConfigUtils: roundBufferDimensionNearest  inWidth=320 inHeight=240, outWidth=320 outHeight=240 X
04-15 12:05:57.404 29555  4156 D SessionConfigUtils: createConfiguredSurface X
04-15 12:05:57.405 29555  4156 D Camera3-Device: createStream: mInterfaceLock.lock()
04-15 12:05:57.405 29555  4156 D Camera3-Device: createStream: Camera 1: Creating new stream 0: 320 x 240, format 0x23(YUV_420_888), dataspace 146931712 rotation 0 consumer usage 0, isShared 0, physicalCameraId , isMultiResolution 0 dynamicRangeProfile 0x1, streamUseCase 0, option 0x0, timestampBase 0, colorSpace -1, useReadoutTimestamp 0
04-15 12:05:57.405  2044 22527 E CamX    : [ERROR][CHI    ] camxchicontext.cpp:5278 SetPipelineDescriptorOptions() [FmtNego] Node 65536_0 Output Port::[0] Can't convert buffer format 3
04-15 12:05:57.405  2044 22527 E CamX    : [ERROR][CHI    ] camxchicontext.cpp:5278 SetPipelineDescriptorOptions() [FmtNego] Node 65536_0 Output Port::[9] Can't convert buffer format 9
04-15 12:05:57.405  2044 22527 E SS_3A   : [ERROR][CORE   ] chxextensionmodule.cpp:16820 GetNumOfPixelsPerColor() [XCFA] Unable to get the number of pixels per color and return UninitializedNumberOfPixelsPerColor: m_pStreamConfig is not available
04-15 12:05:57.405 29555  4156 D Camera3-Device: createStream: mInterfaceLock.unlock()
04-15 12:05:57.405 29555  4156 D CameraDeviceClient: createStream: Camera 1: Successfully created a new stream ID 0 for output surface (320 x 240) with format 0x23.
04-15 12:05:57.405 29555  4156 D CameraDeviceClient: createStream X
04-15 12:05:57.405 29555  4156 D Camera3-Device: filterParamsAndConfigureLocked : operatingMode=0
04-15 12:05:57.405 29555  4156 D Camera3-Utils: Set real time priority for thread (tid 4156)
04-15 12:05:57.405 29555  4156 D Camera3-Device: CameraPerf: configureStreamsLocked: Camera 1: Stream configuration E
04-15 12:05:57.405 29555  4156 I AidlCamera3-Device: configureStreams : Before configuration Stream[0] : [320 x 240], format = 0x23(YUV_420_888), data_space = 146931712, color_space = -1, usage flag = 0x3, physical_camera_id = null
04-15 12:05:57.405  2044  3763 I Samsung_CameraDeviceSession_impl: [CAMKPI] camera3->configure_streams : E
04-15 12:05:57.405  2044  3763 I Unihal  : UniHal3InterfaceEntry.cpp: uni_configure_streams: 290: [UNIKPI][1] UniHAL->configure_streams: E
04-15 12:05:57.405  2044  3763 I Unihal  : UniHal3InterfaceEntry.cpp: uni_configure_streams: 300: operation_mode: 0, num_streams: 1, session_param: 0xb400006ddda38630
04-15 12:05:57.405  2044  3763 I Unihal  : UniHal3InterfaceEntry.cpp: uni_configure_streams: 307: stream[0]: stream(0xb400006f9da40018) : streamId(0x0), scenarioType(PREVIEWCB), format(0x23), grallocUsage(0x3), size(320x240), streamType(0), option(0x0), maxBuffers(0), priv(0x0), dataspace(146931712), rotation(0), fps(0, 0), physCamId(), groupId(-1), sensorPixelModes(0), multi_resolution_input_image(0), stream_use_case(0), dynamic_range_profile(1), stream_timestamp(0), reserved Ptr(0x0, 0x0)
04-15 12:05:57.405  2044  3763 I Unihal  : UniHalPlusMediator.cpp: ConfigureStreams: 368: Device(0xb400006fbda7bcd0): E
04-15 12:05:57.405  2044  3763 I Unihal  : UniHalPlusMediator.h: PrintOpenDeviceInfo: 181: Configurestreams
04-15 12:05:57.405  2044  3763 I Unihal  : UniHalPlusMediator.h: operator(): 190: HwDevice=0xb400006fbda7bcd0, FWK ID=1, OpenMgr(0)=0xb400006e5db40270, state=2, newDev=0x0
04-15 12:05:57.405  2044  3763 I Unihal  : UniState.cpp: transitState: 102: Transiting to state 3
04-15 12:05:57.406  2044  3763 I Unihal  : CameraHalUnit.cpp: ConfigureStreams: 264: cameraId=1, GetIsAlreadyCreated=0 m_isSetParamNull=0
04-15 12:05:57.406  2044  3763 I Unihal  : UniHalPlusExtension.cpp: IsAllowedUniHalPlus: 618: Unable to get PARAMETER_SAMSUNG_ANDROID_CONTROL_CAMERA_CLIENT
04-15 12:05:57.406  2044  3763 I Unihal  : UniHalPlusExtension.cpp: IsAllowedUniHalPlus: 634: UniHalPlus is not applied to this application. (invalid app)
04-15 12:05:57.406  2044  3763 I Unihal  : ScenarioManager.cpp: IsAllowed3rdParty: 2072: VDIS is supported by HAL
04-15 12:05:57.406  2044  3763 I Unihal  : ScenarioManager.cpp: IsSupported3rdPartyApp: 1524: SAMSUNG_ANDROID_CONTROL_UNIHAL_ENABLE_MODE doesn't exist.
04-15 12:05:57.406  2044  3763 I Unihal  : ScenarioManager.cpp: IsSupported3rdPartyVideoHdr: 1129: SAMSUNG_ANDROID_UNIHAL_VIDEO_MODE doesn't exist.
04-15 12:05:57.406  2044  3763 I Unihal  : ScenarioManager.cpp: IsSupported3rdPartyPersonalImprinting: 1293: 3rdParty Personal Imprinting supported: FALSE
04-15 12:05:57.406  2044  3763 I Unihal  : ScenarioManager.cpp: IsSupported3rdPartyMoire: 1267: 3rdParty Moire supported: FALSE
04-15 12:05:57.406  2044  3763 I Unihal  : ScenarioManager.cpp: IsSupported3rdPartyAutoFraming: 1910: SAMSUNG_ANDROID_UNIHAL_VIDEO_MODE doesn't exist.
04-15 12:05:57.406  2044  3763 I Unihal  : ScenarioManager.cpp: IsSupported3rdPartyVDIS: 949: VDIS is not supported, since VDIS modes are not available.
04-15 12:05:57.406  2044  3763 I Unihal  : ScenarioManager.cpp: IsSupported3rdPartyVideoHdr: 1129: SAMSUNG_ANDROID_UNIHAL_VIDEO_MODE doesn't exist.
04-15 12:05:57.406  2044  3763 I Unihal  : ScenarioManager.cpp: IsSupported3rdPartySdkVdis: 1221: SAMSUNG_ANDROID_UNIHAL_VIDEO_MODE doesn't exist.
04-15 12:05:57.406  2044  3763 I Unihal  : ScenarioManager.cpp: IsSupported3rdPartyAutoFramingLite: 2022: PARAMETER_SAMSUNG_EXTRA_UNIHAL_ENABLE_MODE doesn't exist
04-15 12:05:57.406  2044  3763 I Unihal  : ScenarioManager.cpp: IsAllowed3rdParty: 2310: Android Auto Framing is supported
04-15 12:05:57.406  2044  3763 I Unihal  : ScenarioManager.cpp: FindScenarioInfo: 2418: Scenario Lib Path : /vendor/lib64/unihal_scenario.so
04-15 12:05:57.406  2044  3763 I Unihal  : ScenarioManager.cpp: FindScenarioInfo: 2432: Current shootingMode=0x00010019(UNI_SHOOTING_MODE_3RD_PARTY_DEFAULT), cameraId=1(FRONT_FULL)
04-15 12:05:57.406  2044  3763 I Unihal  : ScenarioManager.cpp: CheckEnableCondition: 2681: Unihal is enabled. : isSamsungCamera=false, isFactoryTest=false, isGalaxyRaw = false, isAllowedUniHalPlus=false, isAllowed3rdParty=true, foundScenario=true, isValidStreamConfiguration=true, isSamsungVdisEnabled=false, isSamsungSelfieToneTo3rdParty=true, shootingMode=UNI_SHOOTING_MODE_3RD_PARTY_DEFAULT
04-15 12:05:57.406  2044  3763 I Unihal  : ScenarioManager.cpp: ConfigureStreams: 3008: New session_parameters!
04-15 12:05:57.406  2044  3763 I Unihal  : ScenarioManager.cpp: FindScenarioInfo: 2418: Scenario Lib Path : /vendor/lib64/unihal_scenario.so
04-15 12:05:57.406  2044  3763 I Unihal  : ScenarioManager.cpp: FindScenarioInfo: 2432: Current shootingMode=0x00010019(UNI_SHOOTING_MODE_3RD_PARTY_DEFAULT), cameraId=1(FRONT_FULL)
04-15 12:05:57.406  2044  3763 I Unihal  : ScenarioFactory3rdParty.cpp: CreateScenarioUnit: 71: Third Party Combination Front for 1(0xb400006f2da01310), supportScenarioType(3):PREVIEW,PREVIEWCB,RECORD, FnUpdateCaptureRequestNum(3), NumOfPipelines(1024)
04-15 12:05:57.406  2044  3763 E Unihal  : BeautyVideoUnit.cpp: BeautyVideoUnit: 36: Failed to Fetch Samsung Camera Value
04-15 12:05:57.408  2044 22527 E CamX    : [ERROR][CHI    ] camxchicontext.cpp:5278 SetPipelineDescriptorOptions() [FmtNego] Node 65536_0 Output Port::[0] Can't convert buffer format 3
04-15 12:05:57.408  2044 22527 E CamX    : [ERROR][CHI    ] camxchicontext.cpp:5278 SetPipelineDescriptorOptions() [FmtNego] Node 65536_0 Output Port::[9] Can't convert buffer format 9
04-15 12:05:57.408  2044 22535 I vendor.samsung.hardware.camera.provider-service_64: vendor/qcom/proprietary/adsprpc/src/fastrpc_pm.c:161: fastrpc_wake_lock_init done for vendor.samsung.hardware.:2044
04-15 12:05:57.408  2044 22535 I vendor.samsung.hardware.camera.provider-service_64: vendor/qcom/proprietary/adsprpc/src/fastrpc_apps_user.c:2178: update_kernel_wakelock_status: updated kernel wakelock control status to 1 for domain 0
04-15 12:05:57.408  2044 22535 I vendor.samsung.hardware.camera.provider-service_64: vendor/qcom/proprietary/adsprpc/src/fastrpc_apps_user.c:2203: wakelock_control: enabled wakelock control for domain 0
04-15 12:05:57.409  2150  2569 I CompositionEngine: [setDisplaySize] size=(450, 56)
04-15 12:05:57.410  2044  3763 I Unihal  : ScenarioFactory3rdParty.cpp: CreateScenarioUnit: 71: Third Party Combination Front for 2(0xb400006f2da29710), supportScenarioType(3):PREVIEW,PREVIEWCB,RECORD, FnUpdateCaptureRequestNum(3), NumOfPipelines(513)
04-15 12:05:57.412  2044 22535 I SS_3A   :  INFO: AWB: CreateAWBAlgorithm: 755: statsStreamInitConfig operationMode 1
04-15 12:05:57.412  2044 22535 I SS_3A   :  INFO: AWB: CreateAWBAlgorithm: 672: StaticAWB algo sizeOfParam for CHISTATSHANDLE is 24
04-15 12:05:57.412  2044 22535 I SS_3A   :  INFO: AWB: CreateAWBAlgorithm: 684: Lens Facing = 0
04-15 12:05:57.412  2044 22535 I SS_3A   :  INFO: AWB: CreateAWBAlgorithm: 736: StaticAWB algo create: overrideCameraOpen is 32
04-15 12:05:57.412  2044 22535 I SS_3A   :  INFO: AWB: CreateAWBAlgorithm: 746: cameraInfo algoRole 0, cameraId 5
04-15 12:05:57.412  2044 22535 I SS_3A   :  INFO: AWB: TsCommonFillSensorIdMap: 26: Already filled, cameraId(5) driverSensorId(12)
04-15 12:05:57.412  2044 22535 I SS_3A   :  INFO: AWB: CreateAWBAlgorithm: 773: CreateAWBAlgorithm (refcnt:0 cameraId 5 OverrideCameraOpen 1 lensFacing 0 pAWBSingletonWrapper->pAWB 0x0
04-15 12:05:57.412  2044 22535 I SS_3A   :  INFO: AWB: CreateAWBAlgorithm: 803: Create AWBAlgorithm, pAWB 0xb400006efda106b0
04-15 12:05:57.413  2044 22535 I SS_3A   :  INFO: AWB: LoadAlgorithmAndSymbols: 608: [DBG_APEX] Loading AWB lib: libTsAwbFront_E123.so
04-15 12:05:57.413  2044  3763 I Unihal  : ScenarioFactory3rdParty.cpp: CreateScenarioUnit: 71: Third Party Combination Front for 3(0xb400006f2da4f650), supportScenarioType(3):PREVIEW,PREVIEWCB,RECORD, FnUpdateCaptureRequestNum(3), NumOfPipelines(513)
04-15 12:05:57.414  2044 22535 I SS_3A   :  INFO: AWB: LoadAlgorithmAndSymbols: 638: pInstance->hAWBAlgorithm 0xb400006cfe63afe0
04-15 12:05:57.414  2044 22535 I SS_3A   :  INFO: AWB: TsAwb_get_cal_data_front: 125: module[0] 358 744 748 378
04-15 12:05:57.414  2044 22535 I SS_3A   :  INFO: AWB: TsAwb_get_cal_data_front: 127: module[0] RG 0.479893 , BG 0.506702
04-15 12:05:57.414  2044 22535 I SS_3A   :  INFO: AWB: TsAwb_init_with_mode: 166: TuningVersion 0xFD0A2828
04-15 12:05:57.414  2044 22535 I SS_3A   :  INFO: AWB: TsAwb_init_with_mode: 210: [eLensType 0] Adjust_gain = 0.996966, 1.005391
04-15 12:05:57.414  2044 22535 I SS_3A   :  INFO: AEC: AECAlgoSetNodeInterface: 1137: AEC vendorTagBase 0x80e50000
04-15 12:05:57.414  2044 22535 I SS_3A   :  INFO: AEC: AECAlgoSetNodeInterface: 1147: AWB vendorTagBase 0x80e70000
04-15 12:05:57.414  2044 22535 I SS_3A   :  INFO: AEC: AECAlgoSetNodeInterface: 1157: AF vendorTagBase 0x80e60000
04-15 12:05:57.414  2044 22535 I SS_3A   :  INFO: AEC: CreateAEC: 791: StaticAEC algo sizeOfParam for CHISTATSHANDLE is 24
04-15 12:05:57.414  2044 22535 I SS_3A   :  INFO: AEC: CreateAEC: 808: AEC_VendorTag:: Lens Facing = 0 chiSessionHandle = 0xb400006fdde6e670
04-15 12:05:57.414  2044 22535 I SS_3A   :  INFO: AEC: CreateAEC: 887: StaticAEC algo create: camera open mask 32 
04-15 12:05:57.414  2044 22535 I SS_3A   :  INFO: AEC: CreateAEC: 785: aec_camera_info 0 5
04-15 12:05:57.414  2044 22535 I SS_3A   :  INFO: AEC: CreateAEC: 894: flicker CSC:50 
04-15 12:05:57.414  2044 22535 I SS_3A   :  INFO: AEC: TsCommonFillSensorIdMap: 26: Already filled, cameraId(5) driverSensorId(12)
04-15 12:05:57.414  2044 22535 I SS_3A   :  INFO: AEC: CreateAEC: 912: CreateAECAlgorithm (refcnt:0 cameraId 5 OverrideCameraOpen 1 lensFacing 0 pAECSingletonWrapper->pAECSingleton 0x0 [sensor:S5K3LU]
