04-15 02:40:57.902 28536 28567 I amrs    : (REDACTED) NGA Sync: isNgaSyncEnabled: %s; enableFileGroupPopulator: %s; requiresMddAssets: %s
04-15 02:40:57.903 13029 13064 I Finsky  : [53] Current account updated in PVS
04-15 02:40:57.904 13029 13063 I Finsky  : [52] Current account updated in PVS
04-15 02:40:57.904   901 15474 D PermissionCache: checking android.permission.MODIFY_PHONE_STATE for uid=10247 => granted (335 us)
04-15 02:40:57.905   901 15474 D AudioFlinger: Client defaulted notificationFrames to 12000 for frameCount 24000
04-15 02:40:57.905 13268 14053 I SG-APK-Registration: Received an intent with action: android.intent.action.LOCALE_CHANGED
04-15 02:40:57.907  1360  6570 V GrammaticalInflectionUtils: AttributionSource: android.content.AttributionSource@4821ca1d does not have READ_SYSTEM_GRAMMATICAL_GENDER permission.
04-15 02:40:57.908  4898  4936 W HWUI    : Image decoding logging dropped!
04-15 02:40:57.909  4898  4936 W HWUI    : Image decoding logging dropped!
04-15 02:40:57.914  4898  4936 W HWUI    : Image decoding logging dropped!
04-15 02:40:57.917 28536 28558 I ayzy    : #putNewReturnedDataQuery
04-15 02:40:57.917 28536 28558 I ayzv    : #putNewReturnedDataQuery
04-15 02:40:57.918 28536 28566 V ClearcutMetricXmitter: Transmission is done.
04-15 02:40:57.919 28536 28563 W AmbientPrefs: (REDACTED) SmartspaceCard: %s should not use MainPreferences setting!
04-15 02:40:57.919 28536 28567 I alzy    : NGA enabled in interactor.
04-15 02:40:57.919 28536 28563 W AmbientPrefs: (REDACTED) SmartspaceCard: %s should not use MainPreferences setting!
04-15 02:40:57.921  4898  4936 D AlphabeticIndexCompat: computeSectionName: cs: Chrome sectionName: C
04-15 02:40:57.921  4898  4936 D AlphabeticIndexCompat: computeSectionName: cs: Settings sectionName: S
04-15 02:40:57.921  4898  4936 D AlphabeticIndexCompat: computeSectionName: cs: Play Store sectionName: P
04-15 02:40:57.921  4898  4936 D AlphabeticIndexCompat: computeSectionName: cs: Camera sectionName: C
04-15 02:40:57.922  4898  4936 D AlphabeticIndexCompat: computeSectionName: cs: Drive sectionName: D
04-15 02:40:57.922  4898  4936 D AlphabeticIndexCompat: computeSectionName: cs: Maps sectionName: M
04-15 02:40:57.922  4898  4936 D AlphabeticIndexCompat: computeSectionName: cs: Messages sectionName: M
04-15 02:40:57.922  4898  4936 D AlphabeticIndexCompat: computeSectionName: cs: Photos sectionName: P
04-15 02:40:57.922  4898  4936 D AlphabeticIndexCompat: computeSectionName: cs: Meet sectionName: M
04-15 02:40:57.922  4898  4936 D AlphabeticIndexCompat: computeSectionName: cs: YT Music sectionName: Y
04-15 02:40:57.922  4898  4936 D AlphabeticIndexCompat: computeSectionName: cs: Calculator sectionName: C
04-15 02:40:57.922  4898  4936 D AlphabeticIndexCompat: computeSectionName: cs: Calendar sectionName: C
04-15 02:40:57.922  4898  4936 D AlphabeticIndexCompat: computeSectionName: cs: Contacts sectionName: C
04-15 02:40:57.923  4898  4936 D AlphabeticIndexCompat: computeSectionName: cs: Clock sectionName: C
04-15 02:40:57.923  4898  4936 D AlphabeticIndexCompat: computeSectionName: cs: Phone sectionName: P
04-15 02:40:57.923  4898  4936 D AlphabeticIndexCompat: computeSectionName: cs: Gmail sectionName: G
04-15 02:40:57.923  4898  4936 D AlphabeticIndexCompat: computeSectionName: cs: YouTube sectionName: Y
04-15 02:40:57.923  4898  4936 D AlphabeticIndexCompat: computeSectionName: cs: Files sectionName: F
04-15 02:40:57.923  4898  4936 D AlphabeticIndexCompat: computeSectionName: cs: Recorder sectionName: R
04-15 02:40:57.923  4898  4936 D AlphabeticIndexCompat: computeSectionName: cs: Pixel Tips sectionName: P
04-15 02:40:57.923  4898  4936 D AlphabeticIndexCompat: computeSectionName: cs: Weather sectionName: W
04-15 02:40:57.923  4898  4936 D AlphabeticIndexCompat: computeSectionName: cs: Google sectionName: G
04-15 02:40:57.924  4898  4936 D AlphabeticIndexCompat: computeSectionName: cs: MTaaS Tools sectionName: M
04-15 02:40:57.924  4898  4936 D AlphabeticIndexCompat: computeSectionName: cs: Play Games sectionName: P
04-15 02:40:57.924 28536 28566 W AmbientPrefs: (REDACTED) SmartspaceCard: %s should not use MainPreferences setting!
04-15 02:40:57.924 28536 28566 W AmbientPrefs: (REDACTED) SmartspaceCard: %s should not use MainPreferences setting!
04-15 02:40:57.925 28536 28574 I dlil    : (REDACTED) remove request for trigger key: %s, isClientInitiated: %s
04-15 02:40:57.925  4480  4480 D Zygote  : Forked child process 1889
04-15 02:40:57.927  1889  1889 E libc    : SetHeapTaggingLevel: re-enabling tagging after it was disabled is not supported
04-15 02:40:57.929  1360  1702 I ActivityManager: Start proc 1889:com.google.android.webview:sandboxed_process0:org.chromium.content.app.SandboxedProcessService0:0/u0i2 for  {com.google.android.googlequicksearchbox/org.chromium.content.app.SandboxedProcessService0:0}
04-15 02:40:57.929  1806  1806 D nativeloader: Load libframework-connectivity-tiramisu-jni.so using APEX ns com_android_tethering for caller /apex/com.android.tethering/javalib/framework-connectivity-t.jar: ok
04-15 02:40:57.930  1889  1889 I ocessService0:0: Using CollectorTypeCMC GC.
04-15 02:40:57.930  4898  4898 D StatsLog: LAUNCHER_ALLAPPS_COUNT
04-15 02:40:57.930  4898  4898 D AlphabeticalAppsList: Clearing FastScrollerSections.
04-15 02:40:57.930  4898  4898 D AlphabeticalAppsList: Adding apps with sections. HasPrivateApps: false
04-15 02:40:57.930  4898  4898 D AlphabeticalAppsList: addAppsWithSections: adding sectionName: C with appInfoTitle: Calculator
04-15 02:40:57.930  4898  4898 D AlphabeticalAppsList: addAppsWithSections: adding sectionName: D with appInfoTitle: Drive
04-15 02:40:57.930  4898  4898 D AlphabeticalAppsList: addAppsWithSections: adding sectionName: F with appInfoTitle: Files
04-15 02:40:57.930  4898  4898 D AlphabeticalAppsList: addAppsWithSections: adding sectionName: G with appInfoTitle: Gmail
04-15 02:40:57.930  4898  4898 D AlphabeticalAppsList: addAppsWithSections: adding sectionName: M with appInfoTitle: Maps
04-15 02:40:57.930  4898  4898 D AlphabeticalAppsList: addAppsWithSections: adding sectionName: P with appInfoTitle: Phone
04-15 02:40:57.930  4898  4898 D AlphabeticalAppsList: addAppsWithSections: adding sectionName: R with appInfoTitle: Recorder
04-15 02:40:57.930  4898  4898 D AlphabeticalAppsList: addAppsWithSections: adding sectionName: S with appInfoTitle: Settings
04-15 02:40:57.930  4898  4898 D AlphabeticalAppsList: addAppsWithSections: adding sectionName: W with appInfoTitle: Weather
04-15 02:40:57.930  4898  4898 D AlphabeticalAppsList: addAppsWithSections: adding sectionName: Y with appInfoTitle: YouTube
04-15 02:40:57.930  4898  4898 D AlphabeticalAppsList: Adding FastScrollSection duplicate to scroll to the bottom.
04-15 02:40:57.930  4898  4898 D AlphabeticalAppsList: Clearing FastScrollerSections.
04-15 02:40:57.930  4898  4898 D AlphabeticalAppsList: Adding apps with sections. HasPrivateApps: false
04-15 02:40:57.930  4898  4898 D AlphabeticalAppsList: addAppsWithSections: adding sectionName: C with appInfoTitle: Calculator
04-15 02:40:57.930  4898  4898 D AlphabeticalAppsList: addAppsWithSections: adding sectionName: D with appInfoTitle: Drive
04-15 02:40:57.930  4898  4898 D AlphabeticalAppsList: addAppsWithSections: adding sectionName: F with appInfoTitle: Files
04-15 02:40:57.930  4898  4898 D AlphabeticalAppsList: addAppsWithSections: adding sectionName: G with appInfoTitle: Gmail
04-15 02:40:57.930  4898  4898 D AlphabeticalAppsList: addAppsWithSections: adding sectionName: M with appInfoTitle: Maps
04-15 02:40:57.930  4898  4898 D AlphabeticalAppsList: addAppsWithSections: adding sectionName: P with appInfoTitle: Phone
04-15 02:40:57.930  4898  4898 D AlphabeticalAppsList: addAppsWithSections: adding sectionName: R with appInfoTitle: Recorder
04-15 02:40:57.930  4898  4898 D AlphabeticalAppsList: addAppsWithSections: adding sectionName: S with appInfoTitle: Settings
04-15 02:40:57.930  4898  4898 D AlphabeticalAppsList: addAppsWithSections: adding sectionName: W with appInfoTitle: Weather
04-15 02:40:57.930  4898  4898 D AlphabeticalAppsList: addAppsWithSections: adding sectionName: Y with appInfoTitle: YouTube
04-15 02:40:57.930  4898  4898 D AlphabeticalAppsList: Adding FastScrollSection duplicate to scroll to the bottom.
04-15 02:40:57.930  4898  4936 W HWUI    : Image decoding logging dropped!
04-15 02:40:57.930 28536 28563 I etce    : Scheduling next refresh
04-15 02:40:57.933  1889  1889 E ocessService0:0: Not starting debugger since process cannot load the jdwp agent.
04-15 02:40:57.935  1889  1889 D nativeloader: Load libframework-connectivity-tiramisu-jni.so using APEX ns com_android_tethering for caller /apex/com.android.tethering/javalib/framework-connectivity-t.jar: ok
04-15 02:40:57.937  5432  5505 I suj     : Initializing all components
04-15 02:40:57.937  5432  5887 I tiu     : (REDACTED) Nga on-device enabled based on TNG:MA active state: %b
04-15 02:40:57.938  5432  5887 I tiu     : (REDACTED) Nga on-device enabled based on TNG:MA active state: %b
04-15 02:40:57.939  5432  5897 I xea     : (REDACTED) onIsEnabledChanged, isEnabled: %s
04-15 02:40:57.940  5938  1800 D Tips_SmartspaceDataStor: hasSentDismissedCard in Tips 1.0 = false
04-15 02:40:57.940  5432  5897 W ztc     : Disposing empty manager. Did you forgot to subscribe observables?
04-15 02:40:57.940  5432  5897 W ztc     : Disposing empty manager. Did you forgot to subscribe observables?
04-15 02:40:57.940  5432  5897 W ztc     : Disposing empty manager. Did you forgot to subscribe observables?
04-15 02:40:57.940  5432  5897 W ztc     : Disposing empty manager. Did you forgot to subscribe observables?
04-15 02:40:57.940  5432  5897 W ztc     : Disposing empty manager. Did you forgot to subscribe observables?
04-15 02:40:57.941  5432  5897 W ztc     : Disposing empty manager. Did you forgot to subscribe observables?
04-15 02:40:57.941  5432  5897 W ztc     : Disposing empty manager. Did you forgot to subscribe observables?
04-15 02:40:57.941  5432  5897 W ztc     : Disposing empty manager. Did you forgot to subscribe observables?
04-15 02:40:57.941  5432  5897 W ztc     : Disposing empty manager. Did you forgot to subscribe observables?
04-15 02:40:57.941  5432  5897 W ztc     : Disposing empty manager. Did you forgot to subscribe observables?
04-15 02:40:57.941  5489 12791 D ForegroundUtils: Foreground UID status:
04-15 02:40:57.941  5489 12791 D ForegroundUtils: UID: 10166 is in foreground: false
04-15 02:40:57.941  5489 12791 D ForegroundUtils: UID: 10182 is in foreground: true
04-15 02:40:57.941  5489 12791 D ForegroundUtils: UID: 10247 is in foreground: true
04-15 02:40:57.941  5489 12791 D ForegroundUtils: UID: 10292 is in foreground: true
04-15 02:40:57.942  1360  6570 D ConnectivityService: requestNetwork for uid/pid:10203/1649 activeRequest: null callbackRequest: 456 [NetworkRequest [ REQUEST id=457, [ Capabilities: INTERNET&NOT_RESTRICTED&TRUSTED&NOT_VCN_MANAGED&NOT_BANDWIDTH_CONSTRAINED Uid: 10203 RequestorUid: 10203 RequestorPkg: com.google.android.apps.docs UnderlyingNetworks: Null] ]] callback flags: 0 order: 2147483647 isUidTracked: false declaredMethods: ALL
04-15 02:40:57.942 13029 13063 I Finsky  : [52] Current account updated in PVS
04-15 02:40:57.943 13029 13063 I Finsky  : [52] Current account updated in PVS
04-15 02:40:57.944 11729 11766 I Icing   : Usage reports ok 0, Failed Usage reports 0, indexed 0, rejected 0
04-15 02:40:57.945  5432  5897 W ztc     : Disposing empty manager. Did you forgot to subscribe observables?
04-15 02:40:57.945  1360  4318 D WifiNetworkFactory: got request NetworkRequest [ REQUEST id=457, [ Capabilities: INTERNET&NOT_RESTRICTED&TRUSTED&NOT_VCN_MANAGED&NOT_BANDWIDTH_CONSTRAINED Uid: 10203 RequestorUid: 10203 RequestorPkg: com.google.android.apps.docs UnderlyingNetworks: Null] ]
04-15 02:40:57.945  5432  5897 I xsu     : (REDACTED) Setting session to type: %s
04-15 02:40:57.945  1360  4318 D UntrustedWifiNetworkFactory: got request NetworkRequest [ REQUEST id=457, [ Capabilities: INTERNET&NOT_RESTRICTED&TRUSTED&NOT_VCN_MANAGED&NOT_BANDWIDTH_CONSTRAINED Uid: 10203 RequestorUid: 10203 RequestorPkg: com.google.android.apps.docs UnderlyingNetworks: Null] ]
04-15 02:40:57.946  1360  4318 D OemPaidWifiNetworkFactory: got request NetworkRequest [ REQUEST id=457, [ Capabilities: INTERNET&NOT_RESTRICTED&TRUSTED&NOT_VCN_MANAGED&NOT_BANDWIDTH_CONSTRAINED Uid: 10203 RequestorUid: 10203 RequestorPkg: com.google.android.apps.docs UnderlyingNetworks: Null] ]
04-15 02:40:57.946  5432  5897 W ztc     : Disposing empty manager. Did you forgot to subscribe observables?
04-15 02:40:57.946  1360  4318 D MultiInternetWifiNetworkFactory: got request NetworkRequest [ REQUEST id=457, [ Capabilities: INTERNET&NOT_RESTRICTED&TRUSTED&NOT_VCN_MANAGED&NOT_BANDWIDTH_CONSTRAINED Uid: 10203 RequestorUid: 10203 RequestorPkg: com.google.android.apps.docs UnderlyingNetworks: Null] ]
04-15 02:40:57.946  5432  5897 W ztc     : Disposing empty manager. Did you forgot to subscribe observables?
04-15 02:40:57.946  5432  5897 W ztc     : Disposing empty manager. Did you forgot to subscribe observables?
04-15 02:40:57.946  5432  5897 W ztc     : Disposing empty manager. Did you forgot to subscribe observables?
04-15 02:40:57.946  1360  4326 D ConnectivityService: NetReassign [457 : null → 100] [c 0] [a 1] [i 2]
04-15 02:40:57.946  5432  5897 W ztc     : Disposing empty manager. Did you forgot to subscribe observables?
04-15 02:40:57.946  5432  5897 W ztc     : Disposing empty manager. Did you forgot to subscribe observables?
04-15 02:40:57.946  4898  4936 W HWUI    : Image decoding logging dropped!
04-15 02:40:57.946  5432  5897 I xuh     : (REDACTED) setNavBarVisible: %s
04-15 02:40:57.946 28536 28566 I dmwf    : Personal results is disabled
04-15 02:40:57.947  4898  4936 W HWUI    : Image decoding logging dropped!
04-15 02:40:57.947  4898  4936 W HWUI    : Image decoding logging dropped!
04-15 02:40:57.947  5432  5897 W ztc     : Disposing empty manager. Did you forgot to subscribe observables?
04-15 02:40:57.948  5432  5897 W ztc     : Disposing empty manager. Did you forgot to subscribe observables?
04-15 02:40:57.948  5432  5897 W ztc     : Disposing empty manager. Did you forgot to subscribe observables?
04-15 02:40:57.948  5432  5897 W ztc     : Disposing empty manager. Did you forgot to subscribe observables?
04-15 02:40:57.948  5432  5897 W ztc     : Disposing empty manager. Did you forgot to subscribe observables?
04-15 02:40:57.948  5432  5897 W ztc     : Disposing empty manager. Did you forgot to subscribe observables?
04-15 02:40:57.949 28536 28574 I dmwf    : Personal results is disabled
04-15 02:40:57.953  4898  4936 W HWUI    : Image decoding logging dropped!
04-15 02:40:57.953  5432  5900 I elem    : showGestureNav
04-15 02:40:57.953  5432  5900 I elek    : (REDACTED) setUiHints(hints = %s)
04-15 02:40:57.953 28536 28566 I dlkk    : (REDACTED) #maybeCreateTimeTrigger: time trigger= %s with start time=%d, stop time=%d in seconds.
04-15 02:40:57.953 13029 13063 I Finsky  : [52] Current account updated in PVS
04-15 02:40:57.953 13029 13063 I Finsky  : [52] Current account updated in PVS
04-15 02:40:57.954  5432  5901 I wwq     : (REDACTED) stopListening(%s, %s)
04-15 02:40:57.954 13029 13063 I Finsky  : [52] Current account updated in PVS
04-15 02:40:57.957  5489 12791 D ForegroundUtils: Foreground UID status:
04-15 02:40:57.957  5489 12791 D ForegroundUtils: UID: 10166 is in foreground: false
04-15 02:40:57.957  5489 12791 D ForegroundUtils: UID: 10182 is in foreground: true
04-15 02:40:57.957  5489 12791 D ForegroundUtils: UID: 10247 is in foreground: true
04-15 02:40:57.957  5489 12791 D ForegroundUtils: UID: 10292 is in foreground: true
04-15 02:40:57.957  6648  6648 E adservices: Measurement API is disabled
04-15 02:40:57.957  6648  6648 E adservices: Measurement API is disabled
04-15 02:40:57.958  1360  4371 D BackgroundInstallControlService: Package event received: 0
04-15 02:40:57.958 28536 29876 E adservices: onNullBinding android.adservices.MEASUREMENT_SERVICE
04-15 02:40:57.959  5432  5887 I tfn     : Initialize
04-15 02:40:57.959  5432  5887 I tmt     : Subscribing to eligibility updates [IVR-C]
04-15 02:40:57.959  4898  4936 W HWUI    : Image decoding logging dropped!
04-15 02:40:57.960  5938  1883 D Tips_SmartspaceDataStor: hasSentSmartspaceCard in Tips 1.0 = false
04-15 02:40:57.962   901  1754 D DeviceHalAidl: [default] createAudioPatch: sources: 1 sinks 1
04-15 02:40:57.962   901  1754 D Hal2AidlMapper: [default] createOrUpdatePatch: patch ID: 1, [disregard IDs] sources: [AudioPortConfig{id: 1, portId: 0, sampleRate: Int{value: 48000}, channelMask: AudioChannelLayout{layoutMask: 3}, format: AudioFormatDescription{type: PCM, pcm: FLOAT_32_BIT, encoding: }, gain: (null), flags: AudioIoFlags{output: 6}, ext: AudioPortExt{mix: AudioPortMixExt{handle: 13, usecase: AudioPortMixExtUseCase{stream: SYS_RESERVED_DEFAULT}, maxOpenStreamCount: 0, maxActiveStreamCount: 0, recommendedMuteDurationMs: 0}}}], sinks: [AudioPortConfig{id: 4, portId: 0, sampleRate: (null), channelMask: (null), format: (null), gain: (null), flags: (null), ext: AudioPortExt{device: AudioPortDeviceExt{device: AudioDevice{type: AudioDeviceDescription{type: OUT_SPEAKER_SAFE, connection: }, address: AudioDeviceAddress{id: }}, flags: 0, encodedFormats: [], encapsulationModes: 0, encapsulationMetadataTypes: 0, speakerLayout: (null)}}}]
04-15 02:40:57.962   901  1754 D Hal2AidlMapper: [default] findOrCreatePortConfig: device port config does not have audio or gain config specified
04-15 02:40:57.962   812   812 I AHal::PortRouteManager: UpdateOrAddPatch: update patch 1, AudioPatch{id: 1, source: [400001/1: primary-playback], sink: [100002/100002: speaker-safe], min frames: 480, latencies: [50]}
04-15 02:40:57.962   812   812 I AHal::Router: InvalidateLocked: nothing change between graph #35 and #36
04-15 02:40:57.962   812  1675 I ASvc::StreamOut: getRecommendedLatencyModes: modes = [FREE]
04-15 02:40:57.962  5432  5887 I tmt     : Disconnecting from SysUi, flag disabled [IVR-C]
04-15 02:40:57.962  5432  5887 I tmt     : (REDACTED) Disconnecting from SysUi, dictation ineligible. hasSubscribed=%s [IVR-C]
04-15 02:40:57.962  5432  5887 I tmt     : Disconnecting from SysUi, VM not enabled [IVR-C]
04-15 02:40:57.963  5432  5887 I tmn     : No binding to unbind [IVR-C]
04-15 02:40:57.963  5432  5887 I tmn     : Disconnected from SysUi [IVR-C]
04-15 02:40:57.963   812   812 I StHal::SoundTriggerHal: ProcessStreamMetadata: active usage tracks: 0
04-15 02:40:57.963   812   812 D BTAudioSessionAidl: UpdateSourceMetadata - SessionType=LE_AUDIO_HARDWARE_OFFLOAD_ENCODING_DATAPATH has NO session
04-15 02:40:57.963   812   812 D BTAudioSessionAidl: GetSupportedLatencyModes - SessionType=LE_AUDIO_HARDWARE_OFFLOAD_ENCODING_DATAPATH has NO session
04-15 02:40:57.963   812   812 D BTAudioSessionAidl: SetLatencyMode - SessionType=LE_AUDIO_HARDWARE_OFFLOAD_ENCODING_DATAPATH has NO session
04-15 02:40:57.963   812   812 D BTAudioSessionAidl: GetSupportedLatencyModes - SessionType=A2DP_HARDWARE_OFFLOAD_ENCODING_DATAPATH has NO session
04-15 02:40:57.963   812   812 D BTAudioSessionAidl: SetLatencyMode - SessionType=A2DP_HARDWARE_OFFLOAD_ENCODING_DATAPATH has NO session
04-15 02:40:57.963  5938  1827 D Tips_SmartspaceManagerI: Send SmartspaceCard.
04-15 02:40:57.964  5432  5887 I tsl     : (REDACTED) on opa visibility changed %s
04-15 02:40:57.964  5424  6318 I AiAiTextClassifier: [VisualCortexAdapter]: provideRegistration: Registered Prominent Screen Entities for updates.
04-15 02:40:57.965 28536  1908 E adservices: Failed to bind to measurement service: com.android.adservices.shared.common.exception.ServiceUnavailableException: Service is not available.
04-15 02:40:57.966   901  1686 D DeviceHalAidl: [default] setVoiceVolume: volume 0.428571
04-15 02:40:57.966   812   812 I ASvc::Telephony: setTelecomConfig: in_config: TelecomConfig{voiceVolume: Float{value: 0.428571}, ttyMode: UNSPECIFIED, isHacEnabled: (null)}
04-15 02:40:57.966   812   812 I AHal::ForteMedia: SetVoiceVolume: current type is Unknown, volume is 0.428571
04-15 02:40:57.966 28536 28567 I epka    : Building Device Properties.
04-15 02:40:57.967  1889  1889 D ApplicationLoaders: Returning zygote-cached class loader: /system_ext/framework/androidx.window.extensions.jar
04-15 02:40:57.967  1889  1889 D CompatChangeReporter: Compat change id reported: 202956589; UID 99002; state: ENABLED
04-15 02:40:57.969  4898  4936 W HWUI    : Image decoding logging dropped!
04-15 02:40:57.971  5432  5887 I elek    : setUiHints: finished successfully
04-15 02:40:57.972   901 15474 D audioserver: logFgsApiBegin: FGS Logger Transaction failed, -129
04-15 02:40:57.973   812   812 D AHal::UseCase: SetActiveTracks: update primary-playback active tracks(1)
04-15 02:40:57.973   812   812 I StHal::SoundTriggerHal: ProcessStreamMetadata: active usage tracks: 0
04-15 02:40:57.973   812   812 D BTAudioSessionAidl: UpdateSourceMetadata - SessionType=LE_AUDIO_HARDWARE_OFFLOAD_ENCODING_DATAPATH has NO session
04-15 02:40:57.973   812   812 D BTAudioSessionAidl: GetSupportedLatencyModes - SessionType=LE_AUDIO_HARDWARE_OFFLOAD_ENCODING_DATAPATH has NO session
04-15 02:40:57.973   812   812 D BTAudioSessionAidl: SetLatencyMode - SessionType=LE_AUDIO_HARDWARE_OFFLOAD_ENCODING_DATAPATH has NO session
04-15 02:40:57.973   812   812 D BTAudioSessionAidl: GetSupportedLatencyModes - SessionType=A2DP_HARDWARE_OFFLOAD_ENCODING_DATAPATH has NO session
04-15 02:40:57.973   812   812 D BTAudioSessionAidl: SetLatencyMode - SessionType=A2DP_HARDWARE_OFFLOAD_ENCODING_DATAPATH has NO session
04-15 02:40:57.973  5938  1827 I Tips_TipsIndexingWorker: doWork - indexing tips
04-15 02:40:57.974 13362 13368 W t_app_installer: Reducing the number of considered missed Gc histogram windows from 3782 to 100
04-15 02:40:57.974 11729 12086 I cn_CronetUrlRequestContext: destroyNativeStreamLocked org.chromium.net.impl.CronetBidirectionalStream@978a515
04-15 02:40:57.975   812  1752 I ASvc::StreamOutSyncStates: cw-primary-playback: Command{start: Void{}} in StreamOutStandbyState
04-15 02:40:57.976  1889  1889 I LoadedApk: No resource references to update in package com.google.android.trichromelibrary
04-15 02:40:57.977  5938  1827 D Tips_ContentRepositoryI: fetchModules with predicate, syncType: AUTO
04-15 02:40:57.977  5938  1827 W Tips_DeviceCountryImpl: Country ISO should be 2 letters, not ''
04-15 02:40:57.977  5938  1827 W Tips_DeviceCountryImpl: Country ISO should be 2 letters, not ''
04-15 02:40:57.977  1027  7545 D MediaPlayerService: onAudioDeviceUpdate deviceIds: 4
04-15 02:40:57.978  1889  1889 I cr_WebViewApkApp: version=128.0.6613.88 (661308832) minSdkVersion=29 isBundle=true processName=com.google.android.webview:sandboxed_process0:org.chromium.content.app.SandboxedProcessService0:0
04-15 02:40:57.978 28536 28556 I epka    : Building Device Properties.
04-15 02:40:57.978  1027  7545 D MediaPlayerService: onAudioDeviceUpdate deviceIds: 4
04-15 02:40:57.978   812  1752 I ASvc::StreamOutSyncStates: cw-primary-playback: Command{burst: 0} in StreamOutIdleState
04-15 02:40:57.978   812  1752 I ASvc::CommandWorker: StartStreamAndActivateRoute: try to start primary-playback, counter 5
04-15 02:40:57.978   812  1752 I AHal::Router: Activate: activate 400001
04-15 02:40:57.978   812  1752 I AHal::Router: InvalidateLocked: new graph #37 Edges(1):
04-15 02:40:57.978   812  1752 I AHal::Router:   [direction: 0, use case: primary-playback, id: 0, use case extras: [aec: false, ns: false], use case attributes: [active track: true], device: speaker-safe, sibling device: , handle: 0xb400007a11d5c3d0, device extras: [source: SYS_RESERVED_INVALID, voice call: false, st aec: false, hac: false, sr: 48000, ch: AudioChannelLayout{layoutMask: 1}, f: AudioFormatDescription{type: PCM, pcm: FLOAT_32_BIT, encoding: }, hifi: 0], config id: [u: 400001, d:100002], priority: 0000]
04-15 02:40:57.978   812  1752 I AHal::Router: InvalidateLocked: ============ apply graph #37 [Wed Apr 15 02:40:57 2026] start ============
04-15 02:40:57.978   812  1752 I AHal::Router: LogTransferring: Transferring (1):
04-15 02:40:57.978   812  1752 I AHal::Router: LogTransferring:   (null) => primary-playback-0 -> speaker-safe
04-15 02:40:57.978   812  1752 I AHal::Router: Configure: config device primary-playback-0 -> speaker-safe
04-15 02:40:57.978   812  1752 I AHal::Router: UpdateDeviceInterfaceSettings: commit device-speaker
04-15 02:40:57.978   812  1752 I AHal::PlaybackThermalThrottleByTemperature: Update Temperature: kIdle to kOnce
04-15 02:40:57.978   812  1752 I AHal::PlaybackThermalThrottleBySpeakerPower: Update Speaker Power: kIdle to kPolling
04-15 02:40:57.978   812  1752 I AHal::VoiceCall: Update: set echo reference on speaker-safe for primary-playback
04-15 02:40:57.978   812  1752 I AHal::VoiceCall: Set: new EC device = SPEAKER
04-15 02:40:57.978   812  1752 I AHal::Speaker: Enable: speaker-safe
04-15 02:40:57.978   812  1752 D audio_route: Apply path: hostless-ulC spk-vi
04-15 02:40:57.978   812  1752 I AHal::AudioRoutePathController: ApplyPath: hostless-ulC spk-vi: true
04-15 02:40:57.978   812  1752 D AHal::TinyalsaDriverOperations: OpenAndPrepareLocked: open pcmC0D15c with [channel: 2, rate: 48000, period_size: 480, period_count: 2, format: 0, start_threshold: 0, stop_threshold: 24000, silence_threshold: 0, silence_size: 0, avail_min: 0]
04-15 02:40:57.979  1757  1757 I pixel-thermal: VIRTUAL-USB-UI:0 raw data: USB-MINUS-CHARGER:-3117 VIRTUAL-USB-UI:0 charger_therm:34043 usb_conn_therm:30926 
04-15 02:40:57.979  1757  1757 I pixel-thermal: VIRTUAL-USB-THROTTLING:0 raw data: USB-MINUS-CHARGER:-3117 VIRTUAL-USB-THROTTLING:0 usb_conn_therm:30926 
04-15 02:40:57.979   812  1414 D AHal::Cs35l41Codec: GetSpeakerPower: get ctl [DSP1 Protection cd SPK_OUTPUT_POWER] = 0 convert to -inf
04-15 02:40:57.979   812  1414 D AHal::Cs35l41Codec: GetSpeakerPower: get ctl [R DSP1 Protection cd SPK_OUTPUT_POWER] = 0 convert to -inf
04-15 02:40:57.979   812  1414 I AHal::Waves::CustomAction: UpdateSpeakerPower: update link law source: 2 value: -inf, -inf
04-15 02:40:57.979   812  1414 I AHal::Waves::CustomAction: UpdateSpeakerPower: update link law source: 3 value: -inf, -inf
04-15 02:40:57.978   812  1533 I AHal::BatteryAdaptiveAudio: ProcessPlaybackTunerControl: update playback tuner with Disabled
04-15 02:40:57.980   812  1752 I AHal::AdaptedRouteControl: Update: update route from null to adapted-speaker-safe
04-15 02:40:57.980   812  1752 D audio_route: Apply path: adapted-speaker-safe
04-15 02:40:57.980   812  1752 I AHal::AudioRoutePathController: ApplyPath: adapted-speaker-safe: true
04-15 02:40:57.980  1757  1757 I pixel-thermal: VIRTUAL-SKIN-SPEAKER:29.8213 raw data: IS_VSKIN_SPEAKER_MODEL_WITHIN_RANGE:1 IS_VSKIN_SPEAKER_MODEL_WITHIN_RANGE_CHECK:2 NO_VSKIN_SPEAKER_MODEL_WITHIN_RANGE:0 VIRTUAL-SKIN-SPEAKER:29821.3 VIRTUAL-SKIN-SPEAKER-LEGACY:36254.1 VIRTUAL-SKIN-SPEAKER-MODEL:29821.8 maxfg_base:30400 usb_conn_therm:30926 
04-15 02:40:57.980   812  1752 D AHal::Cs35l41Codec: CheckAllSpeakers: get ctl [DSP1 Protection cd CAL_R] = 0, expects 0
04-15 02:40:57.980   812  1752 D AHal::Cs35l41Codec: CheckAllSpeakers: get ctl [R DSP1 Protection cd CAL_R] = 0, expects 0
04-15 02:40:57.980   812  1752 D audio_route: Apply path: speaker-safe
04-15 02:40:57.980   812  1752 I AHal::AudioRoutePathController: ApplyPath: speaker-safe: true
04-15 02:40:57.980   812  1752 D audio_route: Apply path: primary-playback-0 -> speaker-safe
04-15 02:40:57.981  1757  1757 I pixel-thermal: VIRTUAL-SKIN:33.8118 raw data: CLOSE_WEIGHT:1.19209e-07 OPEN_WEIGHT:1 VIRTUAL-SKIN:33811.8 VIRTUAL-SKIN-CLOSE:32332.9 VIRTUAL-SKIN-CLOSE-SUB-1:32332.9 VIRTUAL-SKIN-CLOSE-SUB-2:32201 VIRTUAL-SKIN-CLOSE-SUB-3:31470.6 VIRTUAL-SKIN-CLOSE-SUB-4:30178.3 VIRTUAL-SKIN-LEGACY:33811.8 VIRTUAL-SKIN-OPEN:33811.8 VIRTUAL-SKIN-OPEN-SUB-1:31254.4 VIRTUAL-SKIN-OPEN-SUB-2:33811.8 charger_therm:34043 display_therm:30080 gnss_tcxo_therm:33397 inner_brightness:1 inner_display_therm:32796 maxfg_base:30400 maxfg_secondary:28800 modem_therm:33241 rffe_therm:32907 soc_therm:33887 usb_conn_therm:30926 
04-15 02:40:57.981  1757  1757 I pixel-thermal: rffe_therm:32.907 raw data: rffe_therm:32907 
04-15 02:40:57.981  1757  1757 I pixel-thermal: VIRTUAL-SKIN-CHARGE-WIRED:32.8262 raw data: CLOSE_WEIGHT:1.19209e-07 IS_WLC:0 NO_WLC:1 OPEN_WEIGHT:1 VIRTUAL-SKIN-CHARGE-WIRED:32826.2 VIRTUAL-SKIN-CHARGE-WIRED-CLOSE:32334.3 VIRTUAL-SKIN-CHARGE-WIRED-EQ:32826.2 VIRTUAL-SKIN-CHARGE-WIRED-OPEN:32826.2 WLC_CHECK:1 gnss_tcxo_therm:33397 modem_therm:33241 rffe_therm:32907 soc_therm:33887 thb_hda:53 
04-15 02:40:57.981  1757  1757 I pixel-thermal: VIRTUAL-SKIN-OUTER-DISPLAY:29.8585 raw data: VIRTUAL-SKIN-OUTER-DISPLAY:29858.5 display_therm:30080 
04-15 02:40:57.981  1757  1757 I pixel-thermal: cellular-emergency:33.8118 raw data: VIRTUAL-SKIN:33811.8 cellular-emergency:33811.8 
04-15 02:40:57.981  1757  1757 I pixel-thermal: soc_therm:33.887 raw data: soc_therm:33887 
04-15 02:40:57.981  1068  1068 D AOC     : F1:MSG: controller.cc, 275: AudioOutCtrl: cmd ID: 0x010f, tag: 0x98 [cntr = 114]
04-15 02:40:57.981  1757  1757 I pixel-thermal: VIRTUAL-SKIN-CHARGE-PERSIST:32.8262 raw data: IS_WLC:0 NO_WLC:1 VIRTUAL-SKIN-CHARGE-PERSIST:32826.2 VIRTUAL-SKIN-CHARGE-WIRED-EQ:32826.2 VIRTUAL-SKIN-CHARGE-WLC-EQ:32602.6 charger_therm:34043 gnss_tcxo_therm:33397 rffe_therm:32907 
04-15 02:40:57.981  1757  1757 I pixel-thermal: VIRTUAL-SKIN-INNER-DISPLAY:33.8118 raw data: VIRTUAL-SKIN-INNER-DISPLAY:33811.8 VIRTUAL-SKIN-OPEN:33811.8 
04-15 02:40:57.981   812  1752 I AHal::AudioRoutePathController: ApplyPath: primary-playback-0 -> speaker-safe: true
04-15 02:40:57.981   812  1752 I AHal::DeviceInterface: Connect: connect primary-playback-0 -> speaker-safe
04-15 02:40:57.981   812  1752 I AHal::Waves: UpdateActiveDevices: adding speaker-safe
04-15 02:40:57.982  1757  1757 I pixel-thermal: gnss_tcxo_therm:33.397 raw data: gnss_tcxo_therm:33397 
04-15 02:40:57.982  1757  1757 I pixel-thermal: charger_therm:34.043 raw data: charger_therm:34043 
04-15 02:40:57.982  1757  1757 I pixel-thermal: usb_conn_therm:30.926 raw data: usb_conn_therm:30926 
04-15 02:40:57.982  1757  1757 I pixel-thermal: modem_therm:33.241 raw data: modem_therm:33241 
04-15 02:40:57.982   812  1412 I AHal::Waves::CustomAction: UpdateThermistors: update link law source: 1 value: 29.8213, 29.8213
04-15 02:40:57.982  1068  1068 D AOC     : F1:Source 1 [Primary] mastered by sink 0 [Speaker]
04-15 02:40:57.982  1068  1068 D AOC     : F1:AT Map:2 (LL:0), 1 EPs active, Power: Yes, Config: No
04-15 02:40:57.983  1068  1068 D AOC     : F1:Mixer 0 configuration changed: (2)
04-15 02:40:57.983  1068  1068 D AOC     : F1:Sink 0 Configuration changed: ULL (enabled)
04-15 02:40:57.983  1068  1068 D AOC     : F1:AHWSinkSPKR started: 48 samples (32-bit,2 ch,48 kHz) block 384 ts_en 0
04-15 02:40:57.983  1068  1068 D AOC     : F1:[AHWSinkSPKR] DL resync B: 0, A:0. wo: 0, target offset: 3264 (align 0) -> ro:0
04-15 02:40:57.983   812  1752 I AHal::AocPlaybackTuningAdapter: WriteReadTuningBuffer: updated tuning with size 4
04-15 02:40:57.983  1068  1068 D AOC     : F1:Speaker TDM Started with Clk: 6144 KHz, FS: 48 KHz, Slots: 4 (4 ch used) DMA:1+2
04-15 02:40:57.983   812  1752 I AHal::Waves: UpdateTuning: Wake up Waves DSP for speaker-safe
04-15 02:40:57.983   812  1752 I AHal::Waves::CustomAction: GetData: Custom Data: {4194304,0,1,0,0,}
04-15 02:40:57.983  1068  1068 D AOC     : F1:MSG: controller.cc, 917: AudioOutCtrl: ipc: audio_output_co, cmd ID: 0x010f, tag: 0x98, rc: 0
04-15 02:40:57.983  1068  1068 D AOC     : F1:MSG: controller.cc, 275: AudioOutCtrl: cmd ID: 0x00d5, tag: 0x02 [cntr = 115]
04-15 02:40:57.983  1068  1068 D AOC     : F1:MSG: controller.cc, 917: AudioOutCtrl: ipc: audio_output_tu, cmd ID: 0x00d5, tag: 0x10, rc: 0
04-15 02:40:57.983  5432  5888 D BluetoothAdapter: HEADSET connected
04-15 02:40:57.983  1068  1068 D AOC     : H0:Mixer AMixSPKR: 480 samples (0002/0002) (ON SC) multi out OFF
04-15 02:40:57.984  1068  1068 D AOC     : H0:	 1: 0x40628ec8
04-15 02:40:57.984  1068  1068 D AOC     : H0:AMixSPKR PostProcessing Config: WAVES
04-15 02:40:57.984  1068  1068 D AOC     : H0:Mixer configuration updated
04-15 02:40:57.984  4416  1571 D AudioSystem: onNewService: media.audio_policy service obtained 0xb4000071721bae20
04-15 02:40:57.984  4416  1571 D AudioSystem: getService: checking for service media.audio_policy: 0xb4000071721bae20
04-15 02:40:57.984  5432  5432 E ahka    : Error locating SCO method
04-15 02:40:57.984  5432  5432 E ahka    : java.lang.NoSuchMethodException: android.bluetooth.BluetoothHeadset.startScoUsingVirtualVoiceCall [class android.bluetooth.BluetoothDevice]
04-15 02:40:57.984  5432  5432 E ahka    : 	at java.lang.Class.getMethod(Class.java:2950)
04-15 02:40:57.984  5432  5432 E ahka    : 	at java.lang.Class.getMethod(Class.java:2450)
04-15 02:40:57.984  5432  5432 E ahka    : 	at ahjw.<clinit>(PG:13)
04-15 02:40:57.984  5432  5432 E ahka    : 	at ahjt.onServiceConnected(PG:1)
04-15 02:40:57.984  5432  5432 E ahka    : 	at android.bluetooth.BluetoothAdapter$ProfileConnection.lambda$connect$0(BluetoothAdapter.java:913)
04-15 02:40:57.984  5432  5432 E ahka    : 	at android.bluetooth.BluetoothAdapter$ProfileConnection.$r8$lambda$hMSj6DHUqt7YX73SazN4nT4TGpw(Unknown Source:0)
04-15 02:40:57.984  5432  5432 E ahka    : 	at android.bluetooth.BluetoothAdapter$ProfileConnection$$ExternalSyntheticLambda0.run(D8$$SyntheticClass:0)
04-15 02:40:57.984  5432  5432 E ahka    : 	at android.bluetooth.BluetoothUtils.lambda$executeFromBinder$0(BluetoothUtils.java:343)
04-15 02:40:57.984  5432  5432 E ahka    : 	at android.bluetooth.BluetoothUtils$$ExternalSyntheticLambda1.run(D8$$SyntheticClass:0)
04-15 02:40:57.984  5432  5432 E ahka    : 	at android.os.Handler.handleCallback(Handler.java:991)
04-15 02:40:57.984  5432  5432 E ahka    : 	at android.os.Handler.dispatchMessage(Handler.java:102)
04-15 02:40:57.984  5432  5432 E ahka    : 	at android.os.Looper.loopOnce(Looper.java:232)
04-15 02:40:57.984  5432  5432 E ahka    : 	at android.os.Looper.loop(Looper.java:317)
04-15 02:40:57.984  5432  5432 E ahka    : 	at android.app.ActivityThread.main(ActivityThread.java:8934)
04-15 02:40:57.984  5432  5432 E ahka    : 	at java.lang.reflect.Method.invoke(Native Method)
04-15 02:40:57.984  5432  5432 E ahka    : 	at com.android.internal.os.RuntimeInit$MethodAndArgsCaller.run(RuntimeInit.java:591)
04-15 02:40:57.984  5432  5432 E ahka    : 	at com.android.internal.os.ZygoteInit.main(ZygoteInit.java:911)
04-15 02:40:57.985  4898  4936 W HWUI    : Image decoding logging dropped!
04-15 02:40:57.987 13268 14053 D CompatChangeReporter: Compat change id reported: 311402873; UID 10143; state: ENABLED
04-15 02:40:57.987 13268 14053 D CompatChangeReporter: Compat change id reported: 323349338; UID 10143; state: ENABLED
04-15 02:40:57.987 13268 14053 D WM-SystemJobScheduler: Scheduling work ID ddbe09df-3a39-4cd5-a3ed-5eee489ecd77Job ID 8
04-15 02:40:57.987  1068  1068 D AOC     : H0:[Idle Tracker] long no idle:[0] average between idle:[0.290438ms] max no idle:[1.678710ms]
04-15 02:40:57.987  1068  1068 D AOC     : H0:Mixer state changed
04-15 02:40:57.987  1068  1068 D AOC     : H0:MSG: controller.cc, 917: AudOutCtrlH0: ipc: C-AO-H0, cmd ID: 0x00d5, tag: 0x10, rc: 0
04-15 02:40:57.987  1068  1068 D AOC     : F1:MSG: controller.cc, 275: AudioOutCtrl: cmd ID: 0x00d5, tag: 0x03 [cntr = 116]
04-15 02:40:57.988  1360  6570 D CompatChangeReporter: Compat change id reported: 311402873; UID 10143; state: ENABLED
04-15 02:40:57.988  1360  6570 D CompatChangeReporter: Compat change id reported: 323349338; UID 10143; state: ENABLED
04-15 02:40:57.988  1889  1889 I cr_ChildProcessService: Creating new ChildProcessService pid=1889
04-15 02:40:57.988  1068  1068 D AOC     : H0:MSG: controller.cc, 917: AudOutCtrlH0: ipc: C-AO-H0, cmd ID: 0x00d5, tag: 0x11, rc: 0
04-15 02:40:57.988   812  1752 I AHal::AocPlaybackTuningAdapter: WriteReadTuningBuffer: updated tuning with size 12724
04-15 02:40:57.988  1068  1068 D AOC     : F1:MSG: controller.cc, 917: AudioOutCtrl: ipc: audio_output_tu, cmd ID: 0x00d5, tag: 0x11, rc: 0
04-15 02:40:57.989   812  1752 D AHal::Waves: UpdateTuning: update Device: speaker-safe, InstanceId: 1, IsInitialize: false, NeedToUpdate: true, Parameters{is_bypass:false, MaxVolume: 0, ScreenOrientation: 90}, is_any_active_track_on_sink: true
04-15 02:40:57.989   812  1752 I AHal::Router: InvalidateLocked: ============ apply graph #37 end ============
04-15 02:40:57.989   812  1412 I AHal::Waves::CustomAction: GetData: Custom Data: {4194304,0,1,0,0,}
04-15 02:40:57.989   812  1752 I ASvc::PeriodicWorker: SetLinkedConfigIds: update linked configs [100002]
04-15 02:40:57.989   812  1752 I AHal::Stream: Start: start stream primary-playback
04-15 02:40:57.989   812  1752 D AHal::TinyalsaDriverOperations: OpenAndPrepareLocked: open pcmC0D1p with [channel: 2, rate: 48000, period_size: 480, period_count: 4, format: 9, start_threshold: 0, stop_threshold: 18446744073709551615, silence_threshold: 0, silence_size: 0, avail_min: 0]
04-15 02:40:57.989   812  1412 D AHal::Waves: UpdateTuning: update Device: speaker-safe, UpdateCustomParameter: TemperatureThermistor, InstanceId: 1, IsInitialize: true, NeedToUpdate: true, Parameters{is_bypass:false, MaxVolume: 0, ScreenOrientation: 90}, is_any_active_track_on_sink: true
04-15 02:40:57.990  1360  4371 D BackgroundInstallControlService: Package event received: 0
04-15 02:40:57.990  5938  1827 W Tips_DeviceCountryImpl: Country ISO should be 2 letters, not ''
04-15 02:40:57.992  4898  4936 W HWUI    : Image decoding logging dropped!
04-15 02:40:57.992 28536 28563 I eycw    : #getHotwordModelConfig
04-15 02:40:57.995 15975  1596 I ShortcutBadger: Checking if platform supports badge counters, attempt 1/3.
04-15 02:40:57.995 28536 28573 I eycw    : #getHotwordModelConfig
04-15 02:40:57.995 28536 28573 I dnhf    : (REDACTED) MDD.getFileGroup(%s)
04-15 02:40:57.996  1068  1068 D AOC     : F1:MSG: controller.cc, 275: AudioOutCtrl: cmd ID: 0x00ce, tag: 0x99 [cntr = 117]
04-15 02:40:57.996  1068  1068 D AOC     : F1:MSG: controller_audio_output.cc, 1943: audio_playback1 set default threshold 11520
04-15 02:40:57.996  1068  1068 D AOC     : F1:RAW Endpoint Data Format: 32-bit floating point (XTensa Optimized)
04-15 02:40:57.997  1068  1068 D AOC     : F1:MSG: controller.cc, 917: AudioOutCtrl: ipc: audio_output_co, cmd ID: 0x0132, tag: 0x04, rc: 0
04-15 02:40:57.997  4898  4936 W HWUI    : Image decoding logging dropped!
04-15 02:40:57.997  1068  1068 D AOC     : F1:MSG: controller.cc, 275: AudioOutCtrl: cmd ID: 0x012a, tag: 0x9a [cntr = 118]
04-15 02:40:57.997  1068  1068 D AOC     : F1:MSG: controller_audio_output.cc, 2082: audio_playback1 set threshold 11520 of 15360
04-15 02:40:57.997  1068  1068 D AOC     : F1:MSG: controller.cc, 917: AudioOutCtrl: ipc: audio_output_co, cmd ID: 0x012a, tag: 0x9a, rc: 0
04-15 02:40:57.997  1068  1068 D AOC     : F1:MSG: controller.cc, 275: AudioOutCtrl: cmd ID: 0x00c9, tag: 0x9b [cntr = 119]
04-15 02:40:57.998  1068  1068 D AOC     : F1:MSG: controller.cc, 917: AudioOutCtrl: ipc: audio_output_co, cmd ID: 0x00c9, tag: 0x9b, rc: 0
04-15 02:40:57.998  5432  5893 V ClearcutMetricXmitter: Transmission is done.
04-15 02:40:57.998  1360  4371 D BackgroundInstallControlService: Package event received: 0
04-15 02:40:57.999  4898  4936 W HWUI    : Image decoding logging dropped!
04-15 02:40:57.999  1806  1806 D ApplicationLoaders: Returning zygote-cached class loader: /system/framework/org.apache.http.legacy.jar
04-15 02:40:57.999  1806  1806 D ApplicationLoaders: Returning zygote-cached class loader: /system_ext/framework/androidx.window.extensions.jar
04-15 02:40:57.999  1806  1806 D ApplicationLoaders: Returning zygote-cached class loader: /system_ext/framework/androidx.window.sidecar.jar
04-15 02:40:58.002  5938  1827 I Tips_SignalsDetectionMa: savedBluetoothSignals size = 0
04-15 02:40:58.002  5938  1827 I Tips_SignalsDetectionMa: key is = 1, values = # com.google.android.apps.tips.n.b.e@a2e15
04-15 02:40:58.004 28536 28563 I dnhf    : (REDACTED) MDD.getFileGroup(%s)
04-15 02:40:58.005  4898  4936 W HWUI    : Image decoding logging dropped!
04-15 02:40:58.007 13268 13268 D WM-SystemJobService: onStartJob for WorkGenerationalId(workSpecId=ddbe09df-3a39-4cd5-a3ed-5eee489ecd77, generation=0)
04-15 02:40:58.010  5432  5900 I suj     : Successfully initialized all components
04-15 02:40:58.011  1806  1806 D nativeloader: InitLlndkLibrariesProduct: libEGL.so:libGLESv1_CM.so:libGLESv2.so:libGLESv3.so:libRS.so:libandroid_net.so:libapexsupport.so:libavf.so:libbinder_ndk.so:libc.so:libcgrouprc.so:libclang_rt.asan-aarch64-android.so:libclang_rt.hwasan-aarch64-android.so:libcom.android.tethering.connectivity_native.so:libdl.so:libft2.so:liblog.so:libm.so:libmediandk.so:libnativewindow.so:libneuralnetworks.so:libselinux.so:libsync.so:libvendorsupport.so:libvndksupport.so:libvulkan.so
04-15 02:40:58.011  1806  1806 D nativeloader: Configuring product-clns-7 for unbundled product apk /product/app/Maps/Maps.apk. target_sdk_version=35, uses_libraries=, library_path=/product/app/Maps/lib/arm64:/product/app/Maps/Maps.apk!/lib/arm64-v8a:/product/lib64:/system/product/lib64, permitted_path=/data:/mnt/expand:/data/user/0/com.google.android.apps.maps:/product/lib64:/system/product/lib64
04-15 02:40:58.013  5432  5432 I ffif    : (REDACTED) O received %s
04-15 02:40:58.013  1806  1806 D nativeloader: InitVndkspLibrariesProduct: VNDK is deprecated with product
04-15 02:40:58.013  1806  1806 D CompatChangeReporter: Compat change id reported: 202956589; UID 10198; state: ENABLED
04-15 02:40:58.014  5432  5901 W eifa    : Failed to notify listeners
04-15 02:40:58.014  5432  5901 W eifa    : java.util.concurrent.CancellationException
04-15 02:40:58.014  5432  5901 W eifa    : 	at java.util.concurrent.FutureTask.report(FutureTask.java:121)
04-15 02:40:58.014  5432  5901 W eifa    : 	at java.util.concurrent.FutureTask.get(FutureTask.java:191)
04-15 02:40:58.014  5432  5901 W eifa    : 	at fsay.get(PG:1)
04-15 02:40:58.014  5432  5901 W eifa    : 	at ggeo.F(PG:2)
04-15 02:40:58.014  5432  5901 W eifa    : 	at fscg.t(PG:10)
04-15 02:40:58.014  5432  5901 W eifa    : 	at fsbe.run(PG:24)
04-15 02:40:58.014  5432  5901 W eifa    : 	at fsaj.execute(PG:1)
04-15 02:40:58.014  5432  5901 W eifa    : 	at fsan.c(PG:1)
04-15 02:40:58.014  5432  5901 W eifa    : 	at fsan.b(PG:32)
04-15 02:40:58.014  5432  5901 W eifa    : 	at fsbx.done(PG:3)
04-15 02:40:58.014  5432  5901 W eifa    : 	at java.util.concurrent.FutureTask.finishCompletion(FutureTask.java:381)
04-15 02:40:58.014  5432  5901 W eifa    : 	at java.util.concurrent.FutureTask.cancel(FutureTask.java:179)
04-15 02:40:58.014  5432  5901 W eifa    : 	at fsay.cancel(PG:5)
04-15 02:40:58.014  5432  5901 W eifa    : 	at eier.run(PG:14)
04-15 02:40:58.014  5432  5901 W eifa    : 	at fhqe.run(PG:24)
04-15 02:40:58.014  5432  5901 W eifa    : 	at java.util.concurrent.Executors$RunnableAdapter.call(Executors.java:487)
04-15 02:40:58.014  5432  5901 W eifa    : 	at fsct.a(PG:3)
04-15 02:40:58.014  5432  5901 W eifa    : 	at fsbu.run(PG:19)
04-15 02:40:58.014  5432  5901 W eifa    : 	at fscu.run(PG:5)
04-15 02:40:58.014  5432  5901 W eifa    : 	at doqv.run(PG:3)
04-15 02:40:58.014  5432  5901 W eifa    : 	at fqpl.run(PG:50)
04-15 02:40:58.014  5432  5901 W eifa    : 	at doqn.run(PG:14)
04-15 02:40:58.014  5432  5901 W eifa    : 	at java.lang.Thread.run(Thread.java:1012)
04-15 02:40:58.014  5432  5901 W eifa    : 	at dosa.run(PG:74)
04-15 02:40:58.014  5432  5901 I bjqx    : (REDACTED) Invalidating %s caches for %s
04-15 02:40:58.014  5432  5901 I egbr    : (REDACTED) Invalidation request: %s
04-15 02:40:58.014  4898  4936 W HWUI    : Image decoding logging dropped!
04-15 02:40:58.015  5432  5901 I eprm    : (REDACTED) Invalidated ContextKey: %s for %s.
04-15 02:40:58.015  5432  5901 I eprv    : (REDACTED) Fetching context keys %s. %s
04-15 02:40:58.015  5432  5901 I eprv    : (REDACTED) Fetching ContextResult for ContextKey: %s. %s
04-15 02:40:58.016  5432  5901 I eprv    : (REDACTED) Fetching ContextResult for ContextKey: %s. %s
04-15 02:40:58.017   901  4746 W APM::HwModule: getDeviceDescriptor: could not find HW module for device  (AUDIO_DEVICE_OUT_WIRED_HEADSET, 00000004) address 
04-15 02:40:58.017   901  4746 W APM::HwModule: getDeviceDescriptor: could not find HW module for device  (AUDIO_DEVICE_OUT_WIRED_HEADPHONE, 00000008) address 
04-15 02:40:58.018  5432  5901 I egcx    : (REDACTED) GetContext(%s, %s): %s from synchronized cache (status: %s)
04-15 02:40:58.018 13029  1595 I Finsky  : [202] SCH: Satisfied jobs for 9196 are: 37-13
04-15 02:40:58.018  5432  5901 I egac    : (REDACTED) GetContext(%s, %s): Fetching from provider
04-15 02:40:58.018   812   812 I AHal::Waves: UpdateUseCasesState: set active max volume 0.281839
04-15 02:40:58.019   812   812 I AHal::Waves::CustomAction: GetData: Custom Data: {4194304,0,1,0,0,}
04-15 02:40:58.019   812   812 D AHal::ThirdPartyEffectAmcs: UpdateAMCSData: update volume index[0] duration 35 ms.
04-15 02:40:58.020  1360  6567 D ActivityManager: sync unfroze 10414 com.google.android.webview:webview_apk for 6
04-15 02:40:58.020  1068  1068 D AOC     : F1:MSG: controller.cc, 275: AudioOutCtrl: cmd ID: 0x00d5, tag: 0x04 [cntr = 120]
04-15 02:40:58.020   812   812 I AHal::AocPlaybackTuningAdapter: WriteReadTuningBuffer: updated tuning with size 316
04-15 02:40:58.021  1068  1068 D AOC     : H0:MSG: controller.cc, 917: AudOutCtrlH0: ipc: C-AO-H0, cmd ID: 0x00d5, tag: 0x12, rc: 0
04-15 02:40:58.021   812   812 D AHal::Waves: UpdateTuning: update Device: speaker-safe, InstanceId: 1, IsInitialize: true, NeedToUpdate: true, Parameters{is_bypass:false, MaxVolume: 0.281839, ScreenOrientation: 90}, is_any_active_track_on_sink: true
04-15 02:40:58.021   812   812 I StHal::SoundTriggerHal: ProcessStreamMetadata: active usage tracks: 0
04-15 02:40:58.021   812   812 D BTAudioSessionAidl: UpdateSourceMetadata - SessionType=LE_AUDIO_HARDWARE_OFFLOAD_ENCODING_DATAPATH has NO session
04-15 02:40:58.021   812   812 D BTAudioSessionAidl: GetSupportedLatencyModes - SessionType=LE_AUDIO_HARDWARE_OFFLOAD_ENCODING_DATAPATH has NO session
04-15 02:40:58.021   812   812 D BTAudioSessionAidl: SetLatencyMode - SessionType=LE_AUDIO_HARDWARE_OFFLOAD_ENCODING_DATAPATH has NO session
04-15 02:40:58.021   812   812 D BTAudioSessionAidl: GetSupportedLatencyModes - SessionType=A2DP_HARDWARE_OFFLOAD_ENCODING_DATAPATH has NO session
04-15 02:40:58.021   812   812 D BTAudioSessionAidl: SetLatencyMode - SessionType=A2DP_HARDWARE_OFFLOAD_ENCODING_DATAPATH has NO session
04-15 02:40:58.021  1068  1068 D AOC     : F1:MSG: controller.cc, 917: AudioOutCtrl: ipc: audio_output_tu, cmd ID: 0x00d5, tag: 0x12, rc: 0
04-15 02:40:58.021  4898  4936 W HWUI    : Image decoding logging dropped!
04-15 02:40:58.023  4898  4936 W HWUI    : Image decoding logging dropped!
04-15 02:40:58.025  1806  1806 V GraphicsEnvironment: Currently set values for:
04-15 02:40:58.025  1806  1806 V GraphicsEnvironment:   angle_gl_driver_selection_pkgs=[com.android.angle, com.linecorp.b612.android, com.campmobile.snow, com.google.android.apps.tachyon]
04-15 02:40:58.025  1806  1806 V GraphicsEnvironment:   angle_gl_driver_selection_values=[angle, native, native, native]
04-15 02:40:58.025  1806  1806 V GraphicsEnvironment: com.google.android.apps.maps is not listed in per-application setting
04-15 02:40:58.025  1806  1806 V GraphicsEnvironment: Neither updatable production driver nor prerelease driver is supported.
04-15 02:40:58.030  5432  5941 I epnb    : (REDACTED) getting App Capabilities from InstalledAppsCache %s
04-15 02:40:58.030  5432  5893 W eifa    : Failed to notify listeners
04-15 02:40:58.030  5432  5893 W eifa    : java.util.concurrent.CancellationException
04-15 02:40:58.030  5432  5893 W eifa    : 	at java.util.concurrent.FutureTask.report(FutureTask.java:121)
04-15 02:40:58.030  5432  5893 W eifa    : 	at java.util.concurrent.FutureTask.get(FutureTask.java:191)
04-15 02:40:58.030  5432  5893 W eifa    : 	at fsay.get(PG:1)
04-15 02:40:58.030  5432  5893 W eifa    : 	at ggeo.F(PG:2)
04-15 02:40:58.030  5432  5893 W eifa    : 	at fscg.t(PG:10)
04-15 02:40:58.030  5432  5893 W eifa    : 	at fsbe.run(PG:24)
04-15 02:40:58.030  5432  5893 W eifa    : 	at fsaj.execute(PG:1)
04-15 02:40:58.030  5432  5893 W eifa    : 	at fsan.c(PG:1)
04-15 02:40:58.030  5432  5893 W eifa    : 	at fsan.b(PG:32)
04-15 02:40:58.030  5432  5893 W eifa    : 	at fsbx.done(PG:3)
04-15 02:40:58.030  5432  5893 W eifa    : 	at java.util.concurrent.FutureTask.finishCompletion(FutureTask.java:381)
04-15 02:40:58.030  5432  5893 W eifa    : 	at java.util.concurrent.FutureTask.cancel(FutureTask.java:179)
04-15 02:40:58.030  5432  5893 W eifa    : 	at fsay.cancel(PG:5)
04-15 02:40:58.030  5432  5893 W eifa    : 	at eier.run(PG:14)
04-15 02:40:58.030  5432  5893 W eifa    : 	at fhqe.run(PG:24)
04-15 02:40:58.030  5432  5893 W eifa    : 	at java.util.concurrent.Executors$RunnableAdapter.call(Executors.java:487)
04-15 02:40:58.030  5432  5893 W eifa    : 	at fsct.a(PG:3)
04-15 02:40:58.030  5432  5893 W eifa    : 	at fsbu.run(PG:19)
04-15 02:40:58.030  5432  5893 W eifa    : 	at fscu.run(PG:5)
04-15 02:40:58.030  5432  5893 W eifa    : 	at doqv.run(PG:3)
04-15 02:40:58.030  5432  5893 W eifa    : 	at fqpl.run(PG:50)
04-15 02:40:58.030  5432  5893 W eifa    : 	at doqn.run(PG:14)
04-15 02:40:58.030  5432  5893 W eifa    : 	at java.lang.Thread.run(Thread.java:1012)
04-15 02:40:58.030  5432  5893 W eifa    : 	at dosa.run(PG:74)
04-15 02:40:58.031  5938  5997 D Tips_SendSmartspaceCard: doWork
04-15 02:40:58.031  5938  5997 D Tips_SmartspaceDataStor: hasSentSmartspaceCard in Tips 1.0 = false
