04-15 02:40:57.600  1649  1649 E droid.apps.docs: Not starting debugger since process cannot load the jdwp agent.
04-15 02:40:57.600  4898  4936 W HWUI    : Image decoding logging dropped!
04-15 02:40:57.600  1360  5566 D CoreBackPreview: Window{b47142d u0 NotificationShade}: Setting back callback OnBackInvokedCallbackInfo{mCallback=android.window.IOnBackInvokedCallback$Stub$Proxy@6255414, mPriority=0, mIsAnimationCallback=false, mOverrideBehavior=0}
04-15 02:40:57.603  1649  1649 D nativeloader: Load libframework-connectivity-tiramisu-jni.so using APEX ns com_android_tethering for caller /apex/com.android.tethering/javalib/framework-connectivity-t.jar: ok
04-15 02:40:57.603 13029 13062 I Finsky  : [51] Current account updated in PVS
04-15 02:40:57.604 13029 13062 I Finsky  : [51] Current account updated in PVS
04-15 02:40:57.605 13029 13062 I Finsky  : [51] Current account updated in PVS
04-15 02:40:57.606 13029 13062 I Finsky  : [51] Current account updated in PVS
04-15 02:40:57.606 13029 13062 I Finsky  : [51] Current account updated in PVS
04-15 02:40:57.607 13029 13062 I Finsky  : [51] Current account updated in PVS
04-15 02:40:57.608 13029 13062 I Finsky  : [51] Current account updated in PVS
04-15 02:40:57.608 13029 13062 I Finsky  : [51] Current account updated in PVS
04-15 02:40:57.609 13029 13062 I Finsky  : [51] Current account updated in PVS
04-15 02:40:57.661   822   822 W TracingMuxer: type=1400 audit(0.0:11707): avc:  denied  { write } for  name="traced_producer" dev="tmpfs" ino=1265 scontext=u:r:hal_neuralnetworks_darwinn:s0 tcontext=u:object_r:traced_producer_socket:s0 tclass=sock_file permissive=0
04-15 02:40:57.610  4416  4416 W View    : requestLayout() improperly called by android.widget.TextView{e8f3d25 V.ED..... ......ID 56,23-303,70 #7f0a085e app:id/text} during layout: running second layout pass
04-15 02:40:57.610 13029 13103 I Finsky  : [66] SCH: Scheduling 1 system job(s)
04-15 02:40:57.610 13029 13103 I Finsky  : [66] SCH: Scheduling expedited system job 9196
04-15 02:40:57.613  4898  4936 W HWUI    : Image decoding logging dropped!
04-15 02:40:57.616 28536 28567 I amrs    : NGA Sync: beginOnDataPresent
04-15 02:40:57.619  4898  4936 W HWUI    : Image decoding logging dropped!
04-15 02:40:57.620  4416  4416 D DLIndicator: onViewDetachedFromWindow()
04-15 02:40:57.621 32450  1574 I ContactsFTS: Rebuild contact search index in 11ms, 0 contacts
04-15 02:40:57.622 13362  1648 W JobInfo : Job 'com.android.vending/com.google.android.finsky.instantapps.metrics.LogFlushJob#165064389' has a deadline with no functional constraints. The deadline won't improve job execution latency. Consider removing the deadline.
04-15 02:40:57.623  1360  4601 W JobInfo : Job 'com.android.vending/com.google.android.finsky.instantapps.metrics.LogFlushJob#165064389' has a deadline with no functional constraints. The deadline won't improve job execution latency. Consider removing the deadline.
04-15 02:40:57.625  5489 12791 D ForegroundUtils: Foreground UID status:
04-15 02:40:57.625  5489 12791 D ForegroundUtils: UID: 10166 is in foreground: false
04-15 02:40:57.625  5489 12791 D ForegroundUtils: UID: 10182 is in foreground: true
04-15 02:40:57.625  5489 12791 D ForegroundUtils: UID: 10247 is in foreground: true
04-15 02:40:57.625 11684 11976 I UriTaskContentObserver: (REDACTED) Throttling content uri change event for %s
04-15 02:40:57.625  5489 12791 D ForegroundUtils: UID: 10292 is in foreground: true
04-15 02:40:57.625 11684 11976 I UriTaskContentObserver: (REDACTED) Throttling content uri change event for %s
04-15 02:40:57.628  1649  1649 D CompatChangeReporter: Compat change id reported: 242716250; UID 10203; state: ENABLED
04-15 02:40:57.628 13029 13062 I Finsky  : [51] Current account updated in PVS
04-15 02:40:57.629 13029 13062 I Finsky  : [51] Current account updated in PVS
04-15 02:40:57.630 13029 13062 I Finsky  : [51] Current account updated in PVS
04-15 02:40:57.633  4898  4936 W HWUI    : Image decoding logging dropped!
04-15 02:40:57.633  1360  6567 V SafetySourceDataValidat: Package: com.android.vending has expected signature
04-15 02:40:57.633  4898  4936 W HWUI    : Image decoding logging dropped!
04-15 02:40:57.634 13029 13029 I Finsky  : [2] SCH: job service start with id 9196.
04-15 02:40:57.635 28536 28574 W AmbientPrefs: (REDACTED) SmartspaceCard: %s should not use MainPreferences setting!
04-15 02:40:57.636  1649  1649 D ApplicationLoaders: Returning zygote-cached class loader: /system/framework/org.apache.http.legacy.jar
04-15 02:40:57.636  1649  1649 D ApplicationLoaders: Returning zygote-cached class loader: /system_ext/framework/androidx.window.extensions.jar
04-15 02:40:57.636  1649  1649 D ApplicationLoaders: Returning zygote-cached class loader: /system_ext/framework/androidx.window.sidecar.jar
04-15 02:40:57.637 28536 28574 W AmbientPrefs: (REDACTED) SmartspaceCard: %s should not use MainPreferences setting!
04-15 02:40:57.637  4416  4953 D LocalImageResolver: Couldn't use ImageDecoder for drawable, falling back to non-resized load.
04-15 02:40:57.641  4898  4936 W HWUI    : Image decoding logging dropped!
04-15 02:40:57.642 11684  1264 I NetworkScheduler.Stats: (REDACTED) Task %s/%s finished executing. cause:%s result: %s elapsed_millis: %s uptime_millis: %s exec_start_elapsed_seconds: %s
04-15 02:40:57.643 13029 13063 I Finsky  : [52] Current account updated in PVS
04-15 02:40:57.645 13029 13062 I Finsky  : [51] Current account updated in PVS
04-15 02:40:57.646  4416  4416 D DeviceEntryIconViewBinder: Initializing device entry fgIconView
04-15 02:40:57.646  1360  6567 I WindowManager: finishDrawing of orientation change: Window{b47142d u0 NotificationShade} 31ms
04-15 02:40:57.647  1649  1649 D nativeloader: InitLlndkLibrariesProduct: libEGL.so:libGLESv1_CM.so:libGLESv2.so:libGLESv3.so:libRS.so:libandroid_net.so:libapexsupport.so:libavf.so:libbinder_ndk.so:libc.so:libcgrouprc.so:libclang_rt.asan-aarch64-android.so:libclang_rt.hwasan-aarch64-android.so:libcom.android.tethering.connectivity_native.so:libdl.so:libft2.so:liblog.so:libm.so:libmediandk.so:libnativewindow.so:libneuralnetworks.so:libselinux.so:libsync.so:libvendorsupport.so:libvndksupport.so:libvulkan.so
04-15 02:40:57.647  1649  1649 D nativeloader: Configuring product-clns-7 for unbundled product apk /product/app/Drive/Drive.apk. target_sdk_version=34, uses_libraries=, library_path=/product/app/Drive/lib/arm64:/product/app/Drive/Drive.apk!/lib/arm64-v8a:/product/lib64:/system/product/lib64, permitted_path=/data:/mnt/expand:/data/user/0/com.google.android.apps.docs:/product/lib64:/system/product/lib64
04-15 02:40:57.647 13029 13064 I Finsky  : [53] Current account updated in PVS
04-15 02:40:57.647  1649  1649 D nativeloader: InitVndkspLibrariesProduct: VNDK is deprecated with product
04-15 02:40:57.648 13029 13064 I Finsky  : [53] Current account updated in PVS
04-15 02:40:57.648 13029 13064 I Finsky  : [53] Current account updated in PVS
04-15 02:40:57.649 13029 13064 I Finsky  : [53] Current account updated in PVS
04-15 02:40:57.653  1360  4601 D BiometricService: canAuthenticate: User=0, Caller=0, Authenticators=255
04-15 02:40:57.653  4416  4953 D LocalImageResolver: Couldn't use ImageDecoder for drawable, falling back to non-resized load.
04-15 02:40:57.655  1360  4601 D BiometricService/PreAuthInfo: Package: com.android.systemui Sensor ID: 42 Modality: 8 Status: 7
04-15 02:40:57.655  1360  6567 D SystemServerTiming: getUserSwitchability-0
04-15 02:40:57.655  1360  6567 D SystemServerTiming: TM.isInCall
04-15 02:40:57.655  1360  5571 D SystemServerTiming: getUserSwitchability-0
04-15 02:40:57.655  1360  5571 D SystemServerTiming: TM.isInCall
04-15 02:40:57.655  4416  4416 D DLObserver: add listener: com.android.systemui.dock.DockManagerExtensionsKt$retrieveIsDocked$1$callback$1@4d7da39
04-15 02:40:57.656  1360  6567 D SystemServerTiming: hasUserRestriction-DISALLOW_USER_SWITCH
04-15 02:40:57.656  1360  6567 D SystemServerTiming: getInt-ALLOW_USER_SWITCHING_WHEN_SYSTEM_USER_LOCKED
04-15 02:40:57.656  4416  4416 D DLObserver: add listener: com.android.systemui.dock.DockManagerExtensionsKt$retrieveIsDocked$1$callback$1@57b787e
04-15 02:40:57.656  1360  6567 D SystemServerTiming: isUserUnlocked-USER_SYSTEM
04-15 02:40:57.656  4416  4416 D DLObserver: add listener: com.android.systemui.dock.DockManagerExtensionsKt$retrieveIsDocked$1$callback$1@3bce1df
04-15 02:40:57.656  1360  5571 D SystemServerTiming: hasUserRestriction-DISALLOW_USER_SWITCH
04-15 02:40:57.656  1360  5571 D SystemServerTiming: getInt-ALLOW_USER_SWITCHING_WHEN_SYSTEM_USER_LOCKED
04-15 02:40:57.656  4416  4416 D BiometricsRepositoryImpl: currentUser authFlags changed, new value: AuthenticationFlags(userId=0, flag=0)
04-15 02:40:57.656  1360  5571 D SystemServerTiming: isUserUnlocked-USER_SYSTEM
04-15 02:40:57.656  4416  4416 D DLObserver: onDockEvent mDockState = 0
04-15 02:40:57.656  4416  4416 D BiometricsRepositoryImpl: currentUser authFlags changed, new value: AuthenticationFlags(userId=0, flag=0)
04-15 02:40:57.656  4416  4416 D DLObserver: onDockEvent mDockState = 0
04-15 02:40:57.656  1360  4601 D BiometricService/PreAuthInfo: Package: com.android.systemui Sensor ID: 1 Modality: 2 Status: 7
04-15 02:40:57.656  4416  4416 D DLObserver: add listener: com.android.systemui.dock.DockManagerExtensionsKt$retrieveIsDocked$1$callback$1@5b84e2c
04-15 02:40:57.656  4416  4416 D DLObserver: add listener: com.android.systemui.dock.DockManagerExtensionsKt$retrieveIsDocked$1$callback$1@952e0f5
04-15 02:40:57.656  4416  4416 D DLObserver: add listener: com.android.systemui.dock.DockManagerExtensionsKt$retrieveIsDocked$1$callback$1@b529e8a
04-15 02:40:57.656  4416  4416 D BiometricsRepositoryImpl: currentUser authFlags changed, new value: AuthenticationFlags(userId=0, flag=0)
04-15 02:40:57.656  4416  4416 D DLObserver: onDockEvent mDockState = 0
04-15 02:40:57.656  4416  4416 D BiometricsRepositoryImpl: currentUser authFlags changed, new value: AuthenticationFlags(userId=0, flag=0)
04-15 02:40:57.656  4416  4416 D DLObserver: onDockEvent mDockState = 0
04-15 02:40:57.656  4416  4416 D BiometricsRepositoryImpl: currentUser authFlags changed, new value: AuthenticationFlags(userId=0, flag=0)
04-15 02:40:57.656  4416  4416 D DLObserver: onDockEvent mDockState = 0
04-15 02:40:57.656  4416  4416 D BiometricsRepositoryImpl: currentUser authFlags changed, new value: AuthenticationFlags(userId=0, flag=0)
04-15 02:40:57.656  4416  4416 D DLObserver: onDockEvent mDockState = 0
04-15 02:40:57.656  1360  4601 D BiometricService/PreAuthInfo: getCanAuthenticateInternal Modality: 2 AuthenticatorStatus: 7
04-15 02:40:57.656  1360  4601 D AuthService: canAuthenticate, userId: 0, callingUserId: 0, authenticators: 255, result: 11
04-15 02:40:57.657  4416  4541 D ControlsListingControllerImpl: Subscribing callback, service count: 0
04-15 02:40:57.657 13029 13064 I Finsky  : [53] Current account updated in PVS
04-15 02:40:57.658 13029 13063 I Finsky  : [52] Current account updated in PVS
04-15 02:40:57.659 15975  1115 I Bugle   : getRawTelephonyPhoneNumber redacted-pii[0-chars] [CONTEXT sub_id=-1 ]
04-15 02:40:57.659 15975  1115 I Bugle   : SubscriptionUtilsAsOfLMR1: getActiveSubscriptionInfo(): empty sub info for subscription{id:-1}
04-15 02:40:57.659 13029 13063 I Finsky  : [52] Current account updated in PVS
04-15 02:40:57.659  1649  1649 V GraphicsEnvironment: Currently set values for:
04-15 02:40:57.659  1649  1649 V GraphicsEnvironment:   angle_gl_driver_selection_pkgs=[com.android.angle, com.linecorp.b612.android, com.campmobile.snow, com.google.android.apps.tachyon]
04-15 02:40:57.659  1649  1649 V GraphicsEnvironment:   angle_gl_driver_selection_values=[angle, native, native, native]
04-15 02:40:57.660  1649  1649 V GraphicsEnvironment: com.google.android.apps.docs is not listed in per-application setting
04-15 02:40:57.660  1649  1649 V GraphicsEnvironment: Neither updatable production driver nor prerelease driver is supported.
04-15 02:40:57.660 13029 13063 I Finsky  : [52] Current account updated in PVS
04-15 02:40:57.660  4416  4416 W NotifRow: cancelAppearDrawing childKey: -1|android|32|null|1000 wasDrawing:false
04-15 02:40:57.660 13029 13063 I Finsky  : [52] Current account updated in PVS
04-15 02:40:57.661  4416  4416 W NotifRow: cancelAppearDrawing childKey: -1|android|54|null|1000 wasDrawing:false
04-15 02:40:57.664  1360  1699 D ActivityManager: sync unfroze 13268 com.google.android.apps.stargate for 3
04-15 02:40:57.664 11729 11766 I Icing   : Usage reports ok 0, Failed Usage reports 0, indexed 0, rejected 0
04-15 02:40:57.665  4416  4541 D ControlsListingControllerImpl: Subscribing callback, service count: 0
04-15 02:40:57.668  4416  4541 D ControlsListingControllerImpl: Subscribing callback, service count: 0
04-15 02:40:57.669  4898  4936 W HWUI    : Image decoding logging dropped!
04-15 02:40:57.670  4898  4936 W HWUI    : Image decoding logging dropped!
04-15 02:40:57.672 11729 11729 D BoundBrokerSvc: onBind: Intent { act=com.google.android.gms.wallet.service.BIND pkg=com.google.android.gms }
04-15 02:40:57.672 11729 11729 D BoundBrokerSvc: Loading bound service for intent: Intent { act=com.google.android.gms.wallet.service.BIND pkg=com.google.android.gms }
04-15 02:40:57.675  4898  4936 W HWUI    : Image decoding logging dropped!
04-15 02:40:57.675  1360  4371 D BackgroundInstallControlService: Package event received: 0
04-15 02:40:57.677  1360  4371 D BackgroundInstallControlService: Package event received: 0
04-15 02:40:57.678  1360  4371 D BackgroundInstallControlService: Package event received: 0
04-15 02:40:57.678 13268 13268 W TimedProcessReaper: Memory state is: 300
04-15 02:40:57.678 13268 13268 D TimedProcessReaper: Attempted to reap process, but schedule tolerance was exceeded
04-15 02:40:57.678 13268 13268 D TimedProcessReaper: Rescheduling process reaping with expedited retry
04-15 02:40:57.680 13029 13063 I Finsky  : [52] Current account updated in PVS
04-15 02:40:57.680 15975  1115 I BugleDataModel: ParticipantFullRefresh: Number of participants refreshed: 0
04-15 02:40:57.681 13029 13063 I Finsky  : [52] Current account updated in PVS
04-15 02:40:57.681  1360  5566 D CompatChangeReporter: Compat change id reported: 161145287; UID 10203; state: ENABLED
04-15 02:40:57.681 13029 13063 I Finsky  : [52] Current account updated in PVS
04-15 02:40:57.683  4898  4936 W HWUI    : Image decoding logging dropped!
04-15 02:40:57.684  4898  4936 W HWUI    : Image decoding logging dropped!
04-15 02:40:57.685 13029 13063 I Finsky  : [52] Current account updated in PVS
04-15 02:40:57.688  4898  4936 W HWUI    : Image decoding logging dropped!
04-15 02:40:57.688 13029 13063 I Finsky  : [52] Current account updated in PVS
04-15 02:40:57.689 13029 13063 I Finsky  : [52] Current account updated in PVS
04-15 02:40:57.689  4898  4936 W HWUI    : Image decoding logging dropped!
04-15 02:40:57.690 13029 13063 I Finsky  : [52] Current account updated in PVS
04-15 02:40:57.692 13029 13062 I Finsky  : [51] Current account updated in PVS
04-15 02:40:57.694 13029 13064 I Finsky  : [53] Current account updated in PVS
04-15 02:40:57.695 13029 13064 I Finsky  : [53] Current account updated in PVS
04-15 02:40:57.695 13029 13064 I Finsky  : [53] Current account updated in PVS
04-15 02:40:57.696 13029 13064 I Finsky  : [53] Current account updated in PVS
04-15 02:40:57.697  4898  4936 W HWUI    : Image decoding logging dropped!
04-15 02:40:57.698  4898  4936 W HWUI    : Image decoding logging dropped!
04-15 02:40:57.698 13029 13062 I Finsky  : [51] WM::SCH: Logging work initialize for 12-1
04-15 02:40:57.702  4898  4936 W HWUI    : Image decoding logging dropped!
04-15 02:40:57.703  4898  4936 W HWUI    : Image decoding logging dropped!
04-15 02:40:57.703 13029 13062 I Finsky  : [51] WM::SCH: Logging work initialize for 37-13
04-15 02:40:57.705  4416  4416 D DeviceEntryIconViewBinder: Updating device entry icon image state ForegroundIconViewModel(type=UNLOCK, useAodVariant=false, tint=-9023, padding=48)
04-15 02:40:57.705 15975  1115 I BugleDataModel: ActionExecutorImpl: ACTION_RESPONSE_QUEUED_SelfParticipantsRefreshAction
04-15 02:40:57.708 11729 11729 I serviceentitlement: (REDACTED) [CredManRegistrationManager] [%s][%s] Success to register credentials
04-15 02:40:57.711  4898  4936 W HWUI    : Image decoding logging dropped!
04-15 02:40:57.715  4898  4936 W HWUI    : Image decoding logging dropped!
04-15 02:40:57.720 28536 28566 I SS3PSurfacesSuggestAggr: Neither TNG Smartspace widget nor OEM is enabled.
04-15 02:40:57.720 28536 28566 I BcSsSuggestionAgg: #handleSmartspaceSettingsChange
04-15 02:40:57.720 28536 28566 I BcSsSuggestionAgg: #handlePcpDataUpdate
04-15 02:40:57.721 28536 28566 I dlzu    : (REDACTED) #entry Fetching proactive suggestions for [%s]
04-15 02:40:57.721  4898  4936 W HWUI    : Image decoding logging dropped!
04-15 02:40:57.722 11729 11766 I Icing   : Usage reports ok 0, Failed Usage reports 0, indexed 0, rejected 0
04-15 02:40:57.722  4898  4936 W HWUI    : Image decoding logging dropped!
04-15 02:40:57.723 28536 28566 I ayxx    : (REDACTED) %s getProactiveContent: %s
04-15 02:40:57.725 28536 28566 W cdmw    : Triggering event does not contain a headphone connection.
04-15 02:40:57.725 28536 28539 I earchbox:search: Compiler allocated 4133KB to compile java.lang.Object rng.h()
04-15 02:40:57.726 28536 28566 I ayzg    : (REDACTED) #getLastReturnedProactiveData for client type %s and proactive data type %s
04-15 02:40:57.726 28536 28566 I ayzv    : (REDACTED) #getLastReturnedProactiveData for client type %s and proactive data type %s
04-15 02:40:57.726 28536 28566 I ayzv    : (REDACTED) #getLastReturnedProactiveData for client type %s and proactive data type %s
04-15 02:40:57.728 28536  1722 I CrossProfileSender: tryMakeAsyncCalls
04-15 02:40:57.728 28536  1722 I CrossProfileSender: Attempting to bind
04-15 02:40:57.728 28536 28679 I cn_CronetUrlRequestContext: destroyNativeStreamLocked org.chromium.net.impl.CronetBidirectionalStream@e8cff41
04-15 02:40:57.729 28536  1722 I CrossProfileSender: Binding attempt failed: Permission not granted
04-15 02:40:57.733  4898  4936 W HWUI    : Image decoding logging dropped!
04-15 02:40:57.733 13029 13064 I Finsky  : [53] Current account updated in PVS
04-15 02:40:57.734 13029 13064 I Finsky  : [53] Current account updated in PVS
04-15 02:40:57.734 13029 13064 I Finsky  : [53] Current account updated in PVS
04-15 02:40:57.735 13029 13064 I Finsky  : [53] Current account updated in PVS
04-15 02:40:57.738  4898  4936 W HWUI    : Image decoding logging dropped!
04-15 02:40:57.740  4898  4936 W HWUI    : Image decoding logging dropped!
04-15 02:40:57.740 13029 13064 I Finsky  : [53] Current account updated in PVS
04-15 02:40:57.741 13029 13064 I Finsky  : [53] Current account updated in PVS
04-15 02:40:57.742 13029 13064 I Finsky  : [53] Current account updated in PVS
04-15 02:40:57.742 13029 13064 I Finsky  : [53] Current account updated in PVS
04-15 02:40:57.743 13029 13064 I Finsky  : [53] Current account updated in PVS
04-15 02:40:57.743 11729 11729 D BoundBrokerSvc: onBind: Intent { act=com.google.android.gms.pay.service.BIND dat=chimera-action:/... cmp=com.google.android.gms/.chimera.GmsApiService }
04-15 02:40:57.743 11729 11729 D BoundBrokerSvc: Loading bound service for intent: Intent { act=com.google.android.gms.pay.service.BIND dat=chimera-action:/... cmp=com.google.android.gms/.chimera.GmsApiService }
04-15 02:40:57.743 13029 13064 I Finsky  : [53] Current account updated in PVS
04-15 02:40:57.744 13029 13064 I Finsky  : [53] Current account updated in PVS
04-15 02:40:57.746 13029  1595 I Finsky  : [202] SCH: Satisfied jobs for 9196 are: 37-12
04-15 02:40:57.747 13029  1614 I Finsky  : [203] SCH: Job 37-12 starting
04-15 02:40:57.748  1360  4601 D CompatChangeReporter: Compat change id reported: 261072174; UID 10203; state: ENABLED
04-15 02:40:57.749 15975 15979 I .apps.messaging: JIT allocated 51KB for compiled code of java.lang.Object afrx.y()
04-15 02:40:57.750 15975 15979 I .apps.messaging: Compiler allocated 7246KB to compile java.lang.Object afrx.y()
04-15 02:40:57.751 11684 11684 D BoundBrokerSvc: onRebind: Intent { act=com.google.android.gms.auth.aang.events.services.START dat=chimera-action:/... cmp=com.google.android.gms/.chimera.PersistentApiService }
04-15 02:40:57.753  4898  4936 W HWUI    : Image decoding logging dropped!
04-15 02:40:57.753  4898  4936 W HWUI    : Image decoding logging dropped!
04-15 02:40:57.754 28536 28567 I amrs    : (REDACTED) NGA Sync: isNgaSyncEnabled: %s; enableFileGroupPopulator: %s; requiresMddAssets: %s
04-15 02:40:57.758  4898  4936 W HWUI    : Image decoding logging dropped!
04-15 02:40:57.759  4898  4936 W HWUI    : Image decoding logging dropped!
04-15 02:40:57.760 13029 13029 I Finsky  : [2] WM::SCH: Logging work start for 37-12
04-15 02:40:57.761 13029 13029 I Finsky  : [2] Received an install/uninstall event for package com.google.wireless.qa.mobileharness.tool.android.language
04-15 02:40:57.762 13029 13029 I Finsky  : [2] SCH: jobFinished: 37-12. TimeElapsed: 2ms.
04-15 02:40:57.762 13029 13029 I Finsky  : [2] WM::SCH: Logging work end for 37-12
04-15 02:40:57.763 28536 28567 I alzy    : NGA enabled in interactor.
04-15 02:40:57.763 13029 13098 I Finsky  : [63] Not an active Cubes user. Ignoring package install/uninstall event.
04-15 02:40:57.768  4898  4936 W HWUI    : Image decoding logging dropped!
04-15 02:40:57.769  1649  1740 D nativeloader: Load /product/app/Drive/Drive.apk!/lib/arm64-v8a/libnative_crash_handler_jni.so using ns product-clns-7 from class loader (caller=/product/app/Drive/Drive.apk!classes2.dex): ok
04-15 02:40:57.774 13029 13062 I Finsky  : [51] Current account updated in PVS
04-15 02:40:57.775  4898  4936 W HWUI    : Image decoding logging dropped!
04-15 02:40:57.775 13029 13062 I Finsky  : [51] Current account updated in PVS
04-15 02:40:57.775 11729 11766 I Icing   : Usage reports ok 0, Failed Usage reports 0, indexed 0, rejected 0
04-15 02:40:57.776 13029 13062 I Finsky  : [51] Current account updated in PVS
04-15 02:40:57.777 13029 13062 I Finsky  : [51] Current account updated in PVS
04-15 02:40:57.777 13029 13062 I Finsky  : [51] Current account updated in PVS
04-15 02:40:57.777 28536 28565 I WebViewFactory: Loading com.google.android.webview version 128.0.6613.88 (code 661308832)
04-15 02:40:57.778 13029 13062 I Finsky  : [51] Current account updated in PVS
04-15 02:40:57.779 13029 13062 I Finsky  : [51] Current account updated in PVS
04-15 02:40:57.780 28536 28565 V ResourcesManager: The following library key has been added: ResourcesKey{ mHash=21257774 mResDir=null mSplitDirs=[] mOverlayDirs=[/product/overlay/NavigationBarModeGestural/NavigationBarModeGesturalOverlay.apk,/data/resource-cache/com.android.systemui-neutral-jC8r.frro,/data/resource-cache/com.android.systemui-accent-A9o7.frro,/data/resource-cache/com.android.systemui-dynamic-3BMz.frro] mLibDirs=[/data/app/~~CoVsqU6UKWqeci-duKJmYg==/com.google.android.webview-0Yd5-blO6fz3JtU8htRiqQ==/WebViewGoogle.apk,/data/app/~~wevsZbpgTTYCrFTJvFHKxQ==/com.google.android.trichromelibrary_661308832-8E7Hz4XPivQIXujXpHlOIA==/TrichromeLibrary.apk,/system_ext/framework/androidx.window.extensions.jar] mDisplayId=0 mOverrideConfig=v35 mCompatInfo={390dpi always-compat} mLoaders=[]}
04-15 02:40:57.780 13029 13064 I Finsky  : [53] Current account updated in PVS
04-15 02:40:57.782 11729 11766 I Icing   : Indexing com.google.android.gms-apps from com.google.android.gms
04-15 02:40:57.784 13029 13063 I Finsky  : [52] Current account updated in PVS
04-15 02:40:57.785 13029 13063 I Finsky  : [52] Current account updated in PVS
04-15 02:40:57.785  1360  1684 I DisplayDeviceRepository: Display device changed render timings: "Inner Display", renderFrameRate=120.00001, presentationDeadlineNanos=11500000, appVsyncOffsetNanos=6233332, frameRateOverrides=[{uid=10242 frameRateHz=120.00001}]
04-15 02:40:57.785 13029 13063 I Finsky  : [52] Current account updated in PVS
04-15 02:40:57.786 13029 13063 I Finsky  : [52] Current account updated in PVS
04-15 02:40:57.787  4898  4936 W HWUI    : Image decoding logging dropped!
04-15 02:40:57.788  4898  4936 W HWUI    : Image decoding logging dropped!
04-15 02:40:57.790 13029 13063 I Finsky  : [52] Current account updated in PVS
04-15 02:40:57.791 13029 13062 I Finsky  : [51] Current account updated in PVS
04-15 02:40:57.792 13029 13103 I Finsky  : [66] SCH: Scheduling phonesky job Id: 12-1, CT: 1776246057535, Constraints: [{ L: 15000, D: 86400000, C: CHARGING_NONE, I: IDLE_NONE, N: NET_ANY, B: BATTERY_ANY }]
04-15 02:40:57.793 28536 28567 I amrs    : NGA Sync: beginOnDataPresent
04-15 02:40:57.799 11729 11729 I serviceentitlement: (REDACTED) [CredManRegistrationManager] [%s][%s] Success to register credentials
04-15 02:40:57.799 13268 14053 I SG-APK-Receiver: Processing intent android.intent.action.LOCALE_CHANGED
04-15 02:40:57.800 28536 28565 W ziparchive: Unable to open '/data/app/~~wevsZbpgTTYCrFTJvFHKxQ==/com.google.android.trichromelibrary_661308832-8E7Hz4XPivQIXujXpHlOIA==/TrichromeLibrary.dm': No such file or directory
04-15 02:40:57.800 28536 28565 W ziparchive: Unable to open '/data/app/~~wevsZbpgTTYCrFTJvFHKxQ==/com.google.android.trichromelibrary_661308832-8E7Hz4XPivQIXujXpHlOIA==/TrichromeLibrary.dm': No such file or directory
04-15 02:40:57.800 28536 28565 W earchbox:search: Entry not found
04-15 02:40:57.800 28536 28565 D nativeloader: Configuring clns-9 for other apk /data/app/~~wevsZbpgTTYCrFTJvFHKxQ==/com.google.android.trichromelibrary_661308832-8E7Hz4XPivQIXujXpHlOIA==/TrichromeLibrary.apk. target_sdk_version=35, uses_libraries=ALL, library_path=/data/app/~~CoVsqU6UKWqeci-duKJmYg==/com.google.android.webview-0Yd5-blO6fz3JtU8htRiqQ==/lib/arm64:/data/app/~~CoVsqU6UKWqeci-duKJmYg==/com.google.android.webview-0Yd5-blO6fz3JtU8htRiqQ==/WebViewGoogle.apk!/lib/arm64-v8a:/data/app/~~wevsZbpgTTYCrFTJvFHKxQ==/com.google.android.trichromelibrary_661308832-8E7Hz4XPivQIXujXpHlOIA==/TrichromeLibrary.apk!/lib/arm64-v8a, permitted_path=/data:/mnt/expand
04-15 02:40:57.800  4898  4907 W s.nexuslauncher: Reducing the number of considered missed Gc histogram windows from 938 to 100
04-15 02:40:57.801 28536 28565 D ApplicationLoaders: Returning zygote-cached class loader: /system_ext/framework/androidx.window.extensions.jar
04-15 02:40:57.804  4898  4936 W HWUI    : Image decoding logging dropped!
04-15 02:40:57.804 13029 13062 I Finsky  : [51] Current account updated in PVS
04-15 02:40:57.806 28536 28558 I azmo    : #updateLastReturnedDatabase
04-15 02:40:57.805 13029 13062 I Finsky  : [51] Current account updated in PVS
04-15 02:40:57.806 13029 13062 I Finsky  : [51] Current account updated in PVS
04-15 02:40:57.807 13029 13062 I Finsky  : [51] Current account updated in PVS
04-15 02:40:57.807 13029 13060 I Finsky  : [49] Current account updated in PVS
04-15 02:40:57.808 28536 28565 D nativeloader: Configuring clns-10 for other apk /data/app/~~CoVsqU6UKWqeci-duKJmYg==/com.google.android.webview-0Yd5-blO6fz3JtU8htRiqQ==/WebViewGoogle.apk. target_sdk_version=35, uses_libraries=, library_path=/data/app/~~CoVsqU6UKWqeci-duKJmYg==/com.google.android.webview-0Yd5-blO6fz3JtU8htRiqQ==/lib/arm64:/data/app/~~CoVsqU6UKWqeci-duKJmYg==/com.google.android.webview-0Yd5-blO6fz3JtU8htRiqQ==/WebViewGoogle.apk!/lib/arm64-v8a:/data/app/~~wevsZbpgTTYCrFTJvFHKxQ==/com.google.android.trichromelibrary_661308832-8E7Hz4XPivQIXujXpHlOIA==/TrichromeLibrary.apk!/lib/arm64-v8a, permitted_path=/data:/mnt/expand
04-15 02:40:57.809  4898  4936 W HWUI    : Image decoding logging dropped!
04-15 02:40:57.809 13029 13098 I Finsky  : [63] SCH: Scheduling 1 system job(s)
04-15 02:40:57.810 13029 13098 I Finsky  : [63] SCH: Scheduling system job Id: 9193, L: 14725, D: 86054770, C: false, I: false, N: 1
04-15 02:40:57.811  4898  4936 W HWUI    : Image decoding logging dropped!
04-15 02:40:57.811  1360  1699 D ActivityManager: sync unfroze 5938 com.google.android.apps.tips for 3
04-15 02:40:57.812  4898  4936 W HWUI    : Image decoding logging dropped!
04-15 02:40:57.815 11729 11766 I Icing   : Indexing done com.google.android.gms-apps
04-15 02:40:57.815 28536 28567 I amrs    : (REDACTED) NGA Sync: isNgaSyncEnabled: %s; enableFileGroupPopulator: %s; requiresMddAssets: %s
04-15 02:40:57.815 13029 13062 I Finsky  : [51] Current account updated in PVS
04-15 02:40:57.816 28536 28567 I alzy    : NGA enabled in interactor.
04-15 02:40:57.817 13029 13062 I Finsky  : [51] Current account updated in PVS
04-15 02:40:57.817 13029 13062 I Finsky  : [51] Current account updated in PVS
04-15 02:40:57.821  1360  4371 D BackgroundInstallControlService: Package event received: 0
04-15 02:40:57.826 28536 28567 I amrs    : NGA Sync: beginOnDataPresent
04-15 02:40:57.827  5938  5989 I PhenotypeProcessReaper: Memory state is: 300
04-15 02:40:57.831  1649  1700 E DocsApplication: from onCreate Completable for sending summary about blocked SyncRequests
04-15 02:40:57.831  1649  1700 E DocsApplication: java.lang.IllegalStateException
04-15 02:40:57.831  1649  1700 E DocsApplication: 	at flf.i(PG:64)
04-15 02:40:57.831  1649  1700 E DocsApplication: 	at eyt.lambda$onCreate$3$com-google-android-apps-docs-DocsApplication(PG:279)
04-15 02:40:57.831  1649  1700 E DocsApplication: 	at eyq.run(PG:208)
04-15 02:40:57.831  1649  1700 E DocsApplication: 	at uqj.fw(PG:13)
04-15 02:40:57.831  1649  1700 E DocsApplication: 	at unt.d(PG:3)
04-15 02:40:57.831  1649  1700 E DocsApplication: 	at uqs$a.run(PG:3)
04-15 02:40:57.831  1649  1700 E DocsApplication: 	at uoe$a.run(PG:10)
04-15 02:40:57.831  1649  1700 E DocsApplication: 	at uuu.run(PG:14)
04-15 02:40:57.831  1649  1700 E DocsApplication: 	at uuu.call(PG:1)
04-15 02:40:57.831  1649  1700 E DocsApplication: 	at java.util.concurrent.FutureTask.run(FutureTask.java:264)
04-15 02:40:57.831  1649  1700 E DocsApplication: 	at java.util.concurrent.ScheduledThreadPoolExecutor$ScheduledFutureTask.run(ScheduledThreadPoolExecutor.java:307)
04-15 02:40:57.831  1649  1700 E DocsApplication: 	at java.util.concurrent.ThreadPoolExecutor.runWorker(ThreadPoolExecutor.java:1145)
04-15 02:40:57.831  1649  1700 E DocsApplication: 	at java.util.concurrent.ThreadPoolExecutor$Worker.run(ThreadPoolExecutor.java:644)
04-15 02:40:57.831  1649  1700 E DocsApplication: 	at java.lang.Thread.run(Thread.java:1012)
04-15 02:40:57.832  1649  1700 E DocsApplication: from onCreate Completable for sending summary about blocked SyncRequests
04-15 02:40:57.832  1649  1700 E DocsApplication: java.lang.IllegalStateException
04-15 02:40:57.832  1649  1700 E DocsApplication: 	at flf.i(PG:64)
04-15 02:40:57.832  1649  1700 E DocsApplication: 	at eyt.lambda$onCreate$3$com-google-android-apps-docs-DocsApplication(PG:279)
04-15 02:40:57.832  1649  1700 E DocsApplication: 	at eyq.run(PG:208)
04-15 02:40:57.832  1649  1700 E DocsApplication: 	at uqj.fw(PG:13)
04-15 02:40:57.832  1649  1700 E DocsApplication: 	at unt.d(PG:3)
04-15 02:40:57.832  1649  1700 E DocsApplication: 	at uqs$a.run(PG:3)
04-15 02:40:57.832  1649  1700 E DocsApplication: 	at uoe$a.run(PG:10)
04-15 02:40:57.832  1649  1700 E DocsApplication: 	at uuu.run(PG:14)
04-15 02:40:57.832  1649  1700 E DocsApplication: 	at uuu.call(PG:1)
04-15 02:40:57.832  1649  1700 E DocsApplication: 	at java.util.concurrent.FutureTask.run(FutureTask.java:264)
04-15 02:40:57.832  1649  1700 E DocsApplication: 	at java.util.concurrent.ScheduledThreadPoolExecutor$ScheduledFutureTask.run(ScheduledThreadPoolExecutor.java:307)
04-15 02:40:57.832  1649  1700 E DocsApplication: 	at java.util.concurrent.ThreadPoolExecutor.runWorker(ThreadPoolExecutor.java:1145)
04-15 02:40:57.832  1649  1700 E DocsApplication: 	at java.util.concurrent.ThreadPoolExecutor$Worker.run(ThreadPoolExecutor.java:644)
04-15 02:40:57.832  1649  1700 E DocsApplication: 	at java.lang.Thread.run(Thread.java:1012)
04-15 02:40:57.833  4898  4909 W System  : A resource failed to call release. 
04-15 02:40:57.836  5938  5938 D Tips_TipsUpdateIndexRec: onReceive() - intent Intent { act=android.intent.action.LOCALE_CHANGED flg=0x1200810 cmp=com.google.android.apps.tips/.external.search.TipsUpdateIndexReceiver }
04-15 02:40:57.836  5938  5938 D Tips_TipsUpdateIndexRec: Trigger indexing flow by android.intent.action.LOCALE_CHANGED
04-15 02:40:57.836 13029 13062 I Finsky  : [51] Current account updated in PVS
04-15 02:40:57.837  5938  5938 I Tips_TipsUpdateIndexRec: enqueued tips indexing work
04-15 02:40:57.837 28536 28565 I cr_WVCFactoryProvider: version=128.0.6613.88 (661308832) minSdkVersion=29 isBundle=true multiprocess=true packageId=2
04-15 02:40:57.839 28536 28565 D nativeloader: Load /data/app/~~wevsZbpgTTYCrFTJvFHKxQ==/com.google.android.trichromelibrary_661308832-8E7Hz4XPivQIXujXpHlOIA==/TrichromeLibrary.apk!/lib/arm64-v8a/libmonochrome_64.so using ns clns-10 from class loader (caller=/data/app/~~CoVsqU6UKWqeci-duKJmYg==/com.google.android.webview-0Yd5-blO6fz3JtU8htRiqQ==/WebViewGoogle.apk): ok
04-15 02:40:57.840 28536 28565 D nativeloader: Load /system/lib64/libwebviewchromium_plat_support.so using ns clns-10 from class loader (caller=/data/app/~~CoVsqU6UKWqeci-duKJmYg==/com.google.android.webview-0Yd5-blO6fz3JtU8htRiqQ==/WebViewGoogle.apk): ok
04-15 02:40:57.843 13029 13064 I Finsky  : [53] Current account updated in PVS
04-15 02:40:57.844 13029 13064 I Finsky  : [53] Current account updated in PVS
04-15 02:40:57.844 28536 28566 I cfem    : OEM Device doesn't enable Smartspace Integration.
04-15 02:40:57.844 28536  1788 E chromium: [0415/024057.844252:ERROR:variations_seed_loader.cc(39)] Seed missing signature.
04-15 02:40:57.844 28536 28566 I A       : Air Quality is disabled in TNG.
04-15 02:40:57.844 13029 13064 I Finsky  : [53] Current account updated in PVS
04-15 02:40:57.844 28536  1788 I chromium: [0415/024057.844640:INFO:variations_seed_loader.cc(68)] Failed to open file for reading.: No such file or directory (2)
04-15 02:40:57.845 28536 28566 I cfbu    : Hotel feature is disabled.
04-15 02:40:57.845 28536 28566 I cfcb    : Hotel feature is disabled.
04-15 02:40:57.845 28536 28566 I cfhr    : Time to leave feature is disabled via ProactiveDataList producer.
04-15 02:40:57.846 28536 28566 I A       : Weather Alert is disabled in TNG via ProactiveDataList producer.
04-15 02:40:57.846 28536 28566 I A       : Weather is disabled in TNG via ProactiveDataList producer.
04-15 02:40:57.847 13029 13064 I Finsky  : [53] Current account updated in PVS
04-15 02:40:57.848  1360  4317 D CompatChangeReporter: Compat change id reported: 262645982; UID 10203; state: ENABLED
04-15 02:40:57.849  1360  1963 E JobScheduler.JobStatus: App com.google.android.apps.docs became active but still in NEVER bucket
04-15 02:40:57.849  1360  1963 E JobScheduler.JobStatus: App com.google.android.apps.docs became active but still in NEVER bucket
04-15 02:40:57.849  1360  1963 E JobScheduler.JobStatus: App com.google.android.apps.docs became active but still in NEVER bucket
04-15 02:40:57.849  1360  1963 E JobScheduler.JobStatus: App com.google.android.apps.docs became active but still in NEVER bucket
04-15 02:40:57.850  5938  5938 D Tips_SmartspaceReceiver: onReceive() - intent Intent { act=android.intent.action.LOCALE_CHANGED flg=0x1200810 cmp=com.google.android.apps.tips/.integration.smartspace.receiver.SmartspaceReceiver }
04-15 02:40:57.851 13029 13064 I Finsky  : [53] Current account updated in PVS
04-15 02:40:57.852 11684 12534 I FontLog : (REDACTED) Received query %s, URI %s
04-15 02:40:57.852  1360  1699 V GrammaticalInflectionUtils: AttributionSource: android.content.AttributionSource@5649f681 does not have READ_SYSTEM_GRAMMATICAL_GENDER permission.
04-15 02:40:57.852 11684 12534 I FontLog : (REDACTED) Query [%s] resolved to %s
04-15 02:40:57.852  1360  1699 D CompatChangeReporter: Compat change id reported: 151861875; UID 10198; state: ENABLED
04-15 02:40:57.853 11684 12534 I FontLog : (REDACTED) Fetch %s end status %s
04-15 02:40:57.853  5938  1800 D Tips_SmartspaceManagerI: maybeUpdateSmartspaceCard
04-15 02:40:57.856 28536 28536 I cr_LibraryLoader: Successfully loaded native library
04-15 02:40:57.856 28536 28558 I ayzg    : #putNewReturnedDataQuery
04-15 02:40:57.856 28536 28558 I ayzv    : #putNewReturnedDataQuery
04-15 02:40:57.856 28536 28536 I cr_CachingUmaRecorder: Flushed 7 samples from 7 histograms, 0 samples were dropped.
04-15 02:40:57.858 28536 28536 I cr_CombinedPProvider: #registerProvider() provider:WV.o8@b803f7f isPolicyCacheEnabled:false policyProvidersSize:0
04-15 02:40:57.859  4416  4416 D MediaRouter: onRestoreRoute() : route=RouteInfo{ name=Phone, description=null, status=null, category=RouteCategory{ name=System types=ROUTE_TYPE_LIVE_AUDIO ROUTE_TYPE_LIVE_VIDEO  groupable=false }, supportedTypes=ROUTE_TYPE_LIVE_AUDIO ROUTE_TYPE_LIVE_VIDEO , presentationDisplay=null }
04-15 02:40:57.859  4416  4416 V MediaRouter: Selecting route: RouteInfo{ name=Phone, description=null, status=null, category=RouteCategory{ name=System types=ROUTE_TYPE_LIVE_AUDIO ROUTE_TYPE_LIVE_VIDEO  groupable=false }, supportedTypes=ROUTE_TYPE_LIVE_AUDIO ROUTE_TYPE_LIVE_VIDEO , presentationDisplay=null }
04-15 02:40:57.859 28536 28536 I cr_PolicyProvider: #setManagerAndSource() 0
04-15 02:40:57.859  4416  1571 D RingtonePlayer: player.start piid:79
04-15 02:40:57.859  1027  1578 I GenericSource: start
04-15 02:40:57.860 11684 11885 I FontLog : (REDACTED) Pulling font file for id = %d, cache size = %d
04-15 02:40:57.860 13029 13064 I Finsky  : [53] Current account updated in PVS
04-15 02:40:57.861 13029 13064 I Finsky  : [53] Current account updated in PVS
04-15 02:40:57.862 13029 13064 I Finsky  : [53] Current account updated in PVS
04-15 02:40:57.862  4898  4936 W HWUI    : Image decoding logging dropped!
04-15 02:40:57.862 13029 13064 I Finsky  : [53] Current account updated in PVS
04-15 02:40:57.863 13029 13064 I Finsky  : [53] Current account updated in PVS
04-15 02:40:57.865   793   793 D Zygote  : Forked child process 1806
04-15 02:40:57.867  1360  1702 I ActivityManager: Start proc 1806:com.google.android.apps.maps/u0a198 for broadcast {com.google.android.apps.maps/com.google.android.apps.gmm.notification.channels.NotificationChannelBroadcastReceiver}
04-15 02:40:57.867  4898  4936 W HWUI    : Image decoding logging dropped!
04-15 02:40:57.867  4898  4936 W HWUI    : Image decoding logging dropped!
04-15 02:40:57.868  5938  1800 D Tips_SmartspaceDataStor: expirationTime in Tips 1.0 = 
04-15 02:40:57.868  1360  4371 D BackgroundInstallControlService: Package event received: 0
04-15 02:40:57.868 11684 11728 I FontLog : (REDACTED) Pulling font file for id = %d, cache size = %d
04-15 02:40:57.869  1360  4371 D BackgroundInstallControlService: Package event received: 0
04-15 02:40:57.869  1360  5571 D ActivityManager: sync unfroze 8228 com.google.android.webview:webview_service for 6
04-15 02:40:57.871  1027  1809 D CCodec  : allocate(c2.android.vorbis.decoder)
04-15 02:40:57.871  1360  4371 D BackgroundInstallControlService: Package event received: 0
04-15 02:40:57.872  1027  1809 I CCodec  : setting up 'default' as default (vendor) store
04-15 02:40:57.876  1360  5311 D AidlBufferPool: bufferpool2 0xb4000070322570f8 : 0(0 size) total buffers - 0(0 size) used buffers - 1/7 (recycle/alloc) - 6/14 (fetch/transfer)
04-15 02:40:57.876  1360  5311 D AidlBufferPool: Destruction - bufferpool2 0xb4000070322570f8 cached: 0/0M, 0/0% in use; allocs: 7, 14% recycled; transfers: 14, 57% unfetched
04-15 02:40:57.876  1360  5311 D AidlBufferPool: bufferpool2 0xb400007032263c78 : 0(0 size) total buffers - 0(0 size) used buffers - 1/7 (recycle/alloc) - 6/32 (fetch/transfer)
04-15 02:40:57.876  1360  5311 D AidlBufferPool: Destruction - bufferpool2 0xb400007032263c78 cached: 0/0M, 0/0% in use; allocs: 7, 14% recycled; transfers: 32, 81% unfetched
04-15 02:40:57.876  1360  5571 D AidlBufferPool: bufferpool2 0xb40000703225f968 : 0(0 size) total buffers - 0(0 size) used buffers - 2/7 (recycle/alloc) - 6/34 (fetch/transfer)
04-15 02:40:57.876  1360  5571 D AidlBufferPool: Destruction - bufferpool2 0xb40000703225f968 cached: 0/0M, 0/0% in use; allocs: 7, 29% recycled; transfers: 34, 82% unfetched
04-15 02:40:57.876  1360  5571 D AidlBufferPool: bufferpool2 0xb4000070322604f8 : 0(0 size) total buffers - 0(0 size) used buffers - 2/7 (recycle/alloc) - 5/34 (fetch/transfer)
04-15 02:40:57.876  1360  5571 D AidlBufferPool: Destruction - bufferpool2 0xb4000070322604f8 cached: 0/0M, 0/0% in use; allocs: 7, 29% recycled; transfers: 34, 85% unfetched
04-15 02:40:57.876  1360  5571 D AidlBufferPool: bufferpool2 0xb40000703225af68 : 0(0 size) total buffers - 0(0 size) used buffers - 1/7 (recycle/alloc) - 6/42 (fetch/transfer)
04-15 02:40:57.877  1360  5571 D AidlBufferPool: Destruction - bufferpool2 0xb40000703225af68 cached: 0/0M, 0/0% in use; allocs: 7, 14% recycled; transfers: 42, 86% unfetched
04-15 02:40:57.877  1360  5571 D AidlBufferPool: bufferpool2 0xb400007032251478 : 0(0 size) total buffers - 0(0 size) used buffers - 2/7 (recycle/alloc) - 5/54 (fetch/transfer)
04-15 02:40:57.877  1360  5571 D AidlBufferPool: Destruction - bufferpool2 0xb400007032251478 cached: 0/0M, 0/0% in use; allocs: 7, 29% recycled; transfers: 54, 91% unfetched
04-15 02:40:57.877  4416 14368 D AidlBufferPool: bufferpool2 0xb4000070321d2618 : 0(0 size) total buffers - 0(0 size) used buffers - 1/7 (recycle/alloc) - 5/34 (fetch/transfer)
04-15 02:40:57.878  4416 14368 D AidlBufferPool: Destruction - bufferpool2 0xb4000070321d2618 cached: 0/0M, 0/0% in use; allocs: 7, 14% recycled; transfers: 34, 85% unfetched
04-15 02:40:57.878  4416 14368 D AidlBufferPool: bufferpool2 0xb4000070321c3ed8 : 0(0 size) total buffers - 0(0 size) used buffers - 2/7 (recycle/alloc) - 5/32 (fetch/transfer)
04-15 02:40:57.878  4416 14368 D AidlBufferPool: Destruction - bufferpool2 0xb4000070321c3ed8 cached: 0/0M, 0/0% in use; allocs: 7, 29% recycled; transfers: 32, 84% unfetched
04-15 02:40:57.878  4416 14368 D AidlBufferPool: bufferpool2 0xb4000070321d33f8 : 0(0 size) total buffers - 0(0 size) used buffers - 2/7 (recycle/alloc) - 5/18 (fetch/transfer)
04-15 02:40:57.878  4416 14368 D AidlBufferPool: Destruction - bufferpool2 0xb4000070321d33f8 cached: 0/0M, 0/0% in use; allocs: 7, 29% recycled; transfers: 18, 72% unfetched
04-15 02:40:57.878  1027  1809 I CCodec  : Created component [c2.android.vorbis.decoder]
04-15 02:40:57.879 28536 28536 I cr_CombinedPProvider: #linkNativeInternal() 1
04-15 02:40:57.879 28536 28536 I cr_AppResProvider: #getApplicationRestrictionsFromUserManager() Bundle[EMPTY_PARCEL]
04-15 02:40:57.879 28536 28536 I cr_PolicyProvider: #notifySettingsAvailable() 0
04-15 02:40:57.879 28536 28536 I cr_CombinedPProvider: #onSettingsAvailable() 0
04-15 02:40:57.879 28536 28536 I cr_CombinedPProvider: #flushPolicies()
04-15 02:40:57.880  1027  1809 D CCodecConfig: read media type: audio/vorbis
04-15 02:40:57.881 11729 11729 D BoundBrokerSvc: onBind: Intent { act=com.google.android.gms.safetynet.service.START pkg=com.google.android.gms }
04-15 02:40:57.881 11729 11729 D BoundBrokerSvc: Loading bound service for intent: Intent { act=com.google.android.gms.safetynet.service.START pkg=com.google.android.gms }
04-15 02:40:57.882  1027  1809 D ReflectedParamUpdater: extent() != 1 for single value type: algo.buffers.max-count.values
04-15 02:40:57.882  1027  1809 D ReflectedParamUpdater: extent() != 1 for single value type: output.subscribed-indices.values
04-15 02:40:57.882  1027  1809 D ReflectedParamUpdater: extent() != 1 for single value type: input.buffers.allocator-ids.values
04-15 02:40:57.882  1027  1809 D ReflectedParamUpdater: extent() != 1 for single value type: output.buffers.allocator-ids.values
04-15 02:40:57.882  1027  1809 D ReflectedParamUpdater: extent() != 1 for single value type: algo.buffers.allocator-ids.values
04-15 02:40:57.882  1027  1809 D ReflectedParamUpdater: extent() != 1 for single value type: output.buffers.pool-ids.values
04-15 02:40:57.882  1027  1809 D ReflectedParamUpdater: extent() != 1 for single value type: algo.buffers.pool-ids.values
04-15 02:40:57.883 11729 12086 D TrafficStats: tagSocket(289) with statsTag=0xc004901, statsUid=-1
04-15 02:40:57.883  1027  1809 I CCodecConfig: query failed after returning 8 values (BAD_INDEX)
04-15 02:40:57.883  1027  1809 D CCodecConfig: c2 config diff is Dict {
04-15 02:40:57.883  1027  1809 D CCodecConfig:   c2::u32 coded.bitrate.value = 64000
04-15 02:40:57.883  1027  1809 D CCodecConfig:   c2::u32 input.buffers.max-size.value = 32768
04-15 02:40:57.883  1027  1809 D CCodecConfig:   c2::u32 input.delay.value = 0
04-15 02:40:57.883  1027  1809 D CCodecConfig:   string input.media-type.value = "audio/vorbis"
04-15 02:40:57.883  1027  1809 D CCodecConfig:   c2::u32 output.large-frame.max-size = 0
04-15 02:40:57.883  1027  1809 D CCodecConfig:   c2::u32 output.large-frame.threshold-size = 0
04-15 02:40:57.883  1027  1809 D CCodecConfig:   string output.media-type.value = "audio/raw"
04-15 02:40:57.883  1027  1809 D CCodecConfig:   c2::u32 raw.channel-count.value = 1
04-15 02:40:57.883  1027  1809 D CCodecConfig:   c2::u32 raw.sample-rate.value = 48000
04-15 02:40:57.883  1027  1809 D CCodecConfig: }
04-15 02:40:57.884  4898  4936 W HWUI    : Image decoding logging dropped!
04-15 02:40:57.884  1027  1809 D CCodec  : [c2.android.vorbis.decoder] buffers are bound to CCodec for this session
04-15 02:40:57.884  1027  1809 D CCodecConfig: no c2 equivalents for durationUs
04-15 02:40:57.884  1027  1809 D CCodecConfig: no c2 equivalents for csd-1
04-15 02:40:57.884  1027  1809 D CCodecConfig: no c2 equivalents for flags
04-15 02:40:57.885 13029 13064 I Finsky  : [53] Current account updated in PVS
04-15 02:40:57.885 11729 14364 I Icing   : IndexChimeraService.getServiceInterface callingPackage=com.google.android.gms componentName=AppsCorpus serviceId=32
04-15 02:40:57.885  1027  1809 D CCodecConfig: c2 config diff is   c2::u32 coded.bitrate.value = 120000
04-15 02:40:57.886  1027  1809 D CCodec  : encoding statistics level = 0
04-15 02:40:57.886  1027  1809 D CCodec  : setup formats input: AMessage(what = 0x00000000) = {
04-15 02:40:57.886  1027  1809 D CCodec  :   int32_t bitrate = 120000
04-15 02:40:57.886  1027  1809 D CCodec  :   int32_t channel-count = 1
04-15 02:40:57.886  1027  1809 D CCodec  :   int32_t max-input-size = 32768
04-15 02:40:57.886  1027  1809 D CCodec  :   string mime = "audio/vorbis"
04-15 02:40:57.886  1027  1809 D CCodec  :   int32_t sample-rate = 48000
04-15 02:40:57.886  1027  1809 D CCodec  : }
04-15 02:40:57.886  1027  1809 D CCodec  : setup formats output: AMessage(what = 0x00000000) = {
04-15 02:40:57.886  1027  1809 D CCodec  :   int32_t buffer-batch-max-output-size = 0
04-15 02:40:57.886  1027  1809 D CCodec  :   int32_t buffer-batch-threshold-output-size = 0
04-15 02:40:57.886  1027  1809 D CCodec  :   int32_t channel-count = 1
04-15 02:40:57.886  1027  1809 D CCodec  :   string mime = "audio/raw"
04-15 02:40:57.886  1027  1809 D CCodec  :   int32_t sample-rate = 48000
04-15 02:40:57.886  1027  1809 D CCodec  :   int32_t channel-mask = 1
04-15 02:40:57.886  1027  1809 D CCodec  :   int32_t android._config-pcm-encoding = 2
04-15 02:40:57.886  1027  1809 D CCodec  : }
04-15 02:40:57.886  1027  1809 I CCodecConfig: query failed after returning 8 values (BAD_INDEX)
04-15 02:40:57.886  1027  1809 I MediaCodec: MediaCodec will operate in async mode
04-15 02:40:57.886  1027  1808 D MediaCodec: keep callback message for reclaim
04-15 02:40:57.886 11729 14364 I Icing   : Query from package: com.google.android.gms, component: AppsCorpus, restrict package: com.google.android.gms, start: 0, num: 100
04-15 02:40:57.887  1027  1809 D C2Store : debug.c2.use_dmabufheaps set, forcing DMABUF Heaps
04-15 02:40:57.887  1027  1809 D C2Store : Using DMABUF Heaps
04-15 02:40:57.887  1027  1809 D CCodecBufferChannel: [c2.android.vorbis.decoder#228] Created input block pool with allocatorID 16 => poolID 17 - OK (0)
04-15 02:40:57.889  1027  1809 I CCodecBufferChannel: [c2.android.vorbis.decoder#228] Created output block pool with allocatorID 16 => poolID 36 - OK
04-15 02:40:57.889  1027  1809 D CCodecBufferChannel: [c2.android.vorbis.decoder#228] Configured output block pool ids 36 => OK
04-15 02:40:57.889  1052  1818 E Codec2-ComponentInterface: We have a failed config
04-15 02:40:57.889  1027  1809 I DMABUFHEAPS: Using DMA-BUF heap named: system
04-15 02:40:57.890  1052  1814 D SimpleC2Component: Using output block pool with poolID 36 => got 36 - 0
04-15 02:40:57.890  1027  1809 W mediaserver: AIBinder_linkToDeath is being called with a non-null cookie and no onUnlink callback set. This might not be intended. AIBinder_DeathRecipient_setOnUnlinked should be called first.
04-15 02:40:57.891  1806  1806 I droid.apps.maps: Using CollectorTypeCMC GC.
04-15 02:40:57.893  1052  1814 W mediaswcodec: AIBinder_linkToDeath is being called with a non-null cookie and no onUnlink callback set. This might not be intended. AIBinder_DeathRecipient_setOnUnlinked should be called first.
04-15 02:40:57.893  5938  1800 D Tips_SmartspaceDataStor: get expirationTime from Tips 1.0 failed!
04-15 02:40:57.894 13029 13064 I Finsky  : [53] Current account updated in PVS
04-15 02:40:57.895  4898  4936 W HWUI    : Image decoding logging dropped!
04-15 02:40:57.895 13029 13064 I Finsky  : [53] Current account updated in PVS
04-15 02:40:57.896 13029 13064 I Finsky  : [53] Current account updated in PVS
04-15 02:40:57.896 13029 13064 I Finsky  : [53] Current account updated in PVS
04-15 02:40:57.896  5245  5275 I adbd    : jdwp connection from 1806
04-15 02:40:57.898  1027  1804 D AudioSystem: onNewServiceWithAdapter: media.audio_flinger service obtained 0xb4000071af574040
04-15 02:40:57.899  1027  1804 D AudioSystem: getService: checking for service media.audio_flinger: 0xb40000731f560740
04-15 02:40:57.901 28536 28574 V ClearcutMetricXmitter: Transmission is done.
