04-15 02:40:56.980  4416  4416 I NoBackGesture: NavbarController: newConfig={1.1 ?mcc0mnc [en] ldltr sw852dp w883dp h852dp 390dpi lrg hdr widecg land night finger -keyb/v/h -nav/h winConfig={ mBounds=Rect(0, 0 - 2152, 2076) mAppBounds=Rect(0, 0 - 2152, 2076) mMaxBounds=Rect(0, 0 - 2152, 2076) mDisplayRotation=ROTATION_90 mWindowingMode=fullscreen mActivityType=undefined mAlwaysOnTop=undefined mRotation=ROTATION_90} as.14 s.741 fontWeightAdjustment=0} mTaskbarDelegate initialized=true willApplyConfigToNavbars=false navBarCount=0
04-15 02:40:56.981  4704  4704 I Telephony: TelecomAccountRegistry$AccountEntry: registerPstnPhoneAccount: Registering account=[[ ] PhoneAccount: ComponentInfo{com.android.phone/com.android.services.telephony.TelephonyConnectionService}, E, UserHandle{0} Capabilities: CallProvider MultiUser PlaceEmerg SimSub  Audio Routes: BESW Schemes: tel voicemail  Extras: Bundle[{android.telecom.extra.SUPPORTS_VIDEO_CALLING_FALLBACK=true}] GroupId: *** SC Restrictions: [ ]] with Telecom. subId=-1
04-15 02:40:56.983  1360  1522 I Telecom : TelecomServiceImpl$1: registerPhoneAccount: account=[[ ] PhoneAccount: ComponentInfo{com.android.phone/com.android.services.telephony.TelephonyConnectionService}, E, UserHandle{0} Capabilities: CallProvider MultiUser PlaceEmerg SimSub  Audio Routes: BESW Schemes: tel voicemail  Extras: Bundle[{android.telecom.extra.SUPPORTS_VIDEO_CALLING_FALLBACK=true}] GroupId: *** SC Restrictions: [ ]]: TSI.rPA(cap)@I0c
04-15 02:40:56.984  1360  1522 I Telecom : PhoneAccountRegistrar: Modify account: [ComponentInfo{com.android.phone/com.android.services.telephony.TelephonyConnectionService}, E, UserHandle{0}]: TSI.rPA(cap)@I0c
04-15 02:40:56.985  7626  7626 I DialerCachedTelephonyManager: com.android.dialer.externals.androidapis.telephony.CachedTelephonyManager$registerReceiver$1.onReceive:224 received intent with action android.telecom.action.PHONE_ACCOUNT_REGISTERED, invalidating #getSimOperator/#getGroupIdLevel1 cache
04-15 02:40:56.985 13029 13029 I Finsky  : [2] Memory trim requested to level 40
04-15 02:40:56.985 13029 13029 I Finsky  : [2] Flushing in-memory image cache
04-15 02:40:56.986  1360  1522 I Telecom : CallsManager: handlePhoneAccountChanged: phoneAccount=[[X] PhoneAccount: ComponentInfo{com.android.phone/com.android.services.telephony.TelephonyConnectionService}, E, UserHandle{0} Capabilities: CallProvider MultiUser PlaceEmerg SimSub  Audio Routes: BESW Schemes: tel voicemail  Extras: Bundle[{android.telecom.extra.SUPPORTS_VIDEO_CALLING_FALLBACK=true}] GroupId: *** SC Restrictions: [ ]]: TSI.rPA(cap)@I0c
04-15 02:40:56.986  4416  4416 W PageIndicator: Total number of pages invalid: 0. Assuming 1 page.
04-15 02:40:56.986  4416  4416 W PageIndicator: Total number of pages invalid: 0. Assuming 1 page.
04-15 02:40:56.987  4898  4898 I SsCardPagerAdapter: [rmv] Rendering flag - enabled: true rmv: null
04-15 02:40:56.987  4898  4898 I SsCardPagerAdapter: Use UI template for the feature: 1
04-15 02:40:56.988  5424  5424 I AiAiEcho: SearchContextManagerImpl::setSearchContext resultTypes=[139867] extras=[Bundle[{launcher.maxInlineIcons=3, dynamic_ranking_m3_enabled=true, qs_tiles_asi_enabled=true, allowlist_enabled=false, one_search_enabled=true, system_clock=true, version_code=12, gms_play_query_lower_bound=2, gms_play_query_upper_bound=20, recent_search_block_enabled=true, gms_play_feature_supported=true, launcher.gridSize=6, showhiddentargets_enabled=false, ose_info=1}]] sessionId=[com.google.android.apps.nexuslauncher:d19ce314-559d-46d3-9543-9b8b330a1e6b,0]
04-15 02:40:56.990  4898  4898 D SsBaseTemplateCard: No text view can be set up
04-15 02:40:56.990  4898  4898 D SsBaseTemplateCard: Passed-in item info is null
04-15 02:40:56.990  4898  4898 D SsBaseTemplateCard: Passed-in item info is null
04-15 02:40:56.990  4898  4898 D SsBaseTemplateCard: Passed-in item info is null
04-15 02:40:56.990  4898  4898 I SsBaseTemplateCard: Secondary card pane is null
04-15 02:40:56.993  4898  4898 D BaseDepthController: setSurface:
04-15 02:40:56.993  4898  4898 D BaseDepthController: 	mWaitingOnSurfaceValidity: false
04-15 02:40:56.993  4898  4898 D BaseDepthController: 	mSurface: Surface(name=com.google.android.apps.nexuslauncher/com.google.android.apps.nexuslauncher.NexusLauncherActivity)/@0x1d83da1
04-15 02:40:56.994  1360  6557 D CoreBackPreview: Window{dcf1a39 u0 com.google.android.apps.nexuslauncher/com.google.android.apps.nexuslauncher.NexusLauncherActivity}: Setting back callback OnBackInvokedCallbackInfo{mCallback=android.window.IOnBackInvokedCallback$Stub$Proxy@8125956, mPriority=-1, mIsAnimationCallback=false, mOverrideBehavior=0}
04-15 02:40:56.995 13626 13658 I Finsky:quick_launch: [42] Current account updated in PVS
04-15 02:40:56.995  1360  6557 D CoreBackPreview: Window{dcf1a39 u0 com.google.android.apps.nexuslauncher/com.google.android.apps.nexuslauncher.NexusLauncherActivity}: Setting back callback OnBackInvokedCallbackInfo{mCallback=android.window.IOnBackInvokedCallback$Stub$Proxy@58c6dd7, mPriority=0, mIsAnimationCallback=true, mOverrideBehavior=0}
04-15 02:40:57.000  1360  1679 W PermissionService: getPermissionFlags: Unknown user -1
04-15 02:40:57.000  1360  1679 W PermissionService: getPermissionFlags: Unknown user -1
04-15 02:40:57.000  1360  5310 I WindowManager: finishDrawing of relaunch: Window{dcf1a39 u0 com.google.android.apps.nexuslauncher/com.google.android.apps.nexuslauncher.NexusLauncherActivity} 138ms
04-15 02:40:57.001  1360  5308 D SearchUiPerUserService: Storing callback for session Id=com.google.android.apps.nexuslauncher:d19ce314-559d-46d3-9543-9b8b330a1e6b,0 and callback=android.os.BinderProxy@18c76c4
04-15 02:40:57.001  4898  4898 D b/254119092: TaskbarManager#mComponentCallbacks.onConfigurationChanged: {1.1 ?mcc0mnc [en] ldltr sw852dp w883dp h852dp 390dpi lrg hdr widecg land night finger -keyb/v/h -nav/h winConfig={ mBounds=Rect(0, 0 - 2152, 2076) mAppBounds=Rect(0, 0 - 2152, 2076) mMaxBounds=Rect(0, 0 - 2152, 2076) mDisplayRotation=ROTATION_90 mWindowingMode=fullscreen mActivityType=undefined mAlwaysOnTop=undefined mRotation=ROTATION_90} as.14 s.637 fontWeightAdjustment=0}
04-15 02:40:57.001  4898  4898 D b/254119092: mActivity & mWindowContext device profiles have different values, add more logs.
04-15 02:40:57.001  4898  4898 D b/254119092: 	mActivity logs:
04-15 02:40:57.001  4898  4898 D b/254119092: 		mActivity=null
04-15 02:40:57.001  4898  4898 D b/254119092: 	mWindowContext logs:
04-15 02:40:57.001  4898  4898 D b/254119092: 		mWindowContext=android.window.WindowContext@87cf4fe
04-15 02:40:57.001  4898  4898 D b/254119092: 		mWindowContext.getResources().getConfiguration()={1.1 ?mcc0mnc [en] ldltr sw852dp w883dp h852dp 390dpi lrg hdr widecg land night finger -keyb/v/h -nav/h winConfig={ mBounds=Rect(0, 0 - 2152, 2076) mAppBounds=Rect(0, 0 - 2152, 2076) mMaxBounds=Rect(0, 0 - 2152, 2076) mDisplayRotation=ROTATION_90 mWindowingMode=fullscreen mActivityType=undefined mAlwaysOnTop=undefined mRotation=ROTATION_90} as.14 s.637 fontWeightAdjustment=0}
04-15 02:40:57.001  4898  4898 D b/254119092: 		LauncherAppState.getIDP().getDeviceProfile(mWindowContext).isTaskbarPresent=true
04-15 02:40:57.002  4898  4898 D b/254119092: ComponentCallbacks#onConfigurationChanged() configDiff={}
04-15 02:40:57.002  4898  4898 D b/254119092: mActivity & mWindowContext device profiles have different values, add more logs.
04-15 02:40:57.002  4898  4898 D b/254119092: 	mActivity logs:
04-15 02:40:57.002  4898  4898 D b/254119092: 		mActivity=null
04-15 02:40:57.002  4898  4898 D b/254119092: 	mWindowContext logs:
04-15 02:40:57.002  4898  4898 D b/254119092: 		mWindowContext=android.window.WindowContext@87cf4fe
04-15 02:40:57.002  4898  4898 D b/254119092: 		mWindowContext.getResources().getConfiguration()={1.1 ?mcc0mnc [en] ldltr sw852dp w883dp h852dp 390dpi lrg hdr widecg land night finger -keyb/v/h -nav/h winConfig={ mBounds=Rect(0, 0 - 2152, 2076) mAppBounds=Rect(0, 0 - 2152, 2076) mMaxBounds=Rect(0, 0 - 2152, 2076) mDisplayRotation=ROTATION_90 mWindowingMode=fullscreen mActivityType=undefined mAlwaysOnTop=undefined mRotation=ROTATION_90} as.14 s.637 fontWeightAdjustment=0}
04-15 02:40:57.002  4898  4898 D b/254119092: 		LauncherAppState.getIDP().getDeviceProfile(mWindowContext).isTaskbarPresent=true
04-15 02:40:57.002  4898  4898 D b/254119092: destroyTaskbarForDisplay: com.android.launcher3.taskbar.TaskbarActivityContext@95d3b8b displayId=0
04-15 02:40:57.002  4898  4898 D b/254119092: mActivity & mWindowContext device profiles have different values, add more logs.
04-15 02:40:57.002  4898  4898 D b/254119092: 	mActivity logs:
04-15 02:40:57.002  4898  4898 D b/254119092: 		mActivity=null
04-15 02:40:57.002  4898  4898 D b/254119092: 	mWindowContext logs:
04-15 02:40:57.002  4898  4898 D b/254119092: 		mWindowContext=android.window.WindowContext@87cf4fe
04-15 02:40:57.002  4898  4898 D b/254119092: 		mWindowContext.getResources().getConfiguration()={1.1 ?mcc0mnc [en] ldltr sw852dp w883dp h852dp 390dpi lrg hdr widecg land night finger -keyb/v/h -nav/h winConfig={ mBounds=Rect(0, 0 - 2152, 2076) mAppBounds=Rect(0, 0 - 2152, 2076) mMaxBounds=Rect(0, 0 - 2152, 2076) mDisplayRotation=ROTATION_90 mWindowingMode=fullscreen mActivityType=undefined mAlwaysOnTop=undefined mRotation=ROTATION_90} as.14 s.637 fontWeightAdjustment=0}
04-15 02:40:57.002  4898  4898 D b/254119092: 		LauncherAppState.getIDP().getDeviceProfile(mWindowContext).isTaskbarPresent=true
04-15 02:40:57.002  4898  4898 D b/254119092: recreateTaskbar: isTaskbarEnabled=true [dp != null (i.e. mUserUnlocked)]=true FLAG_HIDE_NAVBAR_WINDOW=true dp.isTaskbarPresent=true
04-15 02:40:57.002  4898  4898 D b/254119092: mActivity & mWindowContext device profiles have different values, add more logs.
04-15 02:40:57.002  4898  4898 D b/254119092: 	mActivity logs:
04-15 02:40:57.002  4898  4898 D b/254119092: 		mActivity=null
04-15 02:40:57.002  4898  4898 D b/254119092: 	mWindowContext logs:
04-15 02:40:57.002  4898  4898 D b/254119092: 		mWindowContext=android.window.WindowContext@87cf4fe
04-15 02:40:57.002  4898  4898 D b/254119092: 		mWindowContext.getResources().getConfiguration()={1.1 ?mcc0mnc [en] ldltr sw852dp w883dp h852dp 390dpi lrg hdr widecg land night finger -keyb/v/h -nav/h winConfig={ mBounds=Rect(0, 0 - 2152, 2076) mAppBounds=Rect(0, 0 - 2152, 2076) mMaxBounds=Rect(0, 0 - 2152, 2076) mDisplayRotation=ROTATION_90 mWindowingMode=fullscreen mActivityType=undefined mAlwaysOnTop=undefined mRotation=ROTATION_90} as.14 s.637 fontWeightAdjustment=0}
04-15 02:40:57.002  4898  4898 D b/254119092: 		LauncherAppState.getIDP().getDeviceProfile(mWindowContext).isTaskbarPresent=true
04-15 02:40:57.002 13626 13658 I Finsky:quick_launch: [42] Current account updated in PVS
04-15 02:40:57.003  1360  1522 I Telecom : PhoneAccountRegistrar: getSimCallManager: SimCallManager for subId -1 queried, returning: null: TSI.rPA(cap)@I0c
04-15 02:40:57.003  1360  1522 I Telecom : PhoneAccountRegistrar: Notifying telephony of voice service override change for 1 SIMs, hasService = false: TSI.rPA(cap)@I0c
04-15 02:40:57.003  1360  1522 I Telecom : PhoneAccountRegistrar: maybeNotifyTelephonyForVoiceServiceState: simTm is null.: TSI.rPA(cap)@I0c
04-15 02:40:57.003  4704  4704 I Telephony: TelecomAccountRegistry$AccountEntry: Registered phoneAccount: [[ ] PhoneAccount: ComponentInfo{com.android.phone/com.android.services.telephony.TelephonyConnectionService}, E, UserHandle{0} Capabilities: CallProvider MultiUser PlaceEmerg SimSub  Audio Routes: BESW Schemes: tel voicemail  Extras: Bundle[{android.telecom.extra.SUPPORTS_VIDEO_CALLING_FALLBACK=true}] GroupId: *** SC Restrictions: [ ]] with handle: ComponentInfo{com.android.phone/com.android.services.telephony.TelephonyConnectionService}, E, UserHandle{0}
04-15 02:40:57.003  4704  4704 I Telephony: PstnIncomingCallNotifier: Registering: [0]
04-15 02:40:57.003  4704  4704 D Telephony: Registering: Handler (com.android.internal.telephony.GsmCdmaPhone) {3494489}
04-15 02:40:57.004 13626 13661 I Finsky:quick_launch: [44] Current account updated in PVS
04-15 02:40:57.005 13029 13029 I Finsky  : [2] Memory trim requested to level 40
04-15 02:40:57.005 13029 13029 I Finsky  : [2] Flushing in-memory image cache
04-15 02:40:57.005  1360  1679 D UsbDeviceManager: push notification:Charging this device via USB
04-15 02:40:57.006 32358 32358 I Finsky:background: [2] Memory trim requested to level 40
04-15 02:40:57.006  4416  4416 W PageIndicator: Total number of pages invalid: 0. Assuming 1 page.
04-15 02:40:57.008  4416  4416 D ControlsListingControllerImpl: ServiceConfig reloaded, count: 0
04-15 02:40:57.008  4416  4416 D ControlsListingControllerImpl: ServiceConfig reloaded, count: 0
04-15 02:40:57.008 13029 13029 I Finsky  : [2] Memory trim requested to level 40
04-15 02:40:57.008 13029 13029 I Finsky  : [2] Flushing in-memory image cache
04-15 02:40:57.008 13029 13029 I Finsky  : [2] Memory trim requested to level 40
04-15 02:40:57.008 13029 13029 I Finsky  : [2] Flushing in-memory image cache
04-15 02:40:57.010  4416  4416 D ControlsListingControllerImpl: ServiceConfig reloaded, count: 0
04-15 02:40:57.010  1360  6570 D ActivityManager: sync unfroze 15207 com.google.android.gms.ui for 10
04-15 02:40:57.010  4898  4935 D InputMonitorCompat: Input monitor (minus-one-disp0) created
04-15 02:40:57.012  7626  7626 W TimedProcessReaper: Memory state is: 400
04-15 02:40:57.012  7626  7626 D TimedProcessReaper: Attempted to reap process, but schedule tolerance was exceeded
04-15 02:40:57.012  7626  7626 D TimedProcessReaper: Rescheduling process reaping after pollDuration
04-15 02:40:57.015  1459  1459 D nativeloader: Configuring clns-shared-7 for other apk /system/app/CarrierDefaultApp/CarrierDefaultApp.apk. target_sdk_version=35, uses_libraries=, library_path=/system/app/CarrierDefaultApp/lib/arm64:/system/lib64:/system_ext/lib64, permitted_path=/data:/mnt/expand:/data/user/0/com.android.carrierdefaultapp:/system/app/CarrierDefaultApp:/system/lib64:/system_ext/lib64
04-15 02:40:57.018  1459  1459 D CompatChangeReporter: Compat change id reported: 202956589; UID 10118; state: ENABLED
04-15 02:40:57.018  4416  4416 W PageIndicator: Total number of pages invalid: 0. Assuming 1 page.
04-15 02:40:57.018  4416  4416 W PageIndicator: Total number of pages invalid: 0. Assuming 1 page.
04-15 02:40:57.019 32358 32358 I Finsky:background: [2] Memory trim requested to level 40
04-15 02:40:57.019 32358 32358 I Finsky:background: [2] Memory trim requested to level 40
04-15 02:40:57.019 32358 32358 I Finsky:background: [2] Memory trim requested to level 40
04-15 02:40:57.020  4898  4898 D StatsLog: LAUNCHER_TRANSIENT_TASKBAR_HIDE
04-15 02:40:57.020 11684  1492 I Fitness : (REDACTED) OnPackageChangedOperation got intent: %s
04-15 02:40:57.023  4898  4898 D AlphabeticIndexCompat: computeSectionName: cs: Settings sectionName: S
04-15 02:40:57.023  4898  4898 D AlphabeticIndexCompat: computeSectionName: cs: Photos sectionName: P
04-15 02:40:57.023  4898  4898 D AlphabeticIndexCompat: computeSectionName: cs: Pixel Weather sectionName: P
04-15 02:40:57.023  4898  4898 D AlphabeticIndexCompat: computeSectionName: cs: Battery sectionName: B
04-15 02:40:57.023  4898  4898 D AlphabeticIndexCompat: computeSectionName: cs: Chrome sectionName: C
04-15 02:40:57.023  4898  4898 D AlphabeticIndexCompat: computeSectionName: cs: Gmail sectionName: G
04-15 02:40:57.023  4898  4898 D AlphabeticIndexCompat: computeSectionName: cs: Drive sectionName: D
04-15 02:40:57.023  4898  4898 D AlphabeticIndexCompat: computeSectionName: cs: Clock sectionName: C
04-15 02:40:57.023  4898  4898 D AlphabeticIndexCompat: computeSectionName: cs: Contacts sectionName: C
04-15 02:40:57.023  4898  4898 D AlphabeticIndexCompat: computeSectionName: cs: Calendar sectionName: C
04-15 02:40:57.024  4898  4898 D AlphabeticIndexCompat: computeSectionName: cs: Maps sectionName: M
04-15 02:40:57.024  4898  4898 D AlphabeticIndexCompat: computeSectionName: cs: YouTube Music sectionName: Y
04-15 02:40:57.024  4898  4898 D AlphabeticIndexCompat: computeSectionName: cs: YouTube sectionName: Y
04-15 02:40:57.024  4898  4898 D AlphabeticIndexCompat: computeSectionName: cs: Google sectionName: G
04-15 02:40:57.024  4898  4898 D AlphabeticIndexCompat: computeSectionName: cs: Digital Wellbeing sectionName: D
04-15 02:40:57.024  4898  4898 D AlphabeticIndexCompat: computeSectionName: cs: Conversations sectionName: C
04-15 02:40:57.025  4416  4416 W PageIndicator: Total number of pages invalid: 0. Assuming 1 page.
04-15 02:40:57.025  4898  4935 D InputMonitorCompat: Input event receiver for monitor (minus-one-disp0) created
04-15 02:40:57.026  4898  4898 D b/254119092: DisplayController#onConfigurationChanged: {1.1 ?mcc0mnc [en] ldltr sw852dp w883dp h852dp 390dpi lrg hdr widecg land night finger -keyb/v/h -nav/h winConfig={ mBounds=Rect(0, 0 - 2152, 2076) mAppBounds=Rect(0, 0 - 2152, 2076) mMaxBounds=Rect(0, 0 - 2152, 2076) mDisplayRotation=ROTATION_90 mWindowingMode=fullscreen mActivityType=undefined mAlwaysOnTop=undefined mRotation=ROTATION_90} as.14 s.637 fontWeightAdjustment=0}
04-15 02:40:57.026  4416  4416 W PageIndicator: Total number of pages invalid: 0. Assuming 1 page.
04-15 02:40:57.026  4416  4416 W PageIndicator: Total number of pages invalid: 0. Assuming 1 page.
04-15 02:40:57.026  4416  4416 W PageIndicator: Total number of pages invalid: 0. Assuming 1 page.
04-15 02:40:57.026  4416  4416 W BcSmartspaceView: Current card is not present in the Adapter; cannot log.
04-15 02:40:57.026  4416  4416 W AlarmManager: Unrecognized alarm listener com.google.android.systemui.smartspace.KeyguardZenAlarmViewController$showNextAlarm$1@edd9a57
04-15 02:40:57.026  4416  4416 W AlarmManager: Unrecognized alarm listener com.google.android.systemui.smartspace.KeyguardZenAlarmViewController$showNextAlarm$1@edd9a57
04-15 02:40:57.026  4416  4416 W PageIndicator: Total number of pages invalid: 0. Assuming 1 page.
04-15 02:40:57.026  4416  4416 W BcSmartspaceView: Current card is not present in the Adapter; cannot log.
04-15 02:40:57.026  4416  4416 W PageIndicator: Total number of pages invalid: 0. Assuming 1 page.
04-15 02:40:57.026  4416  4416 W BcSmartspaceView: Current card is not present in the Adapter; cannot log.
04-15 02:40:57.027  1360  1360 W WindowTokenClientController: Can't find attached WindowTokenClient for android.window.WindowTokenClient@d35be25
04-15 02:40:57.027  5062  5377 D IwlanNetworkService$IwlanNetworkServiceHandler: msg.what = EVENT_NETWORK_REGISTRATION_INFO_REQUEST
04-15 02:40:57.027  4898  4898 D InputMonitorCompat: Input event receiver for monitor (minus-one-disp0) disposed
04-15 02:40:57.027  4898  4898 D InputMonitorCompat: Input monitor (minus-one-disp0) disposed
04-15 02:40:57.027  4898  4898 D TISBindHelper: TIS service connected
04-15 02:40:57.027  4898  4898 D b/254119092: Set mActivity=com.google.android.apps.nexuslauncher.NexusLauncherActivity@b5864fc
04-15 02:40:57.027  4898  4898 D b/254119092: mActivity and mWindowContext agree taskbarIsPresent=true
04-15 02:40:57.027  4898  4898 D b/254119092: registering activity lifecycle callbacks from setActivity().
04-15 02:40:57.028  1459  1459 V GraphicsEnvironment: Currently set values for:
04-15 02:40:57.028  1459  1459 V GraphicsEnvironment:   angle_gl_driver_selection_pkgs=[com.android.angle, com.linecorp.b612.android, com.campmobile.snow, com.google.android.apps.tachyon]
04-15 02:40:57.028  1459  1459 V GraphicsEnvironment:   angle_gl_driver_selection_values=[angle, native, native, native]
04-15 02:40:57.028  5424  5796 I AiAiEcho: Predicting[0]:  [CONTEXT sampling_count=5 ]
04-15 02:40:57.028  1459  1459 V GraphicsEnvironment: com.android.carrierdefaultapp is not listed in per-application setting
04-15 02:40:57.028  1459  1459 V GraphicsEnvironment: Neither updatable production driver nor prerelease driver is supported.
04-15 02:40:57.028  5424  5796 I AiAiEcho: EchoTargets: 
04-15 02:40:57.028  5424  5796 I AiAiEcho: Filtered by AiAi flag check: 
04-15 02:40:57.028  5424  5796 I AiAiEcho: [CONTEXT ratelimit_period="10 SECONDS" ]
04-15 02:40:57.028  4416  4416 D DefaultDeviceEntrySection: isUdfpsSupported=false
04-15 02:40:57.028  5424  5796 I AiAiEcho: Ranked targets strategy: SORT, count: 0, ranking metadata:  [CONTEXT ratelimit_period="10 SECONDS" ]
04-15 02:40:57.028  5424  5796 I AiAiEcho: #remoteViewsTwiddler: feature disabled.
04-15 02:40:57.028  5424  5796 I AiAiEcho: Predicting[0]:  [CONTEXT sampling_count=5 ]
04-15 02:40:57.028  5424  5796 I AiAiEcho: EchoTargets: 
04-15 02:40:57.028  5424  5796 I AiAiEcho: Filtered by AiAi flag check: 
04-15 02:40:57.028  5424  5796 I AiAiEcho: [CONTEXT ratelimit_period="10 SECONDS" ]
04-15 02:40:57.028  5424  5796 I AiAiEcho: Ranked targets strategy: SORT, count: 0, ranking metadata:  [CONTEXT ratelimit_period="10 SECONDS" ]
04-15 02:40:57.028  5424  5796 I AiAiEcho: #remoteViewsTwiddler: feature disabled.
04-15 02:40:57.029   476  5056 I BpBinder: onLastStrongRef automatically unlinking death recipients: 
04-15 02:40:57.029  4416  4466 D WindowManagerShell: setLauncherKeepClearAreaHeight: visible=false, height=427
04-15 02:40:57.029  4416  4466 D WindowManagerShell: setLauncherKeepClearAreaHeight: visible=true, height=427
04-15 02:40:57.033  1360  1679 V WindowManager: Sent Transition (#17) createdAt=04-15 02:40:56.848 via request=TransitionRequestInfo { type = CHANGE, triggerTask = null, pipChange = null, remoteTransition = null, displayChange = null, flags = 0, debugId = 17 }
04-15 02:40:57.033  1360  1679 V WindowManager:     startWCT=WindowContainerTransaction { changes= {} hops= [] errorCallbackToken=null taskFragmentOrganizer=null }
04-15 02:40:57.034  4898  4898 D SsBaseTemplateCard: No text view can be set up
04-15 02:40:57.034  4898  4898 D SsBaseTemplateCard: Passed-in item info is null
04-15 02:40:57.034  4898  4898 D SsBaseTemplateCard: Passed-in item info is null
04-15 02:40:57.034  4898  4898 D SsBaseTemplateCard: Passed-in item info is null
04-15 02:40:57.034  4898  4898 I SsBaseTemplateCard: Secondary card pane is null
04-15 02:40:57.034  1360  1684 D ActivityTaskManager: Remove task fragment: deleteTaskFragment
04-15 02:40:57.034  1360  1679 V WindowManager:     info={id=17 t=CHANGE f=0x0 trk=0 r=[0@Point(0, 0)] c=[
04-15 02:40:57.034  1360  1679 V WindowManager:         {WCT{RemoteToken{2ac774d Display{#0 state=ON size=2152x2076 ROTATION_90}}} m=CHANGE f=SHOW_WALLPAPER|IS_DISPLAY leash=Surface(name=WindowedMagnification:0:31)/@0x29a49e sb=Rect(0, 0 - 2152, 2076) eb=Rect(0, 0 - 2152, 2076) epz=Point(2152, 2076) d=0}
04-15 02:40:57.034  1360  1679 V WindowManager:     ]}
04-15 02:40:57.034  4898  4898 D BubbleBarView: BubbleBar RTL properties changed, new layoutDirection=0 previous layoutDirection=-1
04-15 02:40:57.035  5424  5796 I AiAiEcho: #postPredictionTargets: Sending updates to UISurface lockscreen with targets# 0 (types=[])
04-15 02:40:57.035  5424  5796 I AiAiEcho: #postPredictionTargets: Sending updates to UISurface home with targets# 0 (types=[])
04-15 02:40:57.035 11684  1490 I Fitness : (REDACTED) FitCleanupIntentOperation received Intent %s
04-15 02:40:57.036 32358 32376 I Finsky:background: [45] Current account updated in PVS
04-15 02:40:57.036 32358 32376 I Finsky:background: [45] Current account updated in PVS
04-15 02:40:57.037  4416 14368 V WindowManagerShell: onTransitionReady(transaction=5841155527908)
04-15 02:40:57.037  4416  4466 V WindowManagerShell: onTransitionReady (#17) android.os.BinderProxy@46eda8d: {id=17 t=CHANGE f=0x0 trk=0 r=[0@Point(0, 0)] c=[
04-15 02:40:57.037  4416  4466 V WindowManagerShell:         {m=CHANGE f=SHOW_WALLPAPER|IS_DISPLAY leash=Surface(name=WindowedMagnification:0:31)/@0x7e00bf9 sb=Rect(0, 0 - 2152, 2076) eb=Rect(0, 0 - 2152, 2076) epz=Point(2152, 2076) d=0 snapshot=Surface(name=transition snapshot: Display{#0 state=ON size=2152x2076 ROTATION_90})/@0x9a1273e}
04-15 02:40:57.037  4416  4466 V WindowManagerShell:     ]}
04-15 02:40:57.037  4416  4466 V WindowManagerShell: Playing animation for (#17) android.os.BinderProxy@46eda8d@0
04-15 02:40:57.037  4416  4466 V ShellRecents: RecentsTransitionHandler.startAnimation: no controller found
04-15 02:40:57.037  4416  4466 V WindowManagerShell: start default transition animation, info = {id=17 t=CHANGE f=0x0 trk=0 r=[0@Point(0, 0)] c=[{m=CHANGE f=SHOW_WALLPAPER|IS_DISPLAY leash=Surface(name=WindowedMagnification:0:31)/@0x7e00bf9 sb=Rect(0, 0 - 2152, 2076) eb=Rect(0, 0 - 2152, 2076) epz=Point(2152, 2076) d=0 snapshot=Surface(name=transition snapshot: Display{#0 state=ON size=2152x2076 ROTATION_90})/@0x9a1273e}]}
04-15 02:40:57.037  4416  4466 V WindowManagerShell: Display is changing, resolve the animation hint.
04-15 02:40:57.040  4898  4898 D SsBaseTemplateCard: No text view can be set up
04-15 02:40:57.040  4898  4898 D SsBaseTemplateCard: Passed-in item info is null
04-15 02:40:57.040  4898  4898 D SsBaseTemplateCard: Passed-in item info is null
04-15 02:40:57.040  4898  4898 D SsBaseTemplateCard: Passed-in item info is null
04-15 02:40:57.040  4898  4898 I SsBaseTemplateCard: Secondary card pane is null
04-15 02:40:57.040  4898  4898 D SsBaseTemplateCard: No text view can be set up
04-15 02:40:57.040  4898  4898 D SsBaseTemplateCard: Passed-in item info is null
04-15 02:40:57.040  4898  4898 D SsBaseTemplateCard: Passed-in item info is null
04-15 02:40:57.040  4898  4898 D SsBaseTemplateCard: Passed-in item info is null
04-15 02:40:57.040  4898  4898 I SsBaseTemplateCard: Secondary card pane is null
04-15 02:40:57.040  4898  4898 D TestEventsEmitterProduction: Event sent WORKSPACE_FINISH_LOADING
04-15 02:40:57.040  4898  4898 D StatsLog: LAUNCHER_ALLAPPS_COUNT
04-15 02:40:57.040  4416  4466 V WindowManagerShell:  animated by com.android.wm.shell.transition.DefaultTransitionHandler@ebbf9df
04-15 02:40:57.040  4898  4898 D AlphabeticalAppsList: Clearing FastScrollerSections.
04-15 02:40:57.040  4898  4898 D AlphabeticalAppsList: Adding apps with sections. HasPrivateApps: false
04-15 02:40:57.040  4898  4898 D AlphabeticalAppsList: addAppsWithSections: adding sectionName: C with appInfoTitle: Calculator
04-15 02:40:57.040  4898  4898 D AlphabeticalAppsList: addAppsWithSections: adding sectionName: D with appInfoTitle: Drive
04-15 02:40:57.040  4898  4898 D AlphabeticalAppsList: addAppsWithSections: adding sectionName: F with appInfoTitle: Files
04-15 02:40:57.040  4898  4898 D AlphabeticalAppsList: addAppsWithSections: adding sectionName: G with appInfoTitle: Gmail
04-15 02:40:57.040  4898  4898 D AlphabeticalAppsList: addAppsWithSections: adding sectionName: M with appInfoTitle: Maps
04-15 02:40:57.040  4898  4898 D AlphabeticalAppsList: addAppsWithSections: adding sectionName: P with appInfoTitle: Phone
04-15 02:40:57.040  4898  4898 D AlphabeticalAppsList: addAppsWithSections: adding sectionName: R with appInfoTitle: Recorder
04-15 02:40:57.040  4898  4898 D AlphabeticalAppsList: addAppsWithSections: adding sectionName: S with appInfoTitle: Settings
04-15 02:40:57.040  4898  4898 D AlphabeticalAppsList: addAppsWithSections: adding sectionName: W with appInfoTitle: Weather
04-15 02:40:57.040  4898  4898 D AlphabeticalAppsList: addAppsWithSections: adding sectionName: Y with appInfoTitle: YouTube
04-15 02:40:57.040  4898  4898 D AlphabeticalAppsList: Adding FastScrollSection duplicate to scroll to the bottom.
04-15 02:40:57.040  4704  4704 I ImsExternalCallTracker: handleVideoCapabilitiesChanged : isVideoCapable = false
04-15 02:40:57.040  4704  4704 D ImsExternalCallTracker: refreshCallPullState
04-15 02:40:57.040  4898  4898 D AlphabeticalAppsList: Clearing FastScrollerSections.
04-15 02:40:57.040  4898  4898 D AlphabeticalAppsList: Adding apps with sections. HasPrivateApps: false
04-15 02:40:57.040  4898  4898 D AlphabeticalAppsList: addAppsWithSections: adding sectionName: C with appInfoTitle: Calculator
04-15 02:40:57.040  4898  4898 D AlphabeticalAppsList: addAppsWithSections: adding sectionName: D with appInfoTitle: Drive
04-15 02:40:57.040  4898  4898 D AlphabeticalAppsList: addAppsWithSections: adding sectionName: F with appInfoTitle: Files
04-15 02:40:57.040  4898  4898 D AlphabeticalAppsList: addAppsWithSections: adding sectionName: G with appInfoTitle: Gmail
04-15 02:40:57.040  4898  4898 D AlphabeticalAppsList: addAppsWithSections: adding sectionName: M with appInfoTitle: Maps
04-15 02:40:57.040  4898  4898 D AlphabeticalAppsList: addAppsWithSections: adding sectionName: P with appInfoTitle: Phone
04-15 02:40:57.040  4898  4898 D AlphabeticalAppsList: addAppsWithSections: adding sectionName: R with appInfoTitle: Recorder
04-15 02:40:57.040  4704  4704 I Telephony: handleVideoCapabilitesChanged. Video capability - false
04-15 02:40:57.040  4898  4898 D AlphabeticalAppsList: addAppsWithSections: adding sectionName: S with appInfoTitle: Settings
04-15 02:40:57.040  4898  4898 D AlphabeticalAppsList: addAppsWithSections: adding sectionName: W with appInfoTitle: Weather
04-15 02:40:57.040  4898  4898 D AlphabeticalAppsList: addAppsWithSections: adding sectionName: Y with appInfoTitle: YouTube
04-15 02:40:57.040  4898  4898 D AlphabeticalAppsList: Adding FastScrollSection duplicate to scroll to the bottom.
04-15 02:40:57.041  1360  6569 D SystemServerTiming: getUserSwitchability-0
04-15 02:40:57.041  1360  6569 D SystemServerTiming: TM.isInCall
04-15 02:40:57.041  5062  5377 D IwlanNetworkService$IwlanNetworkServiceHandler[0]: : reg state REGISTRATION_STATE_HOME
04-15 02:40:57.042  5062  5377 D IwlanNetworkService$IwlanNetworkServiceHandler: msg.what = EVENT_NETWORK_REGISTRATION_INFO_REQUEST
04-15 02:40:57.043  5062  5377 D IwlanNetworkService$IwlanNetworkServiceHandler[1]: : reg state REGISTRATION_STATE_HOME
04-15 02:40:57.043  1360  6569 D SystemServerTiming: hasUserRestriction-DISALLOW_USER_SWITCH
04-15 02:40:57.043  1360  6569 D SystemServerTiming: getInt-ALLOW_USER_SWITCHING_WHEN_SYSTEM_USER_LOCKED
04-15 02:40:57.043  1360  6569 D SystemServerTiming: isUserUnlocked-USER_SYSTEM
04-15 02:40:57.043  4416  4416 W PageIndicator: Total number of pages invalid: 0. Assuming 1 page.
04-15 02:40:57.044  4416  4416 W PageIndicator: Total number of pages invalid: 0. Assuming 1 page.
04-15 02:40:57.044 32358 32376 I Finsky:background: [45] Current account updated in PVS
04-15 02:40:57.044  4416  4466 V WindowManagerShell: Transition animation finished (aborted=false), notifying core (#17) android.os.BinderProxy@46eda8d@0
04-15 02:40:57.044 32358 32376 I Finsky:background: [45] Current account updated in PVS
04-15 02:40:57.045  4416  4416 W PageIndicator: Total number of pages invalid: 0. Assuming 1 page.
04-15 02:40:57.045  4416  4416 W PageIndicator: Total number of pages invalid: 0. Assuming 1 page.
04-15 02:40:57.045  4416  4416 W PageIndicator: Total number of pages invalid: 0. Assuming 1 page.
04-15 02:40:57.045  4416  4416 W BcSmartspaceView: Current card is not present in the Adapter; cannot log.
04-15 02:40:57.045  4416  4416 W AlarmManager: Unrecognized alarm listener com.google.android.systemui.smartspace.KeyguardZenAlarmViewController$showNextAlarm$1@edd9a57
04-15 02:40:57.045  4416  4416 W AlarmManager: Unrecognized alarm listener com.google.android.systemui.smartspace.KeyguardZenAlarmViewController$showNextAlarm$1@edd9a57
04-15 02:40:57.045  4416  4416 W PageIndicator: Total number of pages invalid: 0. Assuming 1 page.
04-15 02:40:57.045  4416  4416 W BcSmartspaceView: Current card is not present in the Adapter; cannot log.
04-15 02:40:57.045  4416  4416 W PageIndicator: Total number of pages invalid: 0. Assuming 1 page.
04-15 02:40:57.045  4416  4416 W BcSmartspaceView: Current card is not present in the Adapter; cannot log.
04-15 02:40:57.046  4704  4704 D Telephony: isEmergencyPreferredAccount: subId=-1, activeData=-1
04-15 02:40:57.046  4704  4704 D Telephony: isEmergencyPreferredAccount: Device does not require preference.
04-15 02:40:57.046  4704  4704 I Telephony: isRttCurrentlySupported -- emergency acct and not supported in this country: 
04-15 02:40:57.047  4416  4416 D DefaultDeviceEntrySection: isUdfpsSupported=false
04-15 02:40:57.109     1     1 W /system/bin/init: type=1107 audit(0.0:11701): uid=0 auid=4294967295 ses=4294967295 subj=u:r:init:s0 msg='avc:  denied  { set } for property=persist.sys.language pid=1510 uid=2000 gid=2000 scontext=u:r:shell:s0 tcontext=u:object_r:system_prop:s0 tclass=property_service permissive=0'
04-15 02:40:57.047  4898  4936 I GridSizeMigrationDBController: Migration is not needed. destDeviceState: DeviceGridState{mGridSizeString='4,4', mNumHotseat=6, mDeviceType=1, mDbFile=launcher_4_by_4.db}, srcDeviceState: DeviceGridState{mGridSizeString='4,4', mNumHotseat=6, mDeviceType=1, mDbFile=launcher_4_by_4.db}
04-15 02:40:57.047  4898  4936 D LauncherProvider: migrateGridIfNeeded: no grid migration needed
04-15 02:40:57.047  4898  4936 D LoaderTask: loadWorkspace: loading default favorites if necessary
04-15 02:40:57.047  4898  4936 D LoaderTask: loadWorkspace: Packages with active install/update sessions: []
04-15 02:40:57.049  1360  5310 D SystemServerTiming: getUserSwitchability-0
04-15 02:40:57.049  1360  5310 D SystemServerTiming: TM.isInCall
04-15 02:40:57.049  1360  6569 D SystemServerTiming: getUserSwitchability-0
04-15 02:40:57.049  1360  6569 D SystemServerTiming: TM.isInCall
04-15 02:40:57.050  4416  4416 W HWUI    : Image decoding logging dropped!
04-15 02:40:57.050  5424  5796 I AiAiEcho: Predicting[0]:  [CONTEXT sampling_count=5 ]
04-15 02:40:57.050  5424  5796 I AiAiEcho: EchoTargets: 
04-15 02:40:57.050  5424  5796 I AiAiEcho: Filtered by AiAi flag check: 
04-15 02:40:57.050  5424  5796 I AiAiEcho: [CONTEXT ratelimit_period="10 SECONDS" ]
04-15 02:40:57.050  5424  5796 I AiAiEcho: Ranked targets strategy: SORT, count: 0, ranking metadata:  [CONTEXT ratelimit_period="10 SECONDS" ]
04-15 02:40:57.051  1360  4601 D SystemServerTiming: getUserSwitchability-0
04-15 02:40:57.051  1360  4601 D SystemServerTiming: TM.isInCall
04-15 02:40:57.051  5424  5796 I AiAiEcho: #remoteViewsTwiddler: feature disabled.
04-15 02:40:57.051  4416  4466 V WindowManagerShell: Track 0 became idle
04-15 02:40:57.051  4416  4466 V WindowManagerShell: All active transition animations finished
04-15 02:40:57.051  5424  5796 I AiAiEcho: Predicting[0]:  [CONTEXT sampling_count=5 ]
04-15 02:40:57.051  5424  5796 I AiAiEcho: EchoTargets: 
04-15 02:40:57.051  5424  5796 I AiAiEcho: Filtered by AiAi flag check: 
04-15 02:40:57.051  5424  5796 I AiAiEcho: [CONTEXT ratelimit_period="10 SECONDS" ]
04-15 02:40:57.051  5424  5796 I AiAiEcho: Ranked targets strategy: SORT, count: 0, ranking metadata:  [CONTEXT ratelimit_period="10 SECONDS" ]
04-15 02:40:57.051  5424  5796 I AiAiEcho: #remoteViewsTwiddler: feature disabled.
04-15 02:40:57.051  1360  1684 I DisplayDeviceRepository: Display device changed render timings: "Inner Display", renderFrameRate=120.00001, presentationDeadlineNanos=11500000, appVsyncOffsetNanos=6233332, frameRateOverrides=[{uid=10242 frameRateHz=120.00001}]
04-15 02:40:57.052  5424  5796 I AiAiEcho: #postPredictionTargets: Sending updates to UISurface lockscreen with targets# 0 (types=[])
04-15 02:40:57.052  5424  5796 I AiAiEcho: #postPredictionTargets: Sending updates to UISurface home with targets# 0 (types=[])
04-15 02:40:57.053  4416  4416 W PageIndicator: Total number of pages invalid: 0. Assuming 1 page.
04-15 02:40:57.054  1360  1679 V WindowManager: Finish Transition (#17): created at 04-15 02:40:56.848 collect-started=0.096ms request-sent=0.198ms started=16.508ms ready=181.482ms sent=184.175ms finished=202.307ms
04-15 02:40:57.054  4416  4466 V WindowManagerShell: Transition requested (#18): android.os.BinderProxy@ddf1bb3 TransitionRequestInfo { type = CLOSE, triggerTask = null, pipChange = null, remoteTransition = RemoteTransition { remoteTransition = android.window.IRemoteTransition$Stub$Proxy@1e18570, appThread = null, debugName = TaskFragmentComponent }, displayChange = null, flags = 0, debugId = 18 }
04-15 02:40:57.054  4416  4466 V WindowManagerShell: RemoteTransition directly requested for (#18) android.os.BinderProxy@ddf1bb3: RemoteTransition { remoteTransition = android.window.IRemoteTransition$Stub$Proxy@1e18570, appThread = null, debugName = TaskFragmentComponent }
04-15 02:40:57.054  1360  5310 D SystemServerTiming: hasUserRestriction-DISALLOW_USER_SWITCH
04-15 02:40:57.054  1360  5310 D SystemServerTiming: getInt-ALLOW_USER_SWITCHING_WHEN_SYSTEM_USER_LOCKED
04-15 02:40:57.054  1360  5310 D SystemServerTiming: isUserUnlocked-USER_SYSTEM
04-15 02:40:57.054  1360  6569 D SystemServerTiming: hasUserRestriction-DISALLOW_USER_SWITCH
04-15 02:40:57.054  1360  6569 D SystemServerTiming: getInt-ALLOW_USER_SWITCHING_WHEN_SYSTEM_USER_LOCKED
04-15 02:40:57.054  1360  4601 D SystemServerTiming: hasUserRestriction-DISALLOW_USER_SWITCH
04-15 02:40:57.054  1360  6569 D SystemServerTiming: isUserUnlocked-USER_SYSTEM
04-15 02:40:57.055   476  5056 I BpBinder: onLastStrongRef automatically unlinking death recipients: 
04-15 02:40:57.056  4416  5934 V WindowManagerShell: onTransitionReady(transaction=5841155527920)
04-15 02:40:57.056  4416  4466 V WindowManagerShell: onTransitionReady (#18) android.os.BinderProxy@ddf1bb3: {id=18 t=CLOSE f=0x0 trk=1 r=[] c=[]}
04-15 02:40:57.056  4416  4466 V WindowManagerShell: No transition roots in (#18) android.os.BinderProxy@ddf1bb3@1 so abort
04-15 02:40:57.056  1360  1679 V WindowManager: Sent Transition (#18) createdAt=04-15 02:40:56.925 via request=TransitionRequestInfo { type = CLOSE, triggerTask = null, pipChange = null, remoteTransition = RemoteTransition { remoteTransition = android.window.IRemoteTransition$Stub$Proxy@17e49f2, appThread = null, debugName = TaskFragmentComponent }, displayChange = null, flags = 0, debugId = 18 }
04-15 02:40:57.056  4416  4466 V WindowManagerShell: Transition animation finished (aborted=true), notifying core (#18) android.os.BinderProxy@ddf1bb3@1
04-15 02:40:57.056  1360  1679 V WindowManager:     startWCT=WindowContainerTransaction { changes= {} hops= [] errorCallbackToken=null taskFragmentOrganizer=null }
04-15 02:40:57.056  1360  1679 V WindowManager:     info={id=18 t=CLOSE f=0x0 trk=1 r=[] c=[]}
04-15 02:40:57.056  4898  4898 D TaskFragmentComponent: release and clear taskSurface
04-15 02:40:57.056  4898  4935 D SearchTargetUtil: queryLength=0 size=1
04-15 02:40:57.056  4898  4935 D SearchTargetUtil: layoutType=icon_row resultType=4096 packageName=
04-15 02:40:57.057 15975 16048 I Bugle   : BroadcastReceiverAsyncWorkTracker: Acknowledging broadcast of cerc@dac6f67
04-15 02:40:57.057  1360  4601 D SystemServerTiming: getInt-ALLOW_USER_SWITCHING_WHEN_SYSTEM_USER_LOCKED
04-15 02:40:57.057  1360  4601 D SystemServerTiming: isUserUnlocked-USER_SYSTEM
04-15 02:40:57.058  1360  1679 V WindowManager: Finish Transition (#18): created at 04-15 02:40:56.925 collect-started=107.913ms request-sent=111.998ms started=129.963ms ready=129.908ms sent=130.476ms finished=132.511ms
04-15 02:40:57.058  4898  4898 D TaskFragmentComponent: Setting valid task fragment surface control in TYPE_TASK_FRAGMENT_APPEARED
04-15 02:40:57.058  4416  4466 V WindowManagerShell: Track 1 became idle
04-15 02:40:57.058  4416  4466 V WindowManagerShell: All active transition animations finished
04-15 02:40:57.058  4416  4466 V WindowManagerShell: Transition requested (#19): android.os.BinderProxy@e657a3 TransitionRequestInfo { type = CHANGE, triggerTask = null, pipChange = null, remoteTransition = RemoteTransition { remoteTransition = android.window.IRemoteTransition$Stub$Proxy@bd92aa0, appThread = null, debugName = TaskFragmentComponent }, displayChange = null, flags = 0, debugId = 19 }
04-15 02:40:57.058  4416  4466 V WindowManagerShell: RemoteTransition directly requested for (#19) android.os.BinderProxy@e657a3: RemoteTransition { remoteTransition = android.window.IRemoteTransition$Stub$Proxy@bd92aa0, appThread = null, debugName = TaskFragmentComponent }
04-15 02:40:57.059  1360  2000 I ImeTracker: com.google.android.apps.nexuslauncher:23b34ee: onRequestHide at ORIGIN_SERVER reason HIDE_UNSPECIFIED_WINDOW fromUser false
04-15 02:40:57.059  4898  4898 D InsetsController: hide(ime(), fromIme=false)
04-15 02:40:57.059  4898  4898 I ImeTracker: com.google.android.apps.nexuslauncher:23b34ee: onCancelled at PHASE_CLIENT_ALREADY_HIDDEN
04-15 02:40:57.061 12365 12365 I GoogleInputMethodService: GoogleInputMethodService.onFinishInput():3095 
04-15 02:40:57.062  4416  4416 D DefaultDeviceEntrySection: isUdfpsSupported=false
04-15 02:40:57.063 12365 12365 I GoogleInputMethodService: GoogleInputMethodService.updateDeviceLockedStatus():2167 repeatCheckTimes = 0, locked = false
04-15 02:40:57.063  5402  5812 I MediaProvider: Begin Intent { act=android.intent.action.LOCALE_CHANGED flg=0x1200810 cmp=com.google.android.providers.media.module/com.android.providers.media.MediaService }
04-15 02:40:57.063 12365 12365 I GoogleInputMethodService: GoogleInputMethodService.onStartInput():1911 onStartInput(EditorInfo{EditorInfo{packageName=com.google.android.apps.nexuslauncher, inputType=0, inputTypeString=NULL, enableLearning=false, autoCorrection=false, autoComplete=false, imeOptions=0, privateImeOptions=null, actionName=UNSPECIFIED, actionLabel=null, initialSelStart=-1, initialSelEnd=-1, initialCapsMode=0, label=null, fieldId=0, fieldName=null, extras=null, hintText=null, hintLocales=[]}}, false)
04-15 02:40:57.063 12365 12365 I GoogleInputMethodService: GoogleInputMethodService.updateDeviceLockedStatus():2167 repeatCheckTimes = 1, locked = false
04-15 02:40:57.063  1360  5311 W UserManagerService: Requested status bar icon for non-badged user 0
04-15 02:40:57.063 12365 12365 I AndroidIME: InputBundleManager.loadActiveInputBundleId():450 loadActiveInputBundleId: und-Latn-x-password, password
04-15 02:40:57.063 12365 12365 I EmojiCompatManager: EmojiCompatManager.getEmojiCompatIfLoaded():342 EmojiCompat.init() was never called.
04-15 02:40:57.063 12365 12365 I EmojiCompatManager: java.lang.IllegalStateException: EmojiCompat is not initialized. Please call EmojiCompat.init() first
04-15 02:40:57.063 12365 12365 I EmojiCompatManager: 	at asl.p(PG:6)
04-15 02:40:57.063 12365 12365 I EmojiCompatManager: 	at awk.b(PG:13)
04-15 02:40:57.063 12365 12365 I EmojiCompatManager: 	at jgi.b(PG:2)
04-15 02:40:57.063 12365 12365 I EmojiCompatManager: 	at jgi.c(PG:4)
04-15 02:40:57.063 12365 12365 I EmojiCompatManager: 	at jgi.f(PG:3)
04-15 02:40:57.063 12365 12365 I EmojiCompatManager: 	at jzg.onStartInput(PG:468)
04-15 02:40:57.063 12365 12365 I EmojiCompatManager: 	at android.inputmethodservice.InputMethodService.doStartInput(InputMethodService.java:3491)
04-15 02:40:57.063 12365 12365 I EmojiCompatManager: 	at android.inputmethodservice.InputMethodService$InputMethodImpl.startInput(InputMethodService.java:878)
04-15 02:40:57.063 12365 12365 I EmojiCompatManager: 	at android.inputmethodservice.InputMethodService$InputMethodImpl.dispatchStartInput(InputMethodService.java:907)
04-15 02:40:57.063 12365 12365 I EmojiCompatManager: 	at android.inputmethodservice.IInputMethodWrapper.executeMessage(IInputMethodWrapper.java:201)
04-15 02:40:57.063 12365 12365 I EmojiCompatManager: 	at com.android.internal.os.HandlerCaller$MyHandler.handleMessage(HandlerCaller.java:44)
04-15 02:40:57.063 12365 12365 I EmojiCompatManager: 	at android.os.Handler.dispatchMessage(Handler.java:109)
04-15 02:40:57.063 12365 12365 I EmojiCompatManager: 	at android.os.Looper.loopOnce(Looper.java:232)
04-15 02:40:57.063 12365 12365 I EmojiCompatManager: 	at android.os.Looper.loop(Looper.java:317)
04-15 02:40:57.063 12365 12365 I EmojiCompatManager: 	at android.app.ActivityThread.main(ActivityThread.java:8934)
04-15 02:40:57.063 12365 12365 I EmojiCompatManager: 	at java.lang.reflect.Method.invoke(Native Method)
04-15 02:40:57.063 12365 12365 I EmojiCompatManager: 	at com.android.internal.os.RuntimeInit$MethodAndArgsCaller.run(RuntimeInit.java:591)
04-15 02:40:57.063 12365 12365 I EmojiCompatManager: 	at com.android.internal.os.ZygoteInit.main(ZygoteInit.java:911)
04-15 02:40:57.063  5424  5796 I AiAiEcho: Predicting[0]:  [CONTEXT sampling_count=5 ]
04-15 02:40:57.063  5424  5796 I AiAiEcho: EchoTargets: 
04-15 02:40:57.063  5424  5796 I AiAiEcho: Filtered by AiAi flag check: 
04-15 02:40:57.063  5424  5796 I AiAiEcho: [CONTEXT ratelimit_period="10 SECONDS" ]
04-15 02:40:57.063  5424  5796 I AiAiEcho: Ranked targets strategy: SORT, count: 0, ranking metadata:  [CONTEXT ratelimit_period="10 SECONDS" ]
04-15 02:40:57.063  1360  5566 V WindowManager: Queueing transition: TransitionRecord{d6d9cbb id=-1 type=CLOSE flags=0x0 overrideAnimOptions=null}
04-15 02:40:57.064  1360  5311 W PackageConfigPersister: App-specific configuration not found for packageName: com.google.android.apps.nexuslauncher and userId: 0
04-15 02:40:57.064  5424  5796 I AiAiEcho: #remoteViewsTwiddler: feature disabled.
04-15 02:40:57.064  5424  5796 I AiAiEcho: Predicting[0]:  [CONTEXT sampling_count=5 ]
04-15 02:40:57.064  5424  5796 I AiAiEcho: EchoTargets: 
04-15 02:40:57.064  5424  5796 I AiAiEcho: Filtered by AiAi flag check: 
04-15 02:40:57.064  5424  5796 I AiAiEcho: [CONTEXT ratelimit_period="10 SECONDS" ]
04-15 02:40:57.064  5424  5796 I AiAiEcho: Ranked targets strategy: SORT, count: 0, ranking metadata:  [CONTEXT ratelimit_period="10 SECONDS" ]
04-15 02:40:57.064  5424  5796 I AiAiEcho: #remoteViewsTwiddler: feature disabled.
04-15 02:40:57.064  5424  5796 I AiAiEcho: #postPredictionTargets: Sending updates to UISurface lockscreen with targets# 0 (types=[])
04-15 02:40:57.065  5424  5796 I AiAiEcho: #postPredictionTargets: Sending updates to UISurface home with targets# 0 (types=[])
04-15 02:40:57.065 15975 15989 W Bugle   : TextClassifierLibManagerImpl: Reclaiming memory at level: 40
04-15 02:40:57.067 15975 15989 W Bugle   : TextClassifierLibManagerImpl: Reclaiming memory at level: 40
04-15 02:40:57.067  4416  4416 W PageIndicator: Total number of pages invalid: 0. Assuming 1 page.
04-15 02:40:57.067  4416 29142 V WindowManagerShell: onTransitionReady(transaction=5841155527930)
04-15 02:40:57.067  4416  4466 V WindowManagerShell: onTransitionReady (#19) android.os.BinderProxy@e657a3: {id=19 t=CHANGE f=0x0 trk=2 r=[] c=[]}
04-15 02:40:57.068  4416  4466 V WindowManagerShell: No transition roots in (#19) android.os.BinderProxy@e657a3@2 so abort
04-15 02:40:57.068  1360  1679 V WindowManager: Sent Transition (#19) createdAt=04-15 02:40:56.969 via request=TransitionRequestInfo { type = CHANGE, triggerTask = null, pipChange = null, remoteTransition = RemoteTransition { remoteTransition = android.window.IRemoteTransition$Stub$Proxy@634e833, appThread = null, debugName = TaskFragmentComponent }, displayChange = null, flags = 0, debugId = 19 }
04-15 02:40:57.068  1360  1679 V WindowManager:     startWCT=WindowContainerTransaction { changes= {} hops= [] errorCallbackToken=null taskFragmentOrganizer=null }
04-15 02:40:57.068  1360  1679 V WindowManager:     info={id=19 t=CHANGE f=0x0 trk=2 r=[] c=[]}
04-15 02:40:57.068  4416  4466 V WindowManagerShell: Transition animation finished (aborted=true), notifying core (#19) android.os.BinderProxy@e657a3@2
04-15 02:40:57.069 11684 12016 I NearbyDiscovery: (REDACTED) FastPairHandler: Received action %s
04-15 02:40:57.069  4416  4466 V WindowManagerShell: Track 2 became idle
04-15 02:40:57.069 11684 12016 I NearbyDiscovery: (REDACTED) FastPairHandler: evict memory cache due to %s
04-15 02:40:57.069  4416  4466 V WindowManagerShell: All active transition animations finished
04-15 02:40:57.069  1360  1679 V WindowManager: Finish Transition (#19): created at 04-15 02:40:56.969 collect-started=86.373ms request-sent=87.995ms started=89.728ms ready=95.953ms sent=96.656ms finished=99.206ms
04-15 02:40:57.071  1360  4371 D BackgroundInstallControlService: Package event received: 0
04-15 02:40:57.071  1360  4371 D BackgroundInstallControlService: Package event received: 0
04-15 02:40:57.071  4416  4466 V WindowManagerShell: Transition requested (#20): android.os.BinderProxy@755f22a TransitionRequestInfo { type = CLOSE, triggerTask = null, pipChange = null, remoteTransition = RemoteTransition { remoteTransition = android.window.IRemoteTransition$Stub$Proxy@5dd181b, appThread = null, debugName = TaskFragmentComponent }, displayChange = null, flags = 0, debugId = 20 }
04-15 02:40:57.071  4416  4466 V WindowManagerShell: RemoteTransition directly requested for (#20) android.os.BinderProxy@755f22a: RemoteTransition { remoteTransition = android.window.IRemoteTransition$Stub$Proxy@5dd181b, appThread = null, debugName = TaskFragmentComponent }
04-15 02:40:57.073  1360  1679 V WindowManager: Sent Transition (#20) createdAt=04-15 02:40:57.063 via request=TransitionRequestInfo { type = CLOSE, triggerTask = null, pipChange = null, remoteTransition = RemoteTransition { remoteTransition = android.window.IRemoteTransition$Stub$Proxy@b4ed9b4, appThread = null, debugName = TaskFragmentComponent }, displayChange = null, flags = 0, debugId = 20 }
04-15 02:40:57.072  4416 29142 V WindowManagerShell: onTransitionReady(transaction=5841155527937)
04-15 02:40:57.073  1360  1679 V WindowManager:     startWCT=WindowContainerTransaction { changes= {} hops= [] errorCallbackToken=null taskFragmentOrganizer=null }
04-15 02:40:57.073  1360  1679 V WindowManager:     info={id=20 t=CLOSE f=0x0 trk=3 r=[] c=[]}
04-15 02:40:57.073  4704  4704 I Telephony: TelecomAccountRegistry$AccountEntry: registerPstnPhoneAccount: Registering account=[[ ] PhoneAccount: ComponentInfo{com.android.phone/com.android.services.telephony.TelephonyConnectionService}, E, UserHandle{0} Capabilities: CallProvider MultiUser PlaceEmerg SimSub  Audio Routes: BESW Schemes: tel voicemail  Extras: Bundle[{android.telecom.extra.SUPPORTS_VIDEO_CALLING_FALLBACK=true}] GroupId: *** SC Restrictions: [ ]] with Telecom. subId=-1
