04-15 02:40:56.580  4898  4898 D LauncherAppsCallbackImpl: onPackageAdded triggered for packageName=com.google.wireless.qa.mobileharness.tool.android.language, user=UserHandle{0}
04-15 02:40:56.580  1360  1697 D LauncherAppsService: onPackageAdded: triggering onPackageAdded for user=UserHandle{0}, packageName=com.google.wireless.qa.mobileharness.tool.android.language
04-15 02:40:56.580  4898  4936 D PackageUpdatedTask: Package updated: mOp=ADD packages=[com.google.wireless.qa.mobileharness.tool.android.language], user=UserHandle{0}
04-15 02:40:56.581  1360  1697 W PackageManager: Failed registering loading progress callback. Package is fully loaded.
04-15 02:40:56.582  4704  4704 E SmsApplication: com.google.android.apps.messaging lost android:read_cell_broadcasts:  (fixing)
04-15 02:40:56.582  4898  4936 D LauncherApps: getActivityList: No launchable activities found forpackageName=com.google.wireless.qa.mobileharness.tool.android.language, user=UserHandle{0}
04-15 02:40:56.582  1360  5581 W AppOpService: Ignored setUidMode call for runtime permission app op: uid = 10172, code = READ_CELL_BROADCASTS, mode = allow, callingUid = 1001, oldMode = allow
04-15 02:40:56.582  4898  4936 D LauncherApps: getActivityList: No launchable activities found forpackageName=com.google.wireless.qa.mobileharness.tool.android.language, user=UserHandle{0}
04-15 02:40:56.582  5424  5424 D LauncherApps: getActivityList: No launchable activities found forpackageName=com.google.wireless.qa.mobileharness.tool.android.language, user=UserHandle{0}
04-15 02:40:56.583  5424  5424 I AiAiEcho: AppFetcherImplV2 updateApps package:[com.google.wireless.qa.mobileharness.tool.android.language], userId:[0], reason:[package is added.].
04-15 02:40:56.584  1360  5311 W AppOpService: Ignored setUidMode call for runtime permission app op: uid = 1001, code = READ_SMS, mode = allow, callingUid = 1001, oldMode = allow
04-15 02:40:56.584  5424  1372 D LauncherApps: getActivityList: No launchable activities found forpackageName=com.google.wireless.qa.mobileharness.tool.android.language, user=UserHandle{0}
04-15 02:40:56.584  1360  5311 W AppOpService: Ignored setUidMode call for runtime permission app op: uid = 1001, code = RECEIVE_SMS, mode = allow, callingUid = 1001, oldMode = allow
04-15 02:40:56.584  1360  5311 W AppOpService: Ignored setUidMode call for runtime permission app op: uid = 1001, code = RECEIVE_WAP_PUSH, mode = allow, callingUid = 1001, oldMode = allow
04-15 02:40:56.584  1360  5311 W AppOpService: Ignored setUidMode call for runtime permission app op: uid = 1001, code = SEND_SMS, mode = allow, callingUid = 1001, oldMode = allow
04-15 02:40:56.584  1360  5311 W AppOpService: Ignored setUidMode call for runtime permission app op: uid = 1001, code = READ_CELL_BROADCASTS, mode = allow, callingUid = 1001, oldMode = allow
04-15 02:40:56.585  5424  5796 D LauncherApps: getActivityList: No launchable activities found forpackageName=com.facebook.katana, user=UserHandle{0}
04-15 02:40:56.586  5424  5796 D LauncherApps: getActivityList: No launchable activities found forpackageName=com.whatsapp, user=UserHandle{0}
04-15 02:40:56.588  5424  5796 D LauncherApps: getActivityList: No launchable activities found forpackageName=com.instagram.android, user=UserHandle{0}
04-15 02:40:56.588  5424  5796 D LauncherApps: getActivityList: No launchable activities found forpackageName=com.facebook.orca, user=UserHandle{0}
04-15 02:40:56.589  5424  5796 D LauncherApps: getActivityList: No launchable activities found forpackageName=jp.naver.line.android, user=UserHandle{0}
04-15 02:40:56.589  5424  5796 D LauncherApps: getActivityList: No launchable activities found forpackageName=com.snapchat.android, user=UserHandle{0}
04-15 02:40:56.589  4898  4936 W HWUI    : Image decoding logging dropped!
04-15 02:40:56.589  4898  4936 D BaseIconCache: Default icon returned for com.google.wireless.qa.mobileharness.tool.android.language
04-15 02:40:56.589  4704  5003 D EuiccConnector: handleMessage: E msg.what=4
04-15 02:40:56.589  4704  5003 D EuiccConnector: processMsg: DisconnectedState
04-15 02:40:56.589  4704  5003 D EuiccConnector: transitionTo: destState=ConnectedState
04-15 02:40:56.589  4704  5003 D EuiccConnector: handleMessage: new destination call exit/enter
04-15 02:40:56.589  4704  5003 D EuiccConnector: setupTempStateStackWithStatesToEnter: X mTempStateStackCount=1,curStateInfo: state=DisconnectedState,active=true,parent=null
04-15 02:40:56.589  4704  5003 D EuiccConnector: moveTempStackToStateStack: i=0,j=1
04-15 02:40:56.589  4704  5003 D EuiccConnector: moveTempStackToStateStack: X mStateStackTop=1,startingIndex=1,Top=ConnectedState
04-15 02:40:56.589  5424  5796 D LauncherApps: getActivityList: No launchable activities found forpackageName=com.microsoft.office.outlook, user=UserHandle{0}
04-15 02:40:56.589  4704  5003 D EuiccConnector: invokeEnterMethods: ConnectedState
04-15 02:40:56.589  4704  5003 D EuiccConnector: moveDeferredMessageAtFrontOfQueue; what=103
04-15 02:40:56.589  4704  5003 D EuiccConnector: handleMessage: X
04-15 02:40:56.589  4704  5003 D EuiccConnector: handleMessage: E msg.what=103
04-15 02:40:56.589  4704  5003 D EuiccConnector: processMsg: ConnectedState
04-15 02:40:56.590  4633  4679 I SecureElement-Terminal-SIM2: isNfcEventAllowed: No access rules for checking.
04-15 02:40:56.590  4704  5003 D EuiccConnector: handleMessage: X
04-15 02:40:56.590  5424  5796 D LauncherApps: getActivityList: No launchable activities found forpackageName=com.spotify.music, user=UserHandle{0}
04-15 02:40:56.591  5424  5796 D LauncherApps: getActivityList: No launchable activities found forpackageName=com.twitter.android, user=UserHandle{0}
04-15 02:40:56.591  5424  5796 D LauncherApps: getActivityList: No launchable activities found forpackageName=com.zhiliaoapp.musically, user=UserHandle{0}
04-15 02:40:56.591  5424  5424 I AiAiEcho: AppFetcherImpl onPackageChanged com.google.wireless.qa.mobileharness.tool.android.language.
04-15 02:40:56.592  5424  1371 I AiAiEcho: AppIndexer Package:[com.google.wireless.qa.mobileharness.tool.android.language] UserProfile:[0] Enabled:[true].
04-15 02:40:56.592  5388  1385 I EuiccGoogle: [122] EuiccServiceImpl.onGetEuiccProfileInfoList: onGetEuiccProfileInfoList: slotId = 0
04-15 02:40:56.592  5424  1371 I AiAiEcho: AppFetcherImplV2 updateApps package:[com.google.wireless.qa.mobileharness.tool.android.language], userId:[0], reason:[package is updated.].
04-15 02:40:56.592  5424  1371 D LauncherApps: getActivityList: No launchable activities found forpackageName=com.google.wireless.qa.mobileharness.tool.android.language, user=UserHandle{0}
04-15 02:40:56.593  5388  1385 I EuiccGoogle: [122] EuiccServiceImpl.onGetEuiccProfileInfoList: slotId = 0, isRemovable = false
04-15 02:40:56.594  5388  1385 I EuiccGoogle: [122] EuiccServiceImpl.onGetEuiccProfileInfoList: onGetEuiccProfileInfoList: isRemovable = false.
04-15 02:40:56.594  5388  1385 I EuiccGoogle: [122] EuiccServiceImpl.onGetEuiccProfileInfoList: getSimCardState for slotId: 0
04-15 02:40:56.595  5388  1385 I EuiccGoogle: [122] EuiccServiceImpl.onGetEuiccProfileInfoList: GetEuiccProfileInfoListResult: simCardState :11and simCardStateAtTelephony:11 for slot:0
04-15 02:40:56.595  5388  1385 I EuiccGoogle: [122] EuiccServiceImpl.getProfileInfoList: getProfileInfoList: slotId = 0.
04-15 02:40:56.595  5388  1385 I EuiccGoogle: [122] EuiccServiceImpl.getEidFromSlotId: getEidFromSlotId: slotId = 0.
04-15 02:40:56.595  5388  1385 I EuiccGoogle: [122] NetworkFetcher.getEidForSlot: getEidForSlot: 0
04-15 02:40:56.596  5388  1385 I EuiccGoogle: [122] BlockingEuiccCardManager.requestAllProfiles: requestAllProfiles: cardId = [Oee3mwEgh7s5CYQhkdwMU5CAH2s]
04-15 02:40:56.602  4898  4936 D AlphabeticIndexCompat: computeSectionName: cs: Settings sectionName: S
04-15 02:40:56.602  4898  4936 D AlphabeticIndexCompat: computeSectionName: cs: Photos sectionName: P
04-15 02:40:56.602  4898  4936 D AlphabeticIndexCompat: computeSectionName: cs: Pixel Weather sectionName: P
04-15 02:40:56.602  4898  4936 D AlphabeticIndexCompat: computeSectionName: cs: Battery sectionName: B
04-15 02:40:56.602  4898  4936 D AlphabeticIndexCompat: computeSectionName: cs: Chrome sectionName: C
04-15 02:40:56.603  4898  4936 D AlphabeticIndexCompat: computeSectionName: cs: Gmail sectionName: G
04-15 02:40:56.603  4898  4936 D AlphabeticIndexCompat: computeSectionName: cs: Drive sectionName: D
04-15 02:40:56.603  4898  4936 D AlphabeticIndexCompat: computeSectionName: cs: Clock sectionName: C
04-15 02:40:56.603  4898  4936 D AlphabeticIndexCompat: computeSectionName: cs: Contacts sectionName: C
04-15 02:40:56.603  4898  4936 D AlphabeticIndexCompat: computeSectionName: cs: Calendar sectionName: C
04-15 02:40:56.603  4898  4936 D AlphabeticIndexCompat: computeSectionName: cs: Maps sectionName: M
04-15 02:40:56.604  4898  4936 D AlphabeticIndexCompat: computeSectionName: cs: YouTube Music sectionName: Y
04-15 02:40:56.604  5424  5796 D LauncherApps: getActivityList: No launchable activities found forpackageName=com.facebook.katana, user=UserHandle{0}
04-15 02:40:56.604  4898  4936 D AlphabeticIndexCompat: computeSectionName: cs: YouTube sectionName: Y
04-15 02:40:56.604  5424  5796 D LauncherApps: getActivityList: No launchable activities found forpackageName=com.whatsapp, user=UserHandle{0}
04-15 02:40:56.604  4898  4936 D AlphabeticIndexCompat: computeSectionName: cs: Google sectionName: G
04-15 02:40:56.604  4898  4936 D AlphabeticIndexCompat: computeSectionName: cs: Digital Wellbeing sectionName: D
04-15 02:40:56.604  5424  5796 D LauncherApps: getActivityList: No launchable activities found forpackageName=com.instagram.android, user=UserHandle{0}
04-15 02:40:56.604  4898  4936 D AlphabeticIndexCompat: computeSectionName: cs: Conversations sectionName: C
04-15 02:40:56.604  4898  4936 D PackageUpdatedTask: Package updated: mOp=UPDATE packages=[com.google.wireless.qa.mobileharness.tool.android.language], user=UserHandle{0}
04-15 02:40:56.604  5424  5796 D LauncherApps: getActivityList: No launchable activities found forpackageName=com.facebook.orca, user=UserHandle{0}
04-15 02:40:56.605  5424  5796 D LauncherApps: getActivityList: No launchable activities found forpackageName=jp.naver.line.android, user=UserHandle{0}
04-15 02:40:56.605  5424  5796 D LauncherApps: getActivityList: No launchable activities found forpackageName=com.snapchat.android, user=UserHandle{0}
04-15 02:40:56.605  5424  5796 D LauncherApps: getActivityList: No launchable activities found forpackageName=com.microsoft.office.outlook, user=UserHandle{0}
04-15 02:40:56.605  5424  5796 D LauncherApps: getActivityList: No launchable activities found forpackageName=com.spotify.music, user=UserHandle{0}
04-15 02:40:56.606  5424  5796 D LauncherApps: getActivityList: No launchable activities found forpackageName=com.twitter.android, user=UserHandle{0}
04-15 02:40:56.606  4898  4936 D LauncherApps: getActivityList: No launchable activities found forpackageName=com.google.wireless.qa.mobileharness.tool.android.language, user=UserHandle{0}
04-15 02:40:56.606  4898  4936 D LauncherApps: getActivityList: No launchable activities found forpackageName=com.google.wireless.qa.mobileharness.tool.android.language, user=UserHandle{0}
04-15 02:40:56.606  4898  4936 W AllAppsList: updatePackage: no Activities matched updated package, removing any AppInfo with package=com.google.wireless.qa.mobileharness.tool.android.language, user=UserHandle{0}
04-15 02:40:56.607  5424  5796 D LauncherApps: getActivityList: No launchable activities found forpackageName=com.zhiliaoapp.musically, user=UserHandle{0}
04-15 02:40:56.617   478   478 E hwc-display: Open file node /sys/devices/platform/exynos-drm/primary-panel/expected_present_time_ns failed, fd = -1
04-15 02:40:56.613   478   478 W binder:478_4: type=1400 audit(0.0:11697): avc:  denied  { write } for  name="expected_present_time_ns" dev="sysfs" ino=89063 scontext=u:r:hal_graphics_composer_default:s0 tcontext=u:object_r:sysfs:s0 tclass=file permissive=0 bug=b/379245673
04-15 02:40:56.617   478   478 E hwc-display: notifyExpectedPresent(): write command to file node /sys/devices/platform/exynos-drm/primary-panel/expect_present_time failed.
04-15 02:40:56.617   478   478 E hwc-display: Open file node /sys/devices/platform/exynos-drm/primary-panel/frame_interval_ns failed, fd = -1
04-15 02:40:56.617   478   478 E hwc-display: Write to invalid file node /sys/devices/platform/exynos-drm/primary-panel/frame_interval_ns
04-15 02:40:56.617   478   478 E hwc-display: notifyExpectedPresent(): write command to file node /sys/devices/platform/exynos-drm/primary-panel/frame_interval failed.
04-15 02:40:56.613   478   478 W binder:478_4: type=1400 audit(0.0:11698): avc:  denied  { write } for  name="frame_interval_ns" dev="sysfs" ino=89064 scontext=u:r:hal_graphics_composer_default:s0 tcontext=u:object_r:sysfs:s0 tclass=file permissive=0 bug=b/379245673
04-15 02:40:56.632  1360  1684 I DisplayDeviceRepository: Display device changed render timings: "Inner Display", renderFrameRate=60.000004, presentationDeadlineNanos=11500000, appVsyncOffsetNanos=6233332, frameRateOverrides=[{uid=10242 frameRateHz=60.000004}]
04-15 02:40:56.656  1387  1387 D AndroidRuntime: >>>>>> START com.android.internal.os.RuntimeInit uid 2000 <<<<<<
04-15 02:40:56.659  1387  1387 I AndroidRuntime: Using default boot image
04-15 02:40:56.659  1387  1387 I AndroidRuntime: Leaving lock profiling enabled
04-15 02:40:56.660  1360  5311 W ParceledListSlice: Element #23 is 21124 bytes.
04-15 02:40:56.660  1360  5311 W ParceledListSlice: Element #24 is 21160 bytes.
04-15 02:40:56.660  1360  5311 W ParceledListSlice: Element #25 is 21064 bytes.
04-15 02:40:56.661  1387  1387 I app_process: Using CollectorTypeCMC GC.
04-15 02:40:56.661  1360  5571 W ParceledListSlice: Element #26 is 20912 bytes.
04-15 02:40:56.661  1360  5571 W ParceledListSlice: Element #27 is 21024 bytes.
04-15 02:40:56.661  1360  5571 W ParceledListSlice: Element #31 is 21156 bytes.
04-15 02:40:56.662  1360  5571 W ParceledListSlice: Element #32 is 21180 bytes.
04-15 02:40:56.672  5424  6032 I AiAiEcho: EchoSearch: WidgetFetcherImpl is initialized with [33] widgets [reason=package added for userId: 0]
04-15 02:40:56.690  1360  1518 I system_server: Background concurrent mark compact GC freed 85MB AllocSpace bytes, 82(2316KB) LOS objects, 71% free, 38MB/134MB, paused 1.003ms,1.783ms total 200.022ms
04-15 02:40:56.699  1360  1520 W System  : A resource failed to call close. 
04-15 02:40:56.709  1387  1387 D nativeloader: InitDefaultPublicLibraries for_preload=1: libandroid.so:libaaudio.so:libamidi.so:libbinder_ndk.so:libc.so:libcamera2ndk.so:libdl.so:libEGL.so:libGLESv1_CM.so:libGLESv2.so:libGLESv3.so:libicu.so:libicui18n.so:libicuuc.so:libjnigraphics.so:liblog.so:libmediandk.so:libm.so:libnativehelper.so:libnativewindow.so:libOpenMAXAL.so:libOpenSLES.so:libRS.so:libstdc++.so:libsync.so:libvulkan.so:libwebviewchromium_plat_support.so:libz.so
04-15 02:40:56.716  1387  1387 D nativeloader: Load libicu_jni.so using APEX ns com_android_art for caller /apex/com.android.art/javalib/core-oj.jar: ok
04-15 02:40:56.716  1387  1387 D app_process: u_setTimeZoneFilesDirectory("/apex/com.android.tzdata/etc/tz/versioned/8/icu") succeeded. 
04-15 02:40:56.716  1387  1387 D app_process: I18n APEX ICU file found: /apex/com.android.i18n/etc/icu/icudt75l.dat
04-15 02:40:56.716  1387  1387 D nativeloader: Load libjavacore.so using APEX ns com_android_art for caller /apex/com.android.art/javalib/core-oj.jar: ok
04-15 02:40:56.717  1387  1387 D nativeloader: Load libopenjdk.so using APEX ns com_android_art for caller /apex/com.android.art/javalib/core-oj.jar: ok
04-15 02:40:56.721  5388  1385 I EuiccGoogle: [122] EuiccServiceImpl.onGetEuiccProfileInfoList: onGetEuiccProfileInfoList: Profile nickname = Skylo.
04-15 02:40:56.722  5388  1385 I EuiccGoogle: [122] EuiccServiceImpl.onGetEuiccProfileInfoList: onGetEuiccProfileInfoList: Profile info = EuiccProfileInfo (nickname=Skylo, serviceProviderName=Skylo, profileName=Skylo, profileClass=2, state=0, CarrierIdentifier=null, policyRules=0, accessRules=null, iccid=899019803[****]).
04-15 02:40:56.722  4704  5003 D EuiccConnector: handleMessage: E msg.what=6
04-15 02:40:56.722  4704  5003 D EuiccConnector: processMsg: ConnectedState
04-15 02:40:56.723  4704  5003 D EuiccConnector: handleMessage: X
04-15 02:40:56.723  4704  5003 D EuiccConnector: handleMessage: E msg.what=103
04-15 02:40:56.723  4704  5003 D EuiccConnector: processMsg: ConnectedState
04-15 02:40:56.724  4704  5003 D EuiccConnector: handleMessage: X
04-15 02:40:56.725  5388  1421 I EuiccGoogle: [123] EuiccServiceImpl.onGetEuiccProfileInfoList: onGetEuiccProfileInfoList: slotId = 0
04-15 02:40:56.726  5388  1421 I EuiccGoogle: [123] EuiccServiceImpl.onGetEuiccProfileInfoList: slotId = 0, isRemovable = false
04-15 02:40:56.727  5388  1421 I EuiccGoogle: [123] EuiccServiceImpl.onGetEuiccProfileInfoList: onGetEuiccProfileInfoList: isRemovable = false.
04-15 02:40:56.727  5388  1421 I EuiccGoogle: [123] EuiccServiceImpl.onGetEuiccProfileInfoList: getSimCardState for slotId: 0
04-15 02:40:56.729  5388  1421 I EuiccGoogle: [123] EuiccServiceImpl.onGetEuiccProfileInfoList: GetEuiccProfileInfoListResult: simCardState :11and simCardStateAtTelephony:11 for slot:0
04-15 02:40:56.729  5388  1421 I EuiccGoogle: [123] EuiccServiceImpl.getProfileInfoList: getProfileInfoList: slotId = 0.
04-15 02:40:56.729  5388  1421 I EuiccGoogle: [123] EuiccServiceImpl.getEidFromSlotId: getEidFromSlotId: slotId = 0.
04-15 02:40:56.729  5388  1421 I EuiccGoogle: [123] NetworkFetcher.getEidForSlot: getEidForSlot: 0
04-15 02:40:56.730  5388  1421 I EuiccGoogle: [123] BlockingEuiccCardManager.requestAllProfiles: requestAllProfiles: cardId = [Oee3mwEgh7s5CYQhkdwMU5CAH2s]
04-15 02:40:56.731  1387  1387 D nativeloader: Load libframework-connectivity-tiramisu-jni.so using APEX ns com_android_tethering for caller /apex/com.android.tethering/javalib/framework-connectivity-t.jar: ok
04-15 02:40:56.731  1387  1387 D AndroidRuntime: Calling main entry com.android.commands.am.Am
04-15 02:40:56.734  1387  1387 D UiAutomationConnection: Created on user UserHandle{0}
04-15 02:40:56.734  1360  5571 I ActivityManager: Force stopping com.google.wireless.qa.mobileharness.tool.android.language appid=10306 user=0: start instr
04-15 02:40:56.739  1360  5571 V GrammaticalInflectionUtils: AttributionSource: android.content.AttributionSource@e955995 does not have READ_SYSTEM_GRAMMATICAL_GENDER permission.
04-15 02:40:56.739  1360  4371 D BackgroundInstallControlService: Package event received: 0
04-15 02:40:56.740  5489  8937 D ForegroundUtils: Foreground UID status:
04-15 02:40:56.741  5489  8937 D ForegroundUtils: UID: 10166 is in foreground: false
04-15 02:40:56.741  5489  8937 D ForegroundUtils: UID: 10182 is in foreground: true
04-15 02:40:56.741  5489  8937 D ForegroundUtils: UID: 10247 is in foreground: true
04-15 02:40:56.741  5489  8937 D ForegroundUtils: UID: 10292 is in foreground: true
04-15 02:40:56.741  1360  5571 I AppsFilter: interaction: PackageSetting{e6da1e5 com.google.android.microdroid.empty_payload/10281} -> PackageSetting{15f13 com.google.wireless.qa.mobileharness.tool.android.language/10306} BLOCKED
04-15 02:40:56.741  1360  4371 D BackgroundInstallControlService: Package event received: 0
04-15 02:40:56.741  1360  4371 D BackgroundInstallControlService: Package event received: 0
04-15 02:40:56.758   793   793 D Zygote  : Forked child process 1425
04-15 02:40:56.759  1360  1702 I ActivityManager: Start proc 1425:com.google.wireless.qa.mobileharness.tool.android.language/u0a306 for added application com.google.wireless.qa.mobileharness.tool.android.language
04-15 02:40:56.770  1425  1425 I libc    : SetHeapTaggingLevel: tag level set to 0
04-15 02:40:56.781  1425  1425 I ndroid.language: Using CollectorTypeCMC GC.
04-15 02:40:56.785  1425  1425 E ndroid.language: Not starting debugger since process cannot load the jdwp agent.
04-15 02:40:56.788  1425  1425 D nativeloader: Load libframework-connectivity-tiramisu-jni.so using APEX ns com_android_tethering for caller /apex/com.android.tethering/javalib/framework-connectivity-t.jar: ok
04-15 02:40:56.806  1425  1425 D ApplicationLoaders: Returning zygote-cached class loader: /system/framework/android.test.base.jar
04-15 02:40:56.808  1425  1425 D nativeloader: Configuring clns-7 for other apk /system/framework/android.test.mock.jar. target_sdk_version=19, uses_libraries=ALL, library_path=/data/app/~~OAHGsIAyohI383x0H22hxQ==/com.google.wireless.qa.mobileharness.tool.android.language-8XURa4p5WFy-0f9P4iSC3g==/lib/arm64, permitted_path=/data:/mnt/expand:/data/user/0/com.google.wireless.qa.mobileharness.tool.android.language
04-15 02:40:56.809  1425  1425 D ApplicationLoaders: Returning zygote-cached class loader: /system/framework/org.apache.http.legacy.jar
04-15 02:40:56.809  1425  1425 D ApplicationLoaders: Returning zygote-cached class loader: /system/framework/android.test.base.jar
04-15 02:40:56.810  1425  1425 D nativeloader: Configuring clns-8 for other apk /system/framework/android.test.runner.jar. target_sdk_version=19, uses_libraries=ALL, library_path=/data/app/~~OAHGsIAyohI383x0H22hxQ==/com.google.wireless.qa.mobileharness.tool.android.language-8XURa4p5WFy-0f9P4iSC3g==/lib/arm64, permitted_path=/data:/mnt/expand:/data/user/0/com.google.wireless.qa.mobileharness.tool.android.language
04-15 02:40:56.812  5388  1421 I EuiccGoogle: [123] EuiccServiceImpl.onGetEuiccProfileInfoList: onGetEuiccProfileInfoList: Profile nickname = Skylo.
04-15 02:40:56.812  5388  1421 I EuiccGoogle: [123] EuiccServiceImpl.onGetEuiccProfileInfoList: onGetEuiccProfileInfoList: Profile info = EuiccProfileInfo (nickname=Skylo, serviceProviderName=Skylo, profileName=Skylo, profileClass=2, state=0, CarrierIdentifier=null, policyRules=0, accessRules=null, iccid=899019803[****]).
04-15 02:40:56.812  1425  1425 D nativeloader: Configuring clns-9 for other apk /data/app/~~OAHGsIAyohI383x0H22hxQ==/com.google.wireless.qa.mobileharness.tool.android.language-8XURa4p5WFy-0f9P4iSC3g==/base.apk. target_sdk_version=19, uses_libraries=, library_path=/data/app/~~OAHGsIAyohI383x0H22hxQ==/com.google.wireless.qa.mobileharness.tool.android.language-8XURa4p5WFy-0f9P4iSC3g==/lib/arm64, permitted_path=/data:/mnt/expand:/data/user/0/com.google.wireless.qa.mobileharness.tool.android.language
04-15 02:40:56.813  4704  5003 D EuiccConnector: handleMessage: E msg.what=6
04-15 02:40:56.813  4704  5003 D EuiccConnector: processMsg: ConnectedState
04-15 02:40:56.813  4704  5003 D EuiccConnector: handleMessage: X
04-15 02:40:56.818  1425  1425 V GraphicsEnvironment: Currently set values for:
04-15 02:40:56.818  1425  1425 V GraphicsEnvironment:   angle_gl_driver_selection_pkgs=[com.android.angle, com.linecorp.b612.android, com.campmobile.snow, com.google.android.apps.tachyon]
04-15 02:40:56.818  1425  1425 V GraphicsEnvironment:   angle_gl_driver_selection_values=[angle, native, native, native]
04-15 02:40:56.818  1425  1425 V GraphicsEnvironment: com.google.wireless.qa.mobileharness.tool.android.language is not listed in per-application setting
04-15 02:40:56.819  1425  1425 V GraphicsEnvironment: Neither updatable production driver nor prerelease driver is supported.
04-15 02:40:56.824  1425  1440 I SwitchLanguage: Change locale to [English]
04-15 02:40:56.826  1360  5311 I ActivityTaskManager: Config changes=2404 {1.1 ?mcc0mnc [en] ldltr sw852dp w883dp h772dp 390dpi lrg hdr widecg land night finger -keyb/v/h -nav/h winConfig={ mBounds=Rect(0, 0 - 2152, 2076) mAppBounds=Rect(0, 0 - 2152, 2076) mMaxBounds=Rect(0, 0 - 2152, 2076) mDisplayRotation=ROTATION_90 mWindowingMode=fullscreen mActivityType=undefined mAlwaysOnTop=undefined mRotation=ROTATION_90} as.14 s.505 fontWeightAdjustment=0}
04-15 02:40:56.827  1360  4371 D BackgroundInstallControlService: Package event received: 0
04-15 02:40:56.831  1360  5311 D CompatChangeReporter: Compat change id reported: 151861875; UID 10142; state: ENABLED
04-15 02:40:56.831  1360  5311 D CompatChangeReporter: Compat change id reported: 151861875; UID 10092; state: ENABLED
04-15 02:40:56.831  1360  5311 D CompatChangeReporter: Compat change id reported: 151861875; UID 10161; state: ENABLED
04-15 02:40:56.832  1360  5311 D CompatChangeReporter: Compat change id reported: 151861875; UID 10172; state: ENABLED
04-15 02:40:56.832  1360  5311 D CompatChangeReporter: Compat change id reported: 151861875; UID 10210; state: ENABLED
04-15 02:40:56.832  1360  5311 D CompatChangeReporter: Compat change id reported: 151861875; UID 10278; state: ENABLED
04-15 02:40:56.832  1360  5311 D CompatChangeReporter: Compat change id reported: 151861875; UID 10169; state: ENABLED
04-15 02:40:56.832  1360  5311 D CompatChangeReporter: Compat change id reported: 151861875; UID 10225; state: ENABLED
04-15 02:40:56.832  1360  5311 D CompatChangeReporter: Compat change id reported: 151861875; UID 10160; state: ENABLED
04-15 02:40:56.847  1360  5311 I WindowManager: Override config changes=2404 {1.1 ?mcc0mnc [en] ldltr sw852dp w883dp h772dp 390dpi lrg hdr widecg land night finger -keyb/v/h -nav/h winConfig={ mBounds=Rect(0, 0 - 2152, 2076) mAppBounds=Rect(0, 0 - 2152, 2076) mMaxBounds=Rect(0, 0 - 2152, 2076) mDisplayRotation=ROTATION_90 mWindowingMode=fullscreen mActivityType=undefined mAlwaysOnTop=undefined mRotation=ROTATION_90} as.14 s.505 fontWeightAdjustment=0} for displayId=0
04-15 02:40:56.849  4416  4466 V WindowManagerShell: Transition requested (#17): android.os.BinderProxy@46eda8d TransitionRequestInfo { type = CHANGE, triggerTask = null, pipChange = null, remoteTransition = null, displayChange = null, flags = 0, debugId = 17 }
04-15 02:40:56.852  1360  1699 D ActivityManager: sync unfroze 7626 com.google.android.dialer for 3
04-15 02:40:56.852  4581  4581 I SigHubManager: sendEventToNanoApp 1 [2]
04-15 02:40:56.855  1360  1699 D ActivityManager: sync unfroze 5733 com.android.keychain for 10
04-15 02:40:56.855  1360  1699 D ActivityManager: sync unfroze 8316 com.android.dynsystem:dynsystem for 10
04-15 02:40:56.856  1360  1699 D ActivityManager: sync unfroze 8299 com.android.dynsystem for 10
04-15 02:40:56.857   816   842 D CHRE    : @ 38122.449: Nanoapp list request from client ID 2
04-15 02:40:56.857  1360  1699 D ActivityManager: sync unfroze 7246 com.google.android.repairmode for 10
04-15 02:40:56.858  1068  1068 D AOC     : A3:MSG: usf_event_server.cc, 97: USF: Publishing event: id=1, size=1
04-15 02:40:56.859  1360  1360 W WindowTokenClientController: Can't find attached WindowTokenClient for android.window.WindowTokenClient@d35be25
04-15 02:40:56.859  1360  1699 D ActivityManager: sync unfroze 6606 com.android.localtransport for 10
04-15 02:40:56.860  1360  1699 D ActivityManager: sync unfroze 6024 com.android.DeviceAsWebcam for 10
04-15 02:40:56.860   816   842 D CHRE.HAL: Received a nanoapp list response for client 2
04-15 02:40:56.861   816   842 D CHRE    : @ 38122.451: Parsed nanoapp message from host: app ID 0x476f6f676c00200f endpoint 0x2 msgType 1 payload size 1
04-15 02:40:56.861   816   842 D CHRE    : @ 38122.451: [DCA]chrexDeviceContextSendEvent(0, 1, 1, 0x401cd768)
04-15 02:40:56.861  1360  4318 D WifiService: locale changed
04-15 02:40:56.861  1360  1360 I Telecom : NotificationChannelManager$1: Locale change; recreating channels.
04-15 02:40:56.862  5402  5402 I MediaProvider: Invalidating LocalCallingIdentity cache for package com.google.android.gsf. Reason: package android.intent.action.PACKAGE_CHANGED
04-15 02:40:56.864  1425  1440 I SwitchLanguage: Trigger setting change notify
04-15 02:40:56.865 12365 12365 I AppBase : AppBase.onConfigurationChanged():444 onConfigurationChanged() : NewConfig = {1.1 ?mcc0mnc [en] ldltr sw852dp w883dp h772dp 390dpi lrg hdr widecg land night finger -keyb/v/h -nav/h winConfig={ mBounds=Rect(0, 0 - 2152, 2076) mAppBounds=Rect(0, 0 - 2152, 2076) mMaxBounds=Rect(0, 0 - 2152, 2076) mDisplayRotation=ROTATION_90 mWindowingMode=fullscreen mActivityType=undefined mAlwaysOnTop=undefined mRotation=ROTATION_90} as.14 s.525 fontWeightAdjustment=0}
04-15 02:40:56.865  1360  1733 D BrightnessThermalClamper: Thermal status observer already started
04-15 02:40:56.865  1360  5308 I ActivityTaskManager: Config changes=400 {1.1 ?mcc0mnc [en] ldltr sw852dp w883dp h852dp 390dpi lrg hdr widecg land night finger -keyb/v/h -nav/h winConfig={ mBounds=Rect(0, 0 - 2152, 2076) mAppBounds=Rect(0, 0 - 2152, 2076) mMaxBounds=Rect(0, 0 - 2152, 2076) mDisplayRotation=ROTATION_90 mWindowingMode=fullscreen mActivityType=undefined mAlwaysOnTop=undefined mRotation=ROTATION_90} as.14 s.637 fontWeightAdjustment=0}
04-15 02:40:56.866   476   476 I BpBinder: onLastStrongRef automatically unlinking death recipients: 
04-15 02:40:56.866   476   476 D DisplayModeController: setDesiredMode 4619827677550801152 {mode={fps=120.00 Hz, modePtr={id=0, vsyncRate=120.00 Hz, peakRefreshRate=120.00 Hz}}, emitEvent=true, force=false}
04-15 02:40:56.866  1360  4371 D BackgroundInstallControlService: Package event received: 0
04-15 02:40:56.866  1360  4601 W JobInfo : Job 'com.google.android.providers.media.module/com.android.providers.media.MediaService#-300' has a deadline with no functional constraints. The deadline won't improve job execution latency. Consider removing the deadline.
04-15 02:40:56.866  1360  1699 D ActivityManager: sync unfroze 28267 com.google.android.calendar for 3
04-15 02:40:56.867  4898  4898 D b/254119092: TaskbarManager#mComponentCallbacks.onConfigurationChanged: {1.1 ?mcc0mnc [en] ldltr sw852dp w883dp h772dp 390dpi lrg hdr widecg land night finger -keyb/v/h -nav/h winConfig={ mBounds=Rect(0, 0 - 2152, 2076) mAppBounds=Rect(0, 0 - 2152, 2076) mMaxBounds=Rect(0, 0 - 2152, 2076) mDisplayRotation=ROTATION_90 mWindowingMode=fullscreen mActivityType=undefined mAlwaysOnTop=undefined mRotation=ROTATION_90} as.14 s.505 fontWeightAdjustment=0}
04-15 02:40:56.867  4898  4898 D b/254119092: mActivity and mWindowContext agree taskbarIsPresent=true
04-15 02:40:56.867  4898  4898 D b/254119092: ComponentCallbacks#onConfigurationChanged() configDiff={CONFIG_LOCALE, CONFIG_LAYOUT_DIRECTION}
04-15 02:40:56.867  4898  4898 D b/254119092: mActivity and mWindowContext agree taskbarIsPresent=true
04-15 02:40:56.867  4898  4898 D b/254119092: destroyTaskbarForDisplay: com.android.launcher3.taskbar.TaskbarActivityContext@79939dc displayId=0
04-15 02:40:56.867  4898  4898 D b/254119092: mActivity and mWindowContext agree taskbarIsPresent=true
04-15 02:40:56.870  4898  4898 D b/254119092: recreateTaskbar: isTaskbarEnabled=true [dp != null (i.e. mUserUnlocked)]=true FLAG_HIDE_NAVBAR_WINDOW=true dp.isTaskbarPresent=true
04-15 02:40:56.870  4898  4898 D b/254119092: mActivity and mWindowContext agree taskbarIsPresent=true
04-15 02:40:56.871 12365 12365 W GoogleInputMethodService: GoogleInputMethodService.onConfigurationChanged():1573 onConfigurationChanged() : NewConfig = {1.1 ?mcc0mnc [en] ldltr sw852dp w883dp h772dp 390dpi lrg hdr widecg land night finger -keyb/v/h -nav/h winConfig={ mBounds=Rect(0, 0 - 2152, 2076) mAppBounds=Rect(0, 136 - 2152, 2017) mMaxBounds=Rect(0, 0 - 2152, 2076) mDisplayRotation=ROTATION_90 mWindowingMode=fullscreen mActivityType=undefined mAlwaysOnTop=undefined mRotation=ROTATION_90} as.14 s.505 fontWeightAdjustment=0}
04-15 02:40:56.871 12365 12365 I GoogleInputMethodService: GoogleInputMethodService.onConfigurationChanged():1574 device real metrics: DisplayMetrics{density=2.4375, width=2152, height=2076, scaledDensity=2.4375, xdpi=373.974, ydpi=371.842}
04-15 02:40:56.871 12365 12365 I GoogleInputMethodService: GoogleInputMethodService.onConfigurationChanged():1584 Maybe update OEM display config because of configuration change
04-15 02:40:56.872 12365 12365 I InputMethodEntryManager: InputMethodEntryManager.notifyCurrentInputMethodEntryOnContextChanged():555 notifyCurrentInputMethodEntryOnContextChanged()
04-15 02:40:56.872 12365 12365 I InputMethodEntryManager: InputMethodEntryManager.notifyCurrentInputMethodEntryOnContextChanged():576 Notify current input method entry changed on context change
04-15 02:40:56.872  1360  5308 I WindowManager: Override config changes=400 {1.1 ?mcc0mnc [en] ldltr sw852dp w883dp h852dp 390dpi lrg hdr widecg land night finger -keyb/v/h -nav/h winConfig={ mBounds=Rect(0, 0 - 2152, 2076) mAppBounds=Rect(0, 0 - 2152, 2076) mMaxBounds=Rect(0, 0 - 2152, 2076) mDisplayRotation=ROTATION_90 mWindowingMode=fullscreen mActivityType=undefined mAlwaysOnTop=undefined mRotation=ROTATION_90} as.14 s.637 fontWeightAdjustment=0} for displayId=0
04-15 02:40:56.872 12365 12365 I KeyboardContextProvider: KeyboardContextProvider$KeyboardContextCache.createKeyboardContext():173 createKeyboardContext(): en-US, izm@e974215(com.android.inputmethod.latin.LatinIME@a358306), {1.1 ?mcc0mnc [en_US] ldltr sw852dp w883dp h772dp 390dpi lrg hdr widecg land night finger -keyb/v/h -nav/h winConfig={ mBounds=Rect(0, 0 - 2152, 2076) mAppBounds=Rect(0, 136 - 2152, 2017) mMaxBounds=Rect(0, 0 - 2152, 2076) mDisplayRotation=ROTATION_90 mWindowingMode=fullscreen mActivityType=undefined mAlwaysOnTop=undefined mRotation=ROTATION_90} as.14 s.505 fontWeightAdjustment=0}
04-15 02:40:56.872 12365 12365 I GoogleInputMethodService: GoogleInputMethodService.onCurrentInputMethodEntryChanged():3549 onCurrentInputMethodEntryChanged(): imeDefsChanged=false, initializedEntryChanged=false, keyboardContextChanged=true
04-15 02:40:56.872 12365 12365 I GoogleInputMethodService: GoogleInputMethodService.clearInputMethodServiceData():1546 clearInputMethodServiceData for entryChange
04-15 02:40:56.873 12365 12365 I AbstractOpenableExtension: AbstractOpenableExtension.maybeDestroyExistingKeyboardGroupManager():535 Destroy existing keyboard group manager in dzh
04-15 02:40:56.873 12365 12365 I AbstractOpenableExtension: AbstractOpenableExtension.createKeyboardGroupManagerListenableFuture():120 Create keyboard group manager listenable future in dzh
04-15 02:40:56.873 12365 12365 I AbstractOpenableExtension: AbstractOpenableExtension.maybeDestroyExistingKeyboardGroupManager():535 Destroy existing keyboard group manager in fpu
04-15 02:40:56.873 12365 12365 I AbstractOpenableExtension: AbstractOpenableExtension.createKeyboardGroupManagerListenableFuture():120 Create keyboard group manager listenable future in fpu
04-15 02:40:56.873 12365 12365 I AbstractOpenableExtension: AbstractOpenableExtension.maybeDestroyExistingKeyboardGroupManager():535 Destroy existing keyboard group manager in fsj
04-15 02:40:56.873 12365 12365 I AbstractOpenableExtension: AbstractOpenableExtension.createKeyboardGroupManagerListenableFuture():120 Create keyboard group manager listenable future in fsj
04-15 02:40:56.874 12365 12365 I KeyboardHeightUtil: KeyboardHeightUtil.calculateMaxKeyboardBodyHeight():45 leave 261 height for app when ime window height:1881, header height:107 and isFullscreenMode:false, so the max keyboard body height is:1513
04-15 02:40:56.874 12365  1452 I KeyboardGroupDefParser: KeyboardGroupDefParser.parseKeyboardGroupDef():83 parseKeyboardGroupDef() 2132214027 -> 0_resource_name_obfuscated : WaitTime = 1 ms : RunTime = 1 ms
04-15 02:40:56.874 12365 12365 I KeyboardModeManager: KeyboardModeManager.onCurrentInputMethodEntryChanged():1122 Reload data for context change
04-15 02:40:56.874 12365 12365 I KeyboardModeManager: KeyboardModeManager.setSupportedKeyboardModes():1154 supportsSplitMode=true supportsOneHandedMode=true, needUpdateKeyboardMode=true
04-15 02:40:56.874 12365 12365 I GoogleInputMethodService: GoogleInputMethodService.initializeInputMethodServiceData():1281 initializeInputMethodServiceData for jwo{languageTag=en-US, variant=qwerty, hasLocalizedResources=true, conditionCacheKey=_app_first_start_timestamp=1776207988805_cache_additional_ime_defs_for_condition_change=false_cache_ime_defs_for_condition_change=false_deprecate_long_press_space_for_ime_picker=false_device=foldable_device_size=default_enable_flick_symbols=true_enable_more_candidates_view_for_multilingual=false_enable_number_row=false_enable_preemptive_decode=true_enable_premium_exp_tablet_layout_change=false_enable_secondary_digits=true_enable_secondary_symbols=false_expressions=normal_four_or_more_letter_rows=false_keyboard_mode=split_language=en-US_orientation=landscape_physical_keyboard=nokeys_rtl_layout=false_show_secondary_digits=true_show_suggestions=true_split_with_duplicate_keys=true_variant=qwerty, imeDef.stringId=ime_english_united_states, imeDef.className=com.google.android.libraries.inputmethod.ime.experiment.ExperimentImeWrapper, imeDef.languageTag=en-US}
04-15 02:40:56.875 12365  1453 I KeyboardGroupDefParser: KeyboardGroupDefParser.parseKeyboardGroupDef():83 parseKeyboardGroupDef() 2132214024 -> 0_resource_name_obfuscated : WaitTime = 2 ms : RunTime = 0 ms
04-15 02:40:56.875  4581  4581 I SigHubManager: sendEventToNanoApp 1 [2]
04-15 02:40:56.876 12365 12365 I StyledKeyboardThemeBuilder: StyledKeyboardThemeBuilder.build():145 Pref: [], themeName: [silk:], darkMode: [true], cacheKey: [overlay_builtin_dynamic_color_dark_base.binarypb:gm3-dark-ff19120c-ffffb778-4ebce121b15fdeedba94e31f9ce542a2]
04-15 02:40:56.877 12365 12365 I KeyboardThemeProvider: KeyboardThemeProvider.applyKeyboardTheme():27 Apply keyboard theme: theme_border_keyboard_mode_screen_size_5_5_keyboard_mode_screen_width_large_split_stylesheet_noshadow_reordertheme_pgsans_silkpopup_unifycolor_googlefontsicons_dark_foldable_keyboard_width_split_foldable_medium_display_size_adaptive_768_overlay_builtin_dynamic_color_dark_base.binarypb:gm3-dark-ff19120c-ffffb778-4ebce121b15fdeedba94e31f9ce542a2_land
04-15 02:40:56.877  4416  4416 I NoBackGesture: Config changed: newConfig={1.1 ?mcc0mnc [en] ldltr sw852dp w883dp h772dp 390dpi lrg hdr widecg land night finger -keyb/v/h -nav/h winConfig={ mBounds=Rect(0, 0 - 2152, 2076) mAppBounds=Rect(0, 0 - 2152, 2076) mMaxBounds=Rect(0, 0 - 2152, 2076) mDisplayRotation=ROTATION_90 mWindowingMode=fullscreen mActivityType=undefined mAlwaysOnTop=undefined mRotation=ROTATION_90} as.14 s.633 fontWeightAdjustment=0} lastReportedConfig={1.1 ?mcc0mnc [en_US] ldltr sw852dp w883dp h852dp 390dpi lrg hdr widecg land night finger -keyb/v/h -nav/h winConfig={ mBounds=Rect(0, 0 - 2152, 2076) mAppBounds=Rect(0, 0 - 2152, 2076) mMaxBounds=Rect(0, 0 - 2152, 2076) mDisplayRotation=ROTATION_90 mWindowingMode=fullscreen mActivityType=undefined mAlwaysOnTop=undefined mRotation=ROTATION_90} as.14 s.502 fontWeightAdjustment=0}
04-15 02:40:56.877  4416  4416 I NoBackGesture: NavbarController: newConfig={1.1 ?mcc0mnc [en] ldltr sw852dp w883dp h772dp 390dpi lrg hdr widecg land night finger -keyb/v/h -nav/h winConfig={ mBounds=Rect(0, 0 - 2152, 2076) mAppBounds=Rect(0, 0 - 2152, 2076) mMaxBounds=Rect(0, 0 - 2152, 2076) mDisplayRotation=ROTATION_90 mWindowingMode=fullscreen mActivityType=undefined mAlwaysOnTop=undefined mRotation=ROTATION_90} as.14 s.633 fontWeightAdjustment=0} mTaskbarDelegate initialized=true willApplyConfigToNavbars=false navBarCount=0
04-15 02:40:56.877   816   842 D CHRE    : @ 38122.470: Nanoapp list request from client ID 2
04-15 02:40:56.878   816   842 D CHRE.HAL: Received a nanoapp list response for client 2
04-15 02:40:56.879 12365 12365 I AndroidIME: InputBundleManager.loadActiveInputBundleId():450 loadActiveInputBundleId: und-Latn-x-password, password
04-15 02:40:56.879 12365 12365 I SystemSubtypesReportModule: SystemSubtypesReportModule$3.onCurrentInputMethodEntryChanged():139 entry: en-US, source: UNSPECIFIED
04-15 02:40:56.879 12365 12365 I KeyboardContextProvider: KeyboardContextProvider.setBaseContextAndInvalidKeyboardContextCache():88 setBaseContextAndInvalidKeyboardContextCache(): com.android.inputmethod.latin.LatinIME@a358306
04-15 02:40:56.879 12365 12365 I DeviceModeModule: DeviceModeModule.calculateAndNotify():225 Device mode 'foldable' from display metrics 'DisplayMetrics{density=0.0, width=2152, height=2076, scaledDensity=0.0, xdpi=373.974, ydpi=371.842}' or smallestScreenWidthDp: 852
04-15 02:40:56.879 12365 12365 I GoogleInputMethodService: GoogleInputMethodService.onConfigurationChanged():1595 changedMask : 2004
04-15 02:40:56.879 12365 12365 I GoogleInputMethodService: GoogleInputMethodService.clearInputMethodServiceData():1546 clearInputMethodServiceData for configurationChange
04-15 02:40:56.879 12365 12365 I GoogleInputMethodService: GoogleInputMethodService.discardAllKeyboardViewAndInputView():1750 discardAllKeyboardViewAndInputView()
04-15 02:40:56.879 12365 12365 I AbstractOpenableExtension: AbstractOpenableExtension.maybeDestroyExistingKeyboardGroupManager():535 Destroy existing keyboard group manager in dzh
04-15 02:40:56.879 12365 12365 I AbstractOpenableExtension: AbstractOpenableExtension.createKeyboardGroupManagerListenableFuture():120 Create keyboard group manager listenable future in dzh
04-15 02:40:56.879 12365 12365 I AbstractOpenableExtension: AbstractOpenableExtension.maybeDestroyExistingKeyboardGroupManager():535 Destroy existing keyboard group manager in fpu
04-15 02:40:56.879 12365 12365 I AbstractOpenableExtension: AbstractOpenableExtension.createKeyboardGroupManagerListenableFuture():120 Create keyboard group manager listenable future in fpu
04-15 02:40:56.879 12365 12365 I AbstractOpenableExtension: AbstractOpenableExtension.maybeDestroyExistingKeyboardGroupManager():535 Destroy existing keyboard group manager in fsj
04-15 02:40:56.880   816   842 D CHRE    : @ 38122.473: Parsed nanoapp message from host: app ID 0x476f6f676c00200f endpoint 0x2 msgType 1 payload size 1
04-15 02:40:56.880  1360  4318 I SsidTranslator: Locale language changed to en, alternate charset is now null
04-15 02:40:56.880   816   842 D CHRE    : @ 38122.473: [DCA]chrexDeviceContextSendEvent(0, 1, 1, 0x401cd6f0)
04-15 02:40:56.880  1068  1068 D AOC     : A3:MSG: usf_event_server.cc, 97: USF: Publishing event: id=1, size=1
04-15 02:40:56.882 12365  1454 I KeyboardGroupDefParser: KeyboardGroupDefParser.parseKeyboardGroupDef():83 parseKeyboardGroupDef() 2132214028 -> 0_resource_name_obfuscated : WaitTime = 4 ms : RunTime = 5 ms
04-15 02:40:56.883 12365 12365 E AbstractOpenableExtension: AbstractOpenableExtension$1.onFailure():143 failed to parse keyboard group def : 2132214028 -> 0_resource_name_obfuscated. 
04-15 02:40:56.883 12365 12365 E AbstractOpenableExtension: java.util.concurrent.CancellationException: Task was cancelled.
04-15 02:40:56.883 12365 12365 E AbstractOpenableExtension: 	at ppq.r(PG:33)
04-15 02:40:56.883 12365 12365 E AbstractOpenableExtension: 	at ppq.get(PG:3)
04-15 02:40:56.883 12365 12365 E AbstractOpenableExtension: 	at a.j(PG:2)
04-15 02:40:56.883 12365 12365 E AbstractOpenableExtension: 	at oic.E(PG:10)
04-15 02:40:56.883 12365 12365 E AbstractOpenableExtension: 	at pri.run(PG:88)
04-15 02:40:56.883 12365 12365 E AbstractOpenableExtension: 	at pqr.execute(PG:1)
04-15 02:40:56.883 12365 12365 E AbstractOpenableExtension: 	at ppq.h(PG:1)
04-15 02:40:56.883 12365 12365 E AbstractOpenableExtension: 	at ppq.k(PG:101)
04-15 02:40:56.883 12365 12365 E AbstractOpenableExtension: 	at ppq.cancel(PG:53)
04-15 02:40:56.883 12365 12365 E AbstractOpenableExtension: 	at ppq.m(PG:17)
04-15 02:40:56.883 12365 12365 E AbstractOpenableExtension: 	at ppu.c(PG:3)
04-15 02:40:56.883 12365 12365 E AbstractOpenableExtension: 	at ppq.k(PG:30)
04-15 02:40:56.883 12365 12365 E AbstractOpenableExtension: 	at ppq.cancel(PG:53)
04-15 02:40:56.883 12365 12365 E AbstractOpenableExtension: 	at elu.eN(PG:60)
04-15 02:40:56.883 12365 12365 E AbstractOpenableExtension: 	at elu.F(PG:1)
04-15 02:40:56.883 12365 12365 E AbstractOpenableExtension: 	at elu.G(PG:1)
04-15 02:40:56.883 12365 12365 E AbstractOpenableExtension: 	at jih.h(PG:33)
04-15 02:40:56.883 12365 12365 E AbstractOpenableExtension: 	at jzg.ay(PG:20)
04-15 02:40:56.883 12365 12365 E AbstractOpenableExtension: 	at jzg.ax(PG:34)
04-15 02:40:56.883 12365 12365 E AbstractOpenableExtension: 	at jzg.onConfigurationChanged(PG:206)
04-15 02:40:56.883 12365 12365 E AbstractOpenableExtension: 	at android.window.WindowTokenClient.onConfigurationChangedInner(WindowTokenClient.java:211)
04-15 02:40:56.883 12365 12365 E AbstractOpenableExtension: 	at android.window.WindowTokenClient.onConfigurationChanged(WindowTokenClient.java:155)
04-15 02:40:56.883 12365 12365 E AbstractOpenableExtension: 	at android.window.WindowTokenClient.onConfigurationChanged(WindowTokenClient.java:112)
04-15 02:40:56.883 12365 12365 E AbstractOpenableExtension: 	at android.window.WindowTokenClientController.onWindowContextInfoChanged(WindowTokenClientController.java:245)
04-15 02:40:56.883 12365 12365 E AbstractOpenableExtension: 	at android.app.ActivityThread.handleWindowContextInfoChanged(ActivityThread.java:6760)
04-15 02:40:56.883 12365 12365 E AbstractOpenableExtension: 	at android.app.servertransaction.WindowContextInfoChangeItem.execute(WindowContextInfoChangeItem.java:53)
04-15 02:40:56.883 12365 12365 E AbstractOpenableExtension: 	at android.app.servertransaction.TransactionExecutor.executeNonLifecycleItem(TransactionExecutor.java:133)
04-15 02:40:56.883 12365 12365 E AbstractOpenableExtension: 	at android.app.servertransaction.TransactionExecutor.executeTransactionItems(TransactionExecutor.java:103)
04-15 02:40:56.883 12365 12365 E AbstractOpenableExtension: 	at android.app.servertransaction.TransactionExecutor.execute(TransactionExecutor.java:80)
04-15 02:40:56.883 12365 12365 E AbstractOpenableExtension: 	at android.app.ActivityThread$H.handleMessage(ActivityThread.java:2773)
04-15 02:40:56.883 12365 12365 E AbstractOpenableExtension: 	at android.os.Handler.dispatchMessage(Handler.java:109)
04-15 02:40:56.883 12365 12365 E AbstractOpenableExtension: 	at android.os.Looper.loopOnce(Looper.java:232)
04-15 02:40:56.883 12365 12365 E AbstractOpenableExtension: 	at android.os.Looper.loop(Looper.java:317)
04-15 02:40:56.883 12365 12365 E AbstractOpenableExtension: 	at android.app.ActivityThread.main(ActivityThread.java:8934)
04-15 02:40:56.883 12365 12365 E AbstractOpenableExtension: 	at java.lang.reflect.Method.invoke(Native Method)
04-15 02:40:56.883 12365 12365 E AbstractOpenableExtension: 	at com.android.internal.os.RuntimeInit$MethodAndArgsCaller.run(RuntimeInit.java:591)
04-15 02:40:56.883 12365 12365 E AbstractOpenableExtension: 	at com.android.internal.os.ZygoteInit.main(ZygoteInit.java:911)
04-15 02:40:56.883 12365 12365 I AbstractOpenableExtension: AbstractOpenableExtension.createKeyboardGroupManagerListenableFuture():120 Create keyboard group manager listenable future in fsj
04-15 02:40:56.883   478   563 E hwc-display: Open file node /sys/devices/platform/exynos-drm/primary-panel/expected_present_time_ns failed, fd = -1
04-15 02:40:56.883   478   563 E hwc-display: Write to invalid file node /sys/devices/platform/exynos-drm/primary-panel/expected_present_time_ns
04-15 02:40:56.883   478   563 E hwc-display: notifyExpectedPresent(): write command to file node /sys/devices/platform/exynos-drm/primary-panel/expect_present_time failed.
04-15 02:40:56.883   478   563 E hwc-display: Open file node /sys/devices/platform/exynos-drm/primary-panel/frame_interval_ns failed, fd = -1
04-15 02:40:56.883   478   563 E hwc-display: Write to invalid file node /sys/devices/platform/exynos-drm/primary-panel/frame_interval_ns
04-15 02:40:56.883   478   563 E hwc-display: notifyExpectedPresent(): write command to file node /sys/devices/platform/exynos-drm/primary-panel/frame_interval failed.
04-15 02:40:56.883  4416  4466 V ShellDragAndDrop: Display changed: 0
04-15 02:40:56.883 12365  1451 I KeyboardGroupDefParser: KeyboardGroupDefParser.parseKeyboardGroupDef():83 parseKeyboardGroupDef() 2132214028 -> 0_resource_name_obfuscated : WaitTime = 0 ms : RunTime = 0 ms
04-15 02:40:56.883  4416  4466 D ShellSplitScreen: onTaskInfoChanged: taskId=4 taskAct=null stageId=SIDE
04-15 02:40:56.883  4416  4466 D ShellSplitScreen: onTaskInfoChanged: taskId=3 taskAct=null stageId=MAIN
04-15 02:40:56.883 12365 12365 I WindowMetricsNotification: WindowMetricsNotification.notify():168 WindowMetricsNotification{bounds=Rect(0, 136 - 2152, 2076), insets=Rect(0, 0 - 0, 59), densityDpi=390, smallestScreenWidthDp=852, displayWidth=2152, displayHeight=2076, xdpi=373.974, ydpi=371.842, isTrustable=true, displayId=0}; DisplayMetrics{density=2.4375, width=2152, height=2076, scaledDensity=2.4375, xdpi=373.974, ydpi=371.842}
04-15 02:40:56.883 12365 12365 I WindowMetricsHelper: WindowMetricsHelper.predictAndNotify():140 Window metrics predicted.
04-15 02:40:56.883 12365 12365 I GoogleInputMethodService: GoogleInputMethodService.initializeInputMethodServiceData():1281 initializeInputMethodServiceData for jwo{languageTag=en-US, variant=qwerty, hasLocalizedResources=true, conditionCacheKey=_app_first_start_timestamp=1776207988805_cache_additional_ime_defs_for_condition_change=false_cache_ime_defs_for_condition_change=false_deprecate_long_press_space_for_ime_picker=false_device=foldable_device_size=default_enable_flick_symbols=true_enable_more_candidates_view_for_multilingual=false_enable_number_row=false_enable_preemptive_decode=true_enable_premium_exp_tablet_layout_change=false_enable_secondary_digits=true_enable_secondary_symbols=false_expressions=normal_four_or_more_letter_rows=false_keyboard_mode=split_language=en-US_orientation=landscape_physical_keyboard=nokeys_rtl_layout=false_show_secondary_digits=true_show_suggestions=true_split_with_duplicate_keys=true_variant=qwerty, imeDef.stringId=ime_english_united_states, imeDef.className=com.google.android.libraries.inputmethod.ime.experiment.ExperimentImeWrapper, imeDef.languageTag=en-US}
04-15 02:40:56.884 12365 12365 I StyledKeyboardThemeBuilder: StyledKeyboardThemeBuilder.build():145 Pref: [], themeName: [silk:], darkMode: [true], cacheKey: [overlay_builtin_dynamic_color_dark_base.binarypb:gm3-dark-ff19120c-ffffb778-4ebce121b15fdeedba94e31f9ce542a2]
