04-15 02:41:00.235  4817  4817 I nnon.rcsservice: AssetManager2(0xb4000079a805dc58) locale list changing from [en-US] to [en]
04-15 02:41:00.235 11986 11986 I .apps.wellbeing: AssetManager2(0xb4000079a8086658) locale list changing from [en-US] to [en]
04-15 02:41:00.235 11986 11986 I .apps.wellbeing: AssetManager2(0xb4000079a8086fb8) locale list changing from [en-US] to [en]
04-15 02:41:00.236  4783  4783 I camera.services: AssetManager2(0xb4000079a8061ad8) locale list changing from [en-US] to [en]
04-15 02:41:00.236  1383  1625 D ActivityManager: sync unfroze 14460 com.google.android.contacts for 3
04-15 02:41:00.236  4793  4793 I talkey.timesync: AssetManager2(0xb4000079a8061ad8) locale list changing from [en-US] to [en]
04-15 02:41:00.236 11986 11986 I .apps.wellbeing: AssetManager2(0xb4000079a80794f8) locale list changing from [en-US] to [en]
04-15 02:41:00.236  4783  4783 I camera.services: AssetManager2(0xb4000079a8060818) locale list changing from [en-US] to [en]
04-15 02:41:00.236  4793  4793 I talkey.timesync: AssetManager2(0xb4000079a805cfd8) locale list changing from [en-US] to [en]
04-15 02:41:00.236  4783  4783 I camera.services: AssetManager2(0xb4000079a805cfd8) locale list changing from [en-US] to [en]
04-15 02:41:00.236  4793  4793 I talkey.timesync: AssetManager2(0xb4000079a805dc58) locale list changing from [en-US] to [en]
04-15 02:41:00.236 11986 11986 I .apps.wellbeing: AssetManager2(0xb4000079a808a7f8) locale list changing from [en-US] to [en]
04-15 02:41:00.236 11986 11986 I .apps.wellbeing: AssetManager2(0xb4000079a8083778) locale list changing from [en-US] to [en]
04-15 02:41:00.236  4760  4760 I elsystemservice: AssetManager2(0xb4000079a8061ad8) locale list changing from [en-US] to [en]
04-15 02:41:00.236  1383  1625 D ActivityManager: sync unfroze 7521 com.google.android.dialer for 3
04-15 02:41:00.237  4760  4760 I elsystemservice: AssetManager2(0xb4000079a8063a18) locale list changing from [en-US] to [en]
04-15 02:41:00.237 11986 11986 I .apps.wellbeing: AssetManager2(0xb4000079a8089538) locale list changing from [en-US] to [en]
04-15 02:41:00.237  4760  4760 I SigHubManager: sendEventToNanoApp 1 [1]
04-15 02:41:00.237  4748  4748 I droid.bluetooth: AssetManager2(0xb4000079a8061ad8) locale list changing from [en-US] to [en]
04-15 02:41:00.237 11986 11986 I .apps.wellbeing: AssetManager2(0xb4000079a80908d8) locale list changing from [en-US] to [en]
04-15 02:41:00.237  4787  4787 I mrilhookservice: AssetManager2(0xb4000079a8061ad8) locale list changing from [en-US] to [en]
04-15 02:41:00.237  4748  4748 I droid.bluetooth: AssetManager2(0x79a8064058) locale list changing from [en-US] to [en]
04-15 02:41:00.237  4787  4787 I mrilhookservice: AssetManager2(0xb4000079a8063a18) locale list changing from [en-US] to [en]
04-15 02:41:00.237  4748  4748 I droid.bluetooth: AssetManager2(0x79a8068838) locale list changing from [en-US] to [en]
04-15 02:41:00.237  4787  4787 I mrilhookservice: AssetManager2(0xb4000079a805dc58) locale list changing from [en-US] to [en]
04-15 02:41:00.237 11986 11986 I .apps.wellbeing: AssetManager2(0xb4000079a807d378) locale list changing from [en-US] to [en]
04-15 02:41:00.238 11986 11986 I .apps.wellbeing: AssetManager2(0xb4000079a8082198) locale list changing from [en-US] to [en]
04-15 02:41:00.238  1383  1625 D ActivityManager: sync unfroze 5162 com.android.settings for 10
04-15 02:41:00.238  4687  4687 I rkstack.process: AssetManager2(0xb4000079a8061ad8) locale list changing from [en-US] to [en]
04-15 02:41:00.238  4786  4786 I oid.grilservice: AssetManager2(0xb4000079a8061ad8) locale list changing from [en-US] to [en]
04-15 02:41:00.238 11986 11986 I .apps.wellbeing: AssetManager2(0xb4000079a805fb98) locale list changing from [en-US] to [en]
04-15 02:41:00.238  4687  4687 I rkstack.process: AssetManager2(0xb4000079a805dc58) locale list changing from [en-US] to [en]
04-15 02:41:00.238  4786  4786 I oid.grilservice: AssetManager2(0xb4000079a8063a18) locale list changing from [en-US] to [en]
04-15 02:41:00.238  4786  4786 I oid.grilservice: AssetManager2(0xb4000079a805dc58) locale list changing from [en-US] to [en]
04-15 02:41:00.238  4687  4687 I rkstack.process: AssetManager2(0xb4000079a806a778) locale list changing from [en-US] to [en]
04-15 02:41:00.238  4687  4687 I rkstack.process: AssetManager2(0xb4000079a8066c18) locale list changing from [en-US] to [en]
04-15 02:41:00.238  1383  1625 D ActivityManager: sync unfroze 14391 com.google.android.settings.intelligence for 10
04-15 02:41:00.238  1383  1625 D ActivityManager: sync unfroze 5784 com.android.keychain for 10
04-15 02:41:00.238 11986 11986 I .apps.wellbeing: AssetManager2(0xb4000079a8096ff8) locale list changing from [en-US] to [en]
04-15 02:41:00.239  1383  1625 D ActivityManager: sync unfroze 8308 com.android.dynsystem:dynsystem for 10
04-15 02:41:00.239  1383  1625 D ActivityManager: sync unfroze 8285 com.android.dynsystem for 10
04-15 02:41:00.239 11986 11986 I .apps.wellbeing: AssetManager2(0xb4000079a808f938) locale list changing from [en-US] to [en]
04-15 02:41:00.239  1383  1625 D ActivityManager: sync unfroze 7165 com.google.android.repairmode for 10
04-15 02:41:00.239 11986 11986 I .apps.wellbeing: AssetManager2(0xb4000079a807c3d8) locale list changing from [en-US] to [en]
04-15 02:41:00.239  1383  1625 D ActivityManager: sync unfroze 6871 com.android.localtransport for 10
04-15 02:41:00.239  1383  1625 D ActivityManager: sync unfroze 6797 com.android.DeviceAsWebcam for 10
04-15 02:41:00.239 11986 11986 I .apps.wellbeing: AssetManager2(0xb4000079a8078878) locale list changing from [en-US] to [en]
04-15 02:41:00.239 11986 11986 I .apps.wellbeing: AssetManager2(0xb4000079a8087c38) locale list changing from [en-US] to [en]
04-15 02:41:00.240 11986 11986 I .apps.wellbeing: AssetManager2(0xb4000079a809b4b8) locale list changing from [en-US] to [en]
04-15 02:41:00.240 11986 11986 I .apps.wellbeing: AssetManager2(0xb4000079a808ae38) locale list changing from [en-US] to [en]
04-15 02:41:00.240  4900  4900 I ephony.imsmedia: AssetManager2(0xb4000079a8061ad8) locale list changing from [en-US] to [en]
04-15 02:41:00.240  4900  4900 I ephony.imsmedia: AssetManager2(0xb4000079a805e5b8) locale list changing from [en-US] to [en]
04-15 02:41:00.240 11986 11986 I .apps.wellbeing: AssetManager2(0xb4000079a8079b38) locale list changing from [en-US] to [en]
04-15 02:41:00.240  4900  4900 I ephony.imsmedia: AssetManager2(0xb4000079a805dc58) locale list changing from [en-US] to [en]
04-15 02:41:00.241 11986 11986 I .apps.wellbeing: AssetManager2(0xb4000079a8074d18) locale list changing from [en-US] to [en]
04-15 02:41:00.241 11986 11986 I .apps.wellbeing: AssetManager2(0xb4000079a8079e58) locale list changing from [en-US] to [en]
04-15 02:41:00.241 11986 11986 I .apps.wellbeing: AssetManager2(0xb4000079a8096378) locale list changing from [en-US] to [en]
04-15 02:41:00.241  1383  1383 W WindowTokenClientController: Can't find attached WindowTokenClient for android.window.WindowTokenClient@2e1881a
04-15 02:41:00.241  4817  4817 I nnon.rcsservice: AssetManager2(0xb4000079a805e8d8) locale list changing from [en-US] to [en]
04-15 02:41:00.242 11986 11986 I .apps.wellbeing: AssetManager2(0xb4000079a8099ed8) locale list changing from [en-US] to [en]
04-15 02:41:00.242 11986 11986 I .apps.wellbeing: AssetManager2(0xb4000079a8085078) locale list changing from [en-US] to [en]
04-15 02:41:00.242 11986 11986 I .apps.wellbeing: AssetManager2(0xb4000079a8078b98) locale list changing from [en-US] to [en]
04-15 02:41:00.242  1383  1383 I Telecom : NotificationChannelManager$1: Locale change; recreating channels.
04-15 02:41:00.242 11986 11986 I .apps.wellbeing: AssetManager2(0xb4000079a80924f8) locale list changing from [en-US] to [en]
04-15 02:41:00.242  5556  5556 I MediaProvider: Invalidating LocalCallingIdentity cache for package com.google.android.gms. Reason: package android.intent.action.PACKAGE_CHANGED
04-15 02:41:00.243 11986 11986 I .apps.wellbeing: AssetManager2(0xb4000079a808bdd8) locale list changing from [en-US] to [en]
04-15 02:41:00.243 11986 11986 I .apps.wellbeing: AssetManager2(0xb4000079a8093498) locale list changing from [en-US] to [en]
04-15 02:41:00.243 11986 11986 I .apps.wellbeing: AssetManager2(0xb4000079a80859d8) locale list changing from [en-US] to [en]
04-15 02:41:00.243 11986 11986 I .apps.wellbeing: AssetManager2(0xb4000079a80875f8) locale list changing from [en-US] to [en]
04-15 02:41:00.242  5097  5097 I e.android.euicc: AssetManager2(0xb4000079a8061ad8) locale list changing from [en-US] to [en]
04-15 02:41:00.244 11986 11986 I .apps.wellbeing: AssetManager2(0xb4000079a807e958) locale list changing from [en-US] to [en]
04-15 02:41:00.244   874   896 D CHRE.HAL: Received a nanoapp list response for client 2
04-15 02:41:00.244 11986 11986 I .apps.wellbeing: AssetManager2(0xb4000079a809ffb8) locale list changing from [en-US] to [en]
04-15 02:41:00.244  5097  5097 I e.android.euicc: AssetManager2(0xb4000079a8069af8) locale list changing from [en-US] to [en]
04-15 02:41:00.244 11986 11986 I .apps.wellbeing: AssetManager2(0xb4000079a808c0f8) locale list changing from [en-US] to [en]
04-15 02:41:00.244 11986 11986 I .apps.wellbeing: AssetManager2(0xb4000079a80840d8) locale list changing from [en-US] to [en]
04-15 02:41:00.245 11986 11986 I .apps.wellbeing: AssetManager2(0xb4000079a8087918) locale list changing from [en-US] to [en]
04-15 02:41:00.245  5558  5558 I ogle.android.as: AssetManager2(0xb4000079a807e638) locale list changing from [en-US] to [en]
04-15 02:41:00.245  1383  4475 D WifiService: locale changed
04-15 02:41:00.245  5558  5558 I ogle.android.as: AssetManager2(0xb4000079a8097c78) locale list changing from [en-US] to [en]
04-15 02:41:00.245   874   896 D CHRE    : @ 35962.189: Nanoapp list request from client ID 2
04-15 02:41:00.245   874   896 D CHRE    : @ 35962.193: Parsed nanoapp message from host: app ID 0x476f6f676c00200f endpoint 0x2 msgType 1 payload size 1
04-15 02:41:00.245  5558  5558 I ogle.android.as: AssetManager2(0xb4000079a8078b98) locale list changing from [en-US] to [en]
04-15 02:41:00.245  5558  5558 I ogle.android.as: AssetManager2(0xb4000079a80778d8) locale list changing from [en-US] to [en]
04-15 02:41:00.245  1117  1117 D AOC     : A3:MSG: usf_event_server.cc, 97: USF: Publishing event: id=1, size=1
04-15 02:41:00.245  5558  5558 I ogle.android.as: AssetManager2(0xb4000079a8073738) locale list changing from [en-US] to [en]
04-15 02:41:00.245  5558  5558 I ogle.android.as: AssetManager2(0xb4000079a8074d18) locale list changing from [en-US] to [en]
04-15 02:41:00.245  5558  5558 I ogle.android.as: AssetManager2(0xb4000079a807adf8) locale list changing from [en-US] to [en]
04-15 02:41:00.245 11986 11986 I .apps.wellbeing: AssetManager2(0xb4000079a8092818) locale list changing from [en-US] to [en]
04-15 02:41:00.245  5558  5558 I ogle.android.as: AssetManager2(0xb4000079a8095a18) locale list changing from [en-US] to [en]
04-15 02:41:00.246  5558  5558 I ogle.android.as: AssetManager2(0xb4000079a80762f8) locale list changing from [en-US] to [en]
04-15 02:41:00.246  5558  5558 I ogle.android.as: AssetManager2(0xb4000079a8072dd8) locale list changing from [en-US] to [en]
04-15 02:41:00.246 11986 11986 I .apps.wellbeing: AssetManager2(0xb4000079a808a4d8) locale list changing from [en-US] to [en]
04-15 02:41:00.246  5558  5558 I ogle.android.as: AssetManager2(0xb4000079a80982b8) locale list changing from [en-US] to [en]
04-15 02:41:00.246  5558  5558 I ogle.android.as: AssetManager2(0xb4000079a807ca18) locale list changing from [en-US] to [en]
04-15 02:41:00.246 11986 11986 I .apps.wellbeing: AssetManager2(0xb4000079a8094118) locale list changing from [en-US] to [en]
04-15 02:41:00.246  5558  5558 I ogle.android.as: AssetManager2(0xb4000079a807ec78) locale list changing from [en-US] to [en]
04-15 02:41:00.246   874   896 D CHRE    : @ 35962.193: [DCA]chrexDeviceContextSendEvent(0, 1, 1, 0x401cb9b8)
04-15 02:41:00.246  5558  5558 I ogle.android.as: AssetManager2(0xb4000079a8063a18) locale list changing from [en-US] to [en]
04-15 02:41:00.246  5558  5558 I ogle.android.as: AssetManager2(0xb4000079a809a838) locale list changing from [en-US] to [en]
04-15 02:41:00.246 11986 11986 I .apps.wellbeing: AssetManager2(0xb4000079a808b798) locale list changing from [en-US] to [en]
04-15 02:41:00.246  5558  5558 I ogle.android.as: AssetManager2(0xb4000079a8094758) locale list changing from [en-US] to [en]
04-15 02:41:00.246  5558  5558 I ogle.android.as: AssetManager2(0xb4000079a8080bb8) locale list changing from [en-US] to [en]
04-15 02:41:00.246  5558  5558 I ogle.android.as: AssetManager2(0xb4000079a807c0b8) locale list changing from [en-US] to [en]
04-15 02:41:00.246 11986 11986 I .apps.wellbeing: AssetManager2(0xb4000079a808e678) locale list changing from [en-US] to [en]
04-15 02:41:00.246  5558  5558 I ogle.android.as: AssetManager2(0xb4000079a8092b38) locale list changing from [en-US] to [en]
04-15 02:41:00.246  5558  5558 I ogle.android.as: AssetManager2(0xb4000079a8064058) locale list changing from [en-US] to [en]
04-15 02:41:00.247  5558  5558 I ogle.android.as: AssetManager2(0xb4000079a807d058) locale list changing from [en-US] to [en]
04-15 02:41:00.247 11986 11986 I .apps.wellbeing: AssetManager2(0xb4000079a8084a38) locale list changing from [en-US] to [en]
04-15 02:41:00.247  5558  5558 I ogle.android.as: AssetManager2(0xb4000079a805fb98) locale list changing from [en-US] to [en]
04-15 02:41:00.247  5558  5558 I ogle.android.as: AssetManager2(0xb4000079a8079e58) locale list changing from [en-US] to [en]
04-15 02:41:00.247  5558  5558 I ogle.android.as: AssetManager2(0xb4000079a80985d8) locale list changing from [en-US] to [en]
04-15 02:41:00.247 11986 11986 I .apps.wellbeing: AssetManager2(0xb4000079a8075cb8) locale list changing from [en-US] to [en]
04-15 02:41:00.247  5558  5558 I ogle.android.as: AssetManager2(0xb4000079a807dcd8) locale list changing from [en-US] to [en]
04-15 02:41:00.247  5558  5558 I ogle.android.as: AssetManager2(0xb4000079a8075678) locale list changing from [en-US] to [en]
04-15 02:41:00.247  5558  5558 I ogle.android.as: AssetManager2(0xb4000079a80794f8) locale list changing from [en-US] to [en]
04-15 02:41:00.247 11986 11986 I .apps.wellbeing: AssetManager2(0xb4000079a808ff78) locale list changing from [en-US] to [en]
04-15 02:41:00.247 11986 11986 I .apps.wellbeing: AssetManager2(0xb4000079a8070218) locale list changing from [en-US] to [en]
04-15 02:41:00.248 11986 11986 I .apps.wellbeing: AssetManager2(0xb4000079a808ecb8) locale list changing from [en-US] to [en]
04-15 02:41:00.248 11986 11986 I .apps.wellbeing: AssetManager2(0xb4000079a8083138) locale list changing from [en-US] to [en]
04-15 02:41:00.248 11986 11986 I .apps.wellbeing: AssetManager2(0xb4000079a807ff38) locale list changing from [en-US] to [en]
04-15 02:41:00.248  5097  5097 I e.android.euicc: AssetManager2(0xb4000079a8060818) locale list changing from [en-US] to [en]
04-15 02:41:00.248 11986 11986 I .apps.wellbeing: AssetManager2(0xb4000079a8078238) locale list changing from [en-US] to [en]
04-15 02:41:00.249 11986 11986 I .apps.wellbeing: AssetManager2(0xb4000079a8099bb8) locale list changing from [en-US] to [en]
04-15 02:41:00.249  4565  4565 D ControlsListingControllerImpl: ServiceConfig reloaded, count: 0
04-15 02:41:00.249  4760  4760 D ServerContainer: uid 10179 is not cached.
04-15 02:41:00.249 11986 11986 I .apps.wellbeing: AssetManager2(0xb4000079a8091558) locale list changing from [en-US] to [en]
04-15 02:41:00.249  5558  5558 I ogle.android.as: AssetManager2(0xb4000079a80775b8) locale list changing from [en-US] to [en]
04-15 02:41:00.249  5558  5558 I ogle.android.as: AssetManager2(0xb4000079a805e8d8) locale list changing from [en-US] to [en]
04-15 02:41:00.249 11986 11986 I .apps.wellbeing: AssetManager2(0xb4000079a8081838) locale list changing from [en-US] to [en]
04-15 02:41:00.249  5558  5558 I ogle.android.as: AssetManager2(0xb4000079a8079818) locale list changing from [en-US] to [en]
04-15 02:41:00.249 11986 11986 I .apps.wellbeing: AssetManager2(0xb4000079a8086c98) locale list changing from [en-US] to [en]
04-15 02:41:00.249  5558  5558 I ogle.android.as: AssetManager2(0xb4000079a8081518) locale list changing from [en-US] to [en]
04-15 02:41:00.250  5558  5558 I ogle.android.as: AssetManager2(0xb4000079a8097f98) locale list changing from [en-US] to [en]
04-15 02:41:00.250  5558  5558 I ogle.android.as: AssetManager2(0xb4000079a8093ad8) locale list changing from [en-US] to [en]
04-15 02:41:00.250 11986 11986 I .apps.wellbeing: AssetManager2(0xb4000079a809ab58) locale list changing from [en-US] to [en]
04-15 02:41:00.250  5558  5558 I ogle.android.as: AssetManager2(0xb4000079a8060818) locale list changing from [en-US] to [en]
04-15 02:41:00.250  4760  4760 D ServerContainer: uid 10292 is not cached.
04-15 02:41:00.250 11986 11986 I .apps.wellbeing: AssetManager2(0xb4000079a8096698) locale list changing from [en-US] to [en]
04-15 02:41:00.250 11986 11986 I .apps.wellbeing: AssetManager2(0xb4000079a807b438) locale list changing from [en-US] to [en]
04-15 02:41:00.250  5558  5558 I ogle.android.as: AssetManager2(0xb4000079a807e318) locale list changing from [en-US] to [en]
04-15 02:41:00.250 11986 11986 I .apps.wellbeing: AssetManager2(0xb4000079a8089e98) locale list changing from [en-US] to [en]
04-15 02:41:00.251 11986 11986 I .apps.wellbeing: AssetManager2(0xb4000079a8072478) locale list changing from [en-US] to [en]
04-15 02:41:00.252 11986 11986 I .apps.wellbeing: AssetManager2(0xb4000079a8081b58) locale list changing from [] to [en]
04-15 02:41:00.252  4565  4565 D ControlsListingControllerImpl: ServiceConfig reloaded, count: 0
04-15 02:41:00.253  1383  1625 D ActivityManager: sync unfroze 6961 com.google.RilConfigService for 10
04-15 02:41:00.253  1383  4767 W JobInfo : Job 'com.google.android.providers.media.module/com.android.providers.media.MediaService#-300' has a deadline with no functional constraints. The deadline won't improve job execution latency. Consider removing the deadline.
04-15 02:41:00.254  1383  4527 I system_server: AssetManager2(0xb4000079a813add8) locale list changing from [] to [en]
04-15 02:41:00.254  4565  4565 D ControlsListingControllerImpl: ServiceConfig reloaded, count: 0
04-15 02:41:00.257  1383  1625 D ActivityManager: sync unfroze 8120 com.google.android.calendar for 3
04-15 02:41:00.261  4981  5056 I GridSizeMigrationDBController: Migration is not needed. destDeviceState: DeviceGridState{mGridSizeString='4,5', mNumHotseat=4, mDeviceType=0, mDbFile=launcher_4_by_5.db}, srcDeviceState: DeviceGridState{mGridSizeString='4,5', mNumHotseat=4, mDeviceType=0, mDbFile=launcher_4_by_5.db}
04-15 02:41:00.261  4981  5056 D LauncherProvider: migrateGridIfNeeded: no grid migration needed
04-15 02:41:00.262  1383  4527 I system_server: AssetManager2(0xb4000079a80ea338) locale list changing from [] to [en]
04-15 02:41:00.262  4981  4981 I s.nexuslauncher: AssetManager2(0xb4000079a812cff8) locale list changing from [] to [en]
04-15 02:41:00.262 20879 20892 I SwitchLanguage: Trigger setting change notify
04-15 02:41:00.263  1383  6566 I ActivityTaskManager: Config changes=400 {1.0 ?mcc0mnc [en] ldltr sw448dp w448dp h997dp 360dpi nrml long hdr widecg port night finger -keyb/v/h -nav/h winConfig={ mBounds=Rect(0, 0 - 1008, 2244) mAppBounds=Rect(0, 0 - 1008, 2244) mMaxBounds=Rect(0, 0 - 1008, 2244) mDisplayRotation=ROTATION_0 mWindowingMode=fullscreen mActivityType=undefined mAlwaysOnTop=undefined mRotation=ROTATION_0} as.14 s.340 fontWeightAdjustment=0}
04-15 02:41:00.263 11753 11753 I putmethod.latin: AssetManager2(0xb4000079a8061ad8) locale list changing from [en-US] to [en]
04-15 02:41:00.263 11753 11753 I putmethod.latin: AssetManager2(0xb4000079a808c0f8) locale list changing from [en-US] to [en]
04-15 02:41:00.264 20879 20892 I SwitchLanguage: Successfully switch language
04-15 02:41:00.264 11753 11753 I putmethod.latin: AssetManager2(0xb4000079a80649b8) locale list changing from [en-US] to [en]
04-15 02:41:00.264 11753 11753 I putmethod.latin: AssetManager2(0xb4000079a8063d38) locale list changing from [en-US] to [en]
04-15 02:41:00.264 11753 11753 I putmethod.latin: AssetManager2(0xb4000079a805dc58) locale list changing from [en-US] to [en]
04-15 02:41:00.264 11753 11753 I putmethod.latin: AssetManager2(0xb4000079a819edd8) locale list changing from [en-US] to [en]
04-15 02:41:00.264 11753 11753 I putmethod.latin: AssetManager2(0xb4000079a806adb8) locale list changing from [en-US] to [en]
04-15 02:41:00.264 11753 11753 I putmethod.latin: AssetManager2(0xb4000079a80aab98) locale list changing from [en-US] to [en]
04-15 02:41:00.264  1383  4528 D BackgroundInstallControlService: Package event received: 0
04-15 02:41:00.264 11753 11753 I AppBase : AppBase.onConfigurationChanged():444 onConfigurationChanged() : NewConfig = {1.0 ?mcc0mnc [en] ldltr sw448dp w448dp h923dp 360dpi nrml long hdr widecg port night finger -keyb/v/h -nav/h winConfig={ mBounds=Rect(0, 0 - 1008, 2244) mAppBounds=Rect(0, 0 - 1008, 2244) mMaxBounds=Rect(0, 0 - 1008, 2244) mDisplayRotation=ROTATION_0 mWindowingMode=fullscreen mActivityType=undefined mAlwaysOnTop=undefined mRotation=ROTATION_0} as.14 s.232 fontWeightAdjustment=0}
04-15 02:41:00.264  4981  4981 D b/254119092: TaskbarManager#mComponentCallbacks.onConfigurationChanged: {1.0 ?mcc0mnc [en] ldltr sw448dp w448dp h923dp 360dpi nrml long hdr widecg port night finger -keyb/v/h -nav/h winConfig={ mBounds=Rect(0, 0 - 1008, 2244) mAppBounds=Rect(0, 0 - 1008, 2244) mMaxBounds=Rect(0, 0 - 1008, 2244) mDisplayRotation=ROTATION_0 mWindowingMode=fullscreen mActivityType=undefined mAlwaysOnTop=undefined mRotation=ROTATION_0} as.14 s.205 fontWeightAdjustment=0}
04-15 02:41:00.264  4981  4981 D b/254119092: mActivity and mWindowContext agree taskbarIsPresent=false
04-15 02:41:00.264  4981  4981 D b/254119092: ComponentCallbacks#onConfigurationChanged() configDiff={CONFIG_LOCALE, CONFIG_LAYOUT_DIRECTION}
04-15 02:41:00.264  4981  4981 D b/254119092: mActivity and mWindowContext agree taskbarIsPresent=false
04-15 02:41:00.264  4981  4981 D b/254119092: destroyTaskbarForDisplay: com.android.launcher3.taskbar.TaskbarActivityContext@4a38539 displayId=0
04-15 02:41:00.264  4981  4981 D b/254119092: mActivity and mWindowContext agree taskbarIsPresent=false
04-15 02:41:00.265  4981  4981 W LoaderTask: LoaderTask#stopLocked:
04-15 02:41:00.265  4981  4981 W LoaderTask: java.lang.Exception
04-15 02:41:00.265  4981  4981 W LoaderTask: 	at com.android.launcher3.model.LoaderTask.stopLocked(go/retraceme d5c80b48af0d282d601e5cdc46ac8565fe09836976dde57719a33d5c4d1b02f3:6)
04-15 02:41:00.265  4981  4981 W LoaderTask: 	at com.android.launcher3.LauncherModel.stopLoader(go/retraceme d5c80b48af0d282d601e5cdc46ac8565fe09836976dde57719a33d5c4d1b02f3:11)
04-15 02:41:00.265  4981  4981 W LoaderTask: 	at com.android.launcher3.LauncherModel.removeCallbacks(go/retraceme d5c80b48af0d282d601e5cdc46ac8565fe09836976dde57719a33d5c4d1b02f3:17)
04-15 02:41:00.265  4981  4981 W LoaderTask: 	at com.android.launcher3.taskbar.TaskbarViewController.onDestroy(go/retraceme d5c80b48af0d282d601e5cdc46ac8565fe09836976dde57719a33d5c4d1b02f3:46)
04-15 02:41:00.265  4981  4981 W LoaderTask: 	at com.android.launcher3.taskbar.TaskbarControllers.onDestroy(go/retraceme d5c80b48af0d282d601e5cdc46ac8565fe09836976dde57719a33d5c4d1b02f3:34)
04-15 02:41:00.265  4981  4981 W LoaderTask: 	at com.android.launcher3.taskbar.TaskbarActivityContext.onDestroy(go/retraceme d5c80b48af0d282d601e5cdc46ac8565fe09836976dde57719a33d5c4d1b02f3:19)
04-15 02:41:00.265  4981  4981 W LoaderTask: 	at com.android.launcher3.taskbar.TaskbarManager.destroyTaskbarForDisplay(go/retraceme d5c80b48af0d282d601e5cdc46ac8565fe09836976dde57719a33d5c4d1b02f3:32)
04-15 02:41:00.265  4981  4981 W LoaderTask: 	at com.android.launcher3.taskbar.TaskbarManager.recreateTaskbarForDisplay(go/retraceme d5c80b48af0d282d601e5cdc46ac8565fe09836976dde57719a33d5c4d1b02f3:49)
04-15 02:41:00.265  4981  4981 W LoaderTask: 	at com.android.launcher3.taskbar.TaskbarManager.recreateTaskbar(go/retraceme d5c80b48af0d282d601e5cdc46ac8565fe09836976dde57719a33d5c4d1b02f3:8)
04-15 02:41:00.265  4981  4981 W LoaderTask: 	at com.android.launcher3.taskbar.TaskbarManager$3.onConfigurationChanged(go/retraceme d5c80b48af0d282d601e5cdc46ac8565fe09836976dde57719a33d5c4d1b02f3:192)
04-15 02:41:00.265  4981  4981 W LoaderTask: 	at android.content.ComponentCallbacksController.lambda$dispatchConfigurationChanged$0(ComponentCallbacksController.java:91)
04-15 02:41:00.265  4981  4981 W LoaderTask: 	at android.content.ComponentCallbacksController$$ExternalSyntheticLambda2.accept(D8$$SyntheticClass:0)
04-15 02:41:00.265  4981  4981 W LoaderTask: 	at android.content.ComponentCallbacksController.forAllComponentCallbacks(ComponentCallbacksController.java:124)
04-15 02:41:00.265  4981  4981 W LoaderTask: 	at android.content.ComponentCallbacksController.dispatchConfigurationChanged(ComponentCallbacksController.java:91)
04-15 02:41:00.265  4981  4981 W LoaderTask: 	at android.window.WindowContext.dispatchConfigurationChanged(WindowContext.java:160)
04-15 02:41:00.265  4981  4981 W LoaderTask: 	at android.window.WindowTokenClient.onConfigurationChangedInner(WindowTokenClient.java:205)
04-15 02:41:00.265  4981  4981 W LoaderTask: 	at android.window.WindowTokenClient.onConfigurationChanged(WindowTokenClient.java:155)
04-15 02:41:00.265  4981  4981 W LoaderTask: 	at android.window.WindowTokenClient.onConfigurationChanged(WindowTokenClient.java:112)
04-15 02:41:00.265  4981  4981 W LoaderTask: 	at android.window.WindowTokenClientController.onWindowContextInfoChanged(WindowTokenClientController.java:245)
04-15 02:41:00.265  4981  4981 W LoaderTask: 	at android.app.ActivityThread.handleWindowContextInfoChanged(ActivityThread.java:6760)
04-15 02:41:00.265  4981  4981 W LoaderTask: 	at android.app.servertransaction.WindowContextInfoChangeItem.execute(WindowContextInfoChangeItem.java:53)
04-15 02:41:00.265  4981  4981 W LoaderTask: 	at android.app.servertransaction.TransactionExecutor.executeNonLifecycleItem(TransactionExecutor.java:133)
04-15 02:41:00.265  4981  4981 W LoaderTask: 	at android.app.servertransaction.TransactionExecutor.executeTransactionItems(TransactionExecutor.java:103)
04-15 02:41:00.265  4981  4981 W LoaderTask: 	at android.app.servertransaction.TransactionExecutor.execute(TransactionExecutor.java:80)
04-15 02:41:00.265  4981  4981 W LoaderTask: 	at android.app.ActivityThread$H.handleMessage(ActivityThread.java:2773)
04-15 02:41:00.265  4981  4981 W LoaderTask: 	at android.os.Handler.dispatchMessage(Handler.java:109)
04-15 02:41:00.265  4981  4981 W LoaderTask: 	at android.os.Looper.loopOnce(Looper.java:232)
04-15 02:41:00.265  4981  4981 W LoaderTask: 	at android.os.Looper.loop(Looper.java:317)
04-15 02:41:00.265  4981  4981 W LoaderTask: 	at android.app.ActivityThread.main(ActivityThread.java:8934)
04-15 02:41:00.265  4981  4981 W LoaderTask: 	at java.lang.reflect.Method.invoke(Native Method)
04-15 02:41:00.265  4981  4981 W LoaderTask: 	at com.android.internal.os.RuntimeInit$MethodAndArgsCaller.run(RuntimeInit.java:591)
04-15 02:41:00.265  4981  4981 W LoaderTask: 	at com.android.internal.os.ZygoteInit.main(ZygoteInit.java:911)
04-15 02:41:00.265  4981  4981 D b/254119092: recreateTaskbar: isTaskbarEnabled=true [dp != null (i.e. mUserUnlocked)]=true FLAG_HIDE_NAVBAR_WINDOW=true dp.isTaskbarPresent=false
04-15 02:41:00.265  4981  4981 D b/254119092: mActivity and mWindowContext agree taskbarIsPresent=false
04-15 02:41:00.266  4981  4981 I s.nexuslauncher: AssetManager2(0xb4000079a810cc58) locale list changing from [] to [en]
04-15 02:41:00.266  1383  6566 I WindowManager: Override config changes=400 {1.0 ?mcc0mnc [en] ldltr sw448dp w448dp h997dp 360dpi nrml long hdr widecg port night finger -keyb/v/h -nav/h winConfig={ mBounds=Rect(0, 0 - 1008, 2244) mAppBounds=Rect(0, 0 - 1008, 2244) mMaxBounds=Rect(0, 0 - 1008, 2244) mDisplayRotation=ROTATION_0 mWindowingMode=fullscreen mActivityType=undefined mAlwaysOnTop=undefined mRotation=ROTATION_0} as.14 s.340 fontWeightAdjustment=0} for displayId=0
04-15 02:41:00.267   544   544 I BpBinder: onLastStrongRef automatically unlinking death recipients: 
04-15 02:41:00.269 11753 11753 I putmethod.latin: AssetManager2(0xb4000079a8075cb8) locale list changing from [] to [en]
04-15 02:41:00.270 11753 11753 W GoogleInputMethodService: GoogleInputMethodService.onConfigurationChanged():1573 onConfigurationChanged() : NewConfig = {1.0 ?mcc0mnc [en] ldltr sw448dp w448dp h923dp 360dpi nrml long hdr widecg port night finger -keyb/v/h -nav/h winConfig={ mBounds=Rect(0, 0 - 1008, 2244) mAppBounds=Rect(0, 113 - 1008, 2190) mMaxBounds=Rect(0, 0 - 1008, 2244) mDisplayRotation=ROTATION_0 mWindowingMode=fullscreen mActivityType=undefined mAlwaysOnTop=undefined mRotation=ROTATION_0} as.14 s.205 fontWeightAdjustment=0}
04-15 02:41:00.270 11753 11753 I GoogleInputMethodService: GoogleInputMethodService.onConfigurationChanged():1574 device real metrics: DisplayMetrics{density=2.25, width=1008, height=2244, scaledDensity=2.25, xdpi=365.76, ydpi=367.726}
04-15 02:41:00.270 11753 11753 I GoogleInputMethodService: GoogleInputMethodService.onConfigurationChanged():1584 Maybe update OEM display config because of configuration change
04-15 02:41:00.270 11753 11753 I InputMethodEntryManager: InputMethodEntryManager.notifyCurrentInputMethodEntryOnContextChanged():555 notifyCurrentInputMethodEntryOnContextChanged()
04-15 02:41:00.270 11753 11753 I InputMethodEntryManager: InputMethodEntryManager.notifyCurrentInputMethodEntryOnContextChanged():576 Notify current input method entry changed on context change
04-15 02:41:00.271 11753 11753 I SystemSubtypesReportModule: SystemSubtypesReportModule$3.onCurrentInputMethodEntryChanged():139 entry: en-US, source: UNSPECIFIED
04-15 02:41:00.271 11753 11753 V Configuration: Updating configuration, locales updated from [en] to [en_US]
04-15 02:41:00.271 11753 11753 I putmethod.latin: AssetManager2(0xb4000079a806d978) locale list changing from [] to [en-US]
04-15 02:41:00.271 11753 11753 I KeyboardContextProvider: KeyboardContextProvider$KeyboardContextCache.createKeyboardContext():173 createKeyboardContext(): en-US, izm@97f3563(com.android.inputmethod.latin.LatinIME@54c95a), {1.0 ?mcc0mnc [en_US] ldltr sw448dp w448dp h923dp 360dpi nrml long hdr widecg port night finger -keyb/v/h -nav/h winConfig={ mBounds=Rect(0, 0 - 1008, 2244) mAppBounds=Rect(0, 113 - 1008, 2190) mMaxBounds=Rect(0, 0 - 1008, 2244) mDisplayRotation=ROTATION_0 mWindowingMode=fullscreen mActivityType=undefined mAlwaysOnTop=undefined mRotation=ROTATION_0} as.14 s.205 fontWeightAdjustment=0}
04-15 02:41:00.271 11753 11753 I GoogleInputMethodService: GoogleInputMethodService.onCurrentInputMethodEntryChanged():3549 onCurrentInputMethodEntryChanged(): imeDefsChanged=false, initializedEntryChanged=false, keyboardContextChanged=true
04-15 02:41:00.271 11753 11753 I GoogleInputMethodService: GoogleInputMethodService.clearInputMethodServiceData():1546 clearInputMethodServiceData for entryChange
04-15 02:41:00.272 11753 11753 I AbstractOpenableExtension: AbstractOpenableExtension.maybeDestroyExistingKeyboardGroupManager():535 Destroy existing keyboard group manager in dzh
04-15 02:41:00.272 11753 11753 I AbstractOpenableExtension: AbstractOpenableExtension.createKeyboardGroupManagerListenableFuture():120 Create keyboard group manager listenable future in dzh
04-15 02:41:00.272 11753 11753 I AbstractOpenableExtension: AbstractOpenableExtension.maybeDestroyExistingKeyboardGroupManager():535 Destroy existing keyboard group manager in fpu
04-15 02:41:00.272 11753 11753 I AbstractOpenableExtension: AbstractOpenableExtension.createKeyboardGroupManagerListenableFuture():120 Create keyboard group manager listenable future in fpu
04-15 02:41:00.272  4565  4613 I ndroid.systemui: AssetManager2(0xb4000079a810bcb8) locale list changing from [] to [en]
04-15 02:41:00.272 11753 11753 I AbstractOpenableExtension: AbstractOpenableExtension.maybeDestroyExistingKeyboardGroupManager():535 Destroy existing keyboard group manager in fsj
04-15 02:41:00.272 11753 11753 I AbstractOpenableExtension: AbstractOpenableExtension.createKeyboardGroupManagerListenableFuture():120 Create keyboard group manager listenable future in fsj
04-15 02:41:00.272  4565  4613 I ndroid.systemui: AssetManager2(0xb4000079a810c618) locale list changing from [] to [en]
04-15 02:41:00.272  4565  4613 V ShellDragAndDrop: Display changed: 0
04-15 02:41:00.272  4760  4760 I SigHubManager: sendEventToNanoApp 1 [1]
04-15 02:41:00.273  4565  4613 D ShellSplitScreen: onTaskInfoChanged: taskId=4 taskAct=null stageId=SIDE
04-15 02:41:00.273  4565  4613 D ShellSplitScreen: onTaskInfoChanged: taskId=3 taskAct=null stageId=MAIN
04-15 02:41:00.273  4565  4613 I ndroid.systemui: AssetManager2(0xb4000079a810c2f8) locale list changing from [] to [en]
04-15 02:41:00.273  4565  4613 I ndroid.systemui: AssetManager2(0xb4000079a8110ad8) locale list changing from [] to [en]
04-15 02:41:00.273  4565  4613 V ShellDragAndDrop: Display changed: 0
04-15 02:41:00.273 20868 20868 I app_process: System.exit called, status: 0
04-15 02:41:00.273  4565  4613 D ShellSplitScreen: onTaskInfoChanged: taskId=3 taskAct=null stageId=MAIN
04-15 02:41:00.273 20868 20868 I AndroidRuntime: VM exiting with result code 0.
04-15 02:41:00.274 11753 11753 I KeyboardHeightUtil: KeyboardHeightUtil.calculateMaxKeyboardBodyHeight():45 leave 241 height for app when ime window height:2077, header height:99 and isFullscreenMode:false, so the max keyboard body height is:1737
04-15 02:41:00.274 11753 11753 I KeyboardModeManager: KeyboardModeManager.onCurrentInputMethodEntryChanged():1122 Reload data for context change
04-15 02:41:00.274 11753 11753 I KeyboardModeManager: KeyboardModeManager.setSupportedKeyboardModes():1154 supportsSplitMode=true supportsOneHandedMode=true, needUpdateKeyboardMode=true
04-15 02:41:00.274 11753 11753 I GoogleInputMethodService: GoogleInputMethodService.initializeInputMethodServiceData():1281 initializeInputMethodServiceData for jwo{languageTag=en-US, variant=qwerty, hasLocalizedResources=true, conditionCacheKey=_app_first_start_timestamp=1776210147552_cache_additional_ime_defs_for_condition_change=false_cache_ime_defs_for_condition_change=false_deprecate_long_press_space_for_ime_picker=false_device=phone_device_size=default_enable_flick_symbols=true_enable_more_candidates_view_for_multilingual=false_enable_number_row=false_enable_preemptive_decode=true_enable_premium_exp_tablet_layout_change=false_enable_secondary_digits=true_enable_secondary_symbols=false_expressions=normal_four_or_more_letter_rows=false_keyboard_mode=normal_language=en-US_orientation=portrait_physical_keyboard=nokeys_rtl_layout=false_show_secondary_digits=true_show_suggestions=true_split_with_duplicate_keys=true_variant=qwerty, imeDef.stringId=ime_english_united_states, imeDef.className=com.google.android.libraries.inputmethod.ime.experiment.ExperimentImeWrapper, imeDef.languageTag=en-US}
04-15 02:41:00.274 11753 20909 I KeyboardGroupDefParser: KeyboardGroupDefParser.parseKeyboardGroupDef():83 parseKeyboardGroupDef() 2132214024 -> 0_resource_name_obfuscated : WaitTime = 2 ms : RunTime = 0 ms
04-15 02:41:00.274 11753 20910 I KeyboardGroupDefParser: KeyboardGroupDefParser.parseKeyboardGroupDef():83 parseKeyboardGroupDef() 2132214028 -> 0_resource_name_obfuscated : WaitTime = 2 ms : RunTime = 1 ms
04-15 02:41:00.274   874   896 D CHRE    : @ 35962.222: Nanoapp list request from client ID 2
04-15 02:41:00.275   874   896 D CHRE.HAL: Received a nanoapp list response for client 2
04-15 02:41:00.275 11753 20908 I KeyboardGroupDefParser: KeyboardGroupDefParser.parseKeyboardGroupDef():83 parseKeyboardGroupDef() 2132214027 -> 0_resource_name_obfuscated : WaitTime = 2 ms : RunTime = 1 ms
04-15 02:41:00.275 11753 11753 I StyledKeyboardThemeBuilder: StyledKeyboardThemeBuilder.build():145 Pref: [], themeName: [silk:], darkMode: [true], cacheKey: [overlay_builtin_dynamic_color_dark_base.binarypb:gm3-dark-ff19120c-ffffb778-4ebce121b15fdeedba94e31f9ce542a2]
04-15 02:41:00.275 11986 11986 I .apps.wellbeing: AssetManager2(0xb4000079a807c6f8) locale list changing from [] to [en]
04-15 02:41:00.276  1383  4475 I SsidTranslator: Locale language changed to en, alternate charset is now null
04-15 02:41:00.276  4981  5056 D LoaderTask: loadWorkspace: loading default favorites if necessary
04-15 02:41:00.277 11753 11753 I KeyboardThemeProvider: KeyboardThemeProvider.applyKeyboardTheme():27 Apply keyboard theme: theme_border_keyboard_mode_screen_size_5_5_keyboard_mode_screen_width_middle_stylesheet_noshadow_reordertheme_pgsans_silkpopup_unifycolor_googlefontsicons_dark_phone_bottom4dp_400_display_size_adaptive_400_overlay_builtin_dynamic_color_dark_base.binarypb:gm3-dark-ff19120c-ffffb778-4ebce121b15fdeedba94e31f9ce542a2_port
04-15 02:41:00.277  4565  4565 I ndroid.systemui: AssetManager2(0xb4000079a8061ad8) locale list changing from [en-US] to [en]
04-15 02:41:00.277  4565  4565 I ndroid.systemui: AssetManager2(0xb4000079a8063a18) locale list changing from [en-US] to [en]
04-15 02:41:00.277  4565  4565 I ndroid.systemui: AssetManager2(0xb4000079a8099898) locale list changing from [en-US] to [en]
04-15 02:41:00.278  4565  4565 I ndroid.systemui: AssetManager2(0xb4000079a810d8d8) locale list changing from [en-US] to [en]
04-15 02:41:00.278  4565  4565 I ndroid.systemui: AssetManager2(0xb4000079a8093178) locale list changing from [en-US] to [en]
04-15 02:41:00.278  4565  4565 I ndroid.systemui: AssetManager2(0xb4000079a80ea658) locale list changing from [en-US] to [en]
04-15 02:41:00.278  4565  4565 I ndroid.systemui: AssetManager2(0xb4000079a80f5878) locale list changing from [en-US] to [en]
04-15 02:41:00.278  4565  4565 I ndroid.systemui: AssetManager2(0xb4000079a8100138) locale list changing from [en-US] to [en]
04-15 02:41:00.278  4565  4565 I ndroid.systemui: AssetManager2(0xb4000079a810e238) locale list changing from [en-US] to [en]
04-15 02:41:00.278  4565  4565 I ndroid.systemui: AssetManager2(0xb4000079a8083458) locale list changing from [en-US] to [en]
04-15 02:41:00.278  4565  4565 I ndroid.systemui: AssetManager2(0xb4000079a80b2258) locale list changing from [en-US] to [en]
04-15 02:41:00.279 11753 11753 I AndroidIME: InputBundleManager.loadActiveInputBundleId():450 loadActiveInputBundleId: und-Latn-x-password, password
04-15 02:41:00.279 11753 11753 I KeyboardContextProvider: KeyboardContextProvider.setBaseContextAndInvalidKeyboardContextCache():88 setBaseContextAndInvalidKeyboardContextCache(): com.android.inputmethod.latin.LatinIME@54c95a
04-15 02:41:00.280 11753 11753 I DeviceModeModule: DeviceModeModule.calculateAndNotify():225 Device mode 'phone' from display metrics 'DisplayMetrics{density=0.0, width=1008, height=2244, scaledDensity=0.0, xdpi=365.76, ydpi=367.726}' or smallestScreenWidthDp: 448
04-15 02:41:00.280 11753 11753 I GoogleInputMethodService: GoogleInputMethodService.onConfigurationChanged():1595 changedMask : 2004
04-15 02:41:00.280 11753 11753 I GoogleInputMethodService: GoogleInputMethodService.clearInputMethodServiceData():1546 clearInputMethodServiceData for configurationChange
04-15 02:41:00.280 11753 11753 I GoogleInputMethodService: GoogleInputMethodService.discardAllKeyboardViewAndInputView():1750 discardAllKeyboardViewAndInputView()
04-15 02:41:00.280  4981  4981 W HWUI    : Image decoding logging dropped!
04-15 02:41:00.281  4565  4565 I NoBackGesture: Config changed: newConfig={1.0 ?mcc0mnc [en] ldltr sw448dp w448dp h997dp 360dpi nrml long hdr widecg port night finger -keyb/v/h -nav/h winConfig={ mBounds=Rect(0, 0 - 1008, 2244) mAppBounds=Rect(0, 0 - 1008, 2244) mMaxBounds=Rect(0, 0 - 1008, 2244) mDisplayRotation=ROTATION_0 mWindowingMode=fullscreen mActivityType=undefined mAlwaysOnTop=undefined mRotation=ROTATION_0} as.14 s.447 fontWeightAdjustment=0} lastReportedConfig={1.0 ?mcc0mnc [en_US] ldltr sw448dp w448dp h997dp 360dpi nrml long hdr widecg port night finger -keyb/v/h -nav/h winConfig={ mBounds=Rect(0, 0 - 1008, 2244) mAppBounds=Rect(0, 0 - 1008, 2244) mMaxBounds=Rect(0, 0 - 1008, 2244) mDisplayRotation=ROTATION_0 mWindowingMode=fullscreen mActivityType=undefined mAlwaysOnTop=undefined mRotation=ROTATION_0} as.14 s.203 fontWeightAdjustment=0}
04-15 02:41:00.281  4565  4565 I NoBackGesture: NavbarController: newConfig={1.0 ?mcc0mnc [en] ldltr sw448dp w448dp h997dp 360dpi nrml long hdr widecg port night finger -keyb/v/h -nav/h winConfig={ mBounds=Rect(0, 0 - 1008, 2244) mAppBounds=Rect(0, 0 - 1008, 2244) mMaxBounds=Rect(0, 0 - 1008, 2244) mDisplayRotation=ROTATION_0 mWindowingMode=fullscreen mActivityType=undefined mAlwaysOnTop=undefined mRotation=ROTATION_0} as.14 s.447 fontWeightAdjustment=0} mTaskbarDelegate initialized=true willApplyConfigToNavbars=false navBarCount=0
04-15 02:41:00.281  4981  4981 I s.nexuslauncher: AssetManager2(0xb4000079a810ad18) locale list changing from [] to [en-US]
04-15 02:41:00.282  1383  6672 I ActivityManager: Force stopping com.google.wireless.qa.mobileharness.tool.android.language appid=10292 user=0: finished inst
04-15 02:41:00.282  7479  7479 I oid.apps.photos: AssetManager2(0xb4000079a8061ad8) locale list changing from [en-US] to [en]
04-15 02:41:00.282  4981  4981 I s.nexuslauncher: AssetManager2(0xb4000079a81126f8) locale list changing from [] to [en]
04-15 02:41:00.282  4981  5056 D LoaderTask: loadWorkspace: Packages with active install/update sessions: []
04-15 02:41:00.283  1117  1117 D AOC     : A3:MSG: usf_event_server.cc, 97: USF: Publishing event: id=1, size=1
04-15 02:41:00.284  1383  6672 E ActivityManager: Unable to freeze binder for 20879: -11
04-15 02:41:00.285  1383  6672 I ActivityManager: Killing 20879:com.google.wireless.qa.mobileharness.tool.android.language/u0a292 (adj 0): stop com.google.wireless.qa.mobileharness.tool.android.language due to finished inst
04-15 02:41:00.286  4981  4981 W LoaderTask: LoaderTask#stopLocked:
04-15 02:41:00.286  4981  4981 W LoaderTask: java.lang.Exception
04-15 02:41:00.286  4981  4981 W LoaderTask: 	at com.android.launcher3.model.LoaderTask.stopLocked(go/retraceme d5c80b48af0d282d601e5cdc46ac8565fe09836976dde57719a33d5c4d1b02f3:6)
04-15 02:41:00.286  4981  4981 W LoaderTask: 	at com.android.launcher3.LauncherModel.stopLoader(go/retraceme d5c80b48af0d282d601e5cdc46ac8565fe09836976dde57719a33d5c4d1b02f3:11)
04-15 02:41:00.286  4981  4981 W LoaderTask: 	at com.android.launcher3.LauncherModel.startLoader(go/retraceme d5c80b48af0d282d601e5cdc46ac8565fe09836976dde57719a33d5c4d1b02f3:18)
04-15 02:41:00.286  4981  4981 W LoaderTask: 	at com.android.launcher3.LauncherModel.addCallbacksAndLoad(go/retraceme d5c80b48af0d282d601e5cdc46ac8565fe09836976dde57719a33d5c4d1b02f3:22)
04-15 02:41:00.286  4981  4981 W LoaderTask: 	at com.android.launcher3.taskbar.TaskbarViewController.b(go/retraceme d5c80b48af0d282d601e5cdc46ac8565fe09836976dde57719a33d5c4d1b02f3:13)
04-15 02:41:00.286  4981  4981 W LoaderTask: 	at com.android.launcher3.taskbar.o1.run(go/retraceme d5c80b48af0d282d601e5cdc46ac8565fe09836976dde57719a33d5c4d1b02f3:8)
04-15 02:41:00.286  4981  4981 W LoaderTask: 	at com.android.launcher3.taskbar.TaskbarControllers.onPostInit(go/retraceme d5c80b48af0d282d601e5cdc46ac8565fe09836976dde57719a33d5c4d1b02f3:22)
04-15 02:41:00.286  4981  4981 W LoaderTask: 	at com.android.launcher3.taskbar.TaskbarControllers.init(go/retraceme d5c80b48af0d282d601e5cdc46ac8565fe09836976dde57719a33d5c4d1b02f3:269)
04-15 02:41:00.286  4981  4981 W LoaderTask: 	at com.android.launcher3.taskbar.TaskbarActivityContext.init(go/retraceme d5c80b48af0d282d601e5cdc46ac8565fe09836976dde57719a33d5c4d1b02f3:152)
04-15 02:41:00.286  4981  4981 W LoaderTask: 	at com.android.launcher3.taskbar.TaskbarManager.recreateTaskbarForDisplay(go/retraceme d5c80b48af0d282d601e5cdc46ac8565fe09836976dde57719a33d5c4d1b02f3:200)
04-15 02:41:00.286  4981  4981 W LoaderTask: 	at com.android.launcher3.taskbar.TaskbarManager.recreateTaskbar(go/retraceme d5c80b48af0d282d601e5cdc46ac8565fe09836976dde57719a33d5c4d1b02f3:8)
04-15 02:41:00.286  4981  4981 W LoaderTask: 	at com.android.launcher3.taskbar.TaskbarManager$3.onConfigurationChanged(go/retraceme d5c80b48af0d282d601e5cdc46ac8565fe09836976dde57719a33d5c4d1b02f3:192)
04-15 02:41:00.286  4981  4981 W LoaderTask: 	at android.content.ComponentCallbacksController.lambda$dispatchConfigurationChanged$0(ComponentCallbacksController.java:91)
04-15 02:41:00.286  4981  4981 W LoaderTask: 	at android.content.ComponentCallbacksController$$ExternalSyntheticLambda2.accept(D8$$SyntheticClass:0)
04-15 02:41:00.286  4981  4981 W LoaderTask: 	at android.content.ComponentCallbacksController.forAllComponentCallbacks(ComponentCallbacksController.java:124)
04-15 02:41:00.286  4981  4981 W LoaderTask: 	at android.content.ComponentCallbacksController.dispatchConfigurationChanged(ComponentCallbacksController.java:91)
04-15 02:41:00.286  4981  4981 W LoaderTask: 	at android.window.WindowContext.dispatchConfigurationChanged(WindowContext.java:160)
04-15 02:41:00.286  4981  4981 W LoaderTask: 	at android.window.WindowTokenClient.onConfigurationChangedInner(WindowTokenClient.java:205)
04-15 02:41:00.286  4981  4981 W LoaderTask: 	at android.window.WindowTokenClient.onConfigurationChanged(WindowTokenClient.java:155)
04-15 02:41:00.286  4981  4981 W LoaderTask: 	at android.window.WindowTokenClient.onConfigurationChanged(WindowTokenClient.java:112)
04-15 02:41:00.286  4981  4981 W LoaderTask: 	at android.window.WindowTokenClientController.onWindowContextInfoChanged(WindowTokenClientController.java:245)
04-15 02:41:00.286  4981  4981 W LoaderTask: 	at android.app.ActivityThread.handleWindowContextInfoChanged(ActivityThread.java:6760)
04-15 02:41:00.286  4981  4981 W LoaderTask: 	at android.app.servertransaction.WindowContextInfoChangeItem.execute(WindowContextInfoChangeItem.java:53)
04-15 02:41:00.286  4981  4981 W LoaderTask: 	at android.app.servertransaction.TransactionExecutor.executeNonLifecycleItem(TransactionExecutor.java:133)
04-15 02:41:00.286  4981  4981 W LoaderTask: 	at android.app.servertransaction.TransactionExecutor.executeTransactionItems(TransactionExecutor.java:103)
04-15 02:41:00.286  4981  4981 W LoaderTask: 	at android.app.servertransaction.TransactionExecutor.execute(TransactionExecutor.java:80)
04-15 02:41:00.286  4981  4981 W LoaderTask: 	at android.app.ActivityThread$H.handleMessage(ActivityThread.java:2773)
04-15 02:41:00.286  4981  4981 W LoaderTask: 	at android.os.Handler.dispatchMessage(Handler.java:109)
04-15 02:41:00.286  4981  4981 W LoaderTask: 	at android.os.Looper.loopOnce(Looper.java:232)
04-15 02:41:00.286  4981  4981 W LoaderTask: 	at android.os.Looper.loop(Looper.java:317)
04-15 02:41:00.286  4981  4981 W LoaderTask: 	at android.app.ActivityThread.main(ActivityThread.java:8934)
04-15 02:41:00.286  4981  4981 W LoaderTask: 	at java.lang.reflect.Method.invoke(Native Method)
04-15 02:41:00.286  4981  4981 W LoaderTask: 	at com.android.internal.os.RuntimeInit$MethodAndArgsCaller.run(RuntimeInit.java:591)
04-15 02:41:00.286  4981  4981 W LoaderTask: 	at com.android.internal.os.ZygoteInit.main(ZygoteInit.java:911)
04-15 02:41:00.286  5162  5162 I ndroid.settings: AssetManager2(0xb4000079a8061ad8) locale list changing from [en-US] to [en]
04-15 02:41:00.287  1383  1613 D DisplayManagerService: Drop pending events for gone uid 10292
04-15 02:41:00.287  4981  4981 D b/254119092: DisplayController#onConfigurationChanged: {1.0 ?mcc0mnc [en] ldltr sw448dp w448dp h923dp 360dpi nrml long hdr widecg port night finger -keyb/v/h -nav/h winConfig={ mBounds=Rect(0, 0 - 1008, 2244) mAppBounds=Rect(0, 0 - 1008, 2244) mMaxBounds=Rect(0, 0 - 1008, 2244) mDisplayRotation=ROTATION_0 mWindowingMode=fullscreen mActivityType=undefined mAlwaysOnTop=undefined mRotation=ROTATION_0} as.14 s.205 fontWeightAdjustment=0}
04-15 02:41:00.287 11753 11753 I AbstractOpenableExtension: AbstractOpenableExtension.maybeDestroyExistingKeyboardGroupManager():535 Destroy existing keyboard group manager in dzh
04-15 02:41:00.287 11753 11753 I AbstractOpenableExtension: AbstractOpenableExtension.createKeyboardGroupManagerListenableFuture():120 Create keyboard group manager listenable future in dzh
04-15 02:41:00.287 11753 11753 I AbstractOpenableExtension: AbstractOpenableExtension.maybeDestroyExistingKeyboardGroupManager():535 Destroy existing keyboard group manager in fpu
04-15 02:41:00.287 11753 11753 I AbstractOpenableExtension: AbstractOpenableExtension.createKeyboardGroupManagerListenableFuture():120 Create keyboard group manager listenable future in fpu
04-15 02:41:00.287 11753 11753 I AbstractOpenableExtension: AbstractOpenableExtension.maybeDestroyExistingKeyboardGroupManager():535 Destroy existing keyboard group manager in fsj
04-15 02:41:00.287 11753 11753 I AbstractOpenableExtension: AbstractOpenableExtension.createKeyboardGroupManagerListenableFuture():120 Create keyboard group manager listenable future in fsj
04-15 02:41:00.287  5599  6869 D ForegroundUtils: UID: 10292 deleted.
04-15 02:41:00.288 11753 11753 I WindowMetricsNotification: WindowMetricsNotification.notify():168 WindowMetricsNotification{bounds=Rect(0, 151 - 1008, 2244), insets=Rect(0, 0 - 0, 16), densityDpi=360, smallestScreenWidthDp=448, displayWidth=1008, displayHeight=2244, xdpi=365.76, ydpi=367.726, isTrustable=true, displayId=0}; DisplayMetrics{density=2.25, width=1008, height=2244, scaledDensity=2.25, xdpi=365.76, ydpi=367.726}
04-15 02:41:00.288 11753 11753 I WindowMetricsHelper: WindowMetricsHelper.predictAndNotify():140 Window metrics predicted.
