04-15 02:41:00.650  1383  6672 V SafetyCenterRefreshTrac: Refresh with id: 9b7843fd-0ea9-4a13-b31c-ae06f6a8a331_1 completed for source id: GoogleFindMyDevice, user id: 0, duration: PT0.3S, successful: true, data changed: true, tracking: true, now 7 tracked sources in flight
04-15 02:41:00.650  1383  1383 W NotificationHistory: Attempted to add notif for locked/gone/disabled user 0
04-15 02:41:00.650  4981  5056 W HWUI    : Image decoding logging dropped!
04-15 02:41:00.654  5558  6256 W AiAiEcho: LyftNotificationParser Ridesharing ETA not enabled
04-15 02:41:00.654  5558  6256 I AiAiEcho: SmartspaceNotificationPredictor no parser can handle this notification or notification is invalid
04-15 02:41:00.657  5558  6256 W AiAiEcho: LyftNotificationParser Ridesharing ETA not enabled
04-15 02:41:00.657  5558  6256 I AiAiEcho: SmartspaceNotificationPredictor no parser can handle this notification or notification is invalid
04-15 02:41:00.657  4981  5056 W HWUI    : Image decoding logging dropped!
04-15 02:41:00.659 20022 20102 I amrs    : (REDACTED) NGA Sync: isNgaSyncEnabled: %s; enableFileGroupPopulator: %s; requiresMddAssets: %s
04-15 02:41:00.660  1383  1903 D ActivityManager: sync unfroze 7784 com.android.providers.calendar for 7
04-15 02:41:00.662  1071  7229 D NuPlayerDriver: NuPlayerDriver(0xb400007ad1a96a90) created, clientPid(4565)
04-15 02:41:00.663   494   494 I hwservicemanager: getTransport: Cannot find entry android.hardware.media.omx@1.0::IOmx/default in either framework or device VINTF manifest.
04-15 02:41:00.663  1071  7229 D MediaPlayerService: OMX service is not available
04-15 02:41:00.666  4981  5056 I s.nexuslauncher: AssetManager2(0xb4000079a808b798) locale list changing from [] to [en]
04-15 02:41:00.667  4981  5056 W HWUI    : Image decoding logging dropped!
04-15 02:41:00.668  4981  5011 W System  : A resource failed to call release. 
04-15 02:41:00.669  4981  5056 W HWUI    : Image decoding logging dropped!
04-15 02:41:00.670 20022 20102 I alzy    : NGA enabled in interactor.
04-15 02:41:00.670  5558  5979 W HWUI    : Image decoding logging dropped!
04-15 02:41:00.671 20987 20987 W libc    : Unable to set property "persist.sys.language" to "en": PROP_ERROR_PERMISSION_DENIED (0x18)
04-15 02:41:00.671  5558  5979 I AiAiEcho: #postPredictionTargets: Sending updates to UISurface lockscreen with targets# 1 (types=[1])
04-15 02:41:00.672  1071  7229 W mediaserver: AIBinder_linkToDeath is being called with a non-null cookie and no onUnlink callback set. This might not be intended. AIBinder_DeathRecipient_setOnUnlinked should be called first.
04-15 02:41:00.672  1071  7229 W mediaserver: AIBinder_linkToDeath is being called with a non-null cookie and no onUnlink callback set. This might not be intended. AIBinder_DeathRecipient_setOnUnlinked should be called first.
04-15 02:41:00.672  1071  7229 W mediaserver: AIBinder_linkToDeath is being called with a non-null cookie and no onUnlink callback set. This might not be intended. AIBinder_DeathRecipient_setOnUnlinked should be called first.
04-15 02:41:00.673  4565  4565 I WeatherSmartspaceView: setFormattedContentDescription: text=51°F, iconDescription=Clear, contentDescription=Clear, 51°F
04-15 02:41:00.673  4565  4565 W WeatherData: Weather data did not parse from Bundle[{feedback_intent=null, explanation_intent=null, is_gaia_linked_data=true}]
04-15 02:41:00.673  4565  4565 W PageIndicator: Total number of pages invalid: 0. Assuming 1 page.
04-15 02:41:00.673  4981  5056 W HWUI    : Image decoding logging dropped!
04-15 02:41:00.675  4981  5056 W HWUI    : Image decoding logging dropped!
04-15 02:41:00.676  1071  7229 D AudioSystem: onNewService: media.audio_policy service obtained 0xb400007c21aa8da0
04-15 02:41:00.676  1071  7229 D AudioSystem: getService: checking for service media.audio_policy: 0xb400007c21aa8da0
04-15 02:41:00.677 11327 11327 D BoundBrokerSvc: onBind: Intent { act=com.google.android.gms.common.BIND_SHARED_PREFS pkg=com.google.android.gms }
04-15 02:41:00.677 11327 11327 D BoundBrokerSvc: Loading bound service for intent: Intent { act=com.google.android.gms.common.BIND_SHARED_PREFS pkg=com.google.android.gms }
04-15 02:41:00.678  1071 20994 D GenericSource: FileSource remote
04-15 02:41:00.679  4981  5056 I s.nexuslauncher: AssetManager2(0xb4000079a80f7178) locale list changing from [] to [en]
04-15 02:41:00.682  4981  5056 W HWUI    : Image decoding logging dropped!
04-15 02:41:00.683  1383  6672 V SafetySourceDataValidat: Package: com.google.android.gms has expected signature
04-15 02:41:00.683  1383  6672 V SafetySourceDataValidat: Package: com.google.android.gms has expected signature
04-15 02:41:00.683  1383  6672 V SafetyCenterRefreshTrac: Refresh with id: 9b7843fd-0ea9-4a13-b31c-ae06f6a8a331_1 completed for source id: GoogleAutoLock, user id: 0, duration: PT0.334S, successful: true, data changed: false, tracking: true, now 6 tracked sources in flight
04-15 02:41:00.684  4981  5056 W HWUI    : Image decoding logging dropped!
04-15 02:41:00.684  5558  5979 W HWUI    : Image decoding logging dropped!
04-15 02:41:00.685  4981  5056 W HWUI    : Image decoding logging dropped!
04-15 02:41:00.688  4981  5056 W HWUI    : Image decoding logging dropped!
04-15 02:41:00.691  4565 20986 D RingtonePlayer: requesting AudioFocus
04-15 02:41:00.692  5558  5979 I AiAiEcho: #postPredictionTargets: Sending updates to UISurface home with targets# 1 (types=[1])
04-15 02:41:00.692  1383  5631 I MediaFocusControl: requestAudioFocus() from uid/pid 10229/4565 AA=USAGE_NOTIFICATION/CONTENT_TYPE_SONIFICATION clientId=android.media.AudioManager@d55c8c4 callingPack=com.android.systemui req=3 flags=0x0 sdk=35
04-15 02:41:00.692 11327 20936 I Auth    : (REDACTED) [SupervisedAccountIntentOperation] onHandleIntent: %s
04-15 02:41:00.693 11327 20932 I Blockstore: (REDACTED) [DataStoreImpl] Clearing Blockstore Data for package %s
04-15 02:41:00.693 11327 20932 I Blockstore: [DataStoreImpl] Keyless data not found or its IsLastInstallationData = false. [CONTEXT service_id=258 ]
04-15 02:41:00.694  1383  5631 I AS.FadeOutManager: unfadeOutUid() uid:10229
04-15 02:41:00.694  5558  5979 I AiAiEcho: AppPredictionInputConnectorImpl#createPredictionSession
04-15 02:41:00.694  4565 20986 D RingtonePlayer: notification will be delayed by 500ms
04-15 02:41:00.697 20996 20996 W libc    : Unable to set property "persist.sys.language" to "en": PROP_ERROR_PERMISSION_DENIED (0x18)
04-15 02:41:00.699  1383  6672 D SafetySourceDataValidat: No cert check requested for package com.google.android.healthconnect.controller
04-15 02:41:00.700  1383  6672 V SafetyCenterRefreshTrac: Refresh with id: 9b7843fd-0ea9-4a13-b31c-ae06f6a8a331_1 completed for source id: AndroidHealthConnect, user id: 0, duration: PT0.322S, successful: true, data changed: true, tracking: true, now 5 tracked sources in flight
04-15 02:41:00.701  5558  5979 D LauncherApps: getActivityList: No launchable activities found forpackageName=com.facebook.katana, user=UserHandle{0}
04-15 02:41:00.702  5558  5979 D LauncherApps: getActivityList: No launchable activities found forpackageName=com.whatsapp, user=UserHandle{0}
04-15 02:41:00.703  5558  5979 D LauncherApps: getActivityList: No launchable activities found forpackageName=com.instagram.android, user=UserHandle{0}
04-15 02:41:00.704  5558  5979 D LauncherApps: getActivityList: No launchable activities found forpackageName=com.facebook.orca, user=UserHandle{0}
04-15 02:41:00.704 12083 12104 I Finsky  : [41] Current account updated in PVS
04-15 02:41:00.704  5558  5979 D LauncherApps: getActivityList: No launchable activities found forpackageName=jp.naver.line.android, user=UserHandle{0}
04-15 02:41:00.705  5558  5979 D LauncherApps: getActivityList: No launchable activities found forpackageName=com.snapchat.android, user=UserHandle{0}
04-15 02:41:00.705  5558  5979 D LauncherApps: getActivityList: No launchable activities found forpackageName=com.microsoft.office.outlook, user=UserHandle{0}
04-15 02:41:00.705  5558  5979 D LauncherApps: getActivityList: No launchable activities found forpackageName=com.spotify.music, user=UserHandle{0}
04-15 02:41:00.706  5558  5979 D LauncherApps: getActivityList: No launchable activities found forpackageName=com.twitter.android, user=UserHandle{0}
04-15 02:41:00.708  5558  5979 D LauncherApps: getActivityList: No launchable activities found forpackageName=com.zhiliaoapp.musically, user=UserHandle{0}
04-15 02:41:00.708  1383  5641 V SafetySourceDataValidat: Package: com.google.android.gms has expected signature
04-15 02:41:00.708  1383  5641 V SafetySourceDataValidat: Package: com.google.android.gms has expected signature
04-15 02:41:00.709  1383  5641 V SafetyCenterRefreshTrac: Refresh with id: 9b7843fd-0ea9-4a13-b31c-ae06f6a8a331_1 completed for source id: GoogleSecurityUpdates, user id: 0, duration: PT0.359S, successful: true, data changed: true, tracking: true, now 4 tracked sources in flight
04-15 02:41:00.709 11327 20935 I Dck     : (REDACTED) disableDckSupport: %s
04-15 02:41:00.709 12083 20948 I Finsky  : [208] Current account updated in PVS
04-15 02:41:00.710 12083 20948 I Finsky  : [208] WM::SCH: Logging work initialize for 46-1
04-15 02:41:00.712 12083 12111 I Finsky  : [47] Current account updated in PVS
04-15 02:41:00.712 12083 12111 I Finsky  : [47] Current account updated in PVS
04-15 02:41:00.713 12083 12111 I Finsky  : [47] Current account updated in PVS
04-15 02:41:00.713 12083 12111 I Finsky  : [47] Current account updated in PVS
04-15 02:41:00.715 11327 20935 E Dck     : Could not get ProviderInfo when resolving the content provider authority. [CONTEXT service_id=289 ]
04-15 02:41:00.715 11327 20935 E Dck     : Samsung Content Provider failed app verification [CONTEXT service_id=289 ]
04-15 02:41:00.715 11327 20935 I Dck     : [WirelessCapabilitiesFeatures] wccSysProp: 3 [CONTEXT service_id=289 ]
04-15 02:41:00.716 11327 20935 I Dck     : [WirelessCapabilitiesFeatures] wccOverride: not set [CONTEXT service_id=289 ]
04-15 02:41:00.716 11327 20935 I Dck     : (REDACTED) [WirelessCapabilitiesFeatures] returned wcc: %s
04-15 02:41:00.716 11327 13912 I Icing   : IndexChimeraService.getServiceInterface callingPackage=com.google.android.gms componentName=AppsCorpus serviceId=36
04-15 02:41:00.716 11327 20935 I Dck     : Dck module condition - isDckModuleEligible: true [CONTEXT service_id=289 ]
04-15 02:41:00.721 20007 21012 D AccessibilitySourceService: enabled a11y services count 0
04-15 02:41:00.721 20007 21012 D AccessibilitySourceService: a11y source sending 0 issue to sc
04-15 02:41:00.721  1383  5631 D SafetySourceDataValidat: No cert check requested for package com.google.android.permissioncontroller
04-15 02:41:00.722  1383  5631 V SafetyCenterRefreshTrac: Refresh with id: 9b7843fd-0ea9-4a13-b31c-ae06f6a8a331_1 completed for source id: AndroidAccessibility, user id: 0, duration: null, successful: true, data changed: false, tracking: false, now 4 tracked sources in flight
04-15 02:41:00.724  1383  1625 D ActivityManager: sync unfroze 19939 com.google.android.apps.messaging for 3
04-15 02:41:00.724  1383  4679 D SafetySourceDataValidat: No cert check requested for package com.google.android.permissioncontroller
04-15 02:41:00.725  1383  4679 V SafetyCenterRefreshTrac: Refresh with id: 9b7843fd-0ea9-4a13-b31c-ae06f6a8a331_1 completed for source id: AndroidPermissionAutoRevoke, user id: 0, duration: null, successful: true, data changed: false, tracking: false, now 4 tracked sources in flight
04-15 02:41:00.726  1383  6672 D SafetySourceDataValidat: No cert check requested for package com.google.android.permissioncontroller
04-15 02:41:00.726  1383  6672 V SafetyCenterRefreshTrac: Refresh with id: 9b7843fd-0ea9-4a13-b31c-ae06f6a8a331_1 completed for source id: AndroidPrivacyAppDataSharingUpdates, user id: 0, duration: null, successful: true, data changed: false, tracking: false, now 4 tracked sources in flight
04-15 02:41:00.729  1383  4767 D SafetySourceDataValidat: No cert check requested for package com.google.android.permissioncontroller
04-15 02:41:00.729  1383  4767 V SafetyCenterRefreshTrac: Refresh with id: 9b7843fd-0ea9-4a13-b31c-ae06f6a8a331_1 completed for source id: AndroidWorkPolicyInfo, user id: 0, duration: PT0.32S, successful: true, data changed: false, tracking: true, now 3 tracked sources in flight
04-15 02:41:00.731 12083 12111 I Finsky  : [47] Current account updated in PVS
04-15 02:41:00.732 11327 12060 I PeopleGalProvider: Gal directories started.
04-15 02:41:00.733 11327 12060 I PeopleGalProvider: Method 1 completed.
04-15 02:41:00.733 11327 12060 I PeopleGalProvider: Method 1 finished successfully.
04-15 02:41:00.740 12083 12118 I Finsky  : [53] SCH: Scheduling phonesky job Id: 46-1, CT: 1776246060424, Constraints: [{ L: 0, D: 0, C: CHARGING_NONE, I: IDLE_NONE, N: NET_NONE, B: BATTERY_ANY }, { L: 0, D: 0, C: CHARGING_NONE, I: IDLE_NONE, N: NET_NONE, B: BATTERY_ANY }]
04-15 02:41:00.740 20022 20022 I dlhp    : (REDACTED) #onReceive: %s
04-15 02:41:00.741  4981  5056 I s.nexuslauncher: AssetManager2(0xb4000079a80f00f8) locale list changing from [] to [en]
04-15 02:41:00.742  5558  5979 D LauncherApps: getActivityList: No launchable activities found forpackageName=com.facebook.katana, user=UserHandle{0}
04-15 02:41:00.742  4981  5056 W HWUI    : Image decoding logging dropped!
04-15 02:41:00.745 12083 12139 I Finsky  : [62] SCH: Scheduling 1 system job(s)
04-15 02:41:00.747  5558  5979 D LauncherApps: getActivityList: No launchable activities found forpackageName=com.whatsapp, user=UserHandle{0}
04-15 02:41:00.747  4981  5056 I s.nexuslauncher: AssetManager2(0xb4000079a80a5d78) locale list changing from [] to [en]
04-15 02:41:00.748  5558  5979 D LauncherApps: getActivityList: No launchable activities found forpackageName=com.instagram.android, user=UserHandle{0}
04-15 02:41:00.749  5558  5979 D LauncherApps: getActivityList: No launchable activities found forpackageName=com.facebook.orca, user=UserHandle{0}
04-15 02:41:00.749 12083 12139 I Finsky  : [62] SCH: Scheduling expedited system job 9278
04-15 02:41:00.750  5558  5979 D LauncherApps: getActivityList: No launchable activities found forpackageName=jp.naver.line.android, user=UserHandle{0}
04-15 02:41:00.750  4981  5056 W HWUI    : Image decoding logging dropped!
04-15 02:41:00.751  5558  5979 D LauncherApps: getActivityList: No launchable activities found forpackageName=com.snapchat.android, user=UserHandle{0}
04-15 02:41:00.752 21020 21020 W libc    : Unable to set property "ro.product.locale.language" to "en": PROP_ERROR_PERMISSION_DENIED (0x18)
04-15 02:41:00.753  5558  5979 D LauncherApps: getActivityList: No launchable activities found forpackageName=com.microsoft.office.outlook, user=UserHandle{0}
04-15 02:41:00.754  4981  5056 W HWUI    : Image decoding logging dropped!
04-15 02:41:00.755 20007 21009 W System  : ClassLoader referenced unknown path: 
04-15 02:41:00.755 20007 21009 D nativeloader: Configuring clns-shared-8 for other apk . target_sdk_version=35, uses_libraries=, library_path=/apex/com.android.permission/priv-app/GooglePermissionController@351112280/lib/arm64:/system/lib64:/system_ext/lib64, permitted_path=/data:/mnt/expand:/data/user_de/0/com.google.android.permissioncontroller:/apex/com.android.permission/priv-app/GooglePermissionController@351112280:/system/lib64:/system_ext/lib64
04-15 02:41:00.756 11327 21028 I NearbyDiscovery: (REDACTED) processGrantSlicePermission: %s
04-15 02:41:00.757  5558  5979 D LauncherApps: getActivityList: No launchable activities found forpackageName=com.spotify.music, user=UserHandle{0}
04-15 02:41:00.757  5558  5979 D LauncherApps: getActivityList: No launchable activities found forpackageName=com.twitter.android, user=UserHandle{0}
04-15 02:41:00.758  5558  5979 D LauncherApps: getActivityList: No launchable activities found forpackageName=com.zhiliaoapp.musically, user=UserHandle{0}
04-15 02:41:00.758  4981  5056 W HWUI    : Image decoding logging dropped!
04-15 02:41:00.760 20007 21009 I ssioncontroller: AssetManager2(0xb4000079a805e8d8) locale list changing from [] to [en]
04-15 02:41:00.760 20007 21009 D CompatChangeReporter: Compat change id reported: 279646685; UID 10269; state: ENABLED
04-15 02:41:00.761 12083 12083 I Finsky  : [2] SCH: job service start with id 9278.
04-15 02:41:00.761 12083 12117 I Finsky  : [52] Current account updated in PVS
04-15 02:41:00.761  4981  5056 W HWUI    : Image decoding logging dropped!
04-15 02:41:00.764  4981  5056 W HWUI    : Image decoding logging dropped!
04-15 02:41:00.764 12083 12105 I Finsky  : [42] RECEIVER_SAFETY_CENTER#logWorkEndAndFinishGoAsync: SUCCESS
04-15 02:41:00.764 12083 12117 I Finsky  : [52] Current account updated in PVS
04-15 02:41:00.765 12083 12117 I Finsky  : [52] Current account updated in PVS
04-15 02:41:00.765 20022 20101 I amrs    : NGA Sync: beginOnDataPresent
04-15 02:41:00.765 12083 12114 I Finsky  : [49] Current account updated in PVS
04-15 02:41:00.766 12083 12111 I Finsky  : [47] Current account updated in PVS
04-15 02:41:00.767 12083 21002 I Finsky  : [210] SCH: Satisfied jobs for 9278 are: 46-1
04-15 02:41:00.767  4981  5056 I s.nexuslauncher: AssetManager2(0xb4000079a8132138) locale list changing from [] to [en]
04-15 02:41:00.769 12083 12117 I Finsky  : [52] Current account updated in PVS
04-15 02:41:00.769 12083 12117 I Finsky  : [52] Current account updated in PVS
04-15 02:41:00.770 12083 12117 I Finsky  : [52] Current account updated in PVS
04-15 02:41:00.770  4981  5056 W HWUI    : Image decoding logging dropped!
04-15 02:41:00.770 12083 12117 I Finsky  : [52] Current account updated in PVS
04-15 02:41:00.771 12083 12117 I Finsky  : [52] Current account updated in PVS
04-15 02:41:00.771 12083 12117 I Finsky  : [52] Current account updated in PVS
04-15 02:41:00.772  5558  5979 I AiAiEcho: AppPredictionInputConnectorImpl#createPredictionSession
04-15 02:41:00.772 12083 12083 I Finsky  : [2] ahwr - Received: android.intent.action.PACKAGE_ADDED, [1qCH4ozYQ9Dcinv8cUiaoLSkhSI_gCBbEHm4APlTIBE]
04-15 02:41:00.772  4981  5056 I s.nexuslauncher: AssetManager2(0xb4000079a8088ef8) locale list changing from [] to [en]
04-15 02:41:00.773  4981  5056 W HWUI    : Image decoding logging dropped!
04-15 02:41:00.774  4981  5056 W HWUI    : Image decoding logging dropped!
04-15 02:41:00.776 12083 12114 I Finsky  : [49] Current account updated in PVS
04-15 02:41:00.777  4981  5056 W HWUI    : Image decoding logging dropped!
04-15 02:41:00.778  4981  5056 W HWUI    : Image decoding logging dropped!
04-15 02:41:00.779 12083 12114 I Finsky  : [49] Current account updated in PVS
04-15 02:41:00.780  5558  5979 D LauncherApps: getActivityList: No launchable activities found forpackageName=com.facebook.katana, user=UserHandle{0}
04-15 02:41:00.780 21033 21033 W libc    : Unable to set property "ro.product.locale.language" to "en": PROP_ERROR_PERMISSION_DENIED (0x18)
04-15 02:41:00.781  4981  5056 W HWUI    : Image decoding logging dropped!
04-15 02:41:00.781 12083 12114 I Finsky  : [49] Current account updated in PVS
04-15 02:41:00.782 12083 12114 I Finsky  : [49] Current account updated in PVS
04-15 02:41:00.782 12083 12117 I Finsky  : [52] Current account updated in PVS
04-15 02:41:00.782 12083 12117 I Finsky  : [52] Current account updated in PVS
04-15 02:41:00.783 12083 12117 I Finsky  : [52] Current account updated in PVS
04-15 02:41:00.783  4981  5056 W HWUI    : Image decoding logging dropped!
04-15 02:41:00.783 12083 12117 I Finsky  : [52] Current account updated in PVS
04-15 02:41:00.785 12083 12111 I Finsky  : [47] Current account updated in PVS
04-15 02:41:00.786  5558  5979 D LauncherApps: getActivityList: No launchable activities found forpackageName=com.whatsapp, user=UserHandle{0}
04-15 02:41:00.787  5558  5979 D LauncherApps: getActivityList: No launchable activities found forpackageName=com.instagram.android, user=UserHandle{0}
04-15 02:41:00.787  5558  5979 D LauncherApps: getActivityList: No launchable activities found forpackageName=com.facebook.orca, user=UserHandle{0}
04-15 02:41:00.787 11327 18648 I gle.android.gms: AssetManager2(0xb4000079a8073738) locale list changing from [] to [en]
04-15 02:41:00.787  5558  5979 D LauncherApps: getActivityList: No launchable activities found forpackageName=jp.naver.line.android, user=UserHandle{0}
04-15 02:41:00.788  4981  5056 I s.nexuslauncher: AssetManager2(0xb4000079a811c338) locale list changing from [] to [en]
04-15 02:41:00.788  5558  5979 D LauncherApps: getActivityList: No launchable activities found forpackageName=com.snapchat.android, user=UserHandle{0}
04-15 02:41:00.789 20022 20101 I amrs    : (REDACTED) NGA Sync: isNgaSyncEnabled: %s; enableFileGroupPopulator: %s; requiresMddAssets: %s
04-15 02:41:00.789  5558  5979 D LauncherApps: getActivityList: No launchable activities found forpackageName=com.microsoft.office.outlook, user=UserHandle{0}
04-15 02:41:00.790  4981  5056 W HWUI    : Image decoding logging dropped!
04-15 02:41:00.790  5558  5979 D LauncherApps: getActivityList: No launchable activities found forpackageName=com.spotify.music, user=UserHandle{0}
04-15 02:41:00.790 11273 11284 I NearbySharing: A new client has bound to the NearbySharingService ClientBridge for calling package com.google.android.gms and PID 11327
04-15 02:41:00.791  5558  5979 D LauncherApps: getActivityList: No launchable activities found forpackageName=com.twitter.android, user=UserHandle{0}
04-15 02:41:00.791  5558  5979 D LauncherApps: getActivityList: No launchable activities found forpackageName=com.zhiliaoapp.musically, user=UserHandle{0}
04-15 02:41:00.791 12083 12114 I Finsky  : [49] Current account updated in PVS
04-15 02:41:00.792 12083 12117 I Finsky  : [52] Current account updated in PVS
04-15 02:41:00.792 12083 12117 I Finsky  : [52] Current account updated in PVS
04-15 02:41:00.792 12083 12117 I Finsky  : [52] Current account updated in PVS
04-15 02:41:00.793  4981  5056 W HWUI    : Image decoding logging dropped!
04-15 02:41:00.793  5558 20836 I AiAiEcho: SearchBE[AppFetcherV2][PROCESSING]:is initialized with [23] apps [time=11738526, reason=device locale is changed.]
04-15 02:41:00.794 12083 12083 I Finsky  : [2] Do not start WearSupportService due to Wear service optimization
04-15 02:41:00.794 12083 12083 I Finsky  : [2] DTU: Received onPackageAdded, replacing: false
04-15 02:41:00.795  5567  6065 I tiu     : (REDACTED) Nga on-device enabled based on TNG:MA active state: %b
04-15 02:41:00.795  5567  6065 I tiu     : (REDACTED) Nga on-device enabled based on TNG:MA active state: %b
04-15 02:41:00.796  4981  5056 I s.nexuslauncher: AssetManager2(0xb4000079a81120b8) locale list changing from [] to [en]
04-15 02:41:00.796  5567  6057 I aafo    : (REDACTED) Group %s unknown to APA Data Download!
04-15 02:41:00.796  4981  5056 W HWUI    : Image decoding logging dropped!
04-15 02:41:00.797  4981  5056 W HWUI    : Image decoding logging dropped!
04-15 02:41:00.798  5567  6073 I aafo    : (REDACTED) Group %s unknown to APA Data Download!
04-15 02:41:00.798  5567  6057 I aafo    : (REDACTED) Group %s unknown to APA Data Download!
04-15 02:41:00.798  5567  6072 I aafo    : (REDACTED) Group %s unknown to APA Data Download!
04-15 02:41:00.799  5567  6072 I aafo    : (REDACTED) Group %s unknown to APA Data Download!
04-15 02:41:00.799  5567  6072 I aafo    : (REDACTED) Group %s unknown to APA Data Download!
04-15 02:41:00.799  5567  6015 I aafo    : (REDACTED) Group %s unknown to APA Data Download!
04-15 02:41:00.801 12083 12083 I Finsky  : [2] Clearing split related stale data.
04-15 02:41:00.802  5567  6072 I aafo    : (REDACTED) Group %s unknown to APA Data Download!
04-15 02:41:00.803 12083 21002 I Finsky  : [210] SCH: Received scheduling request: Id: 12-1, Constraints: [{ L: 15000, D: 86400000, C: CHARGING_NONE, I: IDLE_NONE, N: NET_ANY, B: BATTERY_ANY }]
04-15 02:41:00.804 12083 21032 I Finsky  : [211] SCH: Job 46-1 starting
04-15 02:41:00.804 12083 12117 I Finsky  : [52] Current account updated in PVS
04-15 02:41:00.804  4981  5056 W HWUI    : Image decoding logging dropped!
04-15 02:41:00.805 19939 19939 I .apps.messaging: AssetManager2(0xb4000079a8061ad8) locale list changing from [en-US] to [en]
04-15 02:41:00.805 12083 12115 I Finsky  : [50] Current account updated in PVS
04-15 02:41:00.805 12083 12114 I Finsky  : [49] Current account updated in PVS
04-15 02:41:00.805 12083 12114 I Finsky  : [49] Current account updated in PVS
04-15 02:41:00.805 19939 19939 I .apps.messaging: AssetManager2(0xb4000079a805dc58) locale list changing from [en-US] to [en]
04-15 02:41:00.806 12083 12114 I Finsky  : [49] Current account updated in PVS
04-15 02:41:00.806 12083 12114 I Finsky  : [49] Current account updated in PVS
04-15 02:41:00.806 12083 12114 I Finsky  : [49] Current account updated in PVS
04-15 02:41:00.806  4981  5056 W HWUI    : Image decoding logging dropped!
04-15 02:41:00.806 12083 12114 I Finsky  : [49] Current account updated in PVS
04-15 02:41:00.808  4981  5056 W HWUI    : Image decoding logging dropped!
04-15 02:41:00.809 12083 12114 I Finsky  : [49] Current account updated in PVS
04-15 02:41:00.810 12083 12114 I Finsky  : [49] Current account updated in PVS
04-15 02:41:00.810  5567  6073 I aafo    : (REDACTED) Group %s unknown to APA Data Download!
04-15 02:41:00.811 12083 12083 I Finsky  : [2] ahwr - Received: android.intent.action.PACKAGE_CHANGED, [1qCH4ozYQ9Dcinv8cUiaoLSkhSI_gCBbEHm4APlTIBE]
04-15 02:41:00.811  5567  6057 I aafo    : (REDACTED) Group %s unknown to APA Data Download!
04-15 02:41:00.813 11986 12001 I .apps.wellbeing: AssetManager2(0xb4000079a807ef98) locale list changing from [] to [en]
04-15 02:41:00.813  4981  5056 W HWUI    : Image decoding logging dropped!
04-15 02:41:00.814 21041 21041 W libc    : Unable to set property "persist.sys.locale" to "en": PROP_ERROR_PERMISSION_DENIED (0x18)
04-15 02:41:00.815 12083 12117 I Finsky  : [52] Current account updated in PVS
04-15 02:41:00.817  4981  5056 W HWUI    : Image decoding logging dropped!
04-15 02:41:00.811     1     1 W /system/bin/init: type=1107 audit(0.0:1443): uid=0 auid=4294967295 ses=4294967295 subj=u:r:init:s0 msg='avc:  denied  { set } for property=persist.sys.locale pid=21041 uid=2000 gid=2000 scontext=u:r:shell:s0 tcontext=u:object_r:locale_prop:s0 tclass=property_service permissive=0'
04-15 02:41:00.817 12083 12111 I Finsky  : [47] Current account updated in PVS
04-15 02:41:00.818 12083 12111 I Finsky  : [47] Current account updated in PVS
04-15 02:41:00.818 12083 12107 I Finsky  : [44] SCH: Received scheduling request: Id: 37-13, Constraints: [{ L: 0, D: 0, C: CHARGING_NONE, I: IDLE_NONE, N: NET_NONE, B: BATTERY_ANY }]
04-15 02:41:00.818 12083 12083 I Finsky  : [2] WM::SCH: Logging work start for 46-1
04-15 02:41:00.818 12083 12107 I Finsky  : [44] RECEIVER_PACKAGE_MONITOR#logWorkEndAndFinishGoAsync: SUCCESS
04-15 02:41:00.818 12083 12111 I Finsky  : [47] Current account updated in PVS
04-15 02:41:00.818  4981  5056 W HWUI    : Image decoding logging dropped!
04-15 02:41:00.818 12083 12111 I Finsky  : [47] Current account updated in PVS
04-15 02:41:00.819 12083 12111 I Finsky  : [47] Current account updated in PVS
04-15 02:41:00.819 12083 12111 I Finsky  : [47] Current account updated in PVS
04-15 02:41:00.820  1383  5641 D CompatChangeReporter: Compat change id reported: 311208629; UID 10178; state: ENABLED
04-15 02:41:00.821  4981  5056 W HWUI    : Image decoding logging dropped!
04-15 02:41:00.822 12083 20948 D TrafficStats: tagSocket(162) with statsTag=0xffffffff, statsUid=-1
04-15 02:41:00.823  1383  5641 D ConnectivityService: requestNetwork for uid/pid:10178/20022 activeRequest: null callbackRequest: 412 [NetworkRequest [ REQUEST id=413, [ Capabilities: INTERNET&NOT_RESTRICTED&TRUSTED&NOT_VCN_MANAGED&NOT_BANDWIDTH_CONSTRAINED Uid: 10178 RequestorUid: 10178 RequestorPkg: com.google.android.googlequicksearchbox UnderlyingNetworks: Null] ]] callback flags: 0 order: 2147483647 isUidTracked: false declaredMethods: ALL
04-15 02:41:00.824  4981  5056 W HWUI    : Image decoding logging dropped!
04-15 02:41:00.824  1383  4475 D WifiNetworkFactory: got request NetworkRequest [ REQUEST id=413, [ Capabilities: INTERNET&NOT_RESTRICTED&TRUSTED&NOT_VCN_MANAGED&NOT_BANDWIDTH_CONSTRAINED Uid: 10178 RequestorUid: 10178 RequestorPkg: com.google.android.googlequicksearchbox UnderlyingNetworks: Null] ]
04-15 02:41:00.824  1383  4483 D ConnectivityService: NetReassign [413 : null → 100] [c 0] [a 0] [i 0]
04-15 02:41:00.824  1383  4475 D UntrustedWifiNetworkFactory: got request NetworkRequest [ REQUEST id=413, [ Capabilities: INTERNET&NOT_RESTRICTED&TRUSTED&NOT_VCN_MANAGED&NOT_BANDWIDTH_CONSTRAINED Uid: 10178 RequestorUid: 10178 RequestorPkg: com.google.android.googlequicksearchbox UnderlyingNetworks: Null] ]
04-15 02:41:00.824  1383  4475 D OemPaidWifiNetworkFactory: got request NetworkRequest [ REQUEST id=413, [ Capabilities: INTERNET&NOT_RESTRICTED&TRUSTED&NOT_VCN_MANAGED&NOT_BANDWIDTH_CONSTRAINED Uid: 10178 RequestorUid: 10178 RequestorPkg: com.google.android.googlequicksearchbox UnderlyingNetworks: Null] ]
04-15 02:41:00.824  1383  4475 D MultiInternetWifiNetworkFactory: got request NetworkRequest [ REQUEST id=413, [ Capabilities: INTERNET&NOT_RESTRICTED&TRUSTED&NOT_VCN_MANAGED&NOT_BANDWIDTH_CONSTRAINED Uid: 10178 RequestorUid: 10178 RequestorPkg: com.google.android.googlequicksearchbox UnderlyingNetworks: Null] ]
04-15 02:41:00.825 20022 20185 I bqhq    : #onAvailable()
04-15 02:41:00.827  4981  5056 W HWUI    : Image decoding logging dropped!
04-15 02:41:00.828 20022 20101 I alzy    : NGA enabled in interactor.
04-15 02:41:00.828  4981  5056 W HWUI    : Image decoding logging dropped!
04-15 02:41:00.832  4981  5056 W HWUI    : Image decoding logging dropped!
04-15 02:41:00.833 11986 12001 I .apps.wellbeing: AssetManager2(0xb4000079a8097f98) locale list changing from [] to [en]
04-15 02:41:00.835  4981  5056 W HWUI    : Image decoding logging dropped!
04-15 02:41:00.836 12083 12111 I Finsky  : [47] Current account updated in PVS
04-15 02:41:00.836 11986 12001 I .apps.wellbeing: AssetManager2(0xb4000079a809e078) locale list changing from [] to [en]
04-15 02:41:00.837  1383  4767 D SafetySourceDataValidat: No cert check requested for package com.google.android.permissioncontroller
04-15 02:41:00.837  1383  4767 V SafetyCenterRefreshTrac: Refresh with id: 9b7843fd-0ea9-4a13-b31c-ae06f6a8a331_1 completed for source id: AndroidBackgroundLocation, user id: 0, duration: null, successful: true, data changed: false, tracking: false, now 3 tracked sources in flight
04-15 02:41:00.838 12083 12111 I Finsky  : [47] Current account updated in PVS
04-15 02:41:00.855     1     1 W /system/bin/init: type=1107 audit(0.0:1444): uid=0 auid=4294967295 ses=4294967295 subj=u:r:init:s0 msg='avc:  denied  { set } for property=persist.sys.locale pid=21051 uid=2000 gid=2000 scontext=u:r:shell:s0 tcontext=u:object_r:locale_prop:s0 tclass=property_service permissive=0'
04-15 02:41:00.841 12129 12129 I Finsky:background: [2] ahwh - Received: android.intent.action.PACKAGE_ADDED, [1qCH4ozYQ9Dcinv8cUiaoLSkhSI_gCBbEHm4APlTIBE]
04-15 02:41:00.842 11986 12001 I .apps.wellbeing: AssetManager2(0xb4000079a80a18b8) locale list changing from [] to [en]
04-15 02:41:00.842 11986 12001 I .apps.wellbeing: AssetManager2(0xb4000079a809b7d8) locale list changing from [] to [en]
04-15 02:41:00.843  4981  5056 W HWUI    : Image decoding logging dropped!
04-15 02:41:00.845 20022 20154 I buvn    : Locale is null. Expected at the first call.
04-15 02:41:00.845  1383  4528 D BackgroundInstallControlService: Package event received: 0
04-15 02:41:00.848  5558  5979 D LauncherApps: getActivityList: No launchable activities found forpackageName=com.facebook.katana, user=UserHandle{0}
04-15 02:41:00.852  1383  6566 V SafetySourceDataValidat: Package: com.google.android.gms has expected signature
04-15 02:41:00.852  5558  5979 D LauncherApps: getActivityList: No launchable activities found forpackageName=com.whatsapp, user=UserHandle{0}
04-15 02:41:00.852  1383  4675 W ParceledListSlice: Element #23 is 21124 bytes.
04-15 02:41:00.852  1383  4675 W ParceledListSlice: Element #24 is 21160 bytes.
04-15 02:41:00.852  1383  4675 W ParceledListSlice: Element #25 is 21064 bytes.
04-15 02:41:00.853  1383  6672 W ParceledListSlice: Element #26 is 20912 bytes.
04-15 02:41:00.853  1383  6672 W ParceledListSlice: Element #27 is 21024 bytes.
04-15 02:41:00.853  1383  4675 I ActivityManager: Background started FGS: Allowed [callingPackage: com.google.android.apps.wellbeing; callingUid: 10137; uidState: BTOP; uidBFSL: [BFSL]; intent: Intent { cmp=com.google.android.apps.wellbeing/com.google.apps.tiktok.concurrent.InternalForegroundService (has extras) }; code:BACKGROUND_ACTIVITY_PERMISSION; tempAllowListReason:<null>; targetSdkVersion:35; callerTargetSdkVersion:35; startForegroundCount:0; bindFromPackage:null: isBindService:false]
04-15 02:41:00.854  1383  6672 W ParceledListSlice: Element #31 is 21156 bytes.
04-15 02:41:00.854  5558  5979 D LauncherApps: getActivityList: No launchable activities found forpackageName=com.instagram.android, user=UserHandle{0}
04-15 02:41:00.854  5558  5979 D LauncherApps: getActivityList: No launchable activities found forpackageName=com.facebook.orca, user=UserHandle{0}
04-15 02:41:00.854  1383  6566 V SafetySourceDataValidat: Package: com.google.android.gms has expected signature
04-15 02:41:00.855  1383  6566 V SafetyCenterRefreshTrac: Refresh with id: 9b7843fd-0ea9-4a13-b31c-ae06f6a8a331_1 completed for source id: GoogleRogueTag, user id: 0, duration: null, successful: true, data changed: true, tracking: false, now 3 tracked sources in flight
04-15 02:41:00.855  1383  1903 W ParceledListSlice: Element #32 is 21180 bytes.
04-15 02:41:00.855  5558  5979 D LauncherApps: getActivityList: No launchable activities found forpackageName=jp.naver.line.android, user=UserHandle{0}
04-15 02:41:00.856  5558  5979 D LauncherApps: getActivityList: No launchable activities found forpackageName=com.snapchat.android, user=UserHandle{0}
04-15 02:41:00.856 11986 12001 I .apps.wellbeing: AssetManager2(0xb4000079a8094758) locale list changing from [] to [en]
04-15 02:41:00.856 21051 21051 W libc    : Unable to set property "persist.sys.locale" to "en": PROP_ERROR_PERMISSION_DENIED (0x18)
04-15 02:41:00.857 20022 20156 I buvn    : Locale is null. Expected at the first call.
04-15 02:41:00.858  5558  5979 D LauncherApps: getActivityList: No launchable activities found forpackageName=com.microsoft.office.outlook, user=UserHandle{0}
04-15 02:41:00.860  1383  6672 W ForegroundServiceTypeLoggerModule: Foreground service start for UID: 10137 does not have any types
04-15 02:41:00.860  1383  4528 D BackgroundInstallControlService: Package event received: 0
04-15 02:41:00.862  4981  5056 W HWUI    : Image decoding logging dropped!
04-15 02:41:00.863 11986 12001 I .apps.wellbeing: AssetManager2(0xb4000079a8093178) locale list changing from [] to [en]
04-15 02:41:00.865 11986 12001 I .apps.wellbeing: AssetManager2(0xb4000079a8092b38) locale list changing from [] to [en]
04-15 02:41:00.865 11327 18648 I gle.android.gms: AssetManager2(0xb4000079a80811f8) locale list changing from [] to [en]
04-15 02:41:00.865  5558  5979 D LauncherApps: getActivityList: No launchable activities found forpackageName=com.spotify.music, user=UserHandle{0}
04-15 02:41:00.865  1383  4767 W ForegroundServiceTypeLoggerModule: FGS stop call for: 10137 has no types!
04-15 02:41:00.866  5558  5979 D LauncherApps: getActivityList: No launchable activities found forpackageName=com.twitter.android, user=UserHandle{0}
04-15 02:41:00.867  5558  6148 I AiAiEcho: EchoSearch: WidgetFetcherImpl is initialized with [33] widgets [reason=locale changed]
04-15 02:41:00.867 11986 12001 I .apps.wellbeing: AssetManager2(0xb4000079a8095a18) locale list changing from [] to [en]
04-15 02:41:00.868  5558  5979 D LauncherApps: getActivityList: No launchable activities found forpackageName=com.zhiliaoapp.musically, user=UserHandle{0}
04-15 02:41:00.870  4981  5056 D LoaderTask: load widgets finished
04-15 02:41:00.872  4981  5056 D AlphabeticIndexCompat: computeSectionName: cs: Settings sectionName: S
04-15 02:41:00.872  4981  5056 D AlphabeticIndexCompat: computeSectionName: cs: Photos sectionName: P
04-15 02:41:00.872  4981  5056 D AlphabeticIndexCompat: computeSectionName: cs: Pixel Weather sectionName: P
04-15 02:41:00.872  4981  5056 D AlphabeticIndexCompat: computeSectionName: cs: Battery sectionName: B
04-15 02:41:00.872  4981  5056 D AlphabeticIndexCompat: computeSectionName: cs: Chrome sectionName: C
04-15 02:41:00.872  4981  5056 D AlphabeticIndexCompat: computeSectionName: cs: Gmail sectionName: G
04-15 02:41:00.872  4981  5056 D AlphabeticIndexCompat: computeSectionName: cs: Drive sectionName: D
04-15 02:41:00.873  4981  5056 D AlphabeticIndexCompat: computeSectionName: cs: Clock sectionName: C
04-15 02:41:00.873  4981  5056 D AlphabeticIndexCompat: computeSectionName: cs: Contacts sectionName: C
04-15 02:41:00.873  4981  5056 D AlphabeticIndexCompat: computeSectionName: cs: Calendar sectionName: C
04-15 02:41:00.873 20022 20102 I brze    : (REDACTED) #TRIGGER_TYPE type is: %s
04-15 02:41:00.873  4981  5056 D AlphabeticIndexCompat: computeSectionName: cs: Maps sectionName: M
04-15 02:41:00.873 20022 20102 I brze    : (REDACTED) #TRIGGER_TYPE islockscreen is: %s
04-15 02:41:00.873  4981  5056 D AlphabeticIndexCompat: computeSectionName: cs: YouTube Music sectionName: Y
04-15 02:41:00.873 20022 20102 I bret    : (REDACTED) #shouldTriggerSafeguardsForEligibility: isStatusIneligible: %s, shouldSkipForShellApp: %s
04-15 02:41:00.873  4981  5056 D AlphabeticIndexCompat: computeSectionName: cs: YouTube sectionName: Y
04-15 02:41:00.873  4981  5056 D AlphabeticIndexCompat: computeSectionName: cs: Google sectionName: G
04-15 02:41:00.873  4981  5056 D AlphabeticIndexCompat: computeSectionName: cs: Digital Wellbeing sectionName: D
04-15 02:41:00.874  4981  5056 D AlphabeticIndexCompat: computeSectionName: cs: Conversations sectionName: C
04-15 02:41:00.874  4981  5056 D LoaderTask: bindWidgets finished
04-15 02:41:00.874  4981  5056 D LoaderTask: saving all widgets in icon cache
04-15 02:41:00.876  1383  4528 D BackgroundInstallControlService: Package event received: 0
04-15 02:41:00.877 11986 12001 I .apps.wellbeing: AssetManager2(0xb4000079a80985d8) locale list changing from [] to [en]
04-15 02:41:00.877 11327 18648 I gle.android.gms: AssetManager2(0xb4000079a808b798) locale list changing from [] to [en]
04-15 02:41:00.877 12083 12114 I Finsky  : [49] Current account updated in PVS
04-15 02:41:00.878 12129 12178 I Finsky:background: [46] Current account updated in PVS
04-15 02:41:00.879 12083 12114 I Finsky  : [49] Current account updated in PVS
04-15 02:41:00.879 12083 12114 I Finsky  : [49] Current account updated in PVS
04-15 02:41:00.880 12083 12114 I Finsky  : [49] Current account updated in PVS
04-15 02:41:00.880  4981  5056 D IconCacheUpdateHandler: Deleting obsolete entries, count=12
04-15 02:41:00.880  4981  5056 D LoaderTask: finish icon update
04-15 02:41:00.880  4981  5056 D QuickstepModelDelegate: Successfully registered for launcher snapshot logging!
04-15 02:41:00.880 12083 12083 I Finsky  : [2] Received broadcast on system locale change.
04-15 02:41:00.881 12083 12115 I Finsky  : [50] Current account updated in PVS
04-15 02:41:00.882 12083 12117 I Finsky  : [52] Current account updated in PVS
04-15 02:41:00.882 12083 12117 I Finsky  : [52] Current account updated in PVS
04-15 02:41:00.883 12083 12107 I Finsky  : [44] Background transition = LocaleChangeState { uuid = en--27412078-f2ff-4880-bbe1-ebde89adc6c4, type = 2, error = 0}
04-15 02:41:00.883  4981  4981 I SsCardPagerAdapter: [rmv] Rendering flag - enabled: true rmv: null
04-15 02:41:00.883  4981  4981 I SsCardPagerAdapter: Use UI template for the feature: 1
04-15 02:41:00.883 12083 12107 I Finsky  : [44] Enabling locale changed mode for locale = English
04-15 02:41:00.884  1383  5583 W AppSearchIcing: icing-search-engine.cc:328: Error: 5, Message: Document (com.google.android.googlequicksearchbox$OneSearchZeroStateGoogleSuggestions/default, zp) not found.
04-15 02:41:00.884 12083 12115 I Finsky  : [50] Current account updated in PVS
04-15 02:41:00.885  4981  4981 D SsBaseTemplateCard: No text view can be set up
04-15 02:41:00.885  4981  4981 I SsBaseTemplateCard: setFormattedContentDescription: text=51°F, iconDescription=Clear, contentDescription=Clear, 51°F
04-15 02:41:00.886 12083 12115 I Finsky  : [50] Current account updated in PVS
04-15 02:41:00.886  4981  4981 D SsBaseTemplateCard: Passed-in item info is null
04-15 02:41:00.886  4981  4981 D SsBaseTemplateCard: Passed-in item info is null
04-15 02:41:00.886  4981  4981 I SsBaseTemplateCard: Secondary card pane is null
04-15 02:41:00.886  4981  5056 W HWUI    : Image decoding logging dropped!
04-15 02:41:00.886  4981  4981 D NexusLauncherModelDelegate: notifySmartspaceEvent: SmartspaceTargetEvent{mSmartspaceTarget=SmartspaceTarget{mSmartspaceTargetId='WEATHER-569377247', mHeaderAction=SmartspaceAction{mId='WEATHER', mIcon=Icon(typ=BITMAP size=192x192), mTitle=51°F, mSubtitle=51°F, mContentDescription=Clear, mPendingIntent=null, mIntent=Intent { act=android.intent.action.VIEW flg=0x18000000 cmp=com.google.android.googlequicksearchbox/com.google.android.apps.gsa.staticplugins.opa.smartspace.ExportedSmartspaceTrampolineActivity (has extras) }, mUserHandle=UserHandle{0}, mExtras=Bundle[mParcelledData.dataSize=144]}, mBaseAction=SmartspaceAction{mId='', mIcon=null, mTitle=, mSubtitle=, mContentDescription=, mPendingIntent=null, mIntent=null, mUserHandle=UserHandle{0}, mExtras=Bundle[{feedback_intent=null, explanation_intent=null, is_gaia_linked_data=true}]}, mCreationTimeMillis=1776243600000, mExpiryTimeMillis=1776247200000, mScore=0.0, mActionChips=[], mIconGrid=[], mFeatureType=1, mSensitive=false, mShouldShowExpanded=false, mSourceNotificationKey='', mComponentName=ComponentInfo{package_name/class_name}, mUserHandle=UserHandle{0}, mAssociatedSmartspaceTargetId='null', mSliceUri=null, mWidget=null, mTemplateData=BaseTemplateData{mTemplateType=1, mPrimaryItem=null, mSubtitleItem=SubItemInfo{mText=Text{mText=51°F, mTruncateAtType=END, mMaxLines=1}, mIcon=SmartspaceIcon{mIcon=Icon(typ=BITMAP size=192x192), mContentDescription=Clear, mShouldTint=false}, mTapAction=SmartspaceTapAction{mId=mIntent=Intent { act=android.intent.action.VIEW flg=0x18000000 cmp=com.google.android.googlequicksearchbox/com.google.android.apps.gsa.staticplugins.opa.smartspace.ExportedSmartspaceTrampolineActivity (has extras) }, mPendingIntent=null, mUserHandle=null, mExtras=null, mShouldShowOnLockscreen=false}, mLoggingInfo=SubItemLoggingInfo{mInstanceId=2049, mFeatureType=1, mPackageName=}}, mSubtitleSupplementalItem=null, mSupplementalLineItem=null, mSupplementalAlarmItem=null, mLayoutWeight=1}, mRemoteViews=null}, mSmartspaceActionId='', mEventType=8}
04-15 02:41:00.886 12083 12115 I Finsky  : [50] Current account updated in PVS
04-15 02:41:00.886 12129 12178 I Finsky:background: [46] Current account updated in PVS
04-15 02:41:00.887 12083 12115 I Finsky  : [50] Current account updated in PVS
04-15 02:41:00.887 11986 12001 I .apps.wellbeing: AssetManager2(0xb4000079a80950b8) locale list changing from [] to [en]
04-15 02:41:00.887 12129 12174 I Finsky:background: [42] Current account updated in PVS
04-15 02:41:00.887 12083 12111 I Finsky  : [47] Current account updated in PVS
04-15 02:41:00.888 12083 12111 I Finsky  : [47] Current account updated in PVS
04-15 02:41:00.888 12083 12111 I Finsky  : [47] Current account updated in PVS
04-15 02:41:00.888 11986 12001 I .apps.wellbeing: AssetManager2(0xb4000079a8098c18) locale list changing from [] to [en]
04-15 02:41:00.888 11327 18648 I gle.android.gms: AssetManager2(0xb4000079a8076f78) locale list changing from [] to [en]
04-15 02:41:00.888 12083 12111 I Finsky  : [47] Current account updated in PVS
04-15 02:41:00.889 12083 12111 I Finsky  : [47] Current account updated in PVS
04-15 02:41:00.889 11986 12001 I .apps.wellbeing: AssetManager2(0xb4000079a8096058) locale list changing from [] to [en]
04-15 02:41:00.889 19797 21013 I ContactLocale: AddressBook Labels [[en]]: […, A, B, C, D, E, F, G, H, I, J, K, L, M, N, O, P, Q, R, S, T, U, V, W, X, Y, Z, Α, Β, Γ, Δ, Ε, Ζ, Η, Θ, Ι, Κ, Λ, Μ, Ν, Ξ, Ο, Π, Ρ, Σ, Τ, Υ, Φ, Χ, Ψ, Ω, …, А, Б, В, Г, Д, Ђ, Е, Є, Ж, З, И, І, Й, Ј, К, Л, Љ, М, Н, Њ, О, П, Р, С, Т, Ћ, У, Ф, Х, Ц, Ч, Џ, Ш, Щ, Ю, Я, …, א, ב, ג, ד, ה, ו, ז, ח, ט, י, כ, ל, מ, נ, ס, ע, פ, צ, ק, ר, ש, ת, …, ا, ب, ت, ث, ج, ح, خ, د, ذ, ر, ز, س, ش, ص, ض, ط, ظ, ع, غ, ف, ق, ك, ل, م, ن, ه, و, ي, …, ก, ข, ฃ, ค, ฅ, ฆ, ง, จ, ฉ, ช, ซ, ฌ, ญ, ฎ, ฏ, ฐ, ฑ, ฒ, ณ, ด, ต, ถ, ท, ธ, น, บ, ป, ผ, ฝ, พ, ฟ, ภ, ม, ย, ร, ฤ, ล, ฦ, ว, ศ, ษ, ส, ห, ฬ, อ, ฮ, …, ㄱ, ㄴ, ㄷ, ㄹ, ㅁ, ㅂ, ㅅ, ㅇ, ㅈ, ㅊ, ㅋ, ㅌ, ㅍ, ㅎ, …, あ, か, さ, た, な, は, ま, や, ら, わ, #, …]
04-15 02:41:00.889 12083 12111 I Finsky  : [47] Current account updated in PVS
04-15 02:41:00.889 12083 12111 I Finsky  : [47] Current account updated in PVS
04-15 02:41:00.890 11986 12001 I .apps.wellbeing: AssetManager2(0xb4000079a8093df8) locale list changing from [] to [en]
04-15 02:41:00.890 12083 12111 I Finsky  : [47] Current account updated in PVS
04-15 02:41:00.891 12083 12107 I Finsky  : [44] SCH: Received scheduling request: Id: 37-14, Constraints: [{ L: 0, D: 0, C: CHARGING_NONE, I: IDLE_NONE, N: NET_NONE, B: BATTERY_ANY }]
04-15 02:41:00.895  1383  4767 V SafetySourceDataValidat: Package: com.android.vending has expected signature
04-15 02:41:00.897  1383  4767 V SafetyCenterRefreshTrac: Refresh with id: 9b7843fd-0ea9-4a13-b31c-ae06f6a8a331_1 completed for source id: GooglePlaySystemUpdate, user id: 0, duration: PT0.564S, successful: true, data changed: true, tracking: true, now 2 tracked sources in flight
04-15 02:41:00.899 12129 12174 I Finsky:background: [42] Current account updated in PVS
04-15 02:41:00.900 12083 12111 I Finsky  : [47] Current account updated in PVS
04-15 02:41:00.901 12129 12129 I Finsky:background: [2] ahwh - Received: android.intent.action.PACKAGE_CHANGED, [1qCH4ozYQ9Dcinv8cUiaoLSkhSI_gCBbEHm4APlTIBE]
04-15 02:41:00.901 12129 12174 I Finsky:background: [42] Current account updated in PVS
04-15 02:41:00.901 12083 12114 I Finsky  : [49] WM::SCH: Logging work initialize for 37-13
04-15 02:41:00.902 11986 12001 I .apps.wellbeing: AssetManager2(0xb4000079a809c138) locale list changing from [] to [en]
04-15 02:41:00.902 12129 12178 I Finsky:background: [46] Current account updated in PVS
04-15 02:41:00.903 12129 12178 I Finsky:background: [46] Current account updated in PVS
04-15 02:41:00.904 12083 12111 I Finsky  : [47] Current account updated in PVS
04-15 02:41:00.906 12129 12178 I Finsky:background: [46] Current account updated in PVS
04-15 02:41:00.907 12083 12114 I Finsky  : [49] Current account updated in PVS
04-15 02:41:00.907 12083 12114 I Finsky  : [49] Current account updated in PVS
04-15 02:41:00.908 12083 12114 I Finsky  : [49] Current account updated in PVS
04-15 02:41:00.908 12083 12114 I Finsky  : [49] Current account updated in PVS
04-15 02:41:00.908 12083 12114 I Finsky  : [49] Current account updated in PVS
04-15 02:41:00.908 12083 12114 I Finsky  : [49] Current account updated in PVS
04-15 02:41:00.909  4981  5056 I s.nexuslauncher: AssetManager2(0xb4000079a8124cb8) locale list changing from [] to [en]
04-15 02:41:00.909 12083 12111 I Finsky  : [47] Current account updated in PVS
04-15 02:41:00.909  4981  5056 W HWUI    : Image decoding logging dropped!
04-15 02:41:00.909 20022 20104 I bret    : #shouldTriggerSafeguardsForAssistantDisabled passed
04-15 02:41:00.909 12083 12111 I Finsky  : [47] Current account updated in PVS
04-15 02:41:00.910 20022 20104 I brze    : (REDACTED) #TRIGGER_TYPE type is: %s
04-15 02:41:00.910 12083 12111 I Finsky  : [47] Current account updated in PVS
04-15 02:41:00.910 12083 12111 I Finsky  : [47] Current account updated in PVS
04-15 02:41:00.910  4565  5065 D LocalImageResolver: Couldn't use ImageDecoder for drawable, falling back to non-resized load.
04-15 02:41:00.912 12129 12178 I Finsky:background: [46] Current account updated in PVS
04-15 02:41:00.912 12083 12111 I Finsky  : [47] Current account updated in PVS
04-15 02:41:00.912 11986 12001 I .apps.wellbeing: AssetManager2(0xb4000079a8094a78) locale list changing from [] to [en]
04-15 02:41:00.912 12083 12111 I Finsky  : [47] Current account updated in PVS
04-15 02:41:00.913 20022 20104 I brze    : (REDACTED) #TRIGGER_TYPE islockscreen is: %s
04-15 02:41:00.913 12129 12176 I Finsky:background: [44] Current account updated in PVS
04-15 02:41:00.913 12083 12111 I Finsky  : [47] Current account updated in PVS
04-15 02:41:00.914 12083 12111 I Finsky  : [47] Current account updated in PVS
04-15 02:41:00.914 12129 12176 I Finsky:background: [44] Current account updated in PVS
04-15 02:41:00.914 12083 12111 I Finsky  : [47] Current account updated in PVS
04-15 02:41:00.916 12129 12176 I Finsky:background: [44] Current account updated in PVS
04-15 02:41:00.917 12083 12114 I Finsky  : [49] Current account updated in PVS
04-15 02:41:00.918  5558  5979 I AiAiEcho: AppPredictionInputConnectorImpl#createPredictionSession
04-15 02:41:00.918 12129 12176 I Finsky:background: [44] Current account updated in PVS
04-15 02:41:00.918 12083 12115 I Finsky  : [50] Current account updated in PVS
04-15 02:41:00.918  1383  6672 V SafetySourceDataValidat: Package: com.android.vending has expected signature
04-15 02:41:00.918 12083 12115 I Finsky  : [50] Current account updated in PVS
04-15 02:41:00.918  1383  6672 V SafetyCenterRefreshTrac: Refresh with id: 9b7843fd-0ea9-4a13-b31c-ae06f6a8a331_1 completed for source id: GooglePlayProtect, user id: 0, duration: PT0.586S, successful: true, data changed: false, tracking: true, now 1 tracked sources in flight
04-15 02:41:00.919 12083 12115 I Finsky  : [50] Current account updated in PVS
