04-15 02:41:00.288 11753 11753 I GoogleInputMethodService: GoogleInputMethodService.initializeInputMethodServiceData():1281 initializeInputMethodServiceData for jwo{languageTag=en-US, variant=qwerty, hasLocalizedResources=true, conditionCacheKey=_app_first_start_timestamp=1776210147552_cache_additional_ime_defs_for_condition_change=false_cache_ime_defs_for_condition_change=false_deprecate_long_press_space_for_ime_picker=false_device=phone_device_size=default_enable_flick_symbols=true_enable_more_candidates_view_for_multilingual=false_enable_number_row=false_enable_preemptive_decode=true_enable_premium_exp_tablet_layout_change=false_enable_secondary_digits=true_enable_secondary_symbols=false_expressions=normal_four_or_more_letter_rows=false_keyboard_mode=normal_language=en-US_orientation=portrait_physical_keyboard=nokeys_rtl_layout=false_show_secondary_digits=true_show_suggestions=true_split_with_duplicate_keys=true_variant=qwerty, imeDef.stringId=ime_english_united_states, imeDef.className=com.google.android.libraries.inputmethod.ime.experiment.ExperimentImeWrapper, imeDef.languageTag=en-US}
04-15 02:41:00.288  5162  5162 I ndroid.settings: AssetManager2(0xb4000079a807d058) locale list changing from [en-US] to [en]
04-15 02:41:00.288 11753 20914 I KeyboardGroupDefParser: KeyboardGroupDefParser.parseKeyboardGroupDef():83 parseKeyboardGroupDef() 2132214028 -> 0_resource_name_obfuscated : WaitTime = 0 ms : RunTime = 0 ms
04-15 02:41:00.288 11753 11753 I StyledKeyboardThemeBuilder: StyledKeyboardThemeBuilder.build():145 Pref: [], themeName: [silk:], darkMode: [true], cacheKey: [overlay_builtin_dynamic_color_dark_base.binarypb:gm3-dark-ff19120c-ffffb778-4ebce121b15fdeedba94e31f9ce542a2]
04-15 02:41:00.289  5162  5162 I ndroid.settings: AssetManager2(0xb4000079a806f598) locale list changing from [en-US] to [en]
04-15 02:41:00.291   874   896 D CHRE    : @ 35962.230: Parsed nanoapp message from host: app ID 0x476f6f676c00200f endpoint 0x2 msgType 1 payload size 1
04-15 02:41:00.291   874   896 D CHRE    : @ 35962.231: [DCA]chrexDeviceContextSendEvent(0, 1, 1, 0x401cb9b8)
04-15 02:41:00.292 11753 20912 I KeyboardGroupDefParser: KeyboardGroupDefParser.parseKeyboardGroupDef():83 parseKeyboardGroupDef() 2132214027 -> 0_resource_name_obfuscated : WaitTime = 4 ms : RunTime = 0 ms
04-15 02:41:00.293 11753 20913 I KeyboardGroupDefParser: KeyboardGroupDefParser.parseKeyboardGroupDef():83 parseKeyboardGroupDef() 2132214024 -> 0_resource_name_obfuscated : WaitTime = 0 ms : RunTime = 1 ms
04-15 02:41:00.294  4981  4981 I s.nexuslauncher: AssetManager2(0xb4000079a8061ad8) locale list changing from [en-US] to [en]
04-15 02:41:00.294  4981  4981 I s.nexuslauncher: AssetManager2(0xb4000079a811c338) locale list changing from [en-US] to [en]
04-15 02:41:00.294  4981  4981 I s.nexuslauncher: AssetManager2(0xb4000079a80fe838) locale list changing from [en-US] to [en]
04-15 02:41:00.294 11753 11753 I KeyboardThemeProvider: KeyboardThemeProvider.applyKeyboardTheme():27 Apply keyboard theme: theme_border_keyboard_mode_screen_size_5_5_keyboard_mode_screen_width_middle_stylesheet_noshadow_reordertheme_pgsans_silkpopup_unifycolor_googlefontsicons_dark_phone_bottom4dp_400_display_size_adaptive_400_overlay_builtin_dynamic_color_dark_base.binarypb:gm3-dark-ff19120c-ffffb778-4ebce121b15fdeedba94e31f9ce542a2_port
04-15 02:41:00.294  4981  4981 I s.nexuslauncher: AssetManager2(0xb4000079a8138858) locale list changing from [en-US] to [en]
04-15 02:41:00.294  4981  4981 I s.nexuslauncher: AssetManager2(0xb4000079a80fc5d8) locale list changing from [en-US] to [en]
04-15 02:41:00.294  4981  4981 I s.nexuslauncher: AssetManager2(0xb4000079a80c3eb8) locale list changing from [en-US] to [en]
04-15 02:41:00.294  4981  4981 I s.nexuslauncher: AssetManager2(0xb4000079a80b3b58) locale list changing from [en-US] to [en]
04-15 02:41:00.294  4981  4981 I s.nexuslauncher: AssetManager2(0xb4000079a80bcb18) locale list changing from [en-US] to [en]
04-15 02:41:00.294  5179  5445 D IwlanNetworkService$IwlanNetworkServiceHandler: msg.what = EVENT_NETWORK_REGISTRATION_INFO_REQUEST
04-15 02:41:00.294  4981  4981 I s.nexuslauncher: AssetManager2(0xb4000079a810ad18) locale list changing from [en-US] to [en]
04-15 02:41:00.294  4981  4981 I s.nexuslauncher: AssetManager2(0xb4000079a808cd78) locale list changing from [en-US] to [en]
04-15 02:41:00.295  4981  4981 I s.nexuslauncher: AssetManager2(0xb4000079a8064ff8) locale list changing from [en-US] to [en]
04-15 02:41:00.295  4981  4981 I s.nexuslauncher: AssetManager2(0xb4000079a80b60d8) locale list changing from [en-US] to [en]
04-15 02:41:00.295  4884  4884 I Telephony: TelecomAccountRegistry: Locale change; re-registering phone accounts.
04-15 02:41:00.295  4981  4981 I s.nexuslauncher: AssetManager2(0xb4000079a812ec18) locale list changing from [en-US] to [en]
04-15 02:41:00.295  4884  4884 I Telephony: PstnIncomingCallNotifier: Unregistering: [0]
04-15 02:41:00.295  4981  4981 I s.nexuslauncher: AssetManager2(0xb4000079a80facd8) locale list changing from [en-US] to [en]
04-15 02:41:00.295  4884  4884 D Telephony: Unregistering: Handler (com.android.internal.telephony.GsmCdmaPhone) {b2b28b0}
04-15 02:41:00.295  4981  4981 I s.nexuslauncher: AssetManager2(0xb4000079a8077bf8) locale list changing from [en-US] to [en]
04-15 02:41:00.295  4981  4981 I s.nexuslauncher: AssetManager2(0xb4000079a8125f78) locale list changing from [en-US] to [en]
04-15 02:41:00.295  4981  4981 I s.nexuslauncher: AssetManager2(0xb4000079a80ff4b8) locale list changing from [en-US] to [en]
04-15 02:41:00.296  5162  5162 I ndroid.settings: AssetManager2(0xb4000079a806a458) locale list changing from [en-US] to [en]
04-15 02:41:00.296  5558  5586 I AiAiEcho: Settings changed for uri: content://settings/secure/input_methods_subtype_history
04-15 02:41:00.296  4981  4981 W SplitSelectStateCtor: Missing session instanceIds
04-15 02:41:00.296  4981  4981 D StatsLog: LAUNCHER_SPLIT_SELECTION_EXIT_INTERRUPTED
04-15 02:41:00.296 11753 11753 I AndroidIME: InputBundleManager.loadActiveInputBundleId():450 loadActiveInputBundleId: und-Latn-x-password, password
04-15 02:41:00.296  4884  4884 I Telephony: TelecomAccountRegistry: setupAccounts: Found 2 phones.  Attempting to register.
04-15 02:41:00.296  4884  4884 I Telephony: TelecomAccountRegistry: setupAccounts: Phone with subscription id -1
04-15 02:41:00.296  4884  4884 D Telephony: TelecomAccountRegistry: setupAccounts: skipping invalid subid -1
04-15 02:41:00.296  4884  4884 I Telephony: TelecomAccountRegistry: setupAccounts: Phone with subscription id -1
04-15 02:41:00.296  4884  4884 D Telephony: TelecomAccountRegistry: setupAccounts: skipping invalid subid -1
04-15 02:41:00.296  4884  4884 I Telephony: setupAccounts: adding default
04-15 02:41:00.296  4884  4884 V SimultaneousCallingTracker: Device is not simultaneous calling capable
04-15 02:41:00.296  4981  4981 D BaseDepthController: setSurface:
04-15 02:41:00.296  4981  4981 D BaseDepthController: 	mWaitingOnSurfaceValidity: false
04-15 02:41:00.296  4981  4981 D BaseDepthController: 	mSurface: null
04-15 02:41:00.296  4981  4981 D BaseDepthController: mSurface is null and mCurrentBlur is: 0
04-15 02:41:00.297 11753 11753 I GoogleInputMethodService: GoogleInputMethodService.onStartInput():1911 onStartInput(EditorInfo{EditorInfo{packageName=com.google.android.apps.nexuslauncher, inputType=0, inputTypeString=NULL, enableLearning=false, autoCorrection=false, autoComplete=false, imeOptions=0, privateImeOptions=null, actionName=UNSPECIFIED, actionLabel=null, initialSelStart=-1, initialSelEnd=-1, initialCapsMode=0, label=null, fieldId=0, fieldName=null, extras=null, hintText=null, hintLocales=[]}}, true)
04-15 02:41:00.297  5558  5979 I AiAiEcho: Predicting[4]: { Feature:1, creation:2026-04-15T08:00:00Z, expiry:2026-04-15T09:00:00Z, isExpired: true}, { Feature:1, creation:2026-04-15T09:00:00Z, expiry:2026-04-15T10:00:00Z, isExpired: false}, { Feature:1, creation:2026-04-15T10:00:00Z, expiry:2026-04-15T10:00:00Z, isExpired: true}, { Feature:1, creation:2026-04-15T11:00:00Z, expiry:2026-04-15T11:00:00Z, isExpired: true} [CONTEXT sampling_count=5 ]
04-15 02:41:00.297  4981  4981 D StatsLog: LAUNCHER_ONSTOP
04-15 02:41:00.297 11753 11753 I GoogleInputMethodService: GoogleInputMethodService.updateDeviceLockedStatus():2167 repeatCheckTimes = 1, locked = false
04-15 02:41:00.297 11753 11753 W SessionManager: SessionManager.beginSession():53 Try to begin an already begun session [INPUT_SESSION], end it first
04-15 02:41:00.297  5162  5162 I ndroid.settings: AssetManager2(0xb4000079a807f8f8) locale list changing from [en-US] to [en]
04-15 02:41:00.297  4981  4981 D StatsLog: LAUNCHER_GOOGLE_SEARCH_RESTORE_LIST_SIZE_AFTER_ACTIVITY_RESTART
04-15 02:41:00.297 11753 11753 I AndroidIME: InputBundleManager.loadActiveInputBundleId():450 loadActiveInputBundleId: und-Latn-x-password, password
04-15 02:41:00.297  4981  4981 D CannedAnimCoordinator: Wrong controller access from m2.q@e1fa280, actual provider null
04-15 02:41:00.297  5558  5979 I AiAiEcho: EchoTargets: Feature:1
04-15 02:41:00.297  5558  5979 I AiAiEcho: Filtered by AiAi flag check: 
04-15 02:41:00.297  5558  5979 I AiAiEcho: [CONTEXT ratelimit_period="10 SECONDS" ]
04-15 02:41:00.297 11753 11753 I EmojiCompatManager: EmojiCompatManager.getEmojiCompatIfLoaded():342 EmojiCompat.init() was never called.
04-15 02:41:00.297 11753 11753 I EmojiCompatManager: java.lang.IllegalStateException: EmojiCompat is not initialized. Please call EmojiCompat.init() first
04-15 02:41:00.297 11753 11753 I EmojiCompatManager: 	at asl.p(PG:6)
04-15 02:41:00.297 11753 11753 I EmojiCompatManager: 	at awk.b(PG:13)
04-15 02:41:00.297 11753 11753 I EmojiCompatManager: 	at jgi.b(PG:2)
04-15 02:41:00.297 11753 11753 I EmojiCompatManager: 	at jgi.c(PG:4)
04-15 02:41:00.297 11753 11753 I EmojiCompatManager: 	at jgi.f(PG:3)
04-15 02:41:00.297 11753 11753 I EmojiCompatManager: 	at jzg.onStartInput(PG:468)
04-15 02:41:00.297 11753 11753 I EmojiCompatManager: 	at android.inputmethodservice.InputMethodService.doStartInput(InputMethodService.java:3491)
04-15 02:41:00.297 11753 11753 I EmojiCompatManager: 	at android.inputmethodservice.InputMethodService.resetStateForNewConfiguration(InputMethodService.java:1988)
04-15 02:41:00.297 11753 11753 I EmojiCompatManager: 	at android.inputmethodservice.InputMethodService.$r8$lambda$oRMkK66rOxqNaqhjifweqVkTB4Q(Unknown Source:0)
04-15 02:41:00.297 11753 11753 I EmojiCompatManager: 	at android.inputmethodservice.InputMethodService$$ExternalSyntheticLambda5.run(D8$$SyntheticClass:0)
04-15 02:41:00.297 11753 11753 I EmojiCompatManager: 	at android.inputmethodservice.ImsConfigurationTracker.onConfigurationChanged(ImsConfigurationTracker.java:103)
04-15 02:41:00.297 11753 11753 I EmojiCompatManager: 	at android.inputmethodservice.InputMethodService.onConfigurationChanged(InputMethodService.java:1974)
04-15 02:41:00.297 11753 11753 I EmojiCompatManager: 	at jzg.onConfigurationChanged(PG:238)
04-15 02:41:00.297 11753 11753 I EmojiCompatManager: 	at android.window.WindowTokenClient.onConfigurationChangedInner(WindowTokenClient.java:211)
04-15 02:41:00.297 11753 11753 I EmojiCompatManager: 	at android.window.WindowTokenClient.onConfigurationChanged(WindowTokenClient.java:155)
04-15 02:41:00.297 11753 11753 I EmojiCompatManager: 	at android.window.WindowTokenClient.onConfigurationChanged(WindowTokenClient.java:112)
04-15 02:41:00.297 11753 11753 I EmojiCompatManager: 	at android.window.WindowTokenClientController.onWindowContextInfoChanged(WindowTokenClientController.java:245)
04-15 02:41:00.297 11753 11753 I EmojiCompatManager: 	at android.app.ActivityThread.handleWindowContextInfoChanged(ActivityThread.java:6760)
04-15 02:41:00.297 11753 11753 I EmojiCompatManager: 	at android.app.servertransaction.WindowContextInfoChangeItem.execute(WindowContextInfoChangeItem.java:53)
04-15 02:41:00.297 11753 11753 I EmojiCompatManager: 	at android.app.servertransaction.TransactionExecutor.executeNonLifecycleItem(TransactionExecutor.java:133)
04-15 02:41:00.297 11753 11753 I EmojiCompatManager: 	at android.app.servertransaction.TransactionExecutor.executeTransactionItems(TransactionExecutor.java:103)
04-15 02:41:00.297 11753 11753 I EmojiCompatManager: 	at android.app.servertransaction.TransactionExecutor.execute(TransactionExecutor.java:80)
04-15 02:41:00.297 11753 11753 I EmojiCompatManager: 	at android.app.ActivityThread$H.handleMessage(ActivityThread.java:2773)
04-15 02:41:00.297 11753 11753 I EmojiCompatManager: 	at android.os.Handler.dispatchMessage(Handler.java:109)
04-15 02:41:00.297 11753 11753 I EmojiCompatManager: 	at android.os.Looper.loopOnce(Looper.java:232)
04-15 02:41:00.297 11753 11753 I EmojiCompatManager: 	at android.os.Looper.loop(Looper.java:317)
04-15 02:41:00.297 11753 11753 I EmojiCompatManager: 	at android.app.ActivityThread.main(ActivityThread.java:8934)
04-15 02:41:00.297 11753 11753 I EmojiCompatManager: 	at java.lang.reflect.Method.invoke(Native Method)
04-15 02:41:00.297 11753 11753 I EmojiCompatManager: 	at com.android.internal.os.RuntimeInit$MethodAndArgsCaller.run(RuntimeInit.java:591)
04-15 02:41:00.297 11753 11753 I EmojiCompatManager: 	at com.android.internal.os.ZygoteInit.main(ZygoteInit.java:911)
04-15 02:41:00.297  5179  5445 D IwlanNetworkService$IwlanNetworkServiceHandler[0]: : reg state REGISTRATION_STATE_HOME
04-15 02:41:00.298  5558  5979 I AiAiEcho: Ranked targets strategy: SORT, count: 1, ranking metadata: { cardId: WEATHER-569377247, card type: 1, update time: 2026-04-15T09:00:00Z, expiration time: 2026-04-15T10:00:00Z, ranking metadata: RankingMetaData(urgency=0.0, priority=0.0, recency=0.0, rankScore=0.0, importantTimePoints=# vfc@7bca4) } [CONTEXT ratelimit_period="10 SECONDS" ]
04-15 02:41:00.298  5558  5979 I AiAiEcho: #remoteViewsTwiddler: feature disabled.
04-15 02:41:00.299  5162  5162 I ndroid.settings: AssetManager2(0xb4000079a807d698) locale list changing from [en-US] to [en]
04-15 02:41:00.299  5558  5979 I AiAiEcho: Predicting[4]: { Feature:1, creation:2026-04-15T08:00:00Z, expiry:2026-04-15T09:00:00Z, isExpired: true}, { Feature:1, creation:2026-04-15T09:00:00Z, expiry:2026-04-15T10:00:00Z, isExpired: false}, { Feature:1, creation:2026-04-15T10:00:00Z, expiry:2026-04-15T10:00:00Z, isExpired: true}, { Feature:1, creation:2026-04-15T11:00:00Z, expiry:2026-04-15T11:00:00Z, isExpired: true} [CONTEXT sampling_count=5 ]
04-15 02:41:00.300  5558  5979 I AiAiEcho: EchoTargets: Feature:1
04-15 02:41:00.300  5558  5979 I AiAiEcho: Filtered by AiAi flag check: 
04-15 02:41:00.300  5558  5979 I AiAiEcho: [CONTEXT ratelimit_period="10 SECONDS" ]
04-15 02:41:00.300  5162  5162 I ndroid.settings: AssetManager2(0xb4000079a807c6f8) locale list changing from [en-US] to [en]
04-15 02:41:00.300  5558  5979 I AiAiEcho: Ranked targets strategy: SORT, count: 1, ranking metadata: { cardId: WEATHER-569377247, card type: 1, update time: 2026-04-15T09:00:00Z, expiration time: 2026-04-15T10:00:00Z, ranking metadata: RankingMetaData(urgency=0.0, priority=0.0, recency=0.0, rankScore=0.0, importantTimePoints=# vfc@7bca4) } [CONTEXT ratelimit_period="10 SECONDS" ]
04-15 02:41:00.300  4565  4565 D DLIndicator: initializeIconViews()
04-15 02:41:00.301  5558  5979 I AiAiEcho: #remoteViewsTwiddler: feature disabled.
04-15 02:41:00.301  1383  1521 D ActivityManager: sync unfroze 19889 com.google.android.gms.ui for 10
04-15 02:41:00.301  5162  5162 I ndroid.settings: AssetManager2(0xb4000079a80697d8) locale list changing from [en-US] to [en]
04-15 02:41:00.301 11327 11327 I gle.android.gms: AssetManager2(0xb4000079a8061ad8) locale list changing from [en-US] to [en]
04-15 02:41:00.301  1383  1521 D ActivityManager: sync unfroze 11738 com.google.android.gms.unstable for 10
04-15 02:41:00.301  1383  1383 D SafetyCenterLocaleBroad: Locale changed broadcast received
04-15 02:41:00.302  5162  5162 I ndroid.settings: AssetManager2(0xb4000079a8078eb8) locale list changing from [en-US] to [en]
04-15 02:41:00.302  4981  4981 D b/254119092: unregistering activity lifecycle callbacks from onActivityDestroyed.
04-15 02:41:00.302  4981  4981 D b/254119092: clearActivity
04-15 02:41:00.302  4981  4981 D b/254119092: mActivity and mWindowContext agree taskbarIsPresent=false
04-15 02:41:00.302  1383  1903 W PackageConfigPersister: App-specific configuration not found for packageName: com.google.android.apps.nexuslauncher and userId: 0
04-15 02:41:00.303  4981  4981 W LoaderTask: LoaderTask#stopLocked:
04-15 02:41:00.303  4981  4981 W LoaderTask: java.lang.Exception
04-15 02:41:00.303  4981  4981 W LoaderTask: 	at com.android.launcher3.model.LoaderTask.stopLocked(go/retraceme d5c80b48af0d282d601e5cdc46ac8565fe09836976dde57719a33d5c4d1b02f3:6)
04-15 02:41:00.303  4981  4981 W LoaderTask: 	at com.android.launcher3.LauncherModel.stopLoader(go/retraceme d5c80b48af0d282d601e5cdc46ac8565fe09836976dde57719a33d5c4d1b02f3:11)
04-15 02:41:00.303  4981  4981 W LoaderTask: 	at com.android.launcher3.LauncherModel.removeCallbacks(go/retraceme d5c80b48af0d282d601e5cdc46ac8565fe09836976dde57719a33d5c4d1b02f3:17)
04-15 02:41:00.303  4981  4981 W LoaderTask: 	at com.android.launcher3.Launcher.onDestroy(go/retraceme d5c80b48af0d282d601e5cdc46ac8565fe09836976dde57719a33d5c4d1b02f3:55)
04-15 02:41:00.303  4981  4981 W LoaderTask: 	at com.android.launcher3.uioverrides.QuickstepLauncher.onDestroy(go/retraceme d5c80b48af0d282d601e5cdc46ac8565fe09836976dde57719a33d5c4d1b02f3:66)
04-15 02:41:00.303  4981  4981 W LoaderTask: 	at com.google.android.apps.nexuslauncher.NexusLauncherActivity.onDestroy(go/retraceme d5c80b48af0d282d601e5cdc46ac8565fe09836976dde57719a33d5c4d1b02f3:30)
04-15 02:41:00.303  4981  4981 W LoaderTask: 	at android.app.Activity.performDestroy(Activity.java:9384)
04-15 02:41:00.303  4981  4981 W LoaderTask: 	at android.app.Instrumentation.callActivityOnDestroy(Instrumentation.java:1566)
04-15 02:41:00.303  4981  4981 W LoaderTask: 	at android.app.ActivityThread.performDestroyActivity(ActivityThread.java:6108)
04-15 02:41:00.303  4981  4981 W LoaderTask: 	at android.app.ActivityThread.handleDestroyActivity(ActivityThread.java:6153)
04-15 02:41:00.303  4981  4981 W LoaderTask: 	at android.app.ActivityThread.handleRelaunchActivityInner(ActivityThread.java:6438)
04-15 02:41:00.303  4981  4981 W LoaderTask: 	at android.app.ActivityThread.handleRelaunchActivity(ActivityThread.java:6353)
04-15 02:41:00.303  4981  4981 W LoaderTask: 	at android.app.servertransaction.ActivityRelaunchItem.execute(ActivityRelaunchItem.java:106)
04-15 02:41:00.303  4981  4981 W LoaderTask: 	at android.app.servertransaction.ActivityTransactionItem.execute(ActivityTransactionItem.java:63)
04-15 02:41:00.303  4981  4981 W LoaderTask: 	at android.app.servertransaction.TransactionExecutor.executeNonLifecycleItem(TransactionExecutor.java:133)
04-15 02:41:00.303  4981  4981 W LoaderTask: 	at android.app.servertransaction.TransactionExecutor.executeTransactionItems(TransactionExecutor.java:103)
04-15 02:41:00.303  4981  4981 W LoaderTask: 	at android.app.servertransaction.TransactionExecutor.execute(TransactionExecutor.java:80)
04-15 02:41:00.303  4981  4981 W LoaderTask: 	at android.app.ActivityThread$H.handleMessage(ActivityThread.java:2773)
04-15 02:41:00.303  4981  4981 W LoaderTask: 	at android.os.Handler.dispatchMessage(Handler.java:109)
04-15 02:41:00.303  4981  4981 W LoaderTask: 	at android.os.Looper.loopOnce(Looper.java:232)
04-15 02:41:00.303  4981  4981 W LoaderTask: 	at android.os.Looper.loop(Looper.java:317)
04-15 02:41:00.303  4981  4981 W LoaderTask: 	at android.app.ActivityThread.main(ActivityThread.java:8934)
04-15 02:41:00.303  4981  4981 W LoaderTask: 	at java.lang.reflect.Method.invoke(Native Method)
04-15 02:41:00.303  4981  4981 W LoaderTask: 	at com.android.internal.os.RuntimeInit$MethodAndArgsCaller.run(RuntimeInit.java:591)
04-15 02:41:00.303  4981  4981 W LoaderTask: 	at com.android.internal.os.ZygoteInit.main(ZygoteInit.java:911)
04-15 02:41:00.303  5162  5162 I ndroid.settings: AssetManager2(0xb4000079a8073a58) locale list changing from [en-US] to [en]
04-15 02:41:00.303  4884  4884 D Telephony: isEmergencyPreferredAccount: subId=-1, activeData=-1
04-15 02:41:00.303  4884  4884 D Telephony: isEmergencyPreferredAccount: Device does not require preference.
04-15 02:41:00.303  4981  4981 D TaskFragmentComponent: destroy task fragment
04-15 02:41:00.303  4981  4981 D TaskFragmentComponent: java.lang.Exception
04-15 02:41:00.303  4981  4981 D TaskFragmentComponent: 	at com.google.android.apps.nexuslauncher.overlay.TaskFragmentOverlayManager.onActivityDestroyed(go/retraceme d5c80b48af0d282d601e5cdc46ac8565fe09836976dde57719a33d5c4d1b02f3:60)
04-15 02:41:00.303  4981  4981 D TaskFragmentComponent: 	at com.android.launcher3.Launcher.onDestroy(go/retraceme d5c80b48af0d282d601e5cdc46ac8565fe09836976dde57719a33d5c4d1b02f3:107)
04-15 02:41:00.303  4981  4981 D TaskFragmentComponent: 	at com.android.launcher3.uioverrides.QuickstepLauncher.onDestroy(go/retraceme d5c80b48af0d282d601e5cdc46ac8565fe09836976dde57719a33d5c4d1b02f3:66)
04-15 02:41:00.303  4981  4981 D TaskFragmentComponent: 	at com.google.android.apps.nexuslauncher.NexusLauncherActivity.onDestroy(go/retraceme d5c80b48af0d282d601e5cdc46ac8565fe09836976dde57719a33d5c4d1b02f3:30)
04-15 02:41:00.303  4981  4981 D TaskFragmentComponent: 	at android.app.Activity.performDestroy(Activity.java:9384)
04-15 02:41:00.303  4981  4981 D TaskFragmentComponent: 	at android.app.Instrumentation.callActivityOnDestroy(Instrumentation.java:1566)
04-15 02:41:00.303  4981  4981 D TaskFragmentComponent: 	at android.app.ActivityThread.performDestroyActivity(ActivityThread.java:6108)
04-15 02:41:00.303  4981  4981 D TaskFragmentComponent: 	at android.app.ActivityThread.handleDestroyActivity(ActivityThread.java:6153)
04-15 02:41:00.303  4981  4981 D TaskFragmentComponent: 	at android.app.ActivityThread.handleRelaunchActivityInner(ActivityThread.java:6438)
04-15 02:41:00.303  4981  4981 D TaskFragmentComponent: 	at android.app.ActivityThread.handleRelaunchActivity(ActivityThread.java:6353)
04-15 02:41:00.303  4981  4981 D TaskFragmentComponent: 	at android.app.servertransaction.ActivityRelaunchItem.execute(ActivityRelaunchItem.java:106)
04-15 02:41:00.303  4981  4981 D TaskFragmentComponent: 	at android.app.servertransaction.ActivityTransactionItem.execute(ActivityTransactionItem.java:63)
04-15 02:41:00.303  4981  4981 D TaskFragmentComponent: 	at android.app.servertransaction.TransactionExecutor.executeNonLifecycleItem(TransactionExecutor.java:133)
04-15 02:41:00.303  4981  4981 D TaskFragmentComponent: 	at android.app.servertransaction.TransactionExecutor.executeTransactionItems(TransactionExecutor.java:103)
04-15 02:41:00.303  4981  4981 D TaskFragmentComponent: 	at android.app.servertransaction.TransactionExecutor.execute(TransactionExecutor.java:80)
04-15 02:41:00.303  4981  4981 D TaskFragmentComponent: 	at android.app.ActivityThread$H.handleMessage(ActivityThread.java:2773)
04-15 02:41:00.303  4981  4981 D TaskFragmentComponent: 	at android.os.Handler.dispatchMessage(Handler.java:109)
04-15 02:41:00.303  4981  4981 D TaskFragmentComponent: 	at android.os.Looper.loopOnce(Looper.java:232)
04-15 02:41:00.303  4981  4981 D TaskFragmentComponent: 	at android.os.Looper.loop(Looper.java:317)
04-15 02:41:00.303  4981  4981 D TaskFragmentComponent: 	at android.app.ActivityThread.main(ActivityThread.java:8934)
04-15 02:41:00.303  4981  4981 D TaskFragmentComponent: 	at java.lang.reflect.Method.invoke(Native Method)
04-15 02:41:00.303  4981  4981 D TaskFragmentComponent: 	at com.android.internal.os.RuntimeInit$MethodAndArgsCaller.run(RuntimeInit.java:591)
04-15 02:41:00.303  4981  4981 D TaskFragmentComponent: 	at com.android.internal.os.ZygoteInit.main(ZygoteInit.java:911)
04-15 02:41:00.303  4884  4884 I Telephony: isRttCurrentlySupported -- emergency acct and not supported in this country: 
04-15 02:41:00.303  5558  5979 W HWUI    : Image decoding logging dropped!
04-15 02:41:00.304  5162  5162 I ndroid.settings: AssetManager2(0xb4000079a8073d78) locale list changing from [en-US] to [en]
04-15 02:41:00.304 11753 11753 I AppBase : AppBase.onConfigurationChanged():444 onConfigurationChanged() : NewConfig = {1.0 ?mcc0mnc [en] ldltr sw448dp w448dp h997dp 360dpi nrml long hdr widecg port night finger -keyb/v/h -nav/h winConfig={ mBounds=Rect(0, 0 - 1008, 2244) mAppBounds=Rect(0, 0 - 1008, 2244) mMaxBounds=Rect(0, 0 - 1008, 2244) mDisplayRotation=ROTATION_0 mWindowingMode=fullscreen mActivityType=undefined mAlwaysOnTop=undefined mRotation=ROTATION_0} as.14 s.363 fontWeightAdjustment=0}
04-15 02:41:00.304 11753 11753 I AbstractOpenableExtension: AbstractOpenableExtension$3.onSuccess():549 KeyboardGroupManager destroyed in dzh.
04-15 02:41:00.304 11753 11753 I AbstractOpenableExtension: AbstractOpenableExtension$3.onSuccess():549 KeyboardGroupManager destroyed in fpu.
04-15 02:41:00.304 11753 11753 I AbstractOpenableExtension: AbstractOpenableExtension$3.onSuccess():549 KeyboardGroupManager destroyed in fsj.
04-15 02:41:00.304 11753 11753 I SystemSubtypesReportModule: SystemSubtypesReportModule$4.onSetCurrentInputMethodSubtype():163 en_US
04-15 02:41:00.304 11753 11753 I AbstractOpenableExtension: AbstractOpenableExtension$3.onFailure():557 Failed to load KeyboardGroupManager in dzh.
04-15 02:41:00.304 11753 11753 I AbstractOpenableExtension: AbstractOpenableExtension$3.onFailure():557 Failed to load KeyboardGroupManager in fpu.
04-15 02:41:00.304 11753 11753 I AbstractOpenableExtension: AbstractOpenableExtension$3.onFailure():557 Failed to load KeyboardGroupManager in fsj.
04-15 02:41:00.304  5162  5162 I ndroid.settings: AssetManager2(0xb4000079a807fc18) locale list changing from [en-US] to [en]
04-15 02:41:00.304  4981  4981 W WindowOnBackDispatcher: sendCancelIfRunning: isInProgress=false callback=com.android.launcher3.uioverrides.QuickstepLauncher$2@16a6ea8
04-15 02:41:00.304  5558  5979 I AiAiEcho: #postPredictionTargets: Sending updates to UISurface lockscreen with targets# 1 (types=[1])
04-15 02:41:00.305  4981  4981 D NexusLauncherModelDelegate: notifySmartspaceEvent: SmartspaceTargetEvent{mSmartspaceTarget=null, mSmartspaceActionId='null', mEventType=7}
04-15 02:41:00.305  5162  5162 I ndroid.settings: AssetManager2(0xb4000079a8068e78) locale list changing from [en-US] to [en]
04-15 02:41:00.305  4981  4981 D RecentsView: reset - mEnableDrawingLiveTile: false, mRecentsAnimationController: null
04-15 02:41:00.306  5162  5162 I ndroid.settings: AssetManager2(0xb4000079a807e638) locale list changing from [en-US] to [en]
04-15 02:41:00.306  5162  5162 I ndroid.settings: AssetManager2(0xb4000079a806ba38) locale list changing from [en-US] to [en]
04-15 02:41:00.306  1383  4679 V WindowManager: Queueing transition: TransitionRecord{1b4b53d id=-1 type=CLOSE flags=0x0 overrideAnimOptions=null}
04-15 02:41:00.307  1383  4764 D CoreBackPreview: Window{c8f4a0c u0 com.google.android.apps.nexuslauncher/com.google.android.apps.nexuslauncher.NexusLauncherActivity}: Setting back callback null
04-15 02:41:00.307  5162  5162 I ndroid.settings: AssetManager2(0xb4000079a8064698) locale list changing from [en-US] to [en]
04-15 02:41:00.307  4981  4981 D ViewRootImpl: Skipping stats log for color mode
04-15 02:41:00.308  5558  5979 W HWUI    : Image decoding logging dropped!
04-15 02:41:00.308  5162  5162 I ndroid.settings: AssetManager2(0xb4000079a806fef8) locale list changing from [en-US] to [en]
04-15 02:41:00.308  5162  5162 I ndroid.settings: AssetManager2(0xb4000079a806dc98) locale list changing from [en-US] to [en]
04-15 02:41:00.309  5162  5162 I ndroid.settings: AssetManager2(0xb4000079a80730f8) locale list changing from [en-US] to [en]
04-15 02:41:00.310  5162  5162 I ndroid.settings: AssetManager2(0xb4000079a806b0d8) locale list changing from [en-US] to [en]
04-15 02:41:00.311  5558  5979 I AiAiEcho: #postPredictionTargets: Sending updates to UISurface home with targets# 1 (types=[1])
04-15 02:41:00.311  4981  4981 I s.nexuslauncher: AssetManager2(0xb4000079a80a8c58) locale list changing from [] to [en]
04-15 02:41:00.311  5162  5162 I ndroid.settings: AssetManager2(0xb4000079a8081518) locale list changing from [en-US] to [en]
04-15 02:41:00.312  5162  5162 I ndroid.settings: AssetManager2(0xb4000079a8064378) locale list changing from [en-US] to [en]
04-15 02:41:00.313  5162  5162 I ndroid.settings: AssetManager2(0xb4000079a8072158) locale list changing from [en-US] to [en]
04-15 02:41:00.313  1383  6672 V ActivityManager: Got obituary of 20879:com.google.wireless.qa.mobileharness.tool.android.language
04-15 02:41:00.315 11327 11327 I gle.android.gms: AssetManager2(0xb4000079a8064058) locale list changing from [en-US] to [en]
04-15 02:41:00.315  5558  5586 I AiAiEcho: Settings changed for uri: content://settings/secure/selected_input_method_subtype
04-15 02:41:00.317  5558  5979 I AiAiEcho: Predicting[4]: { Feature:1, creation:2026-04-15T08:00:00Z, expiry:2026-04-15T09:00:00Z, isExpired: true}, { Feature:1, creation:2026-04-15T09:00:00Z, expiry:2026-04-15T10:00:00Z, isExpired: false}, { Feature:1, creation:2026-04-15T10:00:00Z, expiry:2026-04-15T10:00:00Z, isExpired: true}, { Feature:1, creation:2026-04-15T11:00:00Z, expiry:2026-04-15T11:00:00Z, isExpired: true} [CONTEXT sampling_count=5 ]
04-15 02:41:00.317   851   851 I Zygote  : Process 20879 exited due to signal 9 (Killed)
04-15 02:41:00.318  5558  5979 I AiAiEcho: EchoTargets: Feature:1
04-15 02:41:00.318  5558  5979 I AiAiEcho: Filtered by AiAi flag check: 
04-15 02:41:00.318  5558  5979 I AiAiEcho: [CONTEXT ratelimit_period="10 SECONDS" ]
04-15 02:41:00.318  5558  5979 I AiAiEcho: Ranked targets strategy: SORT, count: 1, ranking metadata: { cardId: WEATHER-569377247, card type: 1, update time: 2026-04-15T09:00:00Z, expiration time: 2026-04-15T10:00:00Z, ranking metadata: RankingMetaData(urgency=0.0, priority=0.0, recency=0.0, rankScore=0.0, importantTimePoints=# vfc@7bca4) } [CONTEXT ratelimit_period="10 SECONDS" ]
04-15 02:41:00.319  5558  5979 I AiAiEcho: #remoteViewsTwiddler: feature disabled.
04-15 02:41:00.319  5558  5979 I AiAiEcho: Predicting[4]: { Feature:1, creation:2026-04-15T08:00:00Z, expiry:2026-04-15T09:00:00Z, isExpired: true}, { Feature:1, creation:2026-04-15T09:00:00Z, expiry:2026-04-15T10:00:00Z, isExpired: false}, { Feature:1, creation:2026-04-15T10:00:00Z, expiry:2026-04-15T10:00:00Z, isExpired: true}, { Feature:1, creation:2026-04-15T11:00:00Z, expiry:2026-04-15T11:00:00Z, isExpired: true} [CONTEXT sampling_count=5 ]
04-15 02:41:00.319  1383  1904 D SystemServerTiming: getUserSwitchability-0
04-15 02:41:00.319  1383  1904 D SystemServerTiming: TM.isInCall
04-15 02:41:00.320  1383  1904 D SystemServerTiming: hasUserRestriction-DISALLOW_USER_SWITCH
04-15 02:41:00.320  1383  1904 D SystemServerTiming: getInt-ALLOW_USER_SWITCHING_WHEN_SYSTEM_USER_LOCKED
04-15 02:41:00.320 11327 11327 I gle.android.gms: AssetManager2(0xb4000079a80c41d8) locale list changing from [en-US] to [en]
04-15 02:41:00.320  1383  1904 D SystemServerTiming: isUserUnlocked-USER_SYSTEM
04-15 02:41:00.320  5558  5979 I AiAiEcho: EchoTargets: Feature:1
04-15 02:41:00.320  5558  5979 I AiAiEcho: Filtered by AiAi flag check: 
04-15 02:41:00.320  5558  5979 I AiAiEcho: [CONTEXT ratelimit_period="10 SECONDS" ]
04-15 02:41:00.320  1383  4527 I system_server: AssetManager2(0xb4000079a80a4158) locale list changing from [] to [en]
04-15 02:41:00.320  5558  5979 I AiAiEcho: Ranked targets strategy: SORT, count: 1, ranking metadata: { cardId: WEATHER-569377247, card type: 1, update time: 2026-04-15T09:00:00Z, expiration time: 2026-04-15T10:00:00Z, ranking metadata: RankingMetaData(urgency=0.0, priority=0.0, recency=0.0, rankScore=0.0, importantTimePoints=# vfc@7bca4) } [CONTEXT ratelimit_period="10 SECONDS" ]
04-15 02:41:00.320  5558  5979 I AiAiEcho: #remoteViewsTwiddler: feature disabled.
04-15 02:41:00.321 11327 11327 I gle.android.gms: AssetManager2(0xb4000079a80c7a18) locale list changing from [en-US] to [en]
04-15 02:41:00.322  8120  8120 I ndroid.calendar: AssetManager2(0xb4000079a8061ad8) locale list changing from [en-US] to [en]
04-15 02:41:00.322  4884  4884 W HWUI    : Image decoding logging dropped!
04-15 02:41:00.323  5558  5979 W HWUI    : Image decoding logging dropped!
04-15 02:41:00.323  4884  4884 I Telephony: TelecomAccountRegistry$AccountEntry: registerPstnPhoneAccount: Registering account=[[ ] PhoneAccount: ComponentInfo{com.android.phone/com.android.services.telephony.TelephonyConnectionService}, E, UserHandle{0} Capabilities: CallProvider MultiUser PlaceEmerg SimSub  Audio Routes: BESW Schemes: tel voicemail  Extras: Bundle[{android.telecom.extra.SUPPORTS_VIDEO_CALLING_FALLBACK=true}] GroupId: *** SC Restrictions: [ ]] with Telecom. subId=-1
04-15 02:41:00.324 11327 11327 I gle.android.gms: AssetManager2(0xb4000079a80c8058) locale list changing from [en-US] to [en]
04-15 02:41:00.324  1383  1521 I Telecom : TelecomServiceImpl$1: registerPhoneAccount: account=[[ ] PhoneAccount: ComponentInfo{com.android.phone/com.android.services.telephony.TelephonyConnectionService}, E, UserHandle{0} Capabilities: CallProvider MultiUser PlaceEmerg SimSub  Audio Routes: BESW Schemes: tel voicemail  Extras: Bundle[{android.telecom.extra.SUPPORTS_VIDEO_CALLING_FALLBACK=true}] GroupId: *** SC Restrictions: [ ]]: TSI.rPA(cap)@He8
04-15 02:41:00.324  5558  5979 I AiAiEcho: #postPredictionTargets: Sending updates to UISurface lockscreen with targets# 1 (types=[1])
04-15 02:41:00.324  1383  1919 E JobScheduler.JobStatus: App com.google.android.apps.photos became active but still in NEVER bucket
04-15 02:41:00.324 11327 11327 I gle.android.gms: AssetManager2(0xb4000079a8097318) locale list changing from [en-US] to [en]
04-15 02:41:00.325  8120  8120 I ndroid.calendar: AssetManager2(0xb4000079a805dc58) locale list changing from [en-US] to [en]
04-15 02:41:00.325 11327 11327 I gle.android.gms: AssetManager2(0xb4000079a8095a18) locale list changing from [en-US] to [en]
04-15 02:41:00.324  1383  1521 I Telecom : PhoneAccountRegistrar: Modify account: [ComponentInfo{com.android.phone/com.android.services.telephony.TelephonyConnectionService}, E, UserHandle{0}]: TSI.rPA(cap)@He8
04-15 02:41:00.326  1383  1521 I Telecom : CallsManager: handlePhoneAccountChanged: phoneAccount=[[X] PhoneAccount: ComponentInfo{com.android.phone/com.android.services.telephony.TelephonyConnectionService}, E, UserHandle{0} Capabilities: CallProvider MultiUser PlaceEmerg SimSub  Audio Routes: BESW Schemes: tel voicemail  Extras: Bundle[{android.telecom.extra.SUPPORTS_VIDEO_CALLING_FALLBACK=true}] GroupId: *** SC Restrictions: [ ]]: TSI.rPA(cap)@He8
04-15 02:41:00.326  1383  1919 E JobScheduler.JobStatus: App com.google.android.apps.photos became active but still in NEVER bucket
04-15 02:41:00.327  1383  1919 E JobScheduler.JobStatus: App com.google.android.apps.photos became active but still in NEVER bucket
04-15 02:41:00.327  1383  1919 E JobScheduler.JobStatus: App com.google.android.apps.photos became active but still in NEVER bucket
04-15 02:41:00.327  1383  1919 E JobScheduler.JobStatus: App com.google.android.apps.photos became active but still in NEVER bucket
04-15 02:41:00.327  1383  1919 E JobScheduler.JobStatus: App com.google.android.apps.photos became active but still in NEVER bucket
04-15 02:41:00.327  1383  1919 E JobScheduler.JobStatus: App com.google.android.contacts became active but still in NEVER bucket
04-15 02:41:00.327 11327 11327 I gle.android.gms: AssetManager2(0xb4000079a80a9298) locale list changing from [en-US] to [en]
04-15 02:41:00.327  1383  1919 E JobScheduler.JobStatus: App com.google.android.contacts became active but still in NEVER bucket
04-15 02:41:00.327  1383  1919 E JobScheduler.JobStatus: App com.google.android.contacts became active but still in NEVER bucket
04-15 02:41:00.328  1383  1612 W PermissionService: getPermissionFlags: Unknown user -1
04-15 02:41:00.328  1383  1612 W PermissionService: getPermissionFlags: Unknown user -1
04-15 02:41:00.328  1383  1638 I libprocessgroup: Removed cgroup /sys/fs/cgroup/uid_10292/pid_20879
04-15 02:41:00.328  1383  1919 E JobScheduler.JobStatus: App com.google.android.contacts became active but still in NEVER bucket
04-15 02:41:00.328  1383  1919 E JobScheduler.JobStatus: App com.google.android.contacts became active but still in NEVER bucket
04-15 02:41:00.328  1383  1919 E JobScheduler.JobStatus: App com.google.android.contacts became active but still in NEVER bucket
04-15 02:41:00.328  4565  4565 D QSPanel : setUsingHorizontalLayout: false, true
04-15 02:41:00.328  4565  4565 D QSPanel : Reattaching media host: false, current com.android.systemui.qs.QSPanel{f2a9385 I.E...... ......ID 0,113-936,1490 #7f0a069f app:id/quick_settings_panel}, new com.android.systemui.qs.QSPanel{e86b74f V.E...... ......I. 0,0-0,0 #7f0a069f app:id/quick_settings_panel}
04-15 02:41:00.328  1383  1919 E JobScheduler.JobStatus: App com.google.android.contacts became active but still in NEVER bucket
04-15 02:41:00.328  5558  5586 I AiAiEcho: Settings changed for uri: content://settings/secure/default_input_method
04-15 02:41:00.328  1383  1919 E JobScheduler.JobStatus: App com.google.android.contacts became active but still in NEVER bucket
04-15 02:41:00.328  4565  4565 D QSPanel : setUsingHorizontalLayout: false, true
04-15 02:41:00.328  1383  1919 E JobScheduler.JobStatus: App com.google.android.contacts became active but still in NEVER bucket
04-15 02:41:00.328  4565  4565 D QSPanel : Reattaching media host: false, current com.android.systemui.qs.QSPanel{e86b74f V.E...... ......I. 0,0-0,0 #7f0a069f app:id/quick_settings_panel}, new com.android.systemui.qs.QSPanel{e86b74f V.E...... ......I. 0,0-0,0 #7f0a069f app:id/quick_settings_panel}
04-15 02:41:00.328  5558  5586 I AiAiEcho: Settings changed for uri: content://settings/secure/input_methods_subtype_history
04-15 02:41:00.328  1383  1919 E JobScheduler.JobStatus: App com.google.android.contacts became active but still in NEVER bucket
04-15 02:41:00.328  1383  1919 E JobScheduler.JobStatus: App com.google.android.contacts became active but still in NEVER bucket
04-15 02:41:00.328 14391 14391 I gs.intelligence: AssetManager2(0xb4000079a8061ad8) locale list changing from [en-US] to [en]
04-15 02:41:00.329  1383  1904 D SearchUiPerUserService: Removing callback for session Id=com.google.android.apps.nexuslauncher:b51875b4-367c-4669-a156-a39b8715eb0b,0 and callback=android.os.BinderProxy@fc1b920
04-15 02:41:00.329  1383  4767 D SearchUiPerUserService: Removing all callbacks for session Id=com.google.android.apps.nexuslauncher:b51875b4-367c-4669-a156-a39b8715eb0b,0 and 0 callbacks.
04-15 02:41:00.330  4981  4981 E RecyclerView: Cannot scroll to position a LayoutManager set. Call setLayoutManager with a non-null argument.
04-15 02:41:00.330  4981  4981 D AlphabeticalAppsList: Clearing FastScrollerSections.
04-15 02:41:00.330  4981  4981 D AlphabeticalAppsList: Adding apps with sections. HasPrivateApps: true
04-15 02:41:00.330  4981  4981 E RecyclerView: Cannot scroll to position a LayoutManager set. Call setLayoutManager with a non-null argument.
04-15 02:41:00.330  4981  4981 D DeviceSearchAlg: search timeout = %d200
04-15 02:41:00.330  4565  4565 D QuickQSPanel: setUsingHorizontalLayout: false, true
04-15 02:41:00.330  4565  4565 D QuickQSPanel: Reattaching media host: false, current com.android.systemui.qs.QuickQSPanel{1f225a6 VFE...... ......ID 0,113-936,455 #7f0a069d app:id/quick_qs_panel}, new com.android.systemui.qs.QuickQSPanel{c74c6ba VFE...... ......I. 0,0-0,0 #7f0a069d app:id/quick_qs_panel}
04-15 02:41:00.331  4981  4981 W PageIndicator: Total number of pages invalid: 0. Assuming 1 page.
04-15 02:41:00.331  4981  4981 W BcSmartspaceView: Current card is not present in the Adapter; cannot log.
04-15 02:41:00.331  4981  4981 D CellLayout: Adding view to ShortcutsAndWidgetsContainer: com.google.android.apps.nexuslauncher.qsb.SmartspaceViewContainer{5459b46 V.E...... ......I. 0,0-0,0 #7f0a0320 app:id/search_container_workspace}
04-15 02:41:00.332  4981  4981 D OverviewActionsView: updateActionButtonsVisibility() called: showSingleTaskActions = [true], showGroupActions = [false]
04-15 02:41:00.332  1383  1383 D SafetyCenterRefreshTrac: Starting a new refresh with reason: 400, and id: 9b7843fd-0ea9-4a13-b31c-ae06f6a8a331_1
04-15 02:41:00.332  1383  1383 V SafetyCenterBroadcastDi: Found receiver for intent targeting: com.android.vending, and user id: 0
04-15 02:41:00.333  1383  1383 V SafetyCenterRefreshTrac: Refresh with id: 9b7843fd-0ea9-4a13-b31c-ae06f6a8a331_1 started for source id: GooglePlayProtect, user id: 0, elapsed millis: 35950529, tracking: true, now 1 tracked sources in flight
04-15 02:41:00.333  1383  1383 V SafetyCenterRefreshTrac: Refresh with id: 9b7843fd-0ea9-4a13-b31c-ae06f6a8a331_1 started for source id: GooglePlaySystemUpdate, user id: 0, elapsed millis: 35950529, tracking: true, now 2 tracked sources in flight
04-15 02:41:00.333  1383  1383 W SafetyCenterBroadcastDi: No receiver for intent targeting: com.google.android.odad, and user id: 0
04-15 02:41:00.333  1383  1383 V SafetyCenterBroadcastDi: Found receiver for intent targeting: com.android.settings, and user id: 0
04-15 02:41:00.334  7479  7479 I oid.apps.photos: AssetManager2(0xb4000079a8065318) locale list changing from [en-US] to [en]
04-15 02:41:00.334  1383  1625 D ActivityManager: sync unfroze 12083 com.android.vending for 3
04-15 02:41:00.336 11327 11327 I gle.android.gms: AssetManager2(0xb4000079a8064cd8) locale list changing from [en-US] to [en]
04-15 02:41:00.338 11327 11327 I gle.android.gms: AssetManager2(0xb4000079a80a63b8) locale list changing from [en-US] to [en]
04-15 02:41:00.339  1383  1625 D ActivityManager: sync unfroze 12129 com.android.vending:background for 10
04-15 02:41:00.339 11327 11327 I gle.android.gms: AssetManager2(0xb4000079a809be18) locale list changing from [en-US] to [en]
04-15 02:41:00.340  7479  7479 I oid.apps.photos: AssetManager2(0xb4000079a805e8d8) locale list changing from [en-US] to [en]
04-15 02:41:00.341 14460 14460 I ndroid.contacts: AssetManager2(0xb4000079a8061ad8) locale list changing from [en-US] to [en]
04-15 02:41:00.343  1383  1615 V WindowManager: Unknown focus tokens, dropping reportFocusChanged
04-15 02:41:00.344  1383  1625 D ActivityManager: sync unfroze 12303 com.android.vending:instant_app_installer for 10
04-15 02:41:00.345  1383  1625 D ActivityManager: sync unfroze 13138 com.android.vending:quick_launch for 10
04-15 02:41:00.348  1383  1383 V SafetyCenterRefreshTrac: Refresh with id: 9b7843fd-0ea9-4a13-b31c-ae06f6a8a331_1 started for source id: AndroidLockScreen, user id: 0, elapsed millis: 35950544, tracking: true, now 3 tracked sources in flight
04-15 02:41:00.348  1383  1383 V SafetyCenterRefreshTrac: Refresh with id: 9b7843fd-0ea9-4a13-b31c-ae06f6a8a331_1 started for source id: AndroidBiometrics, user id: 0, elapsed millis: 35950544, tracking: true, now 4 tracked sources in flight
04-15 02:41:00.348  1383  1383 V SafetyCenterRefreshTrac: Refresh with id: 9b7843fd-0ea9-4a13-b31c-ae06f6a8a331_1 started for source id: AndroidPrivateSpace, user id: 0, elapsed millis: 35950544, tracking: true, now 5 tracked sources in flight
04-15 02:41:00.348  1383  1383 V SafetyCenterBroadcastDi: Found receiver for intent targeting: com.google.android.gms, and user id: 0
04-15 02:41:00.349 12083 12103 I Finsky  : [40] Stats for Executor: BlockingExecutor uzx@dd529ad[Running, pool size = 0, active threads = 0, queued tasks = 0, completed tasks = 213]
04-15 02:41:00.349  1383  1383 V SafetyCenterRefreshTrac: Refresh with id: 9b7843fd-0ea9-4a13-b31c-ae06f6a8a331_1 started for source id: GoogleAutoLock, user id: 0, elapsed millis: 35950545, tracking: true, now 6 tracked sources in flight
04-15 02:41:00.349  1383  1383 V SafetyCenterRefreshTrac: Refresh with id: 9b7843fd-0ea9-4a13-b31c-ae06f6a8a331_1 started for source id: GooglePasswordCheckup, user id: 0, elapsed millis: 35950546, tracking: false, now 6 tracked sources in flight
04-15 02:41:00.349 12083 12103 I Finsky  : [40] Stats for Executor: LightweightExecutor uzx@f43a4e2[Running, pool size = 4, active threads = 0, queued tasks = 0, completed tasks = 8390]
04-15 02:41:00.349  1383  1383 V SafetyCenterRefreshTrac: Refresh with id: 9b7843fd-0ea9-4a13-b31c-ae06f6a8a331_1 started for source id: GoogleFindMyDevice, user id: 0, elapsed millis: 35950546, tracking: true, now 7 tracked sources in flight
04-15 02:41:00.349  1383  1383 V SafetyCenterRefreshTrac: Refresh with id: 9b7843fd-0ea9-4a13-b31c-ae06f6a8a331_1 started for source id: GoogleRogueTag, user id: 0, elapsed millis: 35950546, tracking: false, now 7 tracked sources in flight
04-15 02:41:00.349  1383  1383 V SafetyCenterRefreshTrac: Refresh with id: 9b7843fd-0ea9-4a13-b31c-ae06f6a8a331_1 started for source id: GoogleSecurityUpdates, user id: 0, elapsed millis: 35950546, tracking: true, now 8 tracked sources in flight
04-15 02:41:00.349  1383  1383 V SafetyCenterRefreshTrac: Refresh with id: 9b7843fd-0ea9-4a13-b31c-ae06f6a8a331_1 started for source id: GoogleBackupAndRestore, user id: 0, elapsed millis: 35950546, tracking: false, now 8 tracked sources in flight
04-15 02:41:00.349 12083 12103 I Finsky  : [40] Stats for Executor: bgExecutor uzx@4d64073[Running, pool size = 4, active threads = 0, queued tasks = 0, completed tasks = 668]
04-15 02:41:00.349  1383  1383 V SafetyCenterBroadcastDi: Found receiver for intent targeting: com.android.phone, and user id: 0
04-15 02:41:00.351  4565  4565 E PhoneStatusBarView: mHasCornerCutoutFetcher unexpectedly null
04-15 02:41:00.351  4565  4565 E PhoneStatusBarView: mInsetsFetcher unexpectedly null
04-15 02:41:00.353  5558  5577 I AiAiEcho: Settings changed for uri: content://settings/secure/selected_input_method_subtype
04-15 02:41:00.354 11273 11679 I NearbyDiscovery: (REDACTED) FastPairHandler: Received action %s
04-15 02:41:00.355 11273 11679 I NearbyDiscovery: (REDACTED) FastPairHandler: evict memory cache due to %s
04-15 02:41:00.357  1079  1093 D RILClient: [OemClient]IND: (clientId = 0, msgId = 3005, dataLength = 24, channel = 0)
04-15 02:41:00.357  4832  4832 I SHANNON_IMS: 2221 [NETW] #:PURP:# UNSOL {RILC_UNSOL_IMS_SUPPORT_SERVICE} : VoPS : 0  EMC : 0  SIM_IDX : 0  RAT : 0  REG_STATE : 0  CELL_ID : 0  LAC/TAC : 0  PLMN :   (NetworkAdaptor$AdaptorChannel%onMessage:306)
04-15 02:41:00.358  4832  4832 I SHANNON_IMS: 2222 [CONN] #:ORNG:# supportService [VoPS : 0/ EMC : 0/ RAT_INFO : 0/ REG_STATE : 0/ CELL_ID : 0/ LAC-TAC Info : 0/ PLMN : ]  [SLID:0 ] (ImsConnectivityMgr$RegistrationListener%supportService:2888)
04-15 02:41:00.358 14460 14460 I ndroid.contacts: AssetManager2(0xb4000079a805dc58) locale list changing from [en-US] to [en]
04-15 02:41:00.363 12083 12083 I Finsky  : [2] Memory trim requested to level 40
04-15 02:41:00.363 12083 12083 I Finsky  : [2] Flushing in-memory image cache
04-15 02:41:00.363  4565  4565 I WeatherSmartspaceView: setFormattedContentDescription: text=51°F, iconDescription=Clear, contentDescription=Clear, 51°F
04-15 02:41:00.363  4565  4565 W WeatherData: Weather data did not parse from Bundle[{feedback_intent=null, explanation_intent=null, is_gaia_linked_data=true}]
04-15 02:41:00.363  4565  4565 W PageIndicator: Total number of pages invalid: 0. Assuming 1 page.
04-15 02:41:00.364  4981  4981 D KeyboardInsetsHandler: setState, toState:Normal StateManager(mLastStableState:Normal, mCurrentStableState:Normal, mState:Normal, mRestState:null, isInTransition:false)
04-15 02:41:00.364  4981  4981 W LoaderTask: LoaderTask#stopLocked:
04-15 02:41:00.364  4981  4981 W LoaderTask: java.lang.Exception
04-15 02:41:00.364  4981  4981 W LoaderTask: 	at com.android.launcher3.model.LoaderTask.stopLocked(go/retraceme d5c80b48af0d282d601e5cdc46ac8565fe09836976dde57719a33d5c4d1b02f3:6)
04-15 02:41:00.364  4981  4981 W LoaderTask: 	at com.android.launcher3.LauncherModel.stopLoader(go/retraceme d5c80b48af0d282d601e5cdc46ac8565fe09836976dde57719a33d5c4d1b02f3:11)
04-15 02:41:00.364  4981  4981 W LoaderTask: 	at com.android.launcher3.LauncherModel.startLoader(go/retraceme d5c80b48af0d282d601e5cdc46ac8565fe09836976dde57719a33d5c4d1b02f3:18)
04-15 02:41:00.364  4981  4981 W LoaderTask: 	at com.android.launcher3.LauncherModel.addCallbacksAndLoad(go/retraceme d5c80b48af0d282d601e5cdc46ac8565fe09836976dde57719a33d5c4d1b02f3:22)
04-15 02:41:00.364  4981  4981 W LoaderTask: 	at com.android.launcher3.Launcher.onCreate(go/retraceme d5c80b48af0d282d601e5cdc46ac8565fe09836976dde57719a33d5c4d1b02f3:336)
04-15 02:41:00.364  4981  4981 W LoaderTask: 	at com.android.launcher3.uioverrides.QuickstepLauncher.onCreate(go/retraceme d5c80b48af0d282d601e5cdc46ac8565fe09836976dde57719a33d5c4d1b02f3:1)
04-15 02:41:00.364  4981  4981 W LoaderTask: 	at com.google.android.apps.nexuslauncher.NexusLauncherActivity.onCreate(go/retraceme d5c80b48af0d282d601e5cdc46ac8565fe09836976dde57719a33d5c4d1b02f3:1)
04-15 02:41:00.364  4981  4981 W LoaderTask: 	at android.app.Activity.performCreate(Activity.java:9079)
04-15 02:41:00.364  4981  4981 W LoaderTask: 	at android.app.Activity.performCreate(Activity.java:9057)
04-15 02:41:00.364  4981  4981 W LoaderTask: 	at android.app.Instrumentation.callActivityOnCreate(Instrumentation.java:1531)
04-15 02:41:00.364  4981  4981 W LoaderTask: 	at android.app.ActivityThread.performLaunchActivity(ActivityThread.java:4188)
04-15 02:41:00.364  4981  4981 W LoaderTask: 	at android.app.ActivityThread.handleLaunchActivity(ActivityThread.java:4393)
04-15 02:41:00.364  4981  4981 W LoaderTask: 	at android.app.ActivityThread.handleRelaunchActivityInner(ActivityThread.java:6462)
04-15 02:41:00.364  4981  4981 W LoaderTask: 	at android.app.ActivityThread.handleRelaunchActivity(ActivityThread.java:6353)
04-15 02:41:00.364  4981  4981 W LoaderTask: 	at android.app.servertransaction.ActivityRelaunchItem.execute(ActivityRelaunchItem.java:106)
