--------- beginning of main
04-15 02:40:58.044 11327 11327 D BoundBrokerSvc: onBind: Intent { act=com.google.android.gms.autofill.operation.AutofillImeRegisterTaskBoundService.ACTION_TASK_READY dat=chimera-action:/... cmp=com.google.android.gms/.chimera.GmsInternalBoundBrokerService }
04-15 02:40:58.045 11327 11327 D BoundBrokerSvc: Loading bound service for intent: Intent { act=com.google.android.gms.autofill.operation.AutofillImeRegisterTaskBoundService.ACTION_TASK_READY dat=chimera-action:/... cmp=com.google.android.gms/.chimera.GmsInternalBoundBrokerService }
04-15 02:40:58.053 11273 20351 I NetworkScheduler.Stats: (REDACTED) Task %s/%s started execution. cause:%s exec_start_elapsed_seconds: %s
04-15 02:40:58.060 11327 16286 I AutofillImeRegisterTask: onRunTask(): AutofillImeRegisterTask running [CONTEXT service_id=177 ]
04-15 02:40:58.091 11327 16286 I AutofillImeRegisterTask: scheduleTask(): AutofillImeRegisterTask scheduled [CONTEXT service_id=177 ]
04-15 02:40:58.096 11273 20748 I NetworkScheduler.Stats: (REDACTED) Task %s/%s finished executing. cause:%s result: %s elapsed_millis: %s uptime_millis: %s exec_start_elapsed_seconds: %s
04-15 02:40:58.097 11327 11327 D BoundBrokerSvc: onUnbind: Intent { act=com.google.android.gms.autofill.operation.AutofillImeRegisterTaskBoundService.ACTION_TASK_READY dat=chimera-action:/... cmp=com.google.android.gms/.chimera.GmsInternalBoundBrokerService }
04-15 02:40:58.842  1383  1902 E AtomicFile: Failed to rename /data/system/install_sessions.xml.new to /data/system/install_sessions.xml
--------- beginning of system
04-15 02:40:58.918  1383  1673 V Configuration: Updating configuration, locales updated from [] to [en_US]
04-15 02:40:58.920  1383  1673 I system_server: AssetManager2(0xb4000079a81a1358) locale list changing from [] to [en-US]
04-15 02:40:59.154 20814 20814 I artd    : Starting artd
04-15 02:40:59.155 20814 20814 I AidlLazyServiceRegistrar: Registering service artd
04-15 02:40:59.157 20814 20814 I AidlLazyServiceRegistrar: Process has 1 (of 1 available) client(s) in use after notification artd has clients: 1
04-15 02:40:59.161 20814 20815 I artd    : Merge skipped because there are no existing profiles
04-15 02:40:59.162  1383  1673 I ArtService: Adjusting the compiler filter for 'com.google.wireless.qa.mobileharness.tool.android.language' from 'speed-profile' to 'verify' because there is no valid profile
04-15 02:40:59.182 20814 20815 I artd    : Dex parent of /data/app/~~3TN-DJpxzdoUPIyyMxPW1Q==/com.google.wireless.qa.mobileharness.tool.android.language-hPhuXQkFeLTWHG6hIIRSdA==/base.apk is not writable: Permission denied
04-15 02:40:59.182 20814 20815 I artd    : GetBestInfo checking odex in dalvik-cache (/data/dalvik-cache/arm64/data@app@~~3TN-DJpxzdoUPIyyMxPW1Q==@com.google.wireless.qa.mobileharness.tool.android.language-hPhuXQkFeLTWHG6hIIRSdA==@base.apk@classes.dex)
04-15 02:40:59.182 20814 20815 I artd    : Loading /data/dalvik-cache/arm64/data@app@~~3TN-DJpxzdoUPIyyMxPW1Q==@com.google.wireless.qa.mobileharness.tool.android.language-hPhuXQkFeLTWHG6hIIRSdA==@base.apk@classes.dex with executable: 0
04-15 02:40:59.182 20814 20815 I artd    : OatFileAssistant test for existing oat file /data/dalvik-cache/arm64/data@app@~~3TN-DJpxzdoUPIyyMxPW1Q==@com.google.wireless.qa.mobileharness.tool.android.language-hPhuXQkFeLTWHG6hIIRSdA==@base.apk@classes.dex: File /data/dalvik-cache/arm64/data@app@~~3TN-DJpxzdoUPIyyMxPW1Q==@com.google.wireless.qa.mobileharness.tool.android.language-hPhuXQkFeLTWHG6hIIRSdA==@base.apk@classes.vdex does not exist.
04-15 02:40:59.182 20814 20815 I artd    : GetBestInfo checking odex next to the dex file (/data/app/~~3TN-DJpxzdoUPIyyMxPW1Q==/com.google.wireless.qa.mobileharness.tool.android.language-hPhuXQkFeLTWHG6hIIRSdA==/oat/arm64/base.odex)
04-15 02:40:59.182 20814 20815 I artd    : Loading /data/app/~~3TN-DJpxzdoUPIyyMxPW1Q==/com.google.wireless.qa.mobileharness.tool.android.language-hPhuXQkFeLTWHG6hIIRSdA==/oat/arm64/base.odex with executable: 0
04-15 02:40:59.182 20814 20815 I artd    : OatFileAssistant test for existing oat file /data/app/~~3TN-DJpxzdoUPIyyMxPW1Q==/com.google.wireless.qa.mobileharness.tool.android.language-hPhuXQkFeLTWHG6hIIRSdA==/oat/arm64/base.odex: File /data/app/~~3TN-DJpxzdoUPIyyMxPW1Q==/com.google.wireless.qa.mobileharness.tool.android.language-hPhuXQkFeLTWHG6hIIRSdA==/oat/arm64/base.vdex does not exist.
04-15 02:40:59.183 20814 20815 I artd    : GetBestInfo checking vdex in dalvik-cache (/data/dalvik-cache/arm64/data@app@~~3TN-DJpxzdoUPIyyMxPW1Q==@com.google.wireless.qa.mobileharness.tool.android.language-hPhuXQkFeLTWHG6hIIRSdA==@base.apk@classes.vdex)
04-15 02:40:59.183 20814 20815 I artd    : unable to open vdex file /data/dalvik-cache/arm64/data@app@~~3TN-DJpxzdoUPIyyMxPW1Q==@com.google.wireless.qa.mobileharness.tool.android.language-hPhuXQkFeLTWHG6hIIRSdA==@base.apk@classes.vdex: File /data/dalvik-cache/arm64/data@app@~~3TN-DJpxzdoUPIyyMxPW1Q==@com.google.wireless.qa.mobileharness.tool.android.language-hPhuXQkFeLTWHG6hIIRSdA==@base.apk@classes.vdex does not exist.
04-15 02:40:59.183 20814 20815 I artd    : OatFileAssistant test for existing oat file /data/dalvik-cache/arm64/data@app@~~3TN-DJpxzdoUPIyyMxPW1Q==@com.google.wireless.qa.mobileharness.tool.android.language-hPhuXQkFeLTWHG6hIIRSdA==@base.apk@classes.vdex: File /data/dalvik-cache/arm64/data@app@~~3TN-DJpxzdoUPIyyMxPW1Q==@com.google.wireless.qa.mobileharness.tool.android.language-hPhuXQkFeLTWHG6hIIRSdA==@base.apk@classes.vdex does not exist.
04-15 02:40:59.183 20814 20815 I artd    : GetBestInfo checking vdex next to the dex file (/data/app/~~3TN-DJpxzdoUPIyyMxPW1Q==/com.google.wireless.qa.mobileharness.tool.android.language-hPhuXQkFeLTWHG6hIIRSdA==/oat/arm64/base.vdex)
04-15 02:40:59.183 20814 20815 I artd    : unable to open vdex file /data/app/~~3TN-DJpxzdoUPIyyMxPW1Q==/com.google.wireless.qa.mobileharness.tool.android.language-hPhuXQkFeLTWHG6hIIRSdA==/oat/arm64/base.vdex: File /data/app/~~3TN-DJpxzdoUPIyyMxPW1Q==/com.google.wireless.qa.mobileharness.tool.android.language-hPhuXQkFeLTWHG6hIIRSdA==/oat/arm64/base.vdex does not exist.
04-15 02:40:59.183 20814 20815 I artd    : OatFileAssistant test for existing oat file /data/app/~~3TN-DJpxzdoUPIyyMxPW1Q==/com.google.wireless.qa.mobileharness.tool.android.language-hPhuXQkFeLTWHG6hIIRSdA==/oat/arm64/base.vdex: File /data/app/~~3TN-DJpxzdoUPIyyMxPW1Q==/com.google.wireless.qa.mobileharness.tool.android.language-hPhuXQkFeLTWHG6hIIRSdA==/oat/arm64/base.vdex does not exist.
04-15 02:40:59.183 20814 20815 I artd    : GetBestInfo checking dm (/data/app/~~3TN-DJpxzdoUPIyyMxPW1Q==/com.google.wireless.qa.mobileharness.tool.android.language-hPhuXQkFeLTWHG6hIIRSdA==/base.dm)
04-15 02:40:59.183 20814 20815 W ziparchive: Unable to open '/data/app/~~3TN-DJpxzdoUPIyyMxPW1Q==/com.google.wireless.qa.mobileharness.tool.android.language-hPhuXQkFeLTWHG6hIIRSdA==/base.dm': No such file or directory
04-15 02:40:59.183 20814 20815 I artd    : OatFileAssistant test for existing oat file /data/app/~~3TN-DJpxzdoUPIyyMxPW1Q==/com.google.wireless.qa.mobileharness.tool.android.language-hPhuXQkFeLTWHG6hIIRSdA==/base.dm: I/O error
04-15 02:40:59.183 20814 20815 I artd    : GetBestInfo checking dm (/data/app/~~3TN-DJpxzdoUPIyyMxPW1Q==/com.google.wireless.qa.mobileharness.tool.android.language-hPhuXQkFeLTWHG6hIIRSdA==/base.dm)
04-15 02:40:59.183 20814 20815 W ziparchive: Unable to open '/data/app/~~3TN-DJpxzdoUPIyyMxPW1Q==/com.google.wireless.qa.mobileharness.tool.android.language-hPhuXQkFeLTWHG6hIIRSdA==/base.dm': No such file or directory
04-15 02:40:59.183 20814 20815 I artd    : OatFileAssistant test for existing oat file /data/app/~~3TN-DJpxzdoUPIyyMxPW1Q==/com.google.wireless.qa.mobileharness.tool.android.language-hPhuXQkFeLTWHG6hIIRSdA==/base.dm: I/O error
04-15 02:40:59.183 20814 20815 I artd    : GetBestInfo no usable artifacts
04-15 02:40:59.192 20814 20815 I artd    : Running dex2oat: /apex/com.android.art/bin/art_exec --drop-capabilities --set-task-profile=Dex2OatBootComplete --set-priority=background --keep-fds=6:7:8:9:10:11:12:13:14:15 -- /apex/com.android.art/bin/dex2oat64 --zip-fd=6 --zip-location=/data/app/~~3TN-DJpxzdoUPIyyMxPW1Q==/com.google.wireless.qa.mobileharness.tool.android.language-hPhuXQkFeLTWHG6hIIRSdA==/base.apk --oat-fd=7 --oat-location=/data/app/~~3TN-DJpxzdoUPIyyMxPW1Q==/com.google.wireless.qa.mobileharness.tool.android.language-hPhuXQkFeLTWHG6hIIRSdA==/oat/arm64/base.odex --output-vdex-fd=8 --swap-fd=9 --class-loader-context-fds=10:11:12:13:14:15 --class-loader-context=PCL[]{PCL[/system/framework/android.test.base.jar]#PCL[/system/framework/android.test.mock.jar]#PCL[/system/framework/org.apache.http.legacy.jar]#PCL[/system/framework/android.test.runner.jar]{PCL[/system/framework/android.test.base.jar]#PCL[/system/framework/android.test.mock.jar]}} --classpath-dir=/data/app/~~3TN-DJpxzdoUPIyyMxPW1Q==/com.google.wireless.qa.mobileharness.tool.android.language-hPhuXQkFeLTWHG6hIIRSdA== --instruction-set=arm64 --instruction-set-features=default --instruction-set-variant=cortex-a55 --compiler-filter=verify --compilation-reason=install --compact-dex-level=none --max-image-block-size=524288 --resolve-startup-const-strings=true --generate-mini-debug-info --runtime-arg -Xtarget-sdk-version:19 --runtime-arg -Xhidden-api-policy:enabled --runtime-arg -Xms64m --runtime-arg -Xmx512m --comments=app-name:com.google.wireless.qa.mobileharness.tool.android.language,app-version-name:1.0.5,app-version-code:5,art-version:351110180
04-15 02:40:59.192 20814 20815 I artd    : Opened FDs: 6:/data/app/~~3TN-DJpxzdoUPIyyMxPW1Q==/com.google.wireless.qa.mobileharness.tool.android.language-hPhuXQkFeLTWHG6hIIRSdA==/base.apk 7:/data/app/~~3TN-DJpxzdoUPIyyMxPW1Q==/com.google.wireless.qa.mobileharness.tool.android.language-hPhuXQkFeLTWHG6hIIRSdA==/oat/arm64/base.odex.grFHep.tmp 8:/data/app/~~3TN-DJpxzdoUPIyyMxPW1Q==/com.google.wireless.qa.mobileharness.tool.android.language-hPhuXQkFeLTWHG6hIIRSdA==/oat/arm64/base.vdex.IClmeo.tmp 9:/data/app/~~3TN-DJpxzdoUPIyyMxPW1Q==/com.google.wireless.qa.mobileharness.tool.android.language-hPhuXQkFeLTWHG6hIIRSdA==/oat/arm64/base.odex.swap.E9IbqZ.tmp 10:/system/framework/android.test.runner.jar 11:/system/framework/android.test.mock.jar 12:/system/framework/android.test.base.jar 13:/system/framework/org.apache.http.legacy.jar 14:/system/framework/android.test.mock.jar 15:/system/framework/android.test.base.jar 
04-15 02:40:59.250 20817 20817 W dex2oat64: Obsolete flag --compact-dex-level ignored
04-15 02:40:59.253 20817 20817 W dex2oat64: Mismatch between dex2oat instruction set features to use (ISA: Arm64 Feature string: -a53,crc,lse,fp16,dotprod,-sve) and those from CPP defines (ISA: Arm64 Feature string: -a53,-crc,-lse,-fp16,-dotprod,-sve) for the command line:
04-15 02:40:59.253 20817 20817 W dex2oat64: /apex/com.android.art/bin/dex2oat64 --zip-fd=6 --zip-location=/data/app/~~3TN-DJpxzdoUPIyyMxPW1Q==/com.google.wireless.qa.mobileharness.tool.android.language-hPhuXQkFeLTWHG6hIIRSdA==/base.apk --oat-fd=7 --oat-location=/data/app/~~3TN-DJpxzdoUPIyyMxPW1Q==/com.google.wireless.qa.mobileharness.tool.android.language-hPhuXQkFeLTWHG6hIIRSdA==/oat/arm64/base.odex --output-vdex-fd=8 --swap-fd=9 --class-loader-context-fds=10:11:12:13:14:15 --class-loader-context=PCL[]{PCL[/system/framework/android.test.base.jar]#PCL[/system/framework/android.test.mock.jar]#PCL[/system/framework/org.apache.http.legacy.jar]#PCL[/system/framework/android.test.runner.jar]{PCL[/system/framework/android.test.base.jar]#PCL[/system/framework/android.test.mock.jar]}} --classpath-dir=/data/app/~~3TN-DJpxzdoUPIyyMxPW1Q==/com.google.wireless.qa.mobileharness.tool.android.language-hPhuXQkFeLTWHG6hIIRSdA== --instruction-set=arm64 --instruction-set-features=default --instruction-set-variant=cortex-a55 --compiler-filter=verify --compilation-reason=install --compact-dex-level=none --max-image-block-size=524288 --resolve-startup-const-strings=true --generate-mini-debug-info --runtime-arg -Xtarget-sdk-version:19 --runtime-arg -Xhidden-api-policy:enabled --runtime-arg -Xms64m --runtime-arg -Xmx512m --comments=app-name:com.google.wireless.qa.mobileharness.tool.android.language,app-version-name:1.0.5,app-version-code:5,art-version:351110180
04-15 02:40:59.253 20817 20817 I dex2oat64: /apex/com.android.art/bin/dex2oat64 --output-vdex-fd=8 --class-loader-context-fds=10:11:12:13:14:15 --class-loader-context=PCL[]{PCL[/system/framework/android.test.base.jar]#PCL[/system/framework/android.test.mock.jar]#PCL[/system/framework/org.apache.http.legacy.jar]#PCL[/system/framework/android.test.runner.jar]{PCL[/system/framework/android.test.base.jar]#PCL[/system/framework/android.test.mock.jar]}} --classpath-dir=/data/app/~~3TN-DJpxzdoUPIyyMxPW1Q==/com.google.wireless.qa.mobileharness.tool.android.language-hPhuXQkFeLTWHG6hIIRSdA== --compiler-filter=verify --compilation-reason=install --compact-dex-level=none --max-image-block-size=524288 --resolve-startup-const-strings=true --generate-mini-debug-info --comments=app-name:com.google.wireless.qa.mobileharness.tool.android.language,app-version-name:1.0.5,app-version-code:5,art-version:351110180
04-15 02:40:59.332 20817 20817 I dex2oat64: Using CollectorTypeCMC GC.
04-15 02:40:59.680 20817 20817 I dex2oat64: dex2oat took 431.276ms (759.903ms cpu) (threads: 9) arena alloc=0B (0B) java alloc=2902KB (2971680B) native alloc=1942KB (1988752B) free=1973KB (2021344B)
04-15 02:40:59.710 20814 20815 I artd    : dex2oat returned code 0
04-15 02:40:59.718  1383  1673 I ArtService: Dexopt result: [packageName = com.google.wireless.qa.mobileharness.tool.android.language] DexContainerFileDexoptResult{dexContainerFile=/data/app/~~3TN-DJpxzdoUPIyyMxPW1Q==/com.google.wireless.qa.mobileharness.tool.android.language-hPhuXQkFeLTWHG6hIIRSdA==/base.apk, primaryAbi=true, abi=arm64-v8a, actualCompilerFilter=verify, status=PERFORMED, dex2oatWallTimeMillis=515, dex2oatCpuTimeMillis=830, sizeBytes=5449884, sizeBeforeBytes=0, extendedStatusFlags=[]}
04-15 02:40:59.721  1383 20829 W FileUtils: Failed to chmod(/data/system/package-usage.list): android.system.ErrnoException: chmod failed: ENOENT (No such file or directory)
04-15 02:40:59.727  1383  1673 W PackageManager: User 0 is not ready. Restore at install didn't take place.
04-15 02:40:59.733  1383  1673 I AppsFilter: interaction: PackageSetting{2382541 com.google.android.microdroid.empty_payload/10272} -> PackageSetting{e49eb05 com.google.wireless.qa.mobileharness.tool.android.language/10292} BLOCKED
04-15 02:40:59.736  1383  4528 D BackgroundInstallControlService: Package event received: 1
04-15 02:40:59.737  1383  1673 D PackageInstallerSession: Marking session 615521262 as applied
04-15 02:40:59.743  4981  5056 D SessionCommitReceiver: Removing unneeded PromiseIcon for package: com.google.wireless.qa.mobileharness.tool.android.language, install reason: 0, alreadyAddedPromiseIcon: false
04-15 02:40:59.749  1383  1951 I system_server: AssetManager2(0xb4000079a81a1358) locale list changing from [] to [en-US]
04-15 02:40:59.751  1383  1951 I system_server: AssetManager2(0xb4000079a809ab58) locale list changing from [] to [en-US]
04-15 02:40:59.752  1383  1955 I system_server: AssetManager2(0xb4000079a819a5f8) locale list changing from [] to [en-US]
04-15 02:40:59.753  1383  1623 I CredentialManager: CredentialManagerServiceImpl constructed for: com.google.android.gms/com.google.android.gms.auth.api.credentials.credman.service.PasswordAndPasskeyService
04-15 02:40:59.753  1383  1623 I CredentialManager: newServiceInfoLocked, mInfo null, com.google.android.gms/com.google.android.gms.auth.api.credentials.credman.service.PasswordAndPasskeyService
04-15 02:40:59.754  1383  1615 I system_server: AssetManager2(0xb4000079a819af58) locale list changing from [] to [en-US]
04-15 02:40:59.754  1383  4527 D ShortcutService: received package broadcast intent: Intent { act=android.intent.action.PACKAGE_CHANGED dat=package: flg=0x45000010 (has extras) }
04-15 02:40:59.754  1383  4527 D ShortcutService: changing package: com.google.android.gms userId=0
04-15 02:40:59.755  1383  1383 V ConditionProviders: enabling condition provider for 0: ComponentInfo{com.google.android.apps.wellbeing/com.google.android.apps.wellbeing.azr.impl.AzrConditionProviderService}
04-15 02:40:59.755  1383  1383 V ConditionProviders: Not registering ComponentInfo{com.google.android.apps.wellbeing/com.google.android.apps.wellbeing.azr.impl.AzrConditionProviderService} is already bound
04-15 02:40:59.756  4884  4884 D CarrierSvcBindHelper: onPackageModified: com.google.android.gms
04-15 02:40:59.757  1383  1955 I system_server: AssetManager2(0xb4000079a80a82f8) locale list changing from [] to [en-US]
04-15 02:40:59.757  4884  5130 D EuiccConnector: handleMessage: E msg.what=1
04-15 02:40:59.757  4884  5130 D EuiccConnector: processMsg: AvailableState
04-15 02:40:59.757  4884  5130 D EuiccConnector: processMsg: UnavailableState
04-15 02:40:59.758  4884  5130 D EuiccConnector: transitionTo: destState=AvailableState
04-15 02:40:59.759  4884  4884 D CarrierSvcBindHelper: No carrier app for: 0
04-15 02:40:59.759  4884  4884 D CarrierSvcBindHelper: No carrier app for: 1
04-15 02:40:59.760  5558  5558 I AiAiEcho: AppFetcherImpl onPackageChanged com.google.android.gms.
04-15 02:40:59.760  4981  5056 D PackageUpdatedTask: Package updated: mOp=UPDATE packages=[com.google.android.gms], user=UserHandle{0}
04-15 02:40:59.761  5599  5599 I RegisteredComponentCache: New Components => 
04-15 02:40:59.761  5599  5599 I RegisteredComponentCache: ComponentInfo: ResolveInfo{cded68e com.google.android.tag/com.android.apps.tag.TagViewer m=0x108000 userHandle=UserHandle{0}}, techs: android.nfc.tech.Ndef, 
04-15 02:40:59.761  5599  5599 I RegisteredComponentCache: Removed Components => 
04-15 02:40:59.761  5599  5599 I RegisteredComponentCache: ComponentInfo: ResolveInfo{54c8053 com.google.android.tag/com.android.apps.tag.TagViewer m=0x108000 userHandle=UserHandle{0}}, techs: android.nfc.tech.Ndef, 
04-15 02:40:59.762  1383  1933 I RoleService: Granting default roles...
04-15 02:40:59.762  4884  5130 D EuiccConnector: handleMessage: new destination call exit/enter
04-15 02:40:59.762  4884  5130 D EuiccConnector: setupTempStateStackWithStatesToEnter: X mTempStateStackCount=1,curStateInfo: state=UnavailableState,active=true,parent=null
04-15 02:40:59.762  4884  5130 D EuiccConnector: invokeExitMethods: AvailableState
04-15 02:40:59.762  4884  5130 D EuiccConnector: moveTempStackToStateStack: i=0,j=1
04-15 02:40:59.762  4884  5130 D EuiccConnector: moveTempStackToStateStack: X mStateStackTop=1,startingIndex=1,Top=AvailableState
04-15 02:40:59.762  4884  5130 D EuiccConnector: invokeEnterMethods: AvailableState
04-15 02:40:59.762  4884  5130 D EuiccConnector: handleMessage: X
04-15 02:40:59.762  5558 20834 I AiAiEcho: AppIndexer Package:[com.google.android.gms] UserProfile:[0] Enabled:[true].
04-15 02:40:59.762  4981  5056 D LauncherApps: getActivityList: No launchable activities found forpackageName=com.google.android.gms, user=UserHandle{0}
04-15 02:40:59.762  5558 20834 I AiAiEcho: AppFetcherImplV2 updateApps package:[com.google.android.gms], userId:[0], reason:[package is updated.].
04-15 02:40:59.763  4981  5056 D LauncherApps: getActivityList: No launchable activities found forpackageName=com.google.android.gms, user=UserHandle{0}
04-15 02:40:59.763  4981  5056 W AllAppsList: updatePackage: no Activities matched updated package, removing any AppInfo with package=com.google.android.gms, user=UserHandle{0}
04-15 02:40:59.763  4884  5130 D EuiccConnector: handleMessage: E msg.what=103
04-15 02:40:59.763  4884  5130 D EuiccConnector: processMsg: AvailableState
04-15 02:40:59.763  4884  5130 D EuiccConnector: deferMessage: msg=103
04-15 02:40:59.763  4884  5130 D EuiccConnector: transitionTo: destState=BindingState
04-15 02:40:59.763  4884  5130 D EuiccConnector: handleMessage: new destination call exit/enter
04-15 02:40:59.763  4884  5130 D EuiccConnector: setupTempStateStackWithStatesToEnter: X mTempStateStackCount=1,curStateInfo: null
04-15 02:40:59.764  4884  5130 D EuiccConnector: invokeExitMethods: AvailableState
04-15 02:40:59.764  4884  5130 D EuiccConnector: invokeExitMethods: UnavailableState
04-15 02:40:59.764  4884  5130 D EuiccConnector: moveTempStackToStateStack: i=0,j=0
04-15 02:40:59.764  4884  5130 D EuiccConnector: moveTempStackToStateStack: X mStateStackTop=0,startingIndex=0,Top=BindingState
04-15 02:40:59.764  4884  5130 D EuiccConnector: invokeEnterMethods: BindingState
04-15 02:40:59.764  5558 20834 D LauncherApps: getActivityList: No launchable activities found forpackageName=com.google.android.gms, user=UserHandle{0}
04-15 02:40:59.764  4884  4884 E SmsApplication: com.google.android.apps.messaging lost android:read_cell_broadcasts:  (fixing)
04-15 02:40:59.764  1383  1521 W AppOpService: Ignored setUidMode call for runtime permission app op: uid = 10175, code = READ_CELL_BROADCASTS, mode = allow, callingUid = 1001, oldMode = allow
04-15 02:40:59.764  1383  1955 I system_server: AssetManager2(0xb4000079a81a8a18) locale list changing from [] to [en-US]
04-15 02:40:59.765  5599  5599 E ApduServiceInfo: Not adding <aid-group> with empty or invalid AIDs
04-15 02:40:59.766  1383  4713 E RoleControllerServiceImpl: Default/fallback role holder package doesn't qualify for the role, package: com.google.android.retaildemo, role: android.app.role.RETAIL_DEMO
04-15 02:40:59.766  5599  5599 D RegisteredServicesCache: invalidate : 0
04-15 02:40:59.766  1383  4713 E RoleControllerServiceImpl: Default/fallback role holder package doesn't qualify for the role, package: com.google.android.gms.supervision, role: android.app.role.SYSTEM_SUPERVISION
04-15 02:40:59.767  5599  5599 I RegisteredServicesCache: current user: 0, is managed profile : false
04-15 02:40:59.767  5599  5599 I RegisteredServicesCache: New Other Services => 
04-15 02:40:59.767  5599  5599 I RegisteredServicesCache: Removed Other Services => 
04-15 02:40:59.767  5599  5599 D RegisteredAidCache: onServicesUpdated
04-15 02:40:59.767  5599  5599 D RegisteredAidCache: generateAidCacheLocked: starting with aid 325041592E5359532E4444463031
04-15 02:40:59.767  5599  5599 D RegisteredAidCache: Exact AID, resolving.
04-15 02:40:59.767  5599  5599 D RegisteredAidCache: resolveAidLocked: DECISION: routing to default wallet com.google.android.gms
04-15 02:40:59.767  5599  5599 D RegisteredAidCache: AIDs: [325041592E5359532E4444463031] were resolved.
04-15 02:40:59.767  5599  5599 D RegisteredAidCache: generateAidCacheLocked: starting with aid 4F53452E5641532E3031
04-15 02:40:59.767  5599  5599 D RegisteredAidCache: Exact AID, resolving.
04-15 02:40:59.767  5599  5599 D RegisteredAidCache: resolveAidLocked: DECISION: routing to default wallet com.google.android.gms
04-15 02:40:59.767  5599  5599 D RegisteredAidCache: AIDs: [4F53452E5641532E3031] were resolved.
04-15 02:40:59.767  5599  5599 D RegisteredAidCache: generateAidCacheLocked: starting with aid A000000476B00003
04-15 02:40:59.767  5599  5599 D RegisteredAidCache: Exact AID, resolving.
04-15 02:40:59.767  5599  5599 D RegisteredAidCache: resolveAidLocked: DECISION: routing to default wallet com.google.android.gms
04-15 02:40:59.767  5599  5599 D RegisteredAidCache: AIDs: [A000000476B00003] were resolved.
04-15 02:40:59.767  5599  5599 D RegisteredAidCache: generateAidCacheLocked: starting with aid A000000476D0000111
04-15 02:40:59.767  5599  5599 D RegisteredAidCache: Exact AID, resolving.
04-15 02:40:59.767  5599  5599 D RegisteredAidCache: resolveAidLocked: DECISION: routing to default wallet com.google.android.gms
04-15 02:40:59.767  5599  5599 D RegisteredAidCache: AIDs: [A000000476D0000111] were resolved.
04-15 02:40:59.767  5599  5599 D RegisteredAidCache: generateAidCacheLocked: starting with aid A000000809434343444B467631
04-15 02:40:59.767  5599  5599 D RegisteredAidCache: Exact AID, resolving.
04-15 02:40:59.767  5599  5599 D RegisteredAidCache: resolveAidLocked: DECISION: routing to default wallet com.google.android.gms
04-15 02:40:59.767  5599  5599 D RegisteredAidCache: AIDs: [A000000809434343444B467631] were resolved.
04-15 02:40:59.767  5599  5599 D RegisteredAidCache: generateAidCacheLocked: starting with aid F00000FE2C
04-15 02:40:59.767  5599  5599 D RegisteredAidCache: Exact AID, resolving.
04-15 02:40:59.767  5599  5599 D RegisteredAidCache: resolveAidLocked: DECISION: routing to default wallet com.google.android.gms
04-15 02:40:59.767  5599  5599 D RegisteredAidCache: AIDs: [F00000FE2C] were resolved.
04-15 02:40:59.767  5599  5599 D RegisteredAidCache: Exact or Prefix AID.F00000FE2C
04-15 02:40:59.767  5599  5599 D RegisteredAidCache: AIDs: [F00000FE2C] were resolved.
04-15 02:40:59.767  5599  5599 D RegisteredAidCache: Exact or Prefix AID.A000000809434343444B467631
04-15 02:40:59.767  5599  5599 D RegisteredAidCache: AIDs: [A000000809434343444B467631] were resolved.
04-15 02:40:59.767  5599  5599 D RegisteredAidCache: Exact or Prefix AID.A000000476D0000111
04-15 02:40:59.767  1383  4528 D BackgroundInstallControlService: Package event received: 0
04-15 02:40:59.767  5599  5599 D RegisteredAidCache: AIDs: [A000000476D0000111] were resolved.
04-15 02:40:59.767  5599  5599 D RegisteredAidCache: Exact or Prefix AID.A000000476B00003
04-15 02:40:59.767  5599  5599 D RegisteredAidCache: AIDs: [A000000476B00003] were resolved.
04-15 02:40:59.767  5599  5599 D RegisteredAidCache: Exact or Prefix AID.4F53452E5641532E3031
04-15 02:40:59.767  5599  5599 D RegisteredAidCache: AIDs: [4F53452E5641532E3031] were resolved.
04-15 02:40:59.767  5599  5599 D RegisteredAidCache: Exact or Prefix AID.325041592E5359532E4444463031
04-15 02:40:59.767  5599  5599 D RegisteredAidCache: AIDs: [325041592E5359532E4444463031] were resolved.
04-15 02:40:59.767  5599  5599 D RegisteredAidCache: aid cache entry325041592E5359532E4444463031 val:AidResolveInfo{services=[ApduService: ComponentInfo{com.google.android.gms/com.google.android.gms.tapandpay.hce.service.TpHceService}, UID: 10179, description: Google Pay, Static AID Groups: Category: payment, AIDs:325041592E5359532E4444463031, , Dynamic AID Groups: ], defaultService=ApduService: ComponentInfo{com.google.android.gms/com.google.android.gms.tapandpay.hce.service.TpHceService}, UID: 10179, description: Google Pay, Static AID Groups: Category: payment, AIDs:325041592E5359532E4444463031, , Dynamic AID Groups: , category='payment', mustRoute=true}
04-15 02:40:59.767  5599  5599 D RegisteredAidCache: aid cache entry4F53452E5641532E3031 val:AidResolveInfo{services=[ApduService: ComponentInfo{com.google.android.gms/com.google.android.gms.pay.hce.service.PayHceService}, UID: 10179, description: Google Wallet, Static AID Groups: , Dynamic AID Groups: Category: other, AIDs:4F53452E5641532E3031, A000000476D0000111, ], defaultService=ApduService: ComponentInfo{com.google.android.gms/com.google.android.gms.pay.hce.service.PayHceService}, UID: 10179, description: Google Wallet, Static AID Groups: , Dynamic AID Groups: Category: other, AIDs:4F53452E5641532E3031, A000000476D0000111, , category='other', mustRoute=true}
04-15 02:40:59.767  5599  5599 D RegisteredAidCache: aid cache entryA000000476B00003 val:AidResolveInfo{services=[ApduService: ComponentInfo{com.google.android.gms/com.google.android.gms.fido.fido2.ui.hybrid.NfcEmulationService}, UID: 10179, description: Fido NFC Emulation Service, Static AID Groups: Category: other, AIDs:A000000476B00003, , Dynamic AID Groups: ], defaultService=ApduService: ComponentInfo{com.google.android.gms/com.google.android.gms.fido.fido2.ui.hybrid.NfcEmulationService}, UID: 10179, description: Fido NFC Emulation Service, Static AID Groups: Category: other, AIDs:A000000476B00003, , Dynamic AID Groups: , category='other', mustRoute=true}
04-15 02:40:59.767  5599  5599 D RegisteredAidCache: aid cache entryA000000476D0000111 val:AidResolveInfo{services=[ApduService: ComponentInfo{com.google.android.gms/com.google.android.gms.pay.hce.service.PayHceService}, UID: 10179, description: Google Wallet, Static AID Groups: , Dynamic AID Groups: Category: other, AIDs:4F53452E5641532E3031, A000000476D0000111, ], defaultService=ApduService: ComponentInfo{com.google.android.gms/com.google.android.gms.pay.hce.service.PayHceService}, UID: 10179, description: Google Wallet, Static AID Groups: , Dynamic AID Groups: Category: other, AIDs:4F53452E5641532E3031, A000000476D0000111, , category='other', mustRoute=true}
04-15 02:40:59.767  5599  5599 D RegisteredAidCache: aid cache entryA000000809434343444B467631 val:AidResolveInfo{services=[ApduService: ComponentInfo{com.google.android.gms/com.google.android.gms.dck.service.DckNfcApduService}, UID: 10179, description: Android Digital Car Key (System Service), Static AID Groups: Category: other, AIDs:A000000809434343444B467631, , Dynamic AID Groups: ], defaultService=ApduService: ComponentInfo{com.google.android.gms/com.google.android.gms.dck.service.DckNfcApduService}, UID: 10179, description: Android Digital Car Key (System Service), Static AID Groups: Category: other, AIDs:A000000809434343444B467631, , Dynamic AID Groups: , category='other', mustRoute=true}
04-15 02:40:59.767  5599  5599 D RegisteredAidCache: aid cache entryF00000FE2C val:AidResolveInfo{services=[ApduService: ComponentInfo{com.google.android.gms/com.google.android.gms.nearby.mediums.nearfieldcommunication.NfcAdvertisingService}, UID: 10179, description: Nearby, Static AID Groups: Category: other, AIDs:F00000FE2C, , Dynamic AID Groups: ], defaultService=ApduService: ComponentInfo{com.google.android.gms/com.google.android.gms.nearby.mediums.nearfieldcommunication.NfcAdvertisingService}, UID: 10179, description: Nearby, Static AID Groups: Category: other, AIDs:F00000FE2C, , Dynamic AID Groups: , category='other', mustRoute=true}
04-15 02:40:59.767  5599  5599 D RegisteredAidCache: Not updating routing table because NFC is off.
04-15 02:40:59.768  5599  5599 E ApduServiceInfo: Not adding <aid-group> with empty or invalid AIDs
04-15 02:40:59.769  1383  4544 D ActivityManager: sync unfroze 20007 com.google.android.permissioncontroller for 6
04-15 02:40:59.769  5599  5599 I RegisteredServicesCache: New Services => 
04-15 02:40:59.769  5599  5599 D RegisteredServicesCache: ApduService: ComponentInfo{com.google.android.factoryota/com.google.android.factoryota.hce.HostCardEmulatorService}, UID: 10226, description: Factory OTA Mode, Static AID Groups: , Dynamic AID Groups: 
04-15 02:40:59.769  5599  5599 D RegisteredServicesCache: ApduService: ComponentInfo{com.google.android.gms/com.google.android.gms.tapandpay.hce.service.TpHceService}, UID: 10179, description: Google Pay, Static AID Groups: Category: payment, AIDs:325041592E5359532E4444463031, , Dynamic AID Groups: 
04-15 02:40:59.769  5599  5599 D RegisteredServicesCache: ApduService: ComponentInfo{com.google.android.gms/com.google.android.gms.nearby.mediums.nearfieldcommunication.NfcAdvertisingService}, UID: 10179, description: Nearby, Static AID Groups: Category: other, AIDs:F00000FE2C, , Dynamic AID Groups: 
04-15 02:40:59.769  5599  5599 D RegisteredServicesCache: ApduService: ComponentInfo{com.google.android.gms/com.google.android.gms.pay.hce.service.PayHceService}, UID: 10179, description: Google Wallet, Static AID Groups: , Dynamic AID Groups: Category: other, AIDs:4F53452E5641532E3031, A000000476D0000111, 
04-15 02:40:59.769  5599  5599 D RegisteredServicesCache: ApduService: ComponentInfo{com.google.android.gms/com.google.android.gms.dck.service.DckNfcApduService}, UID: 10179, description: Android Digital Car Key (System Service), Static AID Groups: Category: other, AIDs:A000000809434343444B467631, , Dynamic AID Groups: 
04-15 02:40:59.769  5599  5599 D RegisteredServicesCache: ApduService: ComponentInfo{com.google.android.gms/com.google.android.gms.fido.fido2.ui.hybrid.NfcEmulationService}, UID: 10179, description: Fido NFC Emulation Service, Static AID Groups: Category: other, AIDs:A000000476B00003, , Dynamic AID Groups: 
04-15 02:40:59.769  5599  5599 I RegisteredServicesCache: Removed Services => 
04-15 02:40:59.769  1383  4528 D BackgroundInstallControlService: Package event received: 0
04-15 02:40:59.770  5599  5599 D RegisteredNfcFServicesCache: invalidateCache
04-15 02:40:59.770  5599  5599 D RegisteredNfcFServicesCache: getInstalledServices
04-15 02:40:59.770  5599  5599 D RegisteredNfcFServicesCache: Service unchanged, not updating
04-15 02:40:59.770  4799  9931 D SecureElementService: getReaders() for com.android.nfc
04-15 02:40:59.772  1383  4679 W AppOpService: Ignored setUidMode call for runtime permission app op: uid = 1001, code = READ_SMS, mode = allow, callingUid = 1001, oldMode = allow
04-15 02:40:59.772  1383  4679 W AppOpService: Ignored setUidMode call for runtime permission app op: uid = 1001, code = RECEIVE_SMS, mode = allow, callingUid = 1001, oldMode = allow
04-15 02:40:59.772  1383  4679 W AppOpService: Ignored setUidMode call for runtime permission app op: uid = 1001, code = RECEIVE_WAP_PUSH, mode = allow, callingUid = 1001, oldMode = allow
04-15 02:40:59.772  1383  4679 W AppOpService: Ignored setUidMode call for runtime permission app op: uid = 1001, code = SEND_SMS, mode = allow, callingUid = 1001, oldMode = allow
04-15 02:40:59.773  1383  4679 W AppOpService: Ignored setUidMode call for runtime permission app op: uid = 1001, code = READ_CELL_BROADCASTS, mode = allow, callingUid = 1001, oldMode = allow
04-15 02:40:59.774  1383  4528 D BackgroundInstallControlService: Package event received: 0
04-15 02:40:59.775  1383  1623 I system_server: AssetManager2(0xb4000079a8147c18) locale list changing from [] to [en-US]
04-15 02:40:59.775  4799  9931 I SecureElement-Terminal-SIM2: isNfcEventAllowed: No access rules for checking.
04-15 02:40:59.776  4884  5267 D ImsResolver: maybeAddedImsService, packageName: com.google.android.gms
04-15 02:40:59.776  4884  5267 V ImsResolver: searchForImsServices: package=com.google.android.gms, users=[UserHandle{0}]
04-15 02:40:59.776  1383  1955 I system_server: AssetManager2(0xb4000079a8089218) locale list changing from [] to [en-US]
04-15 02:40:59.776  4884  5267 V ImsResolver: searchForImsServices: package=com.google.android.gms, users=[UserHandle{0}]
04-15 02:40:59.776  1383  1521 D ActivityManager: sync unfroze 5097 com.google.android.euicc for 6
04-15 02:40:59.777  1383  4528 D BackgroundInstallControlService: Package event received: 0
04-15 02:40:59.779  4884  5130 D EuiccConnector: transitionTo: destState=DisconnectedState
04-15 02:40:59.779  4884  5130 D EuiccConnector: moveDeferredMessageAtFrontOfQueue; what=103
04-15 02:40:59.779  4884  5130 D EuiccConnector: handleMessage: new destination call exit/enter
04-15 02:40:59.779  4884  5130 D EuiccConnector: setupTempStateStackWithStatesToEnter: X mTempStateStackCount=1,curStateInfo: null
04-15 02:40:59.779  1383  1955 I system_server: AssetManager2(0xb4000079a808f938) locale list changing from [] to [en-US]
04-15 02:40:59.779  4884  5130 D EuiccConnector: invokeExitMethods: BindingState
04-15 02:40:59.779  4884  5130 D EuiccConnector: moveTempStackToStateStack: i=0,j=0
04-15 02:40:59.779  4884  5130 D EuiccConnector: moveTempStackToStateStack: X mStateStackTop=0,startingIndex=0,Top=DisconnectedState
04-15 02:40:59.780  4884  5130 D EuiccConnector: invokeEnterMethods: DisconnectedState
04-15 02:40:59.780  4884  5130 D EuiccConnector: handleMessage: X
04-15 02:40:59.780  4884  5130 D EuiccConnector: handleMessage: E msg.what=103
04-15 02:40:59.780  4884  5130 D EuiccConnector: processMsg: DisconnectedState
04-15 02:40:59.780  4884  5130 D EuiccConnector: deferMessage: msg=103
04-15 02:40:59.780  4884  5130 D EuiccConnector: handleMessage: X
04-15 02:40:59.781  1383  4533 I SdkSandboxManager: No SDKs used. Skipping SDK data reconcilation for CallingInfo{mUid=10292, mPackageName='com.google.wireless.qa.mobileharness.tool.android.language, mAppProcessToken='null'}
04-15 02:40:59.782  1383  1383 D AppSearchAppsIndexerManagerS: userid in package receiver: 10292
04-15 02:40:59.782  1383  4527 D ShortcutService: received package broadcast intent: Intent { act=android.intent.action.PACKAGE_ADDED dat=package: flg=0x4000010 (has extras) }
04-15 02:40:59.782  1383  4527 D ShortcutService: adding package: com.google.wireless.qa.mobileharness.tool.android.language userId=0
04-15 02:40:59.783  1383  1623 I system_server: AssetManager2(0xb4000079a8159878) locale list changing from [] to [en-US]
04-15 02:40:59.783  4884  4884 E SmsApplication: com.google.android.apps.messaging lost android:read_cell_broadcasts:  (fixing)
04-15 02:40:59.784  1383  6567 W AppOpService: Ignored setUidMode call for runtime permission app op: uid = 10175, code = READ_CELL_BROADCASTS, mode = allow, callingUid = 1001, oldMode = allow
04-15 02:40:59.785  1383  1383 D TransparencyService: Not an update. Skipping...
04-15 02:40:59.785  1383  6567 W AppOpService: Ignored setUidMode call for runtime permission app op: uid = 1001, code = READ_SMS, mode = allow, callingUid = 1001, oldMode = allow
04-15 02:40:59.786  1383  6567 W AppOpService: Ignored setUidMode call for runtime permission app op: uid = 1001, code = RECEIVE_SMS, mode = allow, callingUid = 1001, oldMode = allow
04-15 02:40:59.786  4884  5130 D EuiccConnector: handleMessage: E msg.what=1
04-15 02:40:59.786  1383  6567 W AppOpService: Ignored setUidMode call for runtime permission app op: uid = 1001, code = RECEIVE_WAP_PUSH, mode = allow, callingUid = 1001, oldMode = allow
04-15 02:40:59.786  4884  5130 D EuiccConnector: processMsg: DisconnectedState
04-15 02:40:59.786  1383  6567 W AppOpService: Ignored setUidMode call for runtime permission app op: uid = 1001, code = SEND_SMS, mode = allow, callingUid = 1001, oldMode = allow
04-15 02:40:59.786  1383  6567 W AppOpService: Ignored setUidMode call for runtime permission app op: uid = 1001, code = READ_CELL_BROADCASTS, mode = allow, callingUid = 1001, oldMode = allow
04-15 02:40:59.789  1383  1955 I system_server: AssetManager2(0xb4000079a80a4158) locale list changing from [] to [en-US]
04-15 02:40:59.790  5599  5599 I RegisteredComponentCache: New Components => 
04-15 02:40:59.790  5599  5599 I RegisteredComponentCache: ComponentInfo: ResolveInfo{7f1d552 com.google.android.tag/com.android.apps.tag.TagViewer m=0x108000 userHandle=UserHandle{0}}, techs: android.nfc.tech.Ndef, 
04-15 02:40:59.790  5599  5599 I RegisteredComponentCache: Removed Components => 
04-15 02:40:59.790  5599  5599 I RegisteredComponentCache: ComponentInfo: ResolveInfo{cded68e com.google.android.tag/com.android.apps.tag.TagViewer m=0x108000 userHandle=UserHandle{0}}, techs: android.nfc.tech.Ndef, 
04-15 02:40:59.790  1383  1955 W MagnificationConnectionManager: requestConnection duplicated request: connect=false, mConnectionState=DISCONNECTED
04-15 02:40:59.792  1383  1625 D ActivityManager: sync unfroze 9409 com.google.android.packageinstaller for 3
04-15 02:40:59.793  5097  5097 I EuiccGoogle: [2] NetworkFetcher.getFirstActiveEuiccSlotId: isRemovableEsimDefault: false
04-15 02:40:59.794  5558  5586 I AiAiEcho: Settings changed for uri: content://settings/secure/accessibility_enabled
04-15 02:40:59.794  4884  5130 D EuiccConnector: handleMessage: X
04-15 02:40:59.795  5558  5979 I AiAiEcho: Predicting[4]: { Feature:1, creation:2026-04-15T08:00:00Z, expiry:2026-04-15T09:00:00Z, isExpired: true}, { Feature:1, creation:2026-04-15T09:00:00Z, expiry:2026-04-15T10:00:00Z, isExpired: false}, { Feature:1, creation:2026-04-15T10:00:00Z, expiry:2026-04-15T10:00:00Z, isExpired: true}, { Feature:1, creation:2026-04-15T11:00:00Z, expiry:2026-04-15T11:00:00Z, isExpired: true} [CONTEXT sampling_count=5 ]
04-15 02:40:59.795  1383  1623 I system_server: AssetManager2(0xb4000079a807bd98) locale list changing from [] to [en-US]
04-15 02:40:59.796  5558  5979 I AiAiEcho: EchoTargets: Feature:1
04-15 02:40:59.796  5558  5979 I AiAiEcho: Filtered by AiAi flag check: 
04-15 02:40:59.796  5558  5979 I AiAiEcho: [CONTEXT ratelimit_period="10 SECONDS" ]
04-15 02:40:59.796  5558  5979 I AiAiEcho: Ranked targets strategy: SORT, count: 1, ranking metadata: { cardId: WEATHER-569377247, card type: 1, update time: 2026-04-15T09:00:00Z, expiration time: 2026-04-15T10:00:00Z, ranking metadata: RankingMetaData(urgency=0.0, priority=0.0, recency=0.0, rankScore=0.0, importantTimePoints=# vfc@7bca4) } [CONTEXT ratelimit_period="10 SECONDS" ]
04-15 02:40:59.799  5558  5979 I AiAiEcho: #remoteViewsTwiddler: feature disabled.
04-15 02:40:59.799  4884  4884 D CarrierSvcBindHelper: onPackageAdded: com.google.wireless.qa.mobileharness.tool.android.language
04-15 02:40:59.799  5097  5097 I EuiccGoogle: [2] EuiccServiceImpl.onCreate: onCreate DSDS mode: simCardState is 11
04-15 02:40:59.800  5558  5979 I AiAiEcho: Predicting[4]: { Feature:1, creation:2026-04-15T08:00:00Z, expiry:2026-04-15T09:00:00Z, isExpired: true}, { Feature:1, creation:2026-04-15T09:00:00Z, expiry:2026-04-15T10:00:00Z, isExpired: false}, { Feature:1, creation:2026-04-15T10:00:00Z, expiry:2026-04-15T10:00:00Z, isExpired: true}, { Feature:1, creation:2026-04-15T11:00:00Z, expiry:2026-04-15T11:00:00Z, isExpired: true} [CONTEXT sampling_count=5 ]
04-15 02:40:59.800  4884  4884 D CarrierSvcBindHelper: No carrier app for: 0
04-15 02:40:59.800  5097  5097 I EuiccGoogle: [2] Partner.getResourceEntry$ar$ds$ar$class_merging$ar$class_merging: Partner app=com.google.android.euiccoverlay, Resource name=esim_supported_countries, type=string, partnerResId = 0
04-15 02:40:59.800  5097  5097 I EuiccGoogle: [2] Partner.getResourceEntry$ar$ds$ar$class_merging$ar$class_merging: Partner app=com.google.android.euiccoverlay, Resource name=esim_unsupported_countries, type=string, partnerResId = 2131689520
04-15 02:40:59.800  5558  5979 I AiAiEcho: EchoTargets: Feature:1
04-15 02:40:59.800  5558  5979 I AiAiEcho: Filtered by AiAi flag check: 
04-15 02:40:59.800  5558  5979 I AiAiEcho: [CONTEXT ratelimit_period="10 SECONDS" ]
04-15 02:40:59.801  5558  5979 I AiAiEcho: Ranked targets strategy: SORT, count: 1, ranking metadata: { cardId: WEATHER-569377247, card type: 1, update time: 2026-04-15T09:00:00Z, expiration time: 2026-04-15T10:00:00Z, ranking metadata: RankingMetaData(urgency=0.0, priority=0.0, recency=0.0, rankScore=0.0, importantTimePoints=# vfc@7bca4) } [CONTEXT ratelimit_period="10 SECONDS" ]
04-15 02:40:59.801  1383  1623 I system_server: AssetManager2(0xb4000079a813add8) locale list changing from [] to [en-US]
04-15 02:40:59.801  4884  4884 D CarrierSvcBindHelper: No carrier app for: 1
04-15 02:40:59.801  5558  5979 I AiAiEcho: #remoteViewsTwiddler: feature disabled.
04-15 02:40:59.802  5097  5097 I EuiccGoogle: [2] PhenotypeUpdatedReceiver.setPsimConversionSupportedCarriers: setPsimConversionSupportedCarriers:[1, 3, 16, 576, 1404, 2020, 2021, 2122, 850, 27, 32, 959, 1187, 1480, 1670, 2119, 2018, 2536]
04-15 02:40:59.804  9409  9409 I ackageinstaller: AssetManager2(0xb4000079a805e5b8) locale list changing from [] to [en-US]
04-15 02:40:59.805  4884  4884 E SmsApplication: com.google.android.apps.messaging lost android:read_cell_broadcasts:  (fixing)
04-15 02:40:59.805  1383  6567 W AppOpService: Ignored setUidMode call for runtime permission app op: uid = 10175, code = READ_CELL_BROADCASTS, mode = allow, callingUid = 1001, oldMode = allow
04-15 02:40:59.805  9409  9409 I ActivityThread: ApplicationInfo updating for com.google.android.packageinstaller, new timestamp: 183723
04-15 02:40:59.805  9409  9409 I ActivityThread: assets removed: [/data/resource-cache/com.android.systemui-neutral-khWH.frro, /data/resource-cache/com.android.systemui-accent-b6QE.frro, /data/resource-cache/com.android.systemui-dynamic-IE12.frro]
04-15 02:40:59.805  9409  9409 I ActivityThread: assets added: [/data/resource-cache/com.android.systemui-neutral-XYyj.frro, /data/resource-cache/com.android.systemui-accent-veoC.frro, /data/resource-cache/com.android.systemui-dynamic-YaPJ.frro]
04-15 02:40:59.809  5599  5599 D NfcService: TagAppPreference changed false
04-15 02:40:59.809  1383  1383 I AppsFilter: interaction: PackageSetting{69954f1 com.google.android.microdroid.empty_payload/10272} -> PackageSetting{a90c8d6 com.google.wireless.qa.mobileharness.tool.android.language/10292} BLOCKED
04-15 02:40:59.810  5558  5979 W HWUI    : Image decoding logging dropped!
04-15 02:40:59.811  1383  4761 W AppOpService: Ignored setUidMode call for runtime permission app op: uid = 1001, code = READ_SMS, mode = allow, callingUid = 1001, oldMode = allow
04-15 02:40:59.811  5558  5979 I AiAiEcho: #postPredictionTargets: Sending updates to UISurface lockscreen with targets# 1 (types=[1])
04-15 02:40:59.812  4884  5130 D EuiccConnector: handleMessage: E msg.what=1
04-15 02:40:59.812  4884  5130 D EuiccConnector: processMsg: DisconnectedState
04-15 02:40:59.813  1383  4527 D ShortcutService: received package broadcast intent: Intent { act=android.intent.action.PACKAGE_CHANGED dat=package: flg=0x5000010 (has extras) }
04-15 02:40:59.813  1383  4527 D ShortcutService: changing package: com.google.wireless.qa.mobileharness.tool.android.language userId=0
04-15 02:40:59.814  4565  4565 I WeatherSmartspaceView: setFormattedContentDescription: text=51°F, iconDescription=Clear, contentDescription=Clear, 51°F
04-15 02:40:59.814  4565  4565 W WeatherData: Weather data did not parse from Bundle[{feedback_intent=null, explanation_intent=null, is_gaia_linked_data=true}]
04-15 02:40:59.814  4565  4565 W PageIndicator: Total number of pages invalid: 0. Assuming 1 page.
04-15 02:40:59.814  1383  1383 D AppSearchAppsIndexerManagerS: userid in package receiver: 10292
04-15 02:40:59.814  5558  5979 W HWUI    : Image decoding logging dropped!
04-15 02:40:59.815  1383  4761 W AppOpService: Ignored setUidMode call for runtime permission app op: uid = 1001, code = RECEIVE_SMS, mode = allow, callingUid = 1001, oldMode = allow
04-15 02:40:59.815  5558  5979 I AiAiEcho: #postPredictionTargets: Sending updates to UISurface home with targets# 1 (types=[1])
04-15 02:40:59.815  4884  5130 D EuiccConnector: handleMessage: X
04-15 02:40:59.816  1383  1521 W AppOpService: Ignored setUidMode call for runtime permission app op: uid = 1001, code = RECEIVE_WAP_PUSH, mode = allow, callingUid = 1001, oldMode = allow
04-15 02:40:59.816  1383  4761 W AppOpService: Ignored setUidMode call for runtime permission app op: uid = 1001, code = SEND_SMS, mode = allow, callingUid = 1001, oldMode = allow
04-15 02:40:59.817  1383  4761 W AppOpService: Ignored setUidMode call for runtime permission app op: uid = 1001, code = READ_CELL_BROADCASTS, mode = allow, callingUid = 1001, oldMode = allow
04-15 02:40:59.817  4981  4981 D SsBaseTemplateCard: No text view can be set up
04-15 02:40:59.817  4981  4981 I SsBaseTemplateCard: setFormattedContentDescription: text=51°F, iconDescription=Clear, contentDescription=Clear, 51°F
04-15 02:40:59.817  4981  4981 D SsBaseTemplateCard: Passed-in item info is null
04-15 02:40:59.817  4981  4981 D SsBaseTemplateCard: Passed-in item info is null
04-15 02:40:59.817  4981  4981 I SsBaseTemplateCard: Secondary card pane is null
04-15 02:40:59.817  1383  1955 W MagnificationConnectionManager: requestConnection duplicated request: connect=false, mConnectionState=DISCONNECTED
04-15 02:40:59.818  1383  4713 I system_server: AssetManager2(0xb4000079a8143d98) locale list changing from [] to [en-US]
04-15 02:40:59.821  4884  5267 D ImsResolver: maybeAddedImsService, packageName: com.google.wireless.qa.mobileharness.tool.android.language
04-15 02:40:59.821  5599  5599 I RegisteredComponentCache: New Components => 
04-15 02:40:59.821  5599  5599 I RegisteredComponentCache: ComponentInfo: ResolveInfo{236509b com.google.android.tag/com.android.apps.tag.TagViewer m=0x108000 userHandle=UserHandle{0}}, techs: android.nfc.tech.Ndef, 
04-15 02:40:59.821  5599  5599 I RegisteredComponentCache: Removed Components => 
04-15 02:40:59.821  5599  5599 I RegisteredComponentCache: ComponentInfo: ResolveInfo{7f1d552 com.google.android.tag/com.android.apps.tag.TagViewer m=0x108000 userHandle=UserHandle{0}}, techs: android.nfc.tech.Ndef, 
04-15 02:40:59.822  4884  5267 V ImsResolver: searchForImsServices: package=com.google.wireless.qa.mobileharness.tool.android.language, users=[UserHandle{0}]
04-15 02:40:59.822  4884  4884 E VvmPkgInstalledRcvr: carrierVvmPkgAdded: cannot create TelephonyManager from ComponentInfo{com.android.phone/com.android.services.telephony.TelephonyConnectionService}, E, UserHandle{0}
04-15 02:40:59.822  4884  5267 V ImsResolver: searchForImsServices: package=com.google.wireless.qa.mobileharness.tool.android.language, users=[UserHandle{0}]
04-15 02:40:59.829  4884  4884 D CarrierSvcBindHelper: onPackageModified: com.google.wireless.qa.mobileharness.tool.android.language
04-15 02:40:59.829  4884  5130 D EuiccConnector: handleMessage: E msg.what=4
04-15 02:40:59.830  4884  5130 D EuiccConnector: processMsg: DisconnectedState
04-15 02:40:59.830  4884  5130 D EuiccConnector: transitionTo: destState=ConnectedState
04-15 02:40:59.830  4884  5130 D EuiccConnector: handleMessage: new destination call exit/enter
04-15 02:40:59.830  4884  5130 D EuiccConnector: setupTempStateStackWithStatesToEnter: X mTempStateStackCount=1,curStateInfo: state=DisconnectedState,active=true,parent=null
04-15 02:40:59.830  4884  5130 D EuiccConnector: moveTempStackToStateStack: i=0,j=1
04-15 02:40:59.830  4884  5130 D EuiccConnector: moveTempStackToStateStack: X mStateStackTop=1,startingIndex=1,Top=ConnectedState
04-15 02:40:59.830  4884  5130 D EuiccConnector: invokeEnterMethods: ConnectedState
04-15 02:40:59.830  4884  5130 D EuiccConnector: moveDeferredMessageAtFrontOfQueue; what=103
04-15 02:40:59.830  4884  5130 D EuiccConnector: handleMessage: X
04-15 02:40:59.830  4884  5130 D EuiccConnector: handleMessage: E msg.what=103
04-15 02:40:59.830  4884  5130 D EuiccConnector: processMsg: ConnectedState
